/0/
/about
/about.js
/about.php
/about.txt
/access/
/access_log
/access.log
/access.txt
/account/
/account.html
/account.php
/account.txt
/action
/actions/
/active.log
/ad/
/adapter
/adapters/
/addons
/adm/
/admin/
/admin/account.php
/admin/admin.html
/admin/admin.php
/admin/cp.php
/adm/index.html
/adm/index.php
/adminfiles
/admin/home.html
/admin/home.php
/admin.html
/admin/index.html
/admin/index.php
/administration
/administrator
/administrator/
/Administrator
/administrator.php
/admin.php
/admin.tpl
/admin.txt
/adm.php
/ads/
/adsamples
/advanced
/affiliate.php
/afp/
/agentes/
/agreement.tpl
/a.html
/A.html
/ajax
/album.dat
/album.html
/album.php
/albums
/album.tpl
/album.txt
/all/
/alpha/
/alt/
/am/
/anchor.js
/ans/
/apache
/apache/logs/access_log
/apache/logs/access.log 
/apache/logs/error_log
/apache/logs/error.log 
/apc.html
/apc.php
/apc.txt
/apl/
/app/
/apple/
/applets/
/application
/application.html
/application.php
/applications/
/application.txt
/apps/
/apt/
/arc/
/archive/
/archive.php
/archives
/archive.txt
/arm/
/article
/article.php
/articles
/article.txt
/asms/
/asp/
/aspx/
/assets/
/async/
/atc/
/attachment.html
/attachment.php
/attachments
/attachments.html
/attachments.php
/attachments.txt
/attachment.txt
/a/
/a.php
/auth/
/authentication
/auth.html
/author.html
/author.php
/AUTHORS
/author.txt
/auth.php
/auth.txt
/avatars/
/aw/
/awards.html
/awards.php
/awards.txt
/awstats/
/b/
/b.php
/back/
/backend/
/backend.html
/backend.php
/backend.txt
/background
/backgrounds
/Background.txt
/backlink.php
/backlink.txt
/backup
/backupdata
/backup.html
/backup.php
/backups
/backup.txt
/bank/
/banner/
/banner.html
/banner.php
/banners/
/banners.html
/banners.php
/banners.txt
/banner.txt
/bar/
/base/
/bb/
/bb-admin/
/bbcode
/bbs/
/bc/
/bckgnd/
/bd/
/be/
/beta/
/bf/
/bg/
/big
/billing
/bin
/~bin
/bio
/black/
/block/
/block.php
/blocks
/blocks.inc
/block.txt
/blog/
/blogger.php
/blog.php
/bookmark.php
/bookmark.txt
/books/
/boot
/border.php
/border.txt
/bottom.tpl
/boxes/
/branches/
/brand
/brick/
/bridge
/brown/
/browser
/browser.html
/browser.php
/browser.txt
/bsd
/b.txt
/B.txt
/bug
/build
/Builder
/builder.js
/bullets
/button
/button.html
/button.php
/buttons
/button.tpl
/button.txt
/c.php
/c/
/ca/
/cache/
/cache.html
/cache.php
/cache.txt
/calendar/
/calendar.html
/calendar.js
/calendar.php
/captcha.html
/captcha.php
/captcha.txt
/caption.js
/cart/
/case.php
/case.txt
/cat/
/catalog/
/categories/
/categories.html
/categories.php
/category/
/category.php
/category.txt
/cck/
/cd/
/cda/
/cert/
/cf/
/cgi
/cgi_bin
/cgi-pub
/cgis
/cgiscript
/cgi-script
/Changelog
/ChangeLog
/CHANGELOG.html
/CHANGELOG.php
/changelog.txt
/c.php
/class/
/classes/
/classes.html
/classes.php
/class.phpmailer.php
/class.phpmailer.txt
/class.smtp.html
/class.smtp.php
/class.smtp.txt
/cli/
/client/
/cliente
/client.html
/client.php
/client.txt
/cls/
/cm/
/cma/
/cmd.exe
/cms/
/cms.php
/cms.txt
/cobalt
/code
/codebrws.asp
/codes
/cogito
/collections.html
/collections.php
/collections.txt
/Color.html
/Color.php
/Color.txt
/com
/comctl
/Commands
/commands.html
/commands.php
/commands.txt
/comment
/comment.php
/comments
/comments.html
/comments.php
/comments.txt
/comment.txt
/commerce
/common
/Common
/COMMON
/common.html
/common.js
/common.php
/Common.php
/common.tpl
/common.txt
/Common.txt
/com_newsfeeds
/compat
/compat2x
/compat.html
/compat.php
/compat.txt
/complete.html
/complete.php
/complete.txt
/com_plugins
/com_poll
/component
/component.html
/component.php
/components
/component.txt
/Composite.html
/Composite.php
/Composite.txt
/com_trash
/com_user
/com_users
/com_weblinks
/com_wrapper
/conf
/config
/config.html
/config.inc.html
/config.inc.php
/config.inc.txt
/config.php
/configs
/config.txt
/configuration.html
/configuration.php
/configuration.txt
/configure
/confirm_body.tpl
/confirm.html
/confirm.php
/confirm.txt
/conn
/connector.html
/connector.php
/connectors
/connector.txt
/Console
/constants.html
/constants.php
/constants.txt
/consumer.html
/consumer.php
/consumer.txt
/contact
/contact.html
/contact.php
/contacts.html
/contacts.php
/contacts.txt
/contact.txt
/contactus.tpl
/content
/content.html
/content.php
/content.tpl
/content.txt
/contrib
/control
/controller
/controller.html
/controller.php
/controllers
/controller.txt
/controlpanel.html
/controlpanel.php
/controls
/controls.js
/cookie
/copy.html
/COPYING
/copy.php
/copy.txt
/core
/core.html
/core.php
/core.txt
/count
/counter
/course
/cp
/cpanel.html
/cpanel.php
/cpanel.txt
/cp.html
/cp.php
/cr
/CREDITS
/CREDITS.html
/CREDITS.php
/CREDITS.txt
/cron.html
/cron.php
/cron.txt
/cs
/csee
/cs.js
/csr
/css
/CSS
/CSSDefinition.html
/CSSDefinition.php
/CSSDefinition.txt
/csshelpers.html
/csshelpers.php
/csshelpers.txt
/css.html
/cssOutsider
/css.php
/css_styles
/css.txt
/c.txt
/C.txt
/cube
/currencies.html
/currencies.php
/currencies.txt
/custom
/custombuild
/customer
/customerdata
/Customer_Reviews
/customers
/customers.html
/customers.php
/customers.txt
/CVS
/.cvsignore
/cy
/cz
/d
/D
/da
/da_DK
/da_DK.html
/da_DK.php
/da_DK.txt
/da.js
/darkblue_orange
/data
/Data
/database
/database.html
/database.php
/databases
/database.txt
/datafiles
/Date
/date.html
/date.php
/date.txt
/davinci
/db
/Db
/dbg
/db.html
/DB.html
/dbi
/db.php
/DB.php
/db.txt
/DB.txt
/dc
/dcforum
/de
/debug.html
/debug.php
/debug.tpl
/debug.txt
/Decorator
/de_DE
/de_DE.html
/de_DE.php
/de_DE.txt
/de_dlg.js
/default
/Default
/default.html
/Default.html
/default.js
/default.php
/Default.php
/default.txt
/Default.txt
/defines.html
/defines.php
/defines.txt
/de.js
/deletefile.html
/DeleteFile.html
/deletefile.php
/DeleteFile.php
/deletefile.txt
/DeleteFile.txt
/DeleteFolder.html
/DeleteFolder.php
/DeleteFolder.txt
/delete.html
/delete.php
/delete.txt
/Deleting
/del.js
/demo
/demos
/deprecated.html
/deprecated.php
/deprecated.txt
/description
/design
/details.html
/details.php
/details.txt
/dev
/devel
/development
/devices
/d.html
/D.html
/diag
/diagon
/dialog
/dialog.js
/dialogs
/dialog.tpl
/diff.html
/diff.php
/diff.txt
/dir
/directory
/disallow_body.tpl
/disk1
/DISK1
/dist
/dists
/dk
/dk.js
/dl
/dll
/dm
/doc
/doConfig.jsp
/docs
/Docs
/document
/documentation
/Documentation.txt
/documents
/Documents
/domit
/dopey
/dos
/Dos
/DOS
/doSave.jsp
/download
/download.html
/download.php
/downloads
/downloads.html
/downloads.php
/downloads.txt
/download.txt
/dragdrop.js
/Driver
/drivers
/DRIVERS
/dsl
/.DS_Store
/dtd
/dtree
/dtree.js
/d.txt
/D.txt
/dummy
/Dump
/dv
/dvd
/e
/E
/ea
/easylog
/eb
/ec
/eco
/ed
/edit
/edit.html
/Editing
/editor
/editor.js
/editor.php
/editors
/editor.txt
/edit.php
/editsummary.html
/editsummary.php
/editsummary.txt
/edit.txt
/edituser.html
/edituser.php
/edituser.txt
/ee
/eecs
/ef
/effects.js
/eg
/e.html
/E.html
/el
/element
/Element
/element.html
/element.php
/elements
/element.txt
/elephant
/eligible.html
/eligible.php
/eligible.txt
/el.js
/email
/email.html
/Email.html
/email.php
/Email.php
/email.txt
/Email.txt
/embed.js
/emotions
/emotions.js
/Empty.html
/Empty.php
/Empty.txt
/ems
/en
/eng.html
/engines
/english
/english.html
/english.php
/english.txt
/eng.php
/eng.txt
/en.html
/en.js
/en.php
/enrol
/Entries
/Entry
/en.txt
/enu
/environment
/eo.js
/epoch
/equipment
/error
/error.html
/error_log
/errorpage
/error.php
/errors
/error.tpl
/error.txt
/es
/es.js
/espanol
/et
/etaoin
/etc
/ethernet
/et.js
/e.txt
/E.txt
/eu
/eu_ES
/eu.js
/eunomia
/europe
/event
/event.html
/event.php
/events
/events.html
/events.php
/events.txt
/event.txt
/exair
/example
/exampleapp
/example.html
/example.php
/examples
/example.txt
/excalibur
/Exception.html
/Exception.php
/Exception.txt
/exchange
/exclude
/exec
/executequery
/exhibits.html
/exhibits.php
/exhibits.txt
/Exif
/expelval
/experimental
/expeval
/export
/export.html
/export.php
/export.txt
/ext
/Extension
/Extension.html
/extension.inc
/Extension.php
/extensions
/Extension.txt
/external
/extra
/Extra_Fields
/extras
/f
/F
/f1
/f2
/fa
/factory.html
/factory.php
/factory.txt
/fa_IR
/fa.js
/fantversion.html
/fantversion.php
/fantversion.txt
/faq
/FAQ
/faq_body.tpl
/faq.html
/faq.php
/faq.txt
/faqweb
/fashion_mosaic
/Fast_Lane_Checkout
/fastsearch.html
/fastsearch.php
/fastsearch.php.save
/fastsearch.txt
/fasttrack
/favicon.ico
/fax
/fb
/fc
/fc_functions
/fck_about
/fckconfig.js
/fck_docprops
/fckeditor
/FCKeditor
/fckeditor.html
/fckeditor.js
/fckeditor.php
/fckeditor.txt
/fck_flash
/fck_image
/fck_link
/fckplugin.js
/fck_select
/fck_spellerpages
/fck_template
/fck_universalkey
/fckxml.js
/fd
/fe
/featured.tpl
/features
/feed
/Feed
/feed.html
/feed.php
/feed.txt
/ff
/f.html
/F.html
/fi
/fi_dlg.js
/fi_FI
/fi_FI.html
/fi_FI.php
/fi_FI.txt
/fi.js
/file
/File
/file.html
/File.html
/filelist.html
/filelist.php
/filelist.txt
/filemanager
/file_manager.html
/file_manager.php
/file_manager.txt
/file.php
/File.php
/files
/Files.html
/files.lst
/Files.php
/files.pl
/Files.txt
/filesystem
/filesystems
/file.txt
/File.txt
/FileUpload.html
/FileUpload.php
/FileUpload.txt
/filter
/Filter
/Filter.html
/Filter.php
/filters
/Filter.txt
/findreplace
/fixtures
/fj
/flags
/flash
/Flash
/flash.js
/flex
/flex2gateway/
/flex2gateway/amf
/flex2gateway/amfpolling
/flex2gateway/cfamfpoolling
/flex2gateway/http
/flex2gateway/httpsecure
/flv_player.swf
/fo.js
/folder.html
/folder.php
/folders
/folder.txt
/font
/Font
/Font.html
/Font.php
/fonts
/Font.txt
/foo
/foobar
/food
/footer.html
/footer.inc.html
/footer.inc.php
/footer.inc.txt
/footer.php
/footer.txt
/form
/Form
/format
/format.html
/format.php
/format.txt
/form.html
/form.php
/forms
/form.txt
/form_utils.js
/fortune
/forum
/forum_admin_body.tpl
/forum_edit_body.tpl
/forum_prune_body.tpl
/forums
/forums.html
/forums.php
/forums.txt
/_fpclass
/fr
/frame.inc
/frames
/framework
/framework.html
/framework.php
/framework.txt
/fr_dlg.js
/freeradius
/freesansb.html
/freesansbi.html
/freesansbi.php
/freesansbi.txt
/freesansbold.ctg.z
/freesansbold.z
/freesansb.php
/freesansb.txt
/freesans.ctg.z
/freesans.html
/freesansi.html
/freesansi.php
/freesansi.txt
/freesansoblique.z
/freesans.php
/freesans.txt
/freesans.z
/french
/french.html
/french.php
/french.txt
/fr_FR
/fr_FR.html
/fr_FR.php
/fr_FR.txt
/fr.js
/frontend.html
/frontend.php
/frontend.txt
/frontpage
/frontpage.html
/frontpage.php
/frontpage.txt
/fruit
/fsbb
/fsbb.html
/fsbb.php
/fsbb.txt
/ft
/ftp
/~ftp
/ftp.html
/ftp.php
/ftp.txt
/f.txt
/F.txt
/fullpage
/fullpage.js
/fullscreen
/fun
/func.js
/function
/Function
/function.counter.html
/function.counter.php
/function.counter.txt
/function.cycle.html
/function.cycle.php
/function.cycle.txt
/function.debug.html
/function.debug.php
/function.debug.txt
/function.eval.html
/function.eval.php
/function.eval.txt
/function.fetch.html
/function.fetch.php
/function.fetch.txt
/Function.html
/function.mailto.html
/function.mailto.php
/function.mailto.txt
/function.math.html
/function.math.php
/function.math.txt
/Function.php
/function.popup.html
/function.popup.php
/function.popup.txt
/functions
/functions.html
/functions.inc.html
/functions.inc.php
/functions.inc.txt
/functions.js
/functions.php
/functions.txt
/Function.txt
/fusion
/fy
/g
/G
/ga
/gacl_api.class.html
/gacl_api.class.php
/gacl_api.class.txt
/gacl_api.html
/gacl_api.php
/gacl_api.txt
/gacl.class.html
/gacl.class.php
/gacl.class.txt
/gacl.html
/gacl.php
/gacl.txt
/ga_IE
/galaxy
/gallery
/gallery2
/gallery.html
/gallery.php
/GalleryStorage
/gallery.txt
/gandalf
/gap
/Gapps
/gateway
/gb
/Gbase
/gcc
/gd
/Gdata
/GD.html
/GD.php
/GD.txt
/general
/general.html
/general.php
/general.tpl
/general.txt
/generic
/geo
/Geo
/geo_zones.html
/geo_zones.php
/geo_zones.txt
/german
/german.html
/german.php
/german.txt
/geshi
/geshi.html
/geshi.php
/geshi.txt
/GetFolders.html
/GetFolders.php
/GetFolders.txt
/getimage.html
/getimage.php
/getimage.txt
/getpot
/g.html
/G.html
/gift
/Gift_Certificates
/giftcert.tpl
/gl
/gl.js
/global
/global.html
/global.js
/global.php
/globals
/global.txt
/gmail.html
/gmail.php
/gmail.txt
/gnome
/GNUmakefile
/gold
/gonzo
/gq
/gr
/graphics
/graphs
/green
/gross
/group
/group1
/group2
/group3
/group4
/group5
/group6
/group7
/group8
/groupcp.html
/groupcp.php
/groupcp.txt
/group_edit_body.tpl
/group.html
/group.ini
/group.php
/groups
/groups.html
/groups.php
/groups.txt
/group.txt
/gs
/g.txt
/G.txt
/gu
/guest
/guestbook
/guestbook.html
/guestbook.php
/guestbook.txt
/guests
/gwen
/Gzip.html
/Gzip.php
/Gzip.txt
/h
/H
/handler
/hardware
/hardy
/h_cherry
/he
/head
/HEAD
/header
/header.html
/HEADER.images
/header.inc.html
/header.inc.php
/header.inc.txt
/header.php
/headers
/header.swf
/header.tpl
/header.txt
/head.html
/head.php
/heads
/head.tpl
/head.txt
/Health
/he_IL
/he.js
/HelloWorld.jsp
/help
/HELP
/helper
/Helper
/helper.html
/helper.php
/helpers
/helper.txt
/help.html
/help.php
/help.txt
/hf
/h_green
/h.html
/H.html
/hi
/hidden
/hidden.html
/hidden.php
/hidden.txt
/highslide
/hi.js
/HISTORY
/history.html
/history.php
/history.txt
/hl
/home
/HOME
/home.html
/home.php
/home.tpl
/home.txt
/hooks
/horiz.html
/horiz.php
/horiz.txt
/howitworks
/hp
/hr
/hr.js
/ht
/.htaccess
/.htaccess.bak
/htaccess.txt
/htbin
/htdocs
/h_teal
/html
/HTML
/html.html
/html.php
/HTML_toolbar.html
/HTML_toolbar.php
/HTML_toolbar.txt
/html.txt
/.htpasswd
/Http
/HTTP
/httpd
/httpd/logs/access_log
/httpd/logs/access.log 
/httpd/logs/error_log
/httpd/logs/error.log 
/httpd.pid
/HTTPFetcher.html
/HTTPFetcher.php
/HTTPFetcher.txt
/http.html
/http.php
/http.txt
/h.txt
/H.txt
/hu
/hu_HU
/hu_HU.html
/hu_HU.php
/hu_HU.txt
/hu.js
/husky
/hw
/i
/I
/i18n
/i386
/iam/
/iam/siteminder/
/ias
/ibm
/ibmpc
/ICHAIN
/ICHAINErrors
/ICHAINLogout
/icon
/iconlookup.html
/iconlookup.php
/iconlookup.txt
/icons
/ICS
/ICSIBroker
/ICSLogin
/id
/idea
/ideas
/id_ID
/idn
/iefix.js
/iespell
/iFolder
/i.html
/I.html
/iis
/iisadmpwd
/IISADMPWD
/iissamples
/image
/Image
/ImageEditor.html
/ImageEditor.php
/ImageEditor.txt
/image.html
/Image.html
/image.js
/ImageManager
/ImageManager.html
/ImageManager.php
/ImageManager.txt
/image.php
/Image.php
/images
/Images
/images1.html
/images1.php
/images1.txt
/images2.html
/images2.php
/images2.txt
/images.html
/images.php
/images_small
/images.txt
/image.txt
/Image.txt
/iManager
/imapd
/img
/IMG
/Img.html
/Img.php
/Img.txt
/IM.html
/imp
/IM.php
/import
/import.html
/import.php
/import.txt
/IM.txt
/inc
/include
/includes
/index
/index2.html
/index2.php
/index2.txt
/index3.html
/index3.php
/index3.txt
/index_body.tpl
/index.cfm
/index.cgi
/index.class.html
/index.class.php
/index.class.txt
/index_def.html
/index_def.php
/index_def.txt
/index_frameset.tpl
/index.html
/index.html.en
/index.html.ja.jis
/index.html.old
/index.html.orig
/index_navigate.tpl
/index.php
/index.php.1317078588
/index.php.bak
/index.php.initial
/index.txt
/INF
/info
/info.html
/info.php
/information.html
/information.php
/information.txt
/infos
/info.txt
/ingres
/ini.html
/ini.php
/initialize
/ini.txt
/insertdatetime
/ins.js
/instadmin/
/install
/INSTALL
/installer
/installer.html
/installer.php
/installer.txt
/install.html
/INSTALL.html
/install.php
/INSTALL.php
/install.txt
/INSTALL.txt
/interfaces
/internal
/Internal
/internals
/internet
/intranet
/invoice.html
/invoice.php
/invoice.txt
/io.html
/io.php
/io.txt
/is_IS
/is.js
/iso
/isos
/issamples
/it
/it_dlg.js
/item
/_item.php
/item.php
/_item.txt
/item.txt
/it_IT
/it_IT.html
/it_IT.php
/it_IT.txt
/it.js
/i.txt
/I.txt
/j
/J
/ja
/java
/javascript
/javascript.html
/javascript.php
/javascript.txt
/jazz
/jellystone
/jenkins
/jerome
/j.html
/J.html
/joomla
/joomla/administrator
/joomla.html
/joomla.javascript.js
/joomla.php
/joomla.txt
/JPN
/jquery
/jquery.js
/jqueryui
/js
/jscalendar
/JSCookMenu.js
/JSCookMenu_mini.js
/jscript
/jscripts
/JSON.html
/JSON.php
/JSON.txt
/jsp
/jspstatus
/jsptest
/j.txt
/J.txt
/judging.html
/judging.php
/judging.txt
/jumpbox.tpl
/k
/K
/k2.html
/k2.php
/k2.txt
/ka
/kernel
/khepri
/k.html
/K.html
/kilroy
/Kind
/klingon
/km
/km.js
/Knowledge
/kodak
/ko.js
/ko_KR
/KOR
/k.txt
/K.txt
/l
/L
/la
/labs
/lang
/Lang.html
/Lang.php
/langs
/Lang.txt
/language
/Language
/language.html
/language.php
/languages
/languages.html
/languages.php
/languages.txt
/language.txt
/lasso
/Latest
/launch.html
/launch.php
/launch.txt
/laurent
/layer
/layout
/layout.inc
/layouts
/ldap.html
/ldap.php
/ldap.txt
/leaflet
/leaflet.html
/leaflet.php
/leaflet.txt
/left_bar.tpl
/legacy
/legacy.html
/legacy.php
/legacy.txt
/lehi3b15
/Length.html
/Length.php
/Length.txt
/leo
/level
/lg_lexique
/l.html
/L.html
/lib
/lib.html
/libImaging
/lib.php
/libraries
/library
/libs
/lib.txt
/LICENCE
/license
/license.txt
/LICENSE.txt
/LICENSE.TXT
/light
/lightbox
/lighter
/link
/link.html
/link.js
/link.php
/links
/links.html
/links.php
/links.txt
/link.txt
/linux
/Linux
/list
/listcolumns
/listcommands
/list.html
/list.js
/list.php
/list.txt
/live
/loader.html
/loader.php
/loader.txt
/load.html
/loadmodule.html
/loadmodule.php
/loadmodule.txt
/load.php
/load.txt
/local
/locale
/locale.html
/locale.php
/locale.txt
/localization.html
/localization.php
/localization.txt
/log
/Log
/logfile
/logfiles
/logger.html
/logger.php
/logger.txt
/log.html
/login
/login_body.tpl
/logindb.inc
/login.html
/loginlogo
/login.php
/login.php
/login.txt
/logo
/logoff.html
/logoff.php
/logoff.txt
/logos
/logout.html
/logout.php
/logout.txt
/log.php
/logs
/Logs
/logs/access.log
/logs/access.log 
/logsaccess_log
/logs/error_log
/logs/error.log 
/log.txt
/loop.html
/loop.php
/loop.txt
/lori
/lover
/LST
/l.txt
/L.txt
/lucid
/luna
/lv
/lv.js
/lv_LV
/m
/M
/mac
/mag
/magic
/mail
/Mail
/mail.box
/mail_fetch
/mailform.html
/mailform.php
/mailform.txt
/mail.html
/mailman
/mail.php
/mailto
/mailto.html
/mailto.php
/mailto.txt
/mail.txt
/main
/main.cgi
/mainframe.html
/mainframe.php
/mainframe.txt
/main.html
/main.php
/mainsail
/maint
/main.txt
/Makefile
/mambo.html
/mambojavascript.js
/mambo.php
/mambo.txt
/mamboxml.html
/mamboxml.php
/mamboxml.txt
/manage
/manager
/manager.bak
/manager.html
/Manager.html
/manager.php
/Manager.php
/manager.txt
/Manager.txt
/mango
/MANIFEST
/manual
/maps
/Maps.inc
/marlboro
/marlin
/martin
/math
/Math
/matrix
/maui
/mbstring
/mclayer.js
/mcpuk
/mctabs.js
/media
/Media
/media.html
/media_index
/media.js
/mediamanager.js
/media.php
/media.txt
/memberadmin/
/memberfiles
/memberlist.html
/memberlist.php
/memberlist.txt
/members
/Membership
/_mem_bin
/memcache.html
/memcache.php
/memcache.txt
/Memory.html
/Memory.php
/Memory.txt
/mentors.html
/mentors.php
/mentors.txt
/menu
/menu_box.tpl
/menu_cart.tpl
/menu_dialog.tpl
/menu.html
/menu.js
/menuleft.html
/menuleft.php
/menuleft.txt
/menu.php
/menus
/menu.tpl
/menu.txt
/mercury
/merge_cells.js
/message
/Message
/messagebroker/httpsecure
/message_details
/message.html
/message.php
/messages
/messages.html
/messages.php
/messages.txt
/message.txt
/meta
/.meta
/metadataupdate
/MetaDataUpdate
/methods.html
/methods.php
/methods.txt
/m.html
/M.html
/microsoft
/mig.cf
/M_images
/mime
/MIME
/mime.html
/mime.php
/mime.txt
/mimetypes
/minicart_total.tpl
/mips
/misc
/misc.html
/Misc.html
/misc.php
/Misc.php
/misc.txt
/Misc.txt
/mk
/mk.js
/ml
/mms
/mn
/mnet
/mn.js
/MOB
/mobile
/mod
/modal.js
/mod_archive
/mod_banners
/mod_breadcrumbs
/mod_custom
/moddata
/model.html
/model.php
/models
/model.txt
/moderator/
/moderator.php
/modifier
/Modifier
/modifier.cat.txt
/modinfo.html
/modinfo.php
/modinfo.txt
/mod_logged
/mod_login
/mod_menu
/mod_mostread
/mod_newsflash
/mod_online
/mod_poll
/mod_poll.html
/mod_poll.php
/mod_poll.txt
/mod_popular
/mod_quickicon
/mod_random_image
/mod_related_items
/mods
/module
/module1
/module.html
/module.inc
/module.php
/modules
/modules.html
/modules.php
/modules.txt
/module.tpl
/module.txt
/mod_unread
/mod_whosonline
/mod_wrapper
/monitor
/moodle2
/mootools.js
/mosaic
/move.html
/move.php
/move.txt
/mp
/mp3
/mr
/ms
/MS
/msadc
/MSADC
/msft
/MSFT
/msi
/ms.js
/msn
/msql
/mtxinu
/m.txt
/M.txt
/museum.html
/museum.php
/museum.txt
/music
/Music
/mutt
/my
/my_documents
/my_pictures
/mysql
/mysql.html
/Mysqli
/mysqli.html
/mysqli.php
/mysqli.txt
/mysql.php
/mysql.sql
/mysql.txt
/n
/N
/Name.html
/Name.php
/Name.txt
/native
/net
/Net
/netstat
/NetStorage
/network
/networks
/new
/new.html
/newmail
/new.php
/news
/NEWS
/newsfeed
/news.html
/news.js
/newsletter
/newsletter.php
/newsletters
/newsletters.html
/newsletters.php
/newsletters.txt
/newsletter.txt
/News_Management
/news.php
/news.tpl
/news.txt
/new.swf
/new.txt
/next
/n.html
/N.html
/nic
/nif
/nl
/nlm
/no
/~nobody
/no.js
/nonbreaking
/noneditable
/none.html
/none.php
/none.txt
/no_NO
/note
/notes
/_notes
/notification.html
/notification.php
/notification.txt
/nps
/NSearch
/nss
/nsw/admin/login.php
/nt4
/n.txt
/N.txt
/nuke
/number
/nwclient
/o
/O
/o2k7
/object.html
/Object.html
/object.php
/Object.php
/objects
/object.txt
/Object.txt
/ocean
/odbc
/OEM
/office2003
/official
/offline.html
/offline.php
/offline.txt
/o.html
/O.html
/old
/oldfiles
/old_files
/oneNet
/One_Page_Checkout
/oordir
/OPD
/openid
/OpenID
/openid.html
/openid.php
/openid.txt
/options
/options.html
/options.php
/options.txt
/oracle
/orange
/orca
/order.html
/order.log
/order_message.tpl
/order.php
/orders
/orders.html
/orders_list.tpl
/orders.php
/orders.txt
/order.txt
/original
/os
/os2
/other
/o.txt
/O.txt
/outlaw
/output
/OutputFilter
/overall_footer.tpl
/overall_header.tpl
/overlib_mini.js
/overrides
/oxford
/p
/P
/_packager
/packages
/Packages
/packaging
/packingslip.html
/packingslip.php
/packingslip.txt
/pagebreak
/pagebreak.html
/pagebreak.php
/pagebreak.txt
/page_footer.tpl
/page_header.tpl
/page.html
/page_info.html
/page_info.php
/page_info.txt
/pagenavigation.html
/pageNavigation.html
/pagenavigation.php
/pageNavigation.php
/pagenavigation.txt
/pageNavigation.txt
/page.php
/Pager
/pagers
/pages
/pages/admin/admin-login.html
/pages/admin/admin-login.php
/pages.tpl
/page.txt
/pagination.html
/pagination.php
/pagination.txt
/panel
/panel-administracion/
/panel-administracion/admin.html
/panel-administracion/admin.php
/panel-administracion/index.html
/panel-administracion/index.php
/panel-administracion/login.html
/panel-administracion/login.php
/panorama.html
/panorama.php
/panorama.txt
/papers
/par2
/parameter
/parameters.html
/parameters.php
/parameters.txt
/params.ini
/ParseHTML.html
/ParseHTML.php
/ParseHTML.txt
/parts
/pass
/pass.txt
/passwd
/password
/password.html
/password.php
/passwords
/passwords.txt
/password.txt
/paste
/pastetext.js
/pasteword.js
/patError.html
/patErrorManager.html
/patErrorManager.php
/patErrorManager.txt
/patError.php
/patError.txt
/path.html
/path.php
/path.txt
/pathway.html
/pathway.php
/pathway.txt
/pattemplate
/patTemplate
/patTemplate.html
/patTemplate.php
/patTemplate.txt
/payment
/payment_methods.tpl
/payments
/payment_wait_end.tpl
/paypal.html
/paypal.php
/paypal.txt
/PBServer
/pcat
/pcl
/pclzip.lib.html
/pclzip.lib.php
/pclzip.lib.txt
/pdb
/pdf
/PDF
/pdf_fonts
/pdf.html
/pdf.php
/pdf.txt
/PDG_Cart
/Pdo
/pds
/pear
/Pear
/PEAR
/PEAR5.html
/PEAR5.php
/PEAR5.txt
/PEAR.html
/PEAR.php
/PEAR.txt
/pegasus
/perf
/performance
/perl
/permissions.html
/permissions.php
/permissions.txt
/persian
/perso
/phf
/phocagallery.html
/phocagallery.php
/phocagallery.txt
/phoenix
/photo
/photo_events
/photos
/Photos
/photos.dat
/photos_history
/phototheque
/photo.tpl
/php
/phpBB2
/phpcompat.html
/phpcompat.php
/phpcompat.txt
/phpgacl
/php.html
/php_http_proxy.html
/php_http_proxy.php
/php_http_proxy.txt
/phpinfo.html
/phpinfo.php
/phpinfo.txt
/php.ini
/phpinputfilter
/phpInputFilter
/phpmailer
/phpmailer.html
/phpmailer.php
/phpmailer.txt
/phpmyadmin
/phpMyAdmin
/phpnuke
/php.php
/php_text_cache.html
/php_text_cache.php
/php_text_cache.txt
/php.txt
/phpunit
/phputf8
/phpxmlrpc
/p.html
/P.html
/pic
/picasa
/pics
/pictures
/pimages.bak
/Ping.jsp
/piranha
/pix
/pl
/placeholder
/placeHolder.txt
/PlainHTTPFetcher.html
/PlainHTTPFetcher.php
/PlainHTTPFetcher.txt
/platform
/pl_dlg.js
/pl.js
/pl_PL
/pl_PL.html
/pl_PL.php
/pl_PL.txt
/plugin
/Plugin
/plugin.html
/plugin.js
/plugin.php
/plugins
/_plugins
/plugins.html
/plugins.php
/plugins.txt
/plugin.txt
/pm
/po
/policy
/poll
/poll.html
/poll.php
/polls
/poll.txt
/pop
/popup
/popup.html
/popup_image.html
/popup_image.php
/popup_image.tpl
/popup_image.txt
/popup.php
/popups
/popup.txt
/portal
/portlet
/ports
/posters
/postgres
/post.html
/posting_body.tpl
/posting.html
/posting.php
/posting_preview.tpl
/posting_smilies.tpl
/posting.txt
/post.php
/post.txt
/ppstats
/pre
/prefs
/Preloads.inc
/prep
/pressrelease.html
/pressrelease.php
/pressrelease.txt
/preview
/previewer
/preview.tpl
/prime
/print
/printenv
/printer
/print.html
/print.php
/print.txt
/PRIVACY
/private
/_private
/profile
/proftpd
/project
/projects
/promotions.tpl
/props.js
/protected
/protector
/prototype.js
/Provider
/ps
/psd
/pt
/p.txt
/P.txt
/pub
/public
/public_html
/publish
/publisher.html
/publisher.php
/publisher.txt
/pw
/py
/python
/q
/Q
/q.txt
/query.html
/query.php
/query.txt
/question
/r
/R
/ra
/radio.html
/radio.php
/radio.txt
/random.html
/random.php
/random.txt
/rate.html
/rate.php
/rate.txt
/rating
/rav
/raw
/reader
/readfile.jsp
/reading
/readme
/README
/readme.txt
/readmore.html
/readmore.php
/readmore.txt
/ready
/record
/recruit
/red
/refs
/register
/register.html
/register.html.orig
/register.php
/register.tpl
/register.txt
/registry
/releases
/relnotes
/remember.html
/remember.php
/remember.txt
/remind
/remote
/remotes
/renderer
/report
/Report
/reports
/research
/reset
/reset.html
/reset.php
/reset.txt
/resource
/Resource
/resources
/resources.html
/resources.php
/resources.txt
/Response
/retail
/RETAIL
/reviews
/reviews.html
/reviews.php
/reviews.txt
/r.html
/R.html
/ro
/robots.txt
/rock
/ro.js
/ronin
/root
/~root
/route.html
/route.php
/router.html
/router.php
/router.txt
/route.txt
/row.js
/rpc
/Rpc
/rpm
/rss
/rss.html
/rss.php
/rss.txt
/rte
/rti
/rtl
/r.txt
/R.txt
/ru
/ruby
/s
/S
/s3
/s5
/safari
/sales
/sam
/samba
/sample
/_sample
/sample01.html
/samples
/_samples
/Samples
/samples/messagebroker/http
/samples/messagebroker/httpsecure
/sanfran
/save
/schema
/schema.tpl
/scm
/scr
/script
/script.js
/scripts
/sdk
/search
/Search
/search.js
/search.php
/SearchServlet
/search.tpl
/search.txt
/secret
/secrets
/section
/section.html
/section.php
/sections.html
/sections.php
/sections.txt
/section.txt
/secure
/security
/sef.html
/sef.php
/sef.txt
/sei
/seit
/Select
/select.html
/selector
/select.php
/select.txt
/seminaria
/sendmail.html
/sendmail.php
/sendmail.txt
/sensor
/sequent
/server
/Server
/server.html
/Server.html
/server-info
/server.php
/Server.php
/servers
/server-status
/server.txt
/service
/services
/servlet
/session
/session.html
/session.php
/sessions.html
/sessions.php
/sessions.txt
/session.txt
/setting
/settings
/settings.html
/settings.php
/settings.txt
/setup
/SETUP
/setup.html
/setup.php
/setup.txt
/sh
/share
/shared
/show
/s.html
/S.html
/shtml.dll
/shtml.exe
/si
/sidebar.html
/sidebar.php
/sidebar.tpl
/sidebar.txt
/silk
/silver
/simple
/simpletest
/singer
/single.html
/single.php
/single.txt
/site
/siteadmin
/siteadmin/index.php
/siteadmin/login.html
/siteadmin/login.php
/Sitemap
/sitemap.html
/sitemap.php
/sitemap.txt
/siteminder/
/sitemindermonitor/doConfig.jsp
/sitemindermonitor/doSave.jsp
/sitemindermonitor/readfile.jsp
/siteminder/monitor/settings
/Sites
/sk
/skin
/skin.js
/skins
/sk.js
/sk_SK
/sl
/slices
/slider
/slider.js
/slideshow
/sl.js
/sl_SI
/sm
/smarty
/smiles
/smiley
/.smileys
/smilies
/smtp.box
/smtp.html
/smtp.php
/smtp.txt
/snapshots
/sneezy
/snippets
/soap
/social
/software
/solaris
/sounds
/source
/_source
/Sources
/spanish
/spanish.html
/spanish.php
/spanish.txt
/sphinx
/spice
/spiff
/spock
/sponsors
/spool
/sql
/sql.txt
/src
/ss
/sshots
/ssi
/ssl
/staff
/standards
/stars
/stat
/Stat
/stats
/status
/steps
/stills
/storage
/Storage
/storage.html
/storage.php
/storage.txt
/store
/stories
/structure
/studio
/s.txt
/S.txt
/style
/style.html
/style.php
/styles
/stylesheets
/style.txt
/sub
/submit.html
/submit.php
/submit.txt
/sun
/super
/supercache
/support
/survey
/sv
/swf
/swf.js
/swfobject.js
/swift
/symbols
/sys
/sysadmin
/system
/SYSTEM
/system32
/t
/T
/ta
/tab
/tabfocus
/table
/tablecommands
/table.html
/Table.html
/table.js
/table.php
/Table.php
/tables
/table.txt
/Table.txt
/tabs
/tabs.js
/tac
/tag
/Tag
/tag.html
/tag.php
/tags
/tags.html
/tags.php
/tags.txt
/tag.txt
/talk
/taxonomy.html
/taxonomy.php
/taxonomy.txt
/tcpdf
/tcpdf.html
/tcpdf.php
/tcpdf.txt
/te
/tech
/technote
/temp
/temp.html
/template
/TEMPLATE
/template.html
/template.js
/template.php
/templates
/Templates
/templates_c
/templates.html
/templates.php
/templates.txt
/template.txt
/temp.php
/temp.txt
/terminal
/tesseract
/test
/test1
/test2
/_testcases
/test-cgi
/test.html
/testing
/test.php
/tests
/test.txt
/tex
/Text
/text.html
/Text.html
/text.php
/Text.php
/text.txt
/Text.txt
/th
/theme
/theme.html
/theme.inc
/theme_info.cfg
/theme.js
/theme.php
/themes
/_themes
/themes.html
/themes.php
/themes.txt
/theme.tpl
/theme.txt
/theory
/th.js
/t.html
/T.html
/thumbnails
/Thumbnail.txt
/thumbs
/.thumbs
/Thumbs.db
/thumbs.html
/thumbs.php
/thumbs.txt
/thunderbird
/ti
/Tidy.html
/Tidy.php
/Tidy.txt
/tiger
/timer.html
/timer.php
/timer.txt
/tinman
/tinymce
/tiny_mce
/tinymce.html
/tiny_mce.js
/tinymce.php
/tiny_mce_popup.js
/tiny_mce_src.js
/tinymce.txt
/tl
/tld.txt
/tmc
/tmp
/tmpl
/TMT
/TODO
/toolbar
/toolbar.html
/toolbar.php
/toolbar.txt
/tools
/Tools
/tools.html
/tools.php
/tools.txt
/top
/topics
/tr
/Translate.html
/Translate.php
/Translate.txt
/tree
/tree.html
/treeNav
/tree.php
/tree.txt
/trim.html
/trim.php
/trim.txt
/t.txt
/T.txt
/u
/U
/ug
/u.html
/U.html
/ui
/um
/uninstall.html
/uninstall.php
/uninstall.txt
/unittest.js
/unix
/unknown
/update
/update.html
/update.php
/updates
/update.txt
/upgrade
/UPGRADE
/upgrade.html
/upgrade.php
/upgrades
/upgrade.txt
/UPGRADE.txt
/UPGRADING
/upload
/uploader.html
/uploader.js
/uploader.php
/uploader.txt
/uploadfile.html
/uploadfile.php
/uploadfile.txt
/upload.html
/upload.php
/uploads
/upload.txt
/ur
/URI.html
/URI.php
/URI.txt
/url
/us
/usage
/user
/user1
/user2
/userdb
/user.html
/user.php
/users
/users.html
/users.php
/users.txt
/user.txt
/utf8.html
/utf8.php
/utf8.txt
/util
/Util
/util.html
/utilities
/util.php
/utils
/util.txt
/u.txt
/U.txt
/v
/V
/v2
/validate.html
/validate.js
/validate.php
/validate.txt
/validation.html
/validation.php
/validation.txt
/vars.html
/vars.php
/vars.txt
/vax
/vb
/vdc
/vector
/VER_sel_data
/version
/VERSION
/version.html
/version.php
/version.txt
/vert.html
/vert.php
/vert.txt
/vgn
/VGN
/v.html
/V.html
/vi
/video
/videos
/view
/View
/ViewCode.asp
/view.html
/view.html.html
/view.html.php
/view.php
/view.raw.html
/view.raw.php
/view.raw.txt
/views
/view.txt
/view.txt.txt
/vi.js
/vim
/virus
/visualchars
/vivid_dreams
/vlsi
/vm
/vms
/voice
/vote.html
/vote.php
/vote.txt
/vr
/vrtour.html
/vrtour.php
/vrtour.txt
/_vti_adm
/_vti_aut
/_vti_bin
/_vti_cnf
/_vti_log
/_vti_pvt
/_vti_txt
/v.txt
/V.txt
/w
/W
/web
/.web
/webacc
/webadmin/
/webadmin/admin.html
/webadmin/admin.php
/webadmin.html
/webadmin/index.html
/webadmin/index.php
/webadmin/login.html
/webadmin/login.php
/webadmin.php
/webalizer
/webcart
/weblink
/weblink.html
/weblink.php
/weblinks.html
/weblinks.php
/weblinks.txt
/weblink.txt
/weblog
/weblogs
/webmail
/webmaster
/webmaster_logs
/WebShop
/webstat
/webstats
/wei
/welcome.tpl
/wget
/WHATISTHIS
/white
/whos_online.txt
/w.html
/W.html
/wia.html
/wia.php
/wia.txt
/wic.html
/wic.php
/wic.txt
/widgets.html
/widgets.php
/widgets.txt
/wifi
/windows
/WINDOWS
/win.ini
/WINME
/winners.html
/winners.php
/winners.txt
/wlw
/wombat
/wood
/word
/WORD
/wordpress
/work
/workshop.php
/workshop.txt
/Works.txt
/wp
/wp-login.php
/wpThumbnails
/wrapper.html
/wrapper.php
/wrapper.txt
/Writer
/wsc
/wsdocs
/WS_FTP.LOG
/wstats
/w.txt
/W.txt
/www
/wwwboard
/wwwlog
/wwwstat
/wwwstats
/wysiwyg
/wz_tooltip.js
/x
/X
/x86_64
/xcache.html
/xcache.php
/xcache.txt
/x.html
/X.html
/xhtmlxtras
/xinu
/xml
/XML
/xml.html
/XML.html
/xml.php
/XML.php
/xmlrpc
/xmlrpc.html
/xmlrpc.php
/xmlrpcs.html
/xmlrpcs.php
/xmlrpcs.txt
/xmlrpc.txt
/xml.txt
/XML.txt
/xp
/xsql
/Xtras
/x.txt
/X.txt
/xv
/y
/Y
/yacs
/Yadis
/Yadis.html
/Yadis.php
/Yadis.txt
/y.html
/Y.html
/yoda
/YouTube
/y.txt
/Y.txt
/yui
/z
/Z
/zen
/Zend
/zip
/zip.html
/zip.lib.html
/zip.lib.php
/zip.lib.txt
/zip.php
/zip.txt
/zones.html
/zones.php
/zones.txt
/zoom
/z.txt
/Z.txt
