/0/
/01/
/02/
/03/
/04/
/05/
/06/
/07/
/08/
/09/
/1/
/10/
/11/
/12
/13/
/14/
/15/
/16/
/17/
/18/
/19/
/20/
/21/
/2.2/
/22/
/23/
/24/
/25/
/26/
/27/
/28/
/29/
/3/
/4/
/5/
/6/
/about/
/access/
/account/
/accounting/
/acrobat/
/Action/
/actions/
/ad/
/Adapter/
/adapters/
/adara/
/addons/
/adm/
/admcgi/
/admentor/
/admin/
/Admin/
/adminfiles/
/administracion/
/administration/
/administrator/
/Administrator/
/adminuser/
/adminweb/
/admisapi/
/ads/
/adsamples/
/advanced/
/ae/
/af/
/afp/
/agentes/
/ajax/
/albums/
/alex/
/all/
/alpha/
/alt/
/am/
/amd64/
/ams/
/ans/
/apache/
/apl/
/app/
/App/
/apple/
/applets/
/application/
/applications/
/apps/
/apt/
/aqua/
/ar/
/arc/
/archive/
/Archive/
/archives/
/arm/
/art/
/article/
/articles/
/asd/
/asms/
/asp/
/aspx/
/assets/
/ast/
/async/
/at/
/atari/
/atc/
/attachments/
/audio/
/audubon/
/Auth/
/auth/
/authadmin/
/authentication/
/autosave/
/avatar/
/avatars/
/aw/
/awstats/
/b/
/B/
/back/
/backdoor/
/backend/
/background/
/backgrounds/
/backup/
/backupdata/
/backups/
/bank/
/banner/
/banners/
/bar/
/bard/
/base/
/batcomputer/
/bb/
/bbcode/
/bbs/
/bc/
/bckgnd/
/bd/
/be/
/beez/
/behaviors/
/ben/
/beta/
/bf/
/bg/
/bg_BG/
/big/
/billing/
/bin/
/bio/
/black/
/block/
/blocks/
/blog/
/bn/
/books/
/boot/
/boxes/
/br/
/branches/
/brand/
/brick/
/bridge/
/brown/
/browser/
/bs/
/bsd/
/bug/
/bug_report/
/bugs/
/build/
/builder/
/c/
/cache/
/calendar/
/captcha/
/cart/
/cat/
/catalog/
/categories/
/category/
/cats/
/ccbill/
/cck/
/cd/
/ce/
/cert/
/cf/
/cfapps/
/cfdocs/
/cfide/
/cfm/
/cfusion/
/cgi/
/cgi_bin/
/CHANGES/
/chat/
/chips/
/class/
/classes/
/Classes/
/cli/
/client/
/cliente/
/clientes/
/cls/
/cm/
/cn/
/code/
/codes/
/com/
/comctl/
/comment/
/comments/
/commerce/
/common/
/COMMON/
/compat/
/component/
/components/
/conf/
/config/
/configs/
/configure/
/conn/
/connectors/
/console/
/contact/
/container/
/content/
/control/
/controllers/
/controls/
/convex/
/cookie/
/core/
/count/
/counter/
/course/
/cp/
/cr/
/cs/
/css/
/CSS/
/cube/
/custom/
/custombuild/
/customer/
/customers/
/CVS/
/.cvsignore/
/cy/
/cyber/
/cy_GB/
/cz/
/d/
/D/
/data/
/Data/
/database/
/databases/
/datafiles/
/Date/
/davinci/
/db/
/Db/
/dbg/
/dbi/
/dc/
/dcforum/
/de/
/Decorator/
/de_DE/
/default/
/Default/
/default1/
/default_admin/
/defaultColorConf/
/delete_move_next/
/demo/
/demos/
/description/
/design/
/dev/
/devel/
/development/
/devices/
/diagon/
/dialog/
/dialogs/
/dir/
/directionality/
/directory/
/Discount_Coupons/
/disk1/
/Disk1/
/DISK1/
/dist/
/dists/
/dk/
/dl/
/DLL/
/dll/
/dm/
/doc/
/docs/
/Docs/
/document/
/documentation/
/documents/
/Documents/
/domcfg.nsf/
/domit/
/dopey/
/dos/
/Dos/
/DOS/
/download/
/downloads/
/dragresizetable/
/Driver/
/drivers/
/DRIVERS/
/dsl/
/.DS_Store/
/dtd/
/DTL/
/DTL_ETC/
/dtree/
/dump/
/e/
/eb/
/ec/
/ed/
/edit/
/editor/
/editors/
/ee/
/ef/
/eg/
/el/
/element/
/elements/
/email/
/emerald/
/ems/
/en/
/engines/
/english/
/enrol/
/entries/
/entry/
/environment/
/epoch/
/equipment/
/error/
/es/
/espanol/
/et/
/etc/
/ethernet/
/eu/
/event/
/events/
/example/
/examples/
/exchange/
/exclude/
/exec/
/experimental/
/export/
/ext/
/extensions/
/external/
/extra/
/extras/
/f/
/faqweb/
/fasttrack/
/fax/
/fb/
/fc/
/fckeditor/
/fd/
/fe/
/features/
/feed/
/ff/
/fi/
/File/
/file/
/filemanager/
/files/
/filesystem/
/filesystems/
/filter/
/filters/
/fixtures/
/fj/
/flags/
/flash/
/flex/
/folders/
/font/
/Font/
/fonts/
/foo/
/foobar/
/food/
/form/
/Form/
/format/
/forms/
/fortune/
/forum/
/forums/
/_fpclass/
/fr/
/frames/
/framework/
/frontpage/
/fruit/
/ft/
/ftp/
/fullpage/
/fullscreen/
/fun/
/function/
/functions/
/fusion/
/fy/
/g/
/galaxy/
/gallery/
/gallery2/
/gap/
/gateway/
/gb/
/gcc/
/gd/
/general/
/generic/
/geo/
/german/
/gift/
/gl/
/global/
/globals/
/gnome/
/gold/
/gq/
/gr/
/graphics/
/graphs/
/green/
/gross/
/group/
/gs/
/gu/
/guest/
/guestbook/
/guests/
/gwen/
/h/
/H/
/handler/
/hardware/
/hardy/
/he/
/head/
/header/
/headers/
/heads/
/Health/
/help/
/helper/
/helpers/
/hf/
/hi/
/hidden/
/history/
/hl/
/home/
/hooks/
/hp/
/hr/
/ht/
/htbin/
/htdocs/
/html/
/.htpasswd/
/http/
/hu/
/hw/
/i/
/i18n/
/i386/
/ias/
/icon/
/id/
/idea/
/ideas/
/idn/
/iis/
/iisadmpwd/
/iissamples/
/image/
/images/
/imapd/
/img/
/imp/
/import/
/inc/
/include/
/includes/
/index/
/info/
/infos/
/inlinepopups/
/install/
/installer/
/interfaces/
/internals/
/internet/
/intranet/
/iso/
/isos/
/issamples/
/it/
/item/
/j/
/ja/
/java/
/javascript/
/jenkins/
/joomla/
/jquery/
/jqueryui/
/js/
/jscalendar/
/jscript/
/jscripts/
/jsp/
/k/
/kernel/
/km/
/Knowledge/
/l/
/L/
/la/
/labs/
/lang/
/lang_english/
/lang_french/
/langs/
/language/
/Language/
/language_files/
/languages/
/lasso/
/Latest/
/laurent/
/layer/
/layout/
/layouts/
/LC_MESSAGES/
/leaflet/
/legacy/
/lehi3b15/
/leo/
/level/
/lg_lexique/
/lib/
/libImaging/
/libraries/
/library/
/libs/
/light/
/lightbox/
/lighter/
/link/
/links/
/linux/
/Linux/
/list/
/listcommands/
/live/
/local/
/locale/
/log/
/Log/
/logfile/
/logfiles/
/login/
/logos/
/logs/
/Logs/
/logsaccess_log/
/lori/
/lover/
/LST/
/lt_LT/
/lucid/
/luna/
/lv/
/lv_LV/
/m/
/M/
/mac/
/mag/
/magic/
/mail/
/Mail/
/mail_fetch/
/mailman/
/mailto/
/main/
/main.cgi/
/mainsail/
/maint/
/Makefile/
/manage/
/manager/
/mango/
/MANIFEST/
/manual/
/Manufacturers/
/maps/
/marlboro/
/marlin/
/martin/
/math/
/Math/
/matrix/
/maui/
/mbstring/
/mcpuk/
/media/
/Media/
/media_index/
/memberfiles/
/members/
/Membership/
/_mem_bin/
/menu/
/menus/
/mercury/
/message/
/Message/
/messages/
/meta/
/microsoft/
/M_images/
/mime/
/MIME/
/mimetypes/
/mips/
/misc/
/mk/
/ml/
/mms/
/mn/
/mnet/
/MOB/
/mobile/
/mod/
/moddata/
/models/
/modifier/
/Modifier/
/mods/
/module/
/module1/
/modules/
/monitor/
/moodle2/
/mosaic/
/mp/
/mp3/
/mr/
/ms/
/MS/
/msadc/
/MSADC/
/msft/
/MSFT/
/msi/
/msn/
/msql/
/mtxinu/
/multianswer/
/music/
/Music/
/mutt/
/my/
/mysql/
/Mysqli/
/n/
/N/
/native/
/nb_NO/
/Net/
/net/
/netstat/
/network/
/networks/
/new/
/newmail/
/news/
/NEWS/
/newsfeed/
/nic/
/nlm/
/no/
/nonbreaking/
/noneditable/
/note/
/notes/
/nss/
/nuke/
/number/
/o/
/O/
/objects/
/ocean/
/odbc/
/OEM/
/official/
/old/
/old_files/
/oldfiles/
/One_Page_Checkout/
/oordir/
/OPD/
/OpenID/
/openid/
/options/
/oracle/
/orange/
/orca/
/order.log/
/orders/
/orders.txt/
/original/
/os/
/os2/
/other/
/outlaw/
/output/
/OutputFilter/
/overrides/
/oxford/
/p/
/P/
/_packager/
/Packages/
/packages/
/packaging/
/pagebreak/
/Pager/
/pagers/
/pages/
/panel/
/papers/
/par2/
/parameter/
/parts/
/pass/
/pass.txt/
/passwd/
/password/
/passwords/
/paste/
/pattemplate/
/patTemplate/
/payment/
/payments/
/PBServer/
/pcat/
/pcl/
/pdb/
/PDF/
/pdf/
/pdf_fonts/
/PDG_Cart/
/Pdo/
/pds/
/pear/
/PEAR/
/Pear/
/pegasus/
/perf/
/perl/
/persian/
/perso/
/phoenix/
/photo/
/photo_events/
/Photos/
/photos/
/photos_history/
/phototheque/
/php/
/phpBB2/
/phpgacl/
/phpmailer/
/phpMyAdmin/
/phpmyadmin/
/phpnuke/
/phpunit/
/phputf8/
/phpxmlrpc/
/pic/
/picasa/
/pics/
/pictures/
/piranha/
/pix/
/pl/
/placeholder/
/platform/
/plugin/
/Plugin/
/plugins/
/pm/
/po/
/policy/
/poll/
/polls/
/pop/
/popup/
/popups/
/portal/
/portlet/
/ports/
/posters/
/postgres/
/pre/
/prefs/
/prep/
/preview/
/prime/
/print/
/printer/
/PRIVACY/
/_private/
/private/
/profile/
/proftpd/
/project/
/projects/
/Promotion/
/protected/
/protector/
/Provider/
/ps/
/psd/
/pt/
/pt_BR/
/ptj/
/pt_PT/
/pub/
/public/
/public_html/
/publish/
/pw/
/py/
/python/
/q/
/Q/
/Query/
/question/
/r/
/R/
/ra/
/RAID/
/rating/
/rav/
/raw/
/Reader/
/reading/
/README/
/readme/
/ready/
/recaptcha/
/recruit/
/red/
/refs/
/register/
/registry/
/Release/
/RELEASE_NOTES/
/ReleaseNotes/
/releases/
/relnotes/
/remind/
/remote/
/remotes/
/renderer/
/Renderer/
/report/
/reports/
/Repository/
/Request/
/research/
/reset/
/Resource/
/resource/
/resources/
/Response/
/RETAIL/
/retail/
/reviews/
/rhuk_milkyway/
/riacs/
/ro/
/rock/
/ronin/
/Root/
/root/
/ro_RO/
/roskilde/
/rouge/
/Rpc/
/rpc/
/rpm/
/rss/
/rte/
/RTE_configuration/
/rti/
/rtl/
/ru/
/ruby/
/ru_RU/
/rvscompodb/
/rvsincludefile/
/rvslib/
/rvs_library/
/rvtheme/
/rvtheme_admin/
/s/
/S/
/s3/
/s5/
/safari/
/sales/
/sam/
/samba/
/_sample/
/sample/
/_samples/
/samples/
/Samples/
/sanfran/
/save/
/schema/
/scm/
/scr/
/script/
/scriptaculous/
/scripts/
/Scripts/
/sdk/
/search/
/Search/
/searchreplace/
/secret/
/secrets/
/section/
/secure/
/security/
/sei/
/seit/
/selector/
/seminaria/
/sensor/
/sentinel/
/sent_subfolders/
/sequent/
/Server/
/server/
/servers/
/service/
/services/
/Services/
/servlet/
/session/
/setting/
/settings/
/setup/
/SETUP/
/setupdir/
/SETUPDIR/
/sh/
/shans1/
/shans10/
/shans2/
/shans3/
/shans4/
/shans5/
/shans6/
/shans7/
/shans8/
/shans9/
/share/
/shared/
/shark/
/shipping/
/shop/
/show/
/showcode.asp/
/shrdlu/
/shtml.dll/
/shtml.exe/
/si/
/sierra/
/silk/
/silver/
/simple/
/simplecommands/
/simplepie/
/simpletest/
/singer/
/site/
/siteadmin/
/Sitemap/
/Sites/
/sk/
/skin/
/skins/
/sk_SK/
/sl/
/slices/
/slider/
/slideshow/
/sl_SI/
/sm/
/smarty/
/smiles/
/smiley/
/.smileys/
/smilies/
/snapshots/
/sneezy/
/snippets/
/soap/
/social/
/software/
/solaris/
/sounds/
/_source/
/source/
/Sources/
/sp2gdr/
/sp2qfe/
/SP2QFE/
/spam/
/spamcop/
/spanish/
/sparc/
/sparc64/
/speech/
/spellchecker/
/spellerpages/
/sphinx/
/spice/
/spiff/
/spiffyCal/
/spock/
/sponsors/
/spool/
/Spreadsheets/
/SpryAssets/
/sql/
/sql.php3/
/sqlqhit.asp/
/SQLQHit.asp/
/squirrelspell/
/sr/
/src/
/sr_YU/
/ss/
/sshots/
/ssi/
/ssl/
/staff/
/standards/
/standart/
/stars/
/stat/
/Stat/
/stats/
/status/
/status.php3/
/steps/
/stills/
/Storage/
/storage/
/store/
/stories/
/Strategy/
/structure/
/studio/
/style/
/styles/
/stylesheets/
/sub/
/sulu/
/sun/
/sun2/
/sun3/
/super/
/supercache/
/suphp/
/support/
/survey/
/sv/
/sv_SE/
/swf/
/swift/
/SYMBOLS/
/symbols/
/SYMBOLS.PRI/
/sys/
/sysadmin/
/system/
/SYSTEM/
/system32/
/t/
/T/
/ta/
/tab/
/tabfocus/
/table/
/tablecommands/
/tables/
/tabs/
/tac/
/tag/
/Tag/
/tags/
/talk/
/TB_IMG/
/tcpdf/
/te/
/tech/
/technote/
/temp/
/template/
/TEMPLATE/
/TemplateCache/
/templates/
/Templates/
/templates_c/
/terminal/
/tesseract/
/test/
/test1/
/test2/
/_testcases/
/testing/
/tests/
/tex/
/Text/
/th/
/theme/
/themed_graphics/
/ThemeOffice/
/_themes/
/themes/
/theory/
/thumb/
/thumbnails/
/.thumbs/
/thumbs/
/thunderbird/
/ti/
/tiger/
/T_IMG/
/tinman/
/tiny_mce/
/tinymce/
/tl/
/tmc/
/tmp/
/tmpl/
/TODO/
/tolkien/
/toolbar/
/tools/
/Tools/
/top/
/topics/
/tr/
/trac/
/transformations/
/translate/
/tree/
/treeNav/
/tr_TR/
/trw/
/tulip/
/u/
/U/
/ug/
/ui/
/uk/
/uk_UA/
/um/
/unix/
/unknown/
/update/
/updates/
/UPGRADE/
/upgrade/
/upgrades/
/UPGRADING/
/upload/
/uploads/
/ur/
/url/
/us/
/usage/
/user/
/user1/
/user2/
/userdb/
/users/
/util/
/Util/
/utilities/
/utils/
/v/
/V/
/v2/
/vax/
/vb/
/vector/
/VER_sel_data/
/version/
/VERSION/
/vi/
/video/
/videos/
/view/
/View/
/views/
/vim/
/virus/
/visualchars/
/vivid_dreams/
/vlsi/
/vm/
/vms/
/voice/
/_vti_adm/
/_vti_aut/
/_vti_bin/
/_vti_cnf/
/_vti_log/
/_vti_pvt/
/_vti_txt/
/w/
/waves/
/web/
/webalizer/
/webcart/
/weblink/
/weblog/
/weblogs/
/webmail/
/webmaster/
/WebShop/
/webstat/
/webstats/
/wei/
/wget/
/white/
/wifi/
/windows/
/winnt/
/wlw/
/wombat/
/wood/
/word/
/wordpress/
/work/
/wp/
/writer/
/wsc/
/www/
/x/
/xinu/
/xml/
/xmlrpc/
/xp/
/xsql/
/xstandard/
/xv/
/y/
/yacs/
/yoda/
/yui/
/z/
/Zend/
/zip/
/zoom/
