/3d_exhibits1.php
/3d_exhibits.php
/3D_preview.php
/404.php
/about1.php
/about.php
/account.php
/action.default.php
/address.php
/admin.class.php
/admin_header.php
/admin.php
/adodb.inc.php
/album.php
/announcement1.php
/apc.php
/a.php
/A.php
/a.php
/A.php
/application.php
/April04_schedule.php
/april4videos.php
/archive.php
/article.php
/articleweb.php
/attachment.php
/attachments.php
/author.php
/auth.php
/awards.php
/backend.php
/background.php
/Background.php
/backlink.php
/backup.php
/bannerclient.php
/banner_manager.php
/banner.php
/banners.php
/basexml.php
/beginbusupload.php
/beginedit2.php
/beginedit3.php
/beginedit4.php
/beginedit5.php
/beginedit6.php
/beginedit7.php
/beginedit8.php
/beginedit.php
/behavior.php
/block.php
/blockStyle.php
/blogger.php
/blog_item.php
/blog_links.php
/blog.php
/bookmark.php
/border.php
/Border.php
/b.php
/B.php
/b.php
/B.php
/browser.php
/button.php
/cache.php
/calendar.php
/captcha.php
/case.php
/categories.php
/category.php
/CHANGELOG.php
/classes.php
/class.phpmailer.php
/class.smtp.php
/client.php
/cms.php
/collections.php
/colorConfig.ini.php
/color.php
/Color.php
/column_left.php
/commands.php
/comment_delete.php
/comment_edit.php
/comment_new.php
/comment.php
/comment_post.php
/comment_reply.php
/comments.php
/committee.php
/common.php
/Common.php
/compat.php
/complete.php
/component.php
/composite.php
/Composite.php
/config.inc.php
/config.php
/ConfigSchema.php
/config_site.php
/configuration.php
/confirm.php
/connector.php
/constants.php
/consumer.php
/contact.php
/contacts.php
/content.php
/controller.php
/copy.php
/COPYRIGHT.php
/core.is_secure.php
/core.is_trusted.php
/core.php
/core.rm_auto.php
/core.rmdir.php
/core.write_file.php
/counter.php
/countries.php
/course_structure.php
/cpanel.php
/cp_functions.php
/c.php
/C.php
/c.php
/C.php
/create_account.php
/CreateFolder.php
/create.php
/CREDITS.php
/cron.php
/crypt.inc.php
/cs_CZ.php
/CSSDefinition.php
/csshelpers.php
/css.php
/currencies.php
/customers.php
/cyec_2002.php
/da_DK.php
/database_changes.php
/database.inc.php
/database.mysqli.php
/database.php
/date.php
/db.php
/DB.php
/db.php
/DB.php
/debug.php
/de_DE.php
/default_address.php
/default_error.php
/default_folder.php
/default_form.php
/default_ftp.php
/default_graph.php
/default_image.php
/default_item.php
/default_items.php
/default_links.php
/default_login.php
/default_logout.php
/default_message.php
/default.php
/Default.php
/default_raw.php
/default_results.php
/define_language.php
/defines.php
/deletefilebp.php
/deletefile.php
/deleteFile.php
/deletefile.php
/DeleteFile.php
/DeleteFolder.php
/delete.php
/delete_record.php
/deprecated.php
/details.php
/diff.php
/dig_exhib.php
/dig.php
/download.php
/downloads.php
/d.php
/D.php
/d.php
/D.php
/eaccelerator.php
/editorFrame.php
/editor.php
/editor_registry.php
/edit.php
/editsummary.php
/edituser.php
/element.php
/eligible.php
/emailcloak.php
/email.php
/Email.php
/email.php
/Email.php
/empty.php
/Empty.php
/english.php
/eng.php
/en.php
/en_US.php
/e.php
/E.php
/e.php
/E.php
/error.php
/es_ES.php
/et_EE.php
/event.php
/events_photo.php
/events.php
/example.php
/Exception.php
/exception.php
/exhibitdetails.php
/exhibitions.php
/exhibits.php
/export.php
/Extension.php
/extension.php
/factory.php
/fantversion.php
/faq.php
/fastsearch.php
/fastsearch.php.save
/fckeditor.php
/fckeditor_php4.php
/fckeditor_php5.php
/feedcreator.php
/feed.php
/ffles.php
/fi_FI.php
/filelist.php
/file_manager.php
/file.php
/File.php
/file.php
/Files.php
/FileUpload.php
/Filter.php
/folder.php
/Font.php
/footer.inc.php
/footer.php
/format.php
/form.php
/forums.php
/f.php
/F.php
/f.php
/F.php
/framework.php
/freesansbi.php
/freesansb.php
/freesansi.php
/freesans.php
/french.php
/fr_FR.php
/frontend.php
/frontpage.php
/fsbb.php
/ftp.php
/Function.php
/function.php
/functions.inc.php
/functions.php
/gacl_api.class.php
/gacl_api.php
/gacl.class.php
/gacl.php
/gallery.php
/GD.php
/general.php
/geo_zones.php
/german.php
/geshi.php
/GetFolders.php
/getimage.php
/global.php
/gmail.php
/g.php
/G.php
/g.php
/G.php
/groupcp.php
/group.php
/groups.php
/guestbook.php
/Gzip.php
/gzip.php
/header.inc.php
/header.php
/head.php
/helper.php
/help.php
/hidden.php
/history.php
/home.php
/horiz.php
/h.php
/H.php
/h.php
/H.php
/html4strict.php
/HTMLDefinition.php
/html.php
/HTML_toolbar.php
/HTTPFetcher.php
/http.php
/hu_HU.php
/iconlookup.php
/ImageEditor.php
/ImageManager.php
/image.php
/Image.php
/image.php
/Image.php
/images1.php
/images2.php
/images.php
/Img.php
/img.php
/IM.php
/import.php
/index2.php
/index3.php
/indexbackup.php
/index.class.php
/index_def.php
/index.php
/index.php~
/index.php/
/index.php.1317078588
/index.php.bak
/index.php.bak~
/index.php.inc
/index.php.initial
/info.php
/information.php
/ini.php
/inputfilter.php
/installer.php
/install.php
/INSTALL.php
/install.php
/INSTALL.php
/invitation.php
/invoice.php
/io.php
/i.php
/I.php
/i.php
/I.php
/_item.php
/item.php
/items.php
/it_IT.php
/itransact.php
/ja_JP.php
/javascript.php
/joomla.php
/j.php
/J.php
/j.php
/J.php
/JSON.php
/json.php
/judging.php
/k2.php
/k.php
/K.php
/k.php
/K.php
/Lang.php
/lang.php
/language.php
/languages.php
/launch.php
/ldap.php
/leaflet.php
/legacy.php
/Length.php
/lib.php
/LICENSE.php
/LICENSES.php
/link.php
/links.php
/list.php
/loader.php
/loadmodule.php
/load.php
/locale.php
/localization.php
/logger.php
/login.php
/logoff.php
/logout.php
/log.php
/loop.php
/l.php
/L.php
/l.php
/L.php
/lt_LT.php
/mailform.php
/mailmanweb.php
/mail.php
/mailto.php
/mainfile.php
/mainframe.php
/main.php
/mambo.php
/mamboxml.php
/manage.php
/manager.php
/Manager.php
/manager.php
/manufacturers.php
/media.php
/memberlist.php
/memcache.php
/Memory.php
/memory.php
/mentors.php
/menuleftbackup.php
/menuleft.php
/menu.php
/message.php
/messages.php
/method.install.php
/methods.php
/method.upgrade.php
/mime.php
/misc.php
/Misc.php
/misc.php
/mod_archive.php
/mod_banners.php
/mod_breadcrumbs.php
/modcp.php
/model.php
/mod_feed.php
/mod_footer.php
/modinfo.php
/mod_latestnews.php
/mod_login.php
/mod_mainmenu.php
/mod_mostread.php
/mod_newsflash.php
/mod_poll.php
/mod_random_image.php
/mod_search.php
/mod_sections.php
/mod_stats.php
/mod_syndicate.php
/module.php
/modules.php
/mod_whosonline.php
/mod_wrapper.php
/move.php
/m.php
/M.php
/m.php
/M.php
/museum.php
/mysqli.php
/mysql.php
/Name.php
/name.php
/navigation.php
/nb_NO.php
/NetPBM.php
/new.php
/newsfeed.php
/newsfeeds.php
/newsletter.php
/newsletters.php
/news.php
/nl_NL.php
/non_competitors.php
/none.php
/notification.php
/n.php
/N.php
/n.php
/N.php
/object.php
/Object.php
/object.php
/Object.php
/offline.php
/openid.php
/o.php
/O.php
/o.php
/O.php
/options.php
/order.php
/orders.php
/orders_status.php
/packingslip.php
/pagebreak.php
/page_info.php
/pageinfo.php
/pageNavigation.php
/pagenavigation.php
/page.php
/pagination.php
/panorama.php
/parameters.php
/ParseHTML.php
/password.php
/patErrorManager.php
/patError.php
/path.php
/pathway.php
/patTemplate.php
/paypal.php
/pclzip.lib.php
/pdf.php
/PEAR5.php
/PEAR.php
/permissions.php
/phocagallery.php
/phpcompat.php
/php_http_proxy.php
/phpinfo.php
/phpmailer.php
/php.php
/php_text_cache.php
/PlainHTTPFetcher.php
/pl_PL.php
/plugin.php
/plugins.php
/poll.php
/popup_image.php
/popup.php
/posting.php
/post.php
/p.php
/P.php
/p.php
/P.php
/pressrelease.php
/print.php
/privacy.php
/privmsg.php
/products_new.php
/profile.php
/profiler.php
/profiles.php
/proj_cord.php
/proj_details.php
/Proprietary.php
/proprietary.php
/proxy.php
/pt_BR.php
/publisher.php
/q.php
/Q.php
/q.php
/Q.php
/query.php
/radio.php
/random.php
/rate.php
/Reader.php
/reader.php
/readmore.php
/register1.php
/register2.php
/register3.php
/register4.php
/register5.php
/register6.php
/register7.php
/register8.php
/register_orig.php
/register.php
/register_result.php
/remember.php
/RenameFile.php
/RenameFolder.php
/rename.php
/Renderer.php
/replace.php
/reply.php
/Required.php
/required.php
/reset.php
/resources.php
/reviews.php
/route.php
/router.php
/r.php
/R.php
/r.php
/R.php
/rss.php
/ru_RU.php
/rvform.php
/rvscronjobctrl.php
/SafeObject.php
/sample01.php
/sample02.php
/sample03.php
/sample04.php
/sampleposteddata.php
/schinese.php
/schinese_utf8.php
/searchform.php
/search.inc.php
/search.php
/section.php
/sections.php
/secure.php
/sef.php
/select.php
/sendmail.php
/server_info.php
/server.php
/Server.php
/server.php
/session.php
/sessionRead.php
/sessions.php
/sessionWrite.php
/setting.ini.php
/settings.php
/setup.php
/shipping.php
/shopping_cart.php
/show_courses.php
/showfile.php
/showimage.php
/show_intro.php
/sidebar.php
/simplepie.php
/single.php
/sitemap.php
/Smarty.class.php
/smtp.php
/spanish.php
/specials.php
/spellchecker.php
/s.php
/S.php
/s.php
/S.php
/sponsors.php
/sql.php
/sql.php3
/stats_customers.php
/stats.php
/status.php
/status.php3
/storage.php
/strcasecmp.php
/strcspn.php
/streams.php
/string.php
/str_ireplace.php
/stristr.php
/strlen.php
/strrev.php
/str_split.php
/strspn.php
/structure.php
/style.php
/submit.php
/substr_replace.php
/sv_SE.php
/table.php
/Table.php
/table.php
/tag.php
/tags.php
/Tar.php
/tar.php
/tax_classes.php
/taxonomy.php
/tax_rates.php
/tcpdf_config.php
/tcpdf.php
/tell_a_friend.php
/template.php
/templates.php
/temp.php
/testForms.php
/testingheader.php
/test.php
/testTypo.php
/textarea.php
/text.php
/Text.php
/text.php
/thankform.php
/theme.php
/themes.php
/Thumbnail.php
/thumbnail.php
/thumbs.php
/Tidy.php
/tidy.php
/timer.php
/timetable.php
/timezones.php
/tinymce.php
/tohtml.inc.php
/toolbar.php
/tools.php
/t.php
/T.php
/t.php
/T.php
/Transform.php
/transform.php
/Translate.php
/translate.php
/tree.php
/trim.php
/trust.php
/ucfirst.php
/ucwords.php
/unicode_data.php
/uninstall.php
/update.php
/upgrade_config.php
/upgrade.php
/u.php
/U.php
/u.php
/U.php
/uploadbplan.php
/uploadbusplan.php
/uploaddogs.php
/uploader.php
/uploadfile.php
/upload.php
/URI.php
/usergroup.php
/user.php
/users.class.php
/users.php
/utf8.php
/util.php
/validate.php
/validation.php
/vars.php
/vcard.class.php
/vcard.php
/version.php
/vert.php
/view.feed.php
/viewforum.php
/view.html.php
/viewonline.php
/view.php
/view.raw.php
/viewtopic.php
/vote.php
/v.php
/V.php
/v.php
/V.php
/vrtour.php
/weblink.php
/weblinks.php
/whos_online.php
/wia.php
/wic.php
/widgets.php
/winners1.php
/winners2.php
/winners3.php
/winners.php
/workshop1.php
/workshop1.php.orig
/workshop.php
/w.php
/W.php
/w.php
/W.php
/wrapper.php
/xcache.php
/xml_domit_cache.php
/xml_domit_doctor.php
/xml_domit_parser.php
/xml_domit_rss.php
/xml_domit_shared.php
/xml_domit_xpath.php
/xml.php
/XML.php
/xml.php
/xmlrpc.php
/xmlrpcs.php
/xmlrpc_wrappers.php
/xml_saxy_parser.php
/xml_saxy_shared.php
/xoopsformloader.php
/xoops_version.php
/x.php
/X.php
/x.php
/X.php
/XRDS.php
/XRI.php
/XRIRes.php
/xstandard.php
/Yadis.php
/yadis.php
/y.php
/Y.php
/y.php
/Y.php
/zip.lib.php
/zip.php
/zones.php
/z.php
/Z.php
/z.php
/Z.php
