/default.asp
/index.asp
/view.html.asp
/helper.asp
/controller.asp
/frontend.asp
/backend.asp
/colorConfig.ini.asp
/config.asp
/router.asp
/view.asp
/search.asp
/user.asp
/menu.asp
/admin.asp
/main.asp
/header.asp
/form.asp
/modules.asp
/installer.asp
/footer.asp
/component.asp
/navigation.asp
/xoops_version.asp
/functions.asp
/login.asp
/core.write_file.asp
/core.rmdir.asp
/core.rm_auto.asp
/core.asp
/core.is_trusted.asp
/core.is_secure.asp
/category.asp
/block.textformat.asp
/Smarty.class.asp
/style.asp
/vars.asp
/comment.asp
/newsletter.asp
/media.asp
/blockStyle.asp
/publisher.asp
/default_items.asp
/template.asp
/default_item.asp
/index2.asp
/configuration.asp
/image.asp
/categories.asp
/contact.asp
/content.asp
/blog_item.asp
/cache.asp
/block.asp
/upload.asp
/pagination.asp
/guestbook.asp
/poll.asp
/mailmanweb.asp
/joomla.asp
/install.asp
/file.asp
/articleweb.asp
/blog.asp
/mail.asp
/application.asp
/PEAR.asp
/register.asp
/module.asp
/list.asp
/error.asp
/database.asp
/banner.asp
/archive.asp
/about.asp
/update.asp
/languages.asp
/default_form.asp
/comments.asp
/CHANGELOG.asp
/weblinks.asp
/version.asp
/upgrade.asp
/LICENSE.asp
/view.feed.asp
/specials.asp
/sidebar.asp
/setup.asp
/phpinfo.asp
/mysql.asp
/modinfo.asp
/index.class.asp
/connector.asp
/config.inc.asp
/banners.asp
/admin.class.asp
/util.asp
/users.asp
/profile.asp
/plugin.asp
/help.asp
/example.asp
/client.asp
/calendar.asp
/xml.asp
/sql.asp
/news.asp
/import.asp
/fckeditor.asp
/english.asp
/csshelpers.asp
/class.smtp.asp
/class.phpmailer.asp
/blog_links.asp
/COPYRIGHT.asp
/testTypo.asp
/testForms.asp
/item.asp
/framework.asp
/defines.asp
/default_message.asp
/database_changes.asp
/customers.asp
/currencies.asp
/common.asp
/CREDITS.asp
/weblink.asp
/section.asp
/pagebreak.asp
/page.asp
/message.asp
/legacy.asp
/io.asp
/geshi.asp
/event.asp
/edit.asp
/LICENSES.asp
/INSTALL.asp
/File.asp
/orders.asp
/language.asp
/faq.asp
/commands.asp
/basexml.asp
/zones.asp
/xmlrpc.asp
/smtp.asp
/session.asp
/reviews.asp
/logout.asp
/info.asp
/index3.asp
/html.asp
/element.asp
/confirm.asp
/auth.asp
/whos_online.asp
/toolbar.asp
/single.asp
/plugins.asp
/ini.asp
/en_US.asp
/email.asp
/backup.asp
/article.asp
/xml_domit_rss.asp
/widgets.asp
/test.asp
/spellchecker.asp
/posting.asp
/pathway.asp
/pageNavigation.asp
/nl_NL.asp
/newsfeeds.asp
/newsfeed.asp
/manufacturers.asp
/manager.asp
/mailto.asp
/log.asp
/it_IT.asp
/frontpage.asp
/de_DE.asp
/cs_CZ.asp
/countries.asp
/comment_post.asp
/comment_edit.asp
/comment_delete.asp
/cms.asp
/view.raw.asp
/vcard.asp
/upgrade_config.asp
/theme.asp
/text.asp
/tax_rates.asp
/tax_classes.asp
/stats_customers.asp
/server_info.asp
/ru_RU.asp
/packingslip.asp
/orders_status.asp
/none.asp
/newsletters.asp
/nb_NO.asp
/link.asp
/invoice.asp
/information.asp
/getimage.asp
/geo_zones.asp
/ftp.asp
/export.asp
/events.asp
/editor_registry.asp
/editor.asp
/cpanel.asp
/comment_reply.asp
/comment_new.asp
/banner_manager.asp
/Length.asp
/vrtour.asp
/sv_SE.asp
/submit.asp
/sessions.asp
/popup.asp
/php.asp
/panorama.asp
/mysqli.asp
/museum.asp
/mod_login.asp
/mod_footer.asp
/mod_feed.asp
/memberlist.asp
/lt_LT.asp
/ldap.asp
/index_def.asp
/index.php.initial
/images.asp
/home.asp
/general.asp
/gallery.asp
/fr_FR.asp
/folder.asp
/fi_FI.asp
/fastsearch.php.save
/fastsearch.asp
/exhibits.asp
/exhibitions.asp
/exhibitdetails.asp
/events_photo.asp
/download.asp
/dig_exhib.asp
/da_DK.asp
/collections.asp
/captcha.asp
/about1.asp
/Thumbnail.asp
/Text.asp
/Tar.asp
/3d_exhibits1.asp
/3d_exhibits.asp
/3D_preview.asp
/xcache.asp
/viewonline.asp
/vert.asp
/uploadbusplan.asp
/tree.asp
/thumbs.asp
/storage.asp
/sitemap.asp
/shopping_cart.asp
/settings.asp
/search.inc.asp
/sampleposteddata.asp
/sample04.asp
/sample03.asp
/sample02.asp
/sample01.asp
/rss.asp
/route.asp
/post.asp
/object.asp
/mod_stats.asp
/misc.asp
/memcache.asp
/loader.asp
/ja_JP.asp
/hu_HU.asp
/horiz.asp
/forums.asp
/file_manager.asp
/feed.asp
/fckeditor_php5.asp
/fckeditor_php4.asp
/fantversion.asp
/et_EE.asp
/es_ES.asp
/define_language.asp
/default_links.asp
/default_error.asp
/default_address.asp
/author.asp
/apc.asp
/_item.asp
/URI.asp
/JSON.asp
/404.asp
/workshop1.asp
/viewtopic.asp
/viewforum.asp
/uninstall.asp
/tinymce.asp
/textarea.asp
/tcpdf.asp
/tag.asp
/strlen.asp
/sponsors.asp
/sendmail.asp
/searchform.asp
/schinese_utf8.asp
/schinese.asp
/profiler.asp
/pdf.asp
/menuleft.asp
/javascript.asp
/history.asp
/eaccelerator.asp
/default_results.asp
/default_logout.asp
/default_login.asp
/default_graph.asp
/cron.asp
/copy.asp
/complete.asp
/case.asp
/bannerclient.asp
/Translate.asp
/PEAR5.asp
/Img.asp
/zip.asp
/workshop.asp
/vcard.class.asp
/timetable.asp
/timer.asp
/themes.asp
/temp.asp
/table.asp
/string.asp
/simplepie.asp
/setting.ini.asp
/server.asp
/random.asp
/pressrelease.asp
/pl_PL.asp
/phpcompat.asp
/password.asp
/order.asp
/notification.asp
/move.asp
/modcp.asp
/messages.asp
/mamboxml.asp
/mambo.asp
/loop.asp
/logoff.asp
/inputfilter.asp
/index.php.bak
/head.asp
/groupcp.asp
/global.asp
/german.asp
/gacl_api.class.asp
/gacl.class.asp
/factory.asp
/en.asp
/edituser.asp
/downloads.asp
/default_raw.asp
/database.mysqli.asp
/contacts.asp
/compat.asp
/behavior.asp
/awards.asp
/admin_header.asp
/Tidy.asp
/Server.asp
/Name.asp
/HTML_toolbar.asp
/Files.asp
/Default.asp
/Common.asp
/zip.lib.asp
/xstandard.asp
/xmlrpcs.asp
/xmlrpc_wrappers.asp
/xml_saxy_shared.asp
/xml_saxy_parser.asp
/xml_domit_xpath.asp
/xml_domit_shared.asp
/xml_domit_parser.asp
/xml_domit_doctor.asp
/xml_domit_cache.asp
/wrapper.asp
/workshop1.php.orig
/winners3.asp
/winners2.asp
/winners1.asp
/winners.asp
/wic.asp
/wia.asp
/vote.asp
/utf8.asp
/uploadfile.asp
/uploader.asp
/uploaddogs.asp
/uploadbplan.asp
/unicode_data.asp
/ucwords.asp
/ucfirst.asp
/trim.asp
/tools.asp
/testingheader.asp
/templates.asp
/tcpdf_config.asp
/substr_replace.asp
/strspn.asp
/strrev.asp
/stristr.asp
/strcspn.asp
/strcasecmp.asp
/str_split.asp
/str_ireplace.asp
/status.php3
/sql.php3
/shipping.asp
/sessionWrite.asp
/sessionRead.asp
/select.asp
/sef.asp
/sections.asp
/resources.asp
/reset.asp
/remember.asp
/register_result.asp
/register_orig.asp
/register8.asp
/register7.asp
/register6.asp
/register5.asp
/register4.asp
/register3.asp
/register2.asp
/register1.asp
/readmore.asp
/rate.asp
/radio.asp
/query.asp
/print.asp
/popup_image.asp
/phpmailer.asp
/php_text_cache.asp
/php_http_proxy.asp
/path.asp
/patTemplate.asp
/patErrorManager.asp
/patError.asp
/pagenavigation.asp
/openid.asp
/offline.asp
/non_competitors.asp
/model.asp
/mod_wrapper.asp
/mod_whosonline.asp
/mod_syndicate.asp
/mod_sections.asp
/mod_search.asp
/mod_random_image.asp
/mod_poll.asp
/mod_newsflash.asp
/mod_mostread.asp
/mod_mainmenu.asp
/mod_latestnews.asp
/mod_breadcrumbs.asp
/mod_banners.asp
/mod_archive.asp
/mime.asp
/methods.asp
/method.upgrade.asp
/method.install.asp
/menuleftbackup.asp
/mentors.asp
/mainfile.asp
/loadmodule.asp
/load.asp
/lib.asp
/leaflet.asp
/launch.asp
/judging.asp
/invitation.asp
/indexbackup.asp
/images2.asp
/images1.asp
/html4strict.asp
/hidden.asp
/header.inc.asp
/groups.asp
/group.asp
/gmail.asp
/gacl_api.asp
/gacl.asp
/fsbb.asp
/freesansi.asp
/freesansbi.asp
/freesansb.asp
/freesans.asp
/feedcreator.asp
/emailcloak.asp
/eligible.asp
/editsummary.asp
/diff.asp
/details.asp
/deprecated.asp
/deletefilebp.asp
/deletefile.asp
/delete.asp
/default_folder.asp
/debug.asp
/date.asp
/cyec_2002.asp
/css.asp
/cp_functions.asp
/counter.asp
/consumer.asp
/constants.asp
/committee.asp
/button.asp
/blogger.asp
/beginedit8.asp
/beginedit7.asp
/beginedit6.asp
/beginedit5.asp
/beginedit4.asp
/beginedit3.asp
/beginedit2.asp
/beginedit.asp
/beginbusupload.asp
/backlink.asp
/april4videos.asp
/announcement1.asp
/album.asp
/action.default.asp
/SafeObject.asp
/Lang.asp
/HTMLDefinition.asp
/Gzip.asp
/Function.asp
/Font.asp
/Filter.asp
/Composite.asp
/Color.asp
/CSSDefinition.asp
/Border.asp
/April04_schedule.asp
/xoopsformloader.asp
/validation.asp
/validate.asp
/users.class.asp
/usergroup.asp
/tohtml.inc.asp
/timezones.asp
/thankform.asp
/tell_a_friend.asp
/taxonomy.asp
/tags.asp
/streams.asp
/spanish.asp
/show_intro.asp
/show_courses.asp
/rvscronjobctrl.asp
/rvform.asp
/pt_BR.asp
/proj_details.asp
/proj_cord.asp
/profiles.asp
/products_new.asp
/privmsg.asp
/privacy.asp
/phocagallery.asp
/permissions.asp
/pclzip.lib.asp
/paypal.asp
/parameters.asp
/page_info.asp
/options.asp
/new.asp
/mainframe.asp
/mailform.asp
/logger.asp
/localization.asp
/locale.asp
/links.asp
/k2.asp
/itransact.asp
/index.php.1317078588
/iconlookup.asp
/http.asp
/functions.inc.asp
/french.asp
/format.asp
/footer.inc.asp
/filelist.asp
/eng.asp
/editorFrame.asp
/delete_record.asp
/default_image.asp
/default_ftp.asp
/db.asp
/database.inc.asp
/crypt.inc.asp
/create_account.asp
/course_structure.asp
/config_site.asp
/column_left.asp
/classes.asp
/browser.asp
/bookmark.asp
/attachments.asp
/attachment.asp
/adodb.inc.asp
/account.asp
/Yadis.asp
/XRIRes.asp
/XRI.asp
/XRDS.asp
/XML.asp
/Transform.asp
/Table.asp
/Required.asp
/Renderer.asp
/RenameFolder.asp
/RenameFile.asp
/Reader.asp
/Proprietary.asp
/PlainHTTPFetcher.asp
/ParseHTML.asp
/Object.asp
/NetPBM.asp
/Misc.asp
/Memory.asp
/Manager.asp
/ImageManager.asp
/ImageEditor.asp
/Image.asp
/IM.asp
/HTTPFetcher.asp
/GetFolders.asp
/GD.asp
/FileUpload.asp
/Extension.asp
/Exception.asp
/Empty.asp
/Email.asp
/DeleteFolder.asp
/DeleteFile.asp
/DB.asp
/CreateFolder.asp
/ConfigSchema.asp
/Background.asp
/a.asp
/b.asp
/c.asp
/d.asp
/e.asp
/f.asp
/g.asp
/h.asp
/i.asp
/j.asp
/k.asp
/l.asp
/m.asp
/n.asp
/o.asp
/p.asp
/q.asp
/r.asp
/s.asp
/t.asp
/u.asp
/v.asp
/w.asp
/x.asp
/y.asp
/z.asp
/A.asp
/B.asp
/C.asp
/D.asp
/E.asp
/F.asp
/G.asp
/H.asp
/I.asp
/J.asp
/K.asp
/L.asp
/M.asp
/N.asp
/O.asp
/P.asp
/Q.asp
/R.asp
/S.asp
/T.asp
/U.asp
/V.asp
/W.asp
/X.asp
/Y.asp
/Z.asp
