/default.txt
/index.txt
/view.txt.txt
/helper.txt
/controller.txt
/frontend.txt
/backend.txt
/colorConfig.ini.txt
/config.txt
/router.txt
/view.txt
/search.txt
/user.txt
/menu.txt
/admin.txt
/main.txt
/header.txt
/form.txt
/modules.txt
/installer.txt
/footer.txt
/component.txt
/navigation.txt
/xoops_version.txt
/functions.txt
/login.txt
/core.write_file.txt
/core.rmdir.txt
/core.rm_auto.txt
/core.txt
/core.is_trusted.txt
/core.is_secure.txt
/category.txt
/modifier.upper.txt
/modifier.strip.txt
/modifier.spacify.txt
/modifier.replace.txt
/modifier.nl2br.txt
/modifier.lower.txt
/modifier.indent.txt
/modifier.escape.txt
/modifier.default.txt
/modifier.cat.txt
/function.popup.txt
/function.math.txt
/function.mailto.txt
/function.fetch.txt
/function.eval.txt
/function.debug.txt
/function.cycle.txt
/function.counter.txt
/compiler.assign.txt
/block.textformat.txt
/Smarty.class.txt
/style.txt
/vars.txt
/comment.txt
/newsletter.txt
/media.txt
/blockStyle.txt
/publisher.txt
/default_items.txt
/template.txt
/default_item.txt
/index2.txt
/configuration.txt
/image.txt
/categories.txt
/contact.txt
/content.txt
/blog_item.txt
/cache.txt
/block.txt
/upload.txt
/pagination.txt
/guestbook.txt
/poll.txt
/mailmanweb.txt
/joomla.txt
/install.txt
/file.txt
/articleweb.txt
/blog.txt
/mail.txt
/application.txt
/PEAR.txt
/register.txt
/module.txt
/list.txt
/error.txt
/database.txt
/banner.txt
/archive.txt
/about.txt
/update.txt
/languages.txt
/default_form.txt
/comments.txt
/CHANGELOG.txt
/weblinks.txt
/version.txt
/upgrade.txt
/LICENSE.txt
/view.feed.txt
/specials.txt
/sidebar.txt
/setup.txt
/phpinfo.txt
/mysql.txt
/modinfo.txt
/index.class.txt
/connector.txt
/config.inc.txt
/banners.txt
/admin.class.txt
/util.txt
/users.txt
/profile.txt
/plugin.txt
/help.txt
/example.txt
/client.txt
/calendar.txt
/xml.txt
/sql.txt
/news.txt
/import.txt
/fckeditor.txt
/english.txt
/csshelpers.txt
/class.smtp.txt
/class.phpmailer.txt
/blog_links.txt
/COPYRIGHT.txt
/testTypo.txt
/testForms.txt
/item.txt
/framework.txt
/defines.txt
/default_message.txt
/database_changes.txt
/customers.txt
/currencies.txt
/common.txt
/CREDITS.txt
/weblink.txt
/section.txt
/pagebreak.txt
/page.txt
/message.txt
/legacy.txt
/io.txt
/geshi.txt
/event.txt
/edit.txt
/LICENSES.txt
/INSTALL.txt
/File.txt
/orders.txt
/language.txt
/faq.txt
/commands.txt
/basexml.txt
/zones.txt
/xmlrpc.txt
/smtp.txt
/session.txt
/reviews.txt
/logout.txt
/info.txt
/index3.txt
/html.txt
/element.txt
/confirm.txt
/auth.txt
/whos_online.txt
/toolbar.txt
/single.txt
/plugins.txt
/ini.txt
/en_US.txt
/email.txt
/backup.txt
/article.txt
/xml_domit_rss.txt
/widgets.txt
/test.txt
/spellchecker.txt
/posting.txt
/pathway.txt
/pageNavigation.txt
/nl_NL.txt
/newsfeeds.txt
/newsfeed.txt
/manufacturers.txt
/manager.txt
/mailto.txt
/log.txt
/it_IT.txt
/frontpage.txt
/de_DE.txt
/cs_CZ.txt
/countries.txt
/comment_post.txt
/comment_edit.txt
/comment_delete.txt
/cms.txt
/view.raw.txt
/vcard.txt
/upgrade_config.txt
/theme.txt
/text.txt
/tax_rates.txt
/tax_classes.txt
/stats_customers.txt
/server_info.txt
/ru_RU.txt
/packingslip.txt
/orders_status.txt
/none.txt
/newsletters.txt
/nb_NO.txt
/link.txt
/invoice.txt
/information.txt
/getimage.txt
/geo_zones.txt
/ftp.txt
/export.txt
/events.txt
/editor_registry.txt
/editor.txt
/cpanel.txt
/comment_reply.txt
/comment_new.txt
/banner_manager.txt
/Length.txt
/vrtour.txt
/sv_SE.txt
/submit.txt
/sessions.txt
/popup.txt
/php.txt
/panorama.txt
/mysqli.txt
/museum.txt
/mod_login.txt
/mod_footer.txt
/mod_feed.txt
/memberlist.txt
/lt_LT.txt
/ldap.txt
/index_def.txt
/index.php.initial
/images.txt
/home.txt
/general.txt
/gallery.txt
/fr_FR.txt
/folder.txt
/fi_FI.txt
/fastsearch.php.save
/fastsearch.txt
/exhibits.txt
/exhibitions.txt
/exhibitdetails.txt
/events_photo.txt
/download.txt
/dig_exhib.txt
/da_DK.txt
/collections.txt
/captcha.txt
/about1.txt
/Thumbnail.txt
/Text.txt
/Tar.txt
/3d_exhibits1.txt
/3d_exhibits.txt
/3D_preview.txt
/xcache.txt
/viewonline.txt
/vert.txt
/uploadbusplan.txt
/tree.txt
/thumbs.txt
/storage.txt
/sitemap.txt
/shopping_cart.txt
/settings.txt
/search.inc.txt
/sampleposteddata.txt
/sample04.txt
/sample03.txt
/sample02.txt
/sample01.txt
/rss.txt
/route.txt
/post.txt
/object.txt
/mod_stats.txt
/misc.txt
/memcache.txt
/loader.txt
/ja_JP.txt
/hu_HU.txt
/horiz.txt
/forums.txt
/file_manager.txt
/feed.txt
/fckeditor_php5.txt
/fckeditor_php4.txt
/fantversion.txt
/et_EE.txt
/es_ES.txt
/define_language.txt
/default_links.txt
/default_error.txt
/default_address.txt
/author.txt
/apc.txt
/_item.txt
/URI.txt
/JSON.txt
/404.txt
/workshop1.txt
/viewtopic.txt
/viewforum.txt
/uninstall.txt
/tinymce.txt
/textarea.txt
/tcpdf.txt
/tag.txt
/strlen.txt
/sponsors.txt
/sendmail.txt
/searchform.txt
/schinese_utf8.txt
/schinese.txt
/profiler.txt
/pdf.txt
/menuleft.txt
/javascript.txt
/history.txt
/eaccelerator.txt
/default_results.txt
/default_logout.txt
/default_login.txt
/default_graph.txt
/cron.txt
/copy.txt
/complete.txt
/case.txt
/bannerclient.txt
/Translate.txt
/PEAR5.txt
/Img.txt
/zip.txt
/workshop.txt
/vcard.class.txt
/timetable.txt
/timer.txt
/themes.txt
/temp.txt
/table.txt
/string.txt
/simplepie.txt
/setting.ini.txt
/server.txt
/random.txt
/pressrelease.txt
/pl_PL.txt
/phpcompat.txt
/password.txt
/order.txt
/notification.txt
/move.txt
/modcp.txt
/messages.txt
/mamboxml.txt
/mambo.txt
/loop.txt
/logoff.txt
/inputfilter.txt
/index.php.bak
/head.txt
/groupcp.txt
/global.txt
/german.txt
/gacl_api.class.txt
/gacl.class.txt
/factory.txt
/en.txt
/edituser.txt
/downloads.txt
/default_raw.txt
/database.mysqli.txt
/contacts.txt
/compat.txt
/behavior.txt
/awards.txt
/admin_header.txt
/Tidy.txt
/Server.txt
/Name.txt
/HTML_toolbar.txt
/Files.txt
/Default.txt
/Common.txt
/zip.lib.txt
/xstandard.txt
/xmlrpcs.txt
/xmlrpc_wrappers.txt
/xml_saxy_shared.txt
/xml_saxy_parser.txt
/xml_domit_xpath.txt
/xml_domit_shared.txt
/xml_domit_parser.txt
/xml_domit_doctor.txt
/xml_domit_cache.txt
/wrapper.txt
/workshop1.php.orig
/winners3.txt
/winners2.txt
/winners1.txt
/winners.txt
/wic.txt
/wia.txt
/vote.txt
/utf8.txt
/uploadfile.txt
/uploader.txt
/uploaddogs.txt
/uploadbplan.txt
/unicode_data.txt
/ucwords.txt
/ucfirst.txt
/trim.txt
/tools.txt
/testingheader.txt
/templates.txt
/tcpdf_config.txt
/substr_replace.txt
/strspn.txt
/strrev.txt
/stristr.txt
/strcspn.txt
/strcasecmp.txt
/str_split.txt
/str_ireplace.txt
/status.php3
/sql.php3
/shipping.txt
/sessionWrite.txt
/sessionRead.txt
/select.txt
/sef.txt
/sections.txt
/resources.txt
/reset.txt
/remember.txt
/register_result.txt
/register_orig.txt
/register8.txt
/register7.txt
/register6.txt
/register5.txt
/register4.txt
/register3.txt
/register2.txt
/register1.txt
/readmore.txt
/rate.txt
/radio.txt
/query.txt
/print.txt
/popup_image.txt
/phpmailer.txt
/php_text_cache.txt
/php_http_proxy.txt
/path.txt
/patTemplate.txt
/patErrorManager.txt
/patError.txt
/pagenavigation.txt
/openid.txt
/offline.txt
/non_competitors.txt
/model.txt
/mod_wrapper.txt
/mod_whosonline.txt
/mod_syndicate.txt
/mod_sections.txt
/mod_search.txt
/mod_random_image.txt
/mod_poll.txt
/mod_newsflash.txt
/mod_mostread.txt
/mod_mainmenu.txt
/mod_latestnews.txt
/mod_breadcrumbs.txt
/mod_banners.txt
/mod_archive.txt
/mime.txt
/methods.txt
/method.upgrade.txt
/method.install.txt
/menuleftbackup.txt
/mentors.txt
/mainfile.txt
/loadmodule.txt
/load.txt
/lib.txt
/leaflet.txt
/launch.txt
/judging.txt
/invitation.txt
/indexbackup.txt
/images2.txt
/images1.txt
/html4strict.txt
/hidden.txt
/header.inc.txt
/groups.txt
/group.txt
/gmail.txt
/gacl_api.txt
/gacl.txt
/fsbb.txt
/freesansi.txt
/freesansbi.txt
/freesansb.txt
/freesans.txt
/feedcreator.txt
/emailcloak.txt
/eligible.txt
/editsummary.txt
/diff.txt
/details.txt
/deprecated.txt
/deletefilebp.txt
/deletefile.txt
/delete.txt
/default_folder.txt
/debug.txt
/date.txt
/cyec_2002.txt
/css.txt
/cp_functions.txt
/counter.txt
/consumer.txt
/constants.txt
/committee.txt
/button.txt
/blogger.txt
/beginedit8.txt
/beginedit7.txt
/beginedit6.txt
/beginedit5.txt
/beginedit4.txt
/beginedit3.txt
/beginedit2.txt
/beginedit.txt
/beginbusupload.txt
/backlink.txt
/april4videos.txt
/announcement1.txt
/album.txt
/action.default.txt
/SafeObject.txt
/Lang.txt
/HTMLDefinition.txt
/Gzip.txt
/Function.txt
/Font.txt
/Filter.txt
/Composite.txt
/Color.txt
/CSSDefinition.txt
/Border.txt
/April04_schedule.txt
/xoopsformloader.txt
/validation.txt
/validate.txt
/users.class.txt
/usergroup.txt
/tohtml.inc.txt
/timezones.txt
/thankform.txt
/tell_a_friend.txt
/taxonomy.txt
/tags.txt
/streams.txt
/spanish.txt
/show_intro.txt
/show_courses.txt
/rvscronjobctrl.txt
/rvform.txt
/pt_BR.txt
/proj_details.txt
/proj_cord.txt
/profiles.txt
/products_new.txt
/privmsg.txt
/privacy.txt
/phocagallery.txt
/permissions.txt
/pclzip.lib.txt
/paypal.txt
/parameters.txt
/page_info.txt
/options.txt
/new.txt
/mainframe.txt
/mailform.txt
/logger.txt
/localization.txt
/locale.txt
/links.txt
/k2.txt
/itransact.txt
/index.php.1317078588
/iconlookup.txt
/http.txt
/functions.inc.txt
/french.txt
/format.txt
/footer.inc.txt
/filelist.txt
/eng.txt
/editorFrame.txt
/delete_record.txt
/default_image.txt
/default_ftp.txt
/db.txt
/database.inc.txt
/crypt.inc.txt
/create_account.txt
/course_structure.txt
/config_site.txt
/column_left.txt
/classes.txt
/browser.txt
/bookmark.txt
/attachments.txt
/attachment.txt
/adodb.inc.txt
/account.txt
/Yadis.txt
/XRIRes.txt
/XRI.txt
/XRDS.txt
/XML.txt
/Transform.txt
/Table.txt
/Required.txt
/Renderer.txt
/RenameFolder.txt
/RenameFile.txt
/Reader.txt
/Proprietary.txt
/PlainHTTPFetcher.txt
/ParseHTML.txt
/Object.txt
/NetPBM.txt
/Misc.txt
/Memory.txt
/Manager.txt
/ImageManager.txt
/ImageEditor.txt
/Image.txt
/IM.txt
/HTTPFetcher.txt
/GetFolders.txt
/GD.txt
/FileUpload.txt
/Extension.txt
/Exception.txt
/Empty.txt
/Email.txt
/DeleteFolder.txt
/DeleteFile.txt
/DB.txt
/CreateFolder.txt
/ConfigSchema.txt
/Background.txt
/a.txt
/b.txt
/c.txt
/d.txt
/e.txt
/f.txt
/g.txt
/h.txt
/i.txt
/j.txt
/k.txt
/l.txt
/m.txt
/n.txt
/o.txt
/p.txt
/q.txt
/r.txt
/s.txt
/t.txt
/u.txt
/v.txt
/w.txt
/x.txt
/y.txt
/z.txt
/A.txt
/B.txt
/C.txt
/D.txt
/E.txt
/F.txt
/G.txt
/H.txt
/I.txt
/J.txt
/K.txt
/L.txt
/M.txt
/N.txt
/O.txt
/P.txt
/Q.txt
/R.txt
/S.txt
/T.txt
/U.txt
/V.txt
/W.txt
/X.txt
/Y.txt
/Z.txt
