/default.jsp
/index.jsp
/view.html.jsp
/helper.jsp
/controller.jsp
/frontend.jsp
/backend.jsp
/colorConfig.ini.jsp
/config.jsp
/router.jsp
/view.jsp
/search.jsp
/user.jsp
/menu.jsp
/admin.jsp
/main.jsp
/header.jsp
/form.jsp
/modules.jsp
/installer.jsp
/footer.jsp
/component.jsp
/navigation.jsp
/xoops_version.jsp
/functions.jsp
/login.jsp
/core.write_file.jsp
/core.rmdir.jsp
/core.rm_auto.jsp
/core.jsp
/core.is_trusted.jsp
/core.is_secure.jsp
/category.jsp
/modifier.upper.jsp
/modifier.strip.jsp
/modifier.spacify.jsp
/modifier.replace.jsp
/modifier.nl2br.jsp
/modifier.lower.jsp
/modifier.indent.jsp
/modifier.escape.jsp
/modifier.default.jsp
/modifier.cat.jsp
/function.popup.jsp
/function.math.jsp
/function.mailto.jsp
/function.fetch.jsp
/function.eval.jsp
/function.debug.jsp
/function.cycle.jsp
/function.counter.jsp
/compiler.assign.jsp
/block.textformat.jsp
/Smarty.class.jsp
/style.jsp
/vars.jsp
/comment.jsp
/newsletter.jsp
/media.jsp
/blockStyle.jsp
/publisher.jsp
/default_items.jsp
/template.jsp
/default_item.jsp
/index2.jsp
/configuration.jsp
/image.jsp
/categories.jsp
/contact.jsp
/content.jsp
/blog_item.jsp
/cache.jsp
/block.jsp
/upload.jsp
/pagination.jsp
/guestbook.jsp
/poll.jsp
/mailmanweb.jsp
/joomla.jsp
/install.jsp
/file.jsp
/articleweb.jsp
/blog.jsp
/mail.jsp
/application.jsp
/PEAR.jsp
/register.jsp
/module.jsp
/list.jsp
/error.jsp
/database.jsp
/banner.jsp
/archive.jsp
/about.jsp
/update.jsp
/languages.jsp
/default_form.jsp
/comments.jsp
/CHANGELOG.jsp
/weblinks.jsp
/version.jsp
/upgrade.jsp
/LICENSE.jsp
/view.feed.jsp
/specials.jsp
/sidebar.jsp
/setup.jsp
/phpinfo.jsp
/mysql.jsp
/modinfo.jsp
/index.class.jsp
/connector.jsp
/config.inc.jsp
/banners.jsp
/admin.class.jsp
/util.jsp
/users.jsp
/profile.jsp
/plugin.jsp
/help.jsp
/example.jsp
/client.jsp
/calendar.jsp
/xml.jsp
/sql.jsp
/news.jsp
/import.jsp
/fckeditor.jsp
/english.jsp
/csshelpers.jsp
/class.smtp.jsp
/class.phpmailer.jsp
/blog_links.jsp
/COPYRIGHT.jsp
/testTypo.jsp
/testForms.jsp
/item.jsp
/framework.jsp
/defines.jsp
/default_message.jsp
/database_changes.jsp
/customers.jsp
/currencies.jsp
/common.jsp
/CREDITS.jsp
/weblink.jsp
/section.jsp
/pagebreak.jsp
/page.jsp
/message.jsp
/legacy.jsp
/io.jsp
/geshi.jsp
/event.jsp
/edit.jsp
/LICENSES.jsp
/INSTALL.jsp
/File.jsp
/orders.jsp
/language.jsp
/faq.jsp
/commands.jsp
/basexml.jsp
/zones.jsp
/xmlrpc.jsp
/smtp.jsp
/session.jsp
/reviews.jsp
/logout.jsp
/info.jsp
/index3.jsp
/html.jsp
/element.jsp
/confirm.jsp
/auth.jsp
/whos_online.jsp
/toolbar.jsp
/single.jsp
/plugins.jsp
/ini.jsp
/en_US.jsp
/email.jsp
/backup.jsp
/article.jsp
/xml_domit_rss.jsp
/widgets.jsp
/test.jsp
/spellchecker.jsp
/posting.jsp
/pathway.jsp
/pageNavigation.jsp
/nl_NL.jsp
/newsfeeds.jsp
/newsfeed.jsp
/manufacturers.jsp
/manager.jsp
/mailto.jsp
/log.jsp
/it_IT.jsp
/frontpage.jsp
/de_DE.jsp
/cs_CZ.jsp
/countries.jsp
/comment_post.jsp
/comment_edit.jsp
/comment_delete.jsp
/cms.jsp
/view.raw.jsp
/vcard.jsp
/upgrade_config.jsp
/theme.jsp
/text.jsp
/tax_rates.jsp
/tax_classes.jsp
/stats_customers.jsp
/server_info.jsp
/ru_RU.jsp
/packingslip.jsp
/orders_status.jsp
/none.jsp
/newsletters.jsp
/nb_NO.jsp
/link.jsp
/invoice.jsp
/information.jsp
/getimage.jsp
/geo_zones.jsp
/ftp.jsp
/export.jsp
/events.jsp
/editor_registry.jsp
/editor.jsp
/cpanel.jsp
/comment_reply.jsp
/comment_new.jsp
/banner_manager.jsp
/Length.jsp
/vrtour.jsp
/sv_SE.jsp
/submit.jsp
/sessions.jsp
/popup.jsp
/php.jsp
/panorama.jsp
/mysqli.jsp
/museum.jsp
/mod_login.jsp
/mod_footer.jsp
/mod_feed.jsp
/memberlist.jsp
/lt_LT.jsp
/ldap.jsp
/index_def.jsp
/index.php.initial
/images.jsp
/home.jsp
/general.jsp
/gallery.jsp
/fr_FR.jsp
/folder.jsp
/fi_FI.jsp
/fastsearch.php.save
/fastsearch.jsp
/exhibits.jsp
/exhibitions.jsp
/exhibitdetails.jsp
/events_photo.jsp
/download.jsp
/dig_exhib.jsp
/da_DK.jsp
/collections.jsp
/captcha.jsp
/about1.jsp
/Thumbnail.jsp
/Text.jsp
/Tar.jsp
/3d_exhibits1.jsp
/3d_exhibits.jsp
/3D_preview.jsp
/xcache.jsp
/viewonline.jsp
/vert.jsp
/uploadbusplan.jsp
/tree.jsp
/thumbs.jsp
/storage.jsp
/sitemap.jsp
/shopping_cart.jsp
/settings.jsp
/search.inc.jsp
/sampleposteddata.jsp
/sample04.jsp
/sample03.jsp
/sample02.jsp
/sample01.jsp
/rss.jsp
/route.jsp
/post.jsp
/object.jsp
/mod_stats.jsp
/misc.jsp
/memcache.jsp
/loader.jsp
/ja_JP.jsp
/hu_HU.jsp
/horiz.jsp
/forums.jsp
/file_manager.jsp
/feed.jsp
/fckeditor_php5.jsp
/fckeditor_php4.jsp
/fantversion.jsp
/et_EE.jsp
/es_ES.jsp
/define_language.jsp
/default_links.jsp
/default_error.jsp
/default_address.jsp
/author.jsp
/apc.jsp
/_item.jsp
/URI.jsp
/JSON.jsp
/404.jsp
/workshop1.jsp
/viewtopic.jsp
/viewforum.jsp
/uninstall.jsp
/tinymce.jsp
/textarea.jsp
/tcpdf.jsp
/tag.jsp
/strlen.jsp
/sponsors.jsp
/sendmail.jsp
/searchform.jsp
/schinese_utf8.jsp
/schinese.jsp
/profiler.jsp
/pdf.jsp
/menuleft.jsp
/javascript.jsp
/history.jsp
/eaccelerator.jsp
/default_results.jsp
/default_logout.jsp
/default_login.jsp
/default_graph.jsp
/cron.jsp
/copy.jsp
/complete.jsp
/case.jsp
/bannerclient.jsp
/Translate.jsp
/PEAR5.jsp
/Img.jsp
/zip.jsp
/workshop.jsp
/vcard.class.jsp
/timetable.jsp
/timer.jsp
/themes.jsp
/temp.jsp
/table.jsp
/string.jsp
/simplepie.jsp
/setting.ini.jsp
/server.jsp
/random.jsp
/pressrelease.jsp
/pl_PL.jsp
/phpcompat.jsp
/password.jsp
/order.jsp
/notification.jsp
/move.jsp
/modcp.jsp
/messages.jsp
/mamboxml.jsp
/mambo.jsp
/loop.jsp
/logoff.jsp
/inputfilter.jsp
/index.php.bak
/head.jsp
/groupcp.jsp
/global.jsp
/german.jsp
/gacl_api.class.jsp
/gacl.class.jsp
/factory.jsp
/en.jsp
/edituser.jsp
/downloads.jsp
/default_raw.jsp
/database.mysqli.jsp
/contacts.jsp
/compat.jsp
/behavior.jsp
/awards.jsp
/admin_header.jsp
/Tidy.jsp
/Server.jsp
/Name.jsp
/HTML_toolbar.jsp
/Files.jsp
/Default.jsp
/Common.jsp
/zip.lib.jsp
/xstandard.jsp
/xmlrpcs.jsp
/xmlrpc_wrappers.jsp
/xml_saxy_shared.jsp
/xml_saxy_parser.jsp
/xml_domit_xpath.jsp
/xml_domit_shared.jsp
/xml_domit_parser.jsp
/xml_domit_doctor.jsp
/xml_domit_cache.jsp
/wrapper.jsp
/workshop1.php.orig
/winners3.jsp
/winners2.jsp
/winners1.jsp
/winners.jsp
/wic.jsp
/wia.jsp
/vote.jsp
/utf8.jsp
/uploadfile.jsp
/uploader.jsp
/uploaddogs.jsp
/uploadbplan.jsp
/unicode_data.jsp
/ucwords.jsp
/ucfirst.jsp
/trim.jsp
/tools.jsp
/testingheader.jsp
/templates.jsp
/tcpdf_config.jsp
/substr_replace.jsp
/strspn.jsp
/strrev.jsp
/stristr.jsp
/strcspn.jsp
/strcasecmp.jsp
/str_split.jsp
/str_ireplace.jsp
/status.php3
/sql.php3
/shipping.jsp
/sessionWrite.jsp
/sessionRead.jsp
/select.jsp
/sef.jsp
/sections.jsp
/resources.jsp
/reset.jsp
/remember.jsp
/register_result.jsp
/register_orig.jsp
/register8.jsp
/register7.jsp
/register6.jsp
/register5.jsp
/register4.jsp
/register3.jsp
/register2.jsp
/register1.jsp
/readmore.jsp
/rate.jsp
/radio.jsp
/query.jsp
/print.jsp
/popup_image.jsp
/phpmailer.jsp
/php_text_cache.jsp
/php_http_proxy.jsp
/path.jsp
/patTemplate.jsp
/patErrorManager.jsp
/patError.jsp
/pagenavigation.jsp
/openid.jsp
/offline.jsp
/non_competitors.jsp
/model.jsp
/mod_wrapper.jsp
/mod_whosonline.jsp
/mod_syndicate.jsp
/mod_sections.jsp
/mod_search.jsp
/mod_random_image.jsp
/mod_poll.jsp
/mod_newsflash.jsp
/mod_mostread.jsp
/mod_mainmenu.jsp
/mod_latestnews.jsp
/mod_breadcrumbs.jsp
/mod_banners.jsp
/mod_archive.jsp
/mime.jsp
/methods.jsp
/method.upgrade.jsp
/method.install.jsp
/menuleftbackup.jsp
/mentors.jsp
/mainfile.jsp
/loadmodule.jsp
/load.jsp
/lib.jsp
/leaflet.jsp
/launch.jsp
/judging.jsp
/invitation.jsp
/indexbackup.jsp
/images2.jsp
/images1.jsp
/html4strict.jsp
/hidden.jsp
/header.inc.jsp
/groups.jsp
/group.jsp
/gmail.jsp
/gacl_api.jsp
/gacl.jsp
/fsbb.jsp
/freesansi.jsp
/freesansbi.jsp
/freesansb.jsp
/freesans.jsp
/feedcreator.jsp
/emailcloak.jsp
/eligible.jsp
/editsummary.jsp
/diff.jsp
/details.jsp
/deprecated.jsp
/deletefilebp.jsp
/deletefile.jsp
/delete.jsp
/default_folder.jsp
/debug.jsp
/date.jsp
/cyec_2002.jsp
/css.jsp
/cp_functions.jsp
/counter.jsp
/consumer.jsp
/constants.jsp
/committee.jsp
/button.jsp
/blogger.jsp
/beginedit8.jsp
/beginedit7.jsp
/beginedit6.jsp
/beginedit5.jsp
/beginedit4.jsp
/beginedit3.jsp
/beginedit2.jsp
/beginedit.jsp
/beginbusupload.jsp
/backlink.jsp
/april4videos.jsp
/announcement1.jsp
/album.jsp
/action.default.jsp
/SafeObject.jsp
/Lang.jsp
/HTMLDefinition.jsp
/Gzip.jsp
/Function.jsp
/Font.jsp
/Filter.jsp
/Composite.jsp
/Color.jsp
/CSSDefinition.jsp
/Border.jsp
/April04_schedule.jsp
/xoopsformloader.jsp
/validation.jsp
/validate.jsp
/users.class.jsp
/usergroup.jsp
/tohtml.inc.jsp
/timezones.jsp
/thankform.jsp
/tell_a_friend.jsp
/taxonomy.jsp
/tags.jsp
/streams.jsp
/spanish.jsp
/show_intro.jsp
/show_courses.jsp
/rvscronjobctrl.jsp
/rvform.jsp
/pt_BR.jsp
/proj_details.jsp
/proj_cord.jsp
/profiles.jsp
/products_new.jsp
/privmsg.jsp
/privacy.jsp
/phocagallery.jsp
/permissions.jsp
/pclzip.lib.jsp
/paypal.jsp
/parameters.jsp
/page_info.jsp
/options.jsp
/new.jsp
/mainframe.jsp
/mailform.jsp
/logger.jsp
/localization.jsp
/locale.jsp
/links.jsp
/k2.jsp
/itransact.jsp
/index.php.1317078588
/iconlookup.jsp
/http.jsp
/functions.inc.jsp
/french.jsp
/format.jsp
/footer.inc.jsp
/filelist.jsp
/eng.jsp
/editorFrame.jsp
/delete_record.jsp
/default_image.jsp
/default_ftp.jsp
/db.jsp
/database.inc.jsp
/crypt.inc.jsp
/create_account.jsp
/course_structure.jsp
/config_site.jsp
/column_left.jsp
/classes.jsp
/browser.jsp
/bookmark.jsp
/attachments.jsp
/attachment.jsp
/adodb.inc.jsp
/account.jsp
/Yadis.jsp
/XRIRes.jsp
/XRI.jsp
/XRDS.jsp
/XML.jsp
/Transform.jsp
/Table.jsp
/Required.jsp
/Renderer.jsp
/RenameFolder.jsp
/RenameFile.jsp
/Reader.jsp
/Proprietary.jsp
/PlainHTTPFetcher.jsp
/ParseHTML.jsp
/Object.jsp
/NetPBM.jsp
/Misc.jsp
/Memory.jsp
/Manager.jsp
/ImageManager.jsp
/ImageEditor.jsp
/Image.jsp
/IM.jsp
/HTTPFetcher.jsp
/GetFolders.jsp
/GD.jsp
/FileUpload.jsp
/Extension.jsp
/Exception.jsp
/Empty.jsp
/Email.jsp
/DeleteFolder.jsp
/DeleteFile.jsp
/DB.jsp
/CreateFolder.jsp
/ConfigSchema.jsp
/Background.jsp
/a.jsp
/b.jsp
/c.jsp
/d.jsp
/e.jsp
/f.jsp
/g.jsp
/h.jsp
/i.jsp
/j.jsp
/k.jsp
/l.jsp
/m.jsp
/n.jsp
/o.jsp
/p.jsp
/q.jsp
/r.jsp
/s.jsp
/t.jsp
/u.jsp
/v.jsp
/w.jsp
/x.jsp
/y.jsp
/z.jsp
/A.jsp
/B.jsp
/C.jsp
/D.jsp
/E.jsp
/F.jsp
/G.jsp
/H.jsp
/I.jsp
/J.jsp
/K.jsp
/L.jsp
/M.jsp
/N.jsp
/O.jsp
/P.jsp
/Q.jsp
/R.jsp
/S.jsp
/T.jsp
/U.jsp
/V.jsp
/W.jsp
/X.jsp
/Y.jsp
/Z.jsp
