/default.html
/index.html
/view.html.html
/helper.html
/controller.html
/frontend.html
/backend.html
/colorConfig.ini.html
/config.html
/router.html
/view.html
/search.html
/user.html
/menu.html
/admin.html
/main.html
/header.html
/form.html
/modules.html
/installer.html
/footer.html
/component.html
/navigation.html
/xoops_version.html
/functions.html
/login.html
/core.write_file.html
/core.rmdir.html
/core.rm_auto.html
/core.html
/core.is_trusted.html
/core.is_secure.html
/category.html
/modifier.upper.html
/modifier.strip.html
/modifier.spacify.html
/modifier.replace.html
/modifier.nl2br.html
/modifier.lower.html
/modifier.indent.html
/modifier.escape.html
/modifier.default.html
/modifier.cat.html
/function.popup.html
/function.math.html
/function.mailto.html
/function.fetch.html
/function.eval.html
/function.debug.html
/function.cycle.html
/function.counter.html
/compiler.assign.html
/block.textformat.html
/Smarty.class.html
/style.html
/vars.html
/comment.html
/newsletter.html
/media.html
/blockStyle.html
/publisher.html
/default_items.html
/template.html
/default_item.html
/index2.html
/configuration.html
/image.html
/categories.html
/contact.html
/content.html
/blog_item.html
/cache.html
/block.html
/upload.html
/pagination.html
/guestbook.html
/poll.html
/mailmanweb.html
/joomla.html
/install.html
/file.html
/articleweb.html
/blog.html
/mail.html
/application.html
/PEAR.html
/register.html
/module.html
/list.html
/error.html
/database.html
/banner.html
/archive.html
/about.html
/update.html
/languages.html
/default_form.html
/comments.html
/CHANGELOG.html
/weblinks.html
/version.html
/upgrade.html
/LICENSE.html
/view.feed.html
/specials.html
/sidebar.html
/setup.html
/phpinfo.html
/mysql.html
/modinfo.html
/index.class.html
/connector.html
/config.inc.html
/banners.html
/admin.class.html
/util.html
/users.html
/profile.html
/plugin.html
/help.html
/example.html
/client.html
/calendar.html
/xml.html
/sql.html
/news.html
/import.html
/fckeditor.html
/english.html
/csshelpers.html
/class.smtp.html
/class.phpmailer.html
/blog_links.html
/COPYRIGHT.html
/testTypo.html
/testForms.html
/item.html
/framework.html
/defines.html
/default_message.html
/database_changes.html
/customers.html
/currencies.html
/common.html
/CREDITS.html
/weblink.html
/section.html
/pagebreak.html
/page.html
/message.html
/legacy.html
/io.html
/geshi.html
/event.html
/edit.html
/LICENSES.html
/INSTALL.html
/File.html
/orders.html
/language.html
/faq.html
/commands.html
/basexml.html
/zones.html
/xmlrpc.html
/smtp.html
/session.html
/reviews.html
/logout.html
/info.html
/index3.html
/html.html
/element.html
/confirm.html
/auth.html
/whos_online.html
/toolbar.html
/single.html
/plugins.html
/ini.html
/en_US.html
/email.html
/backup.html
/article.html
/xml_domit_rss.html
/widgets.html
/test.html
/spellchecker.html
/posting.html
/pathway.html
/pageNavigation.html
/nl_NL.html
/newsfeeds.html
/newsfeed.html
/manufacturers.html
/manager.html
/mailto.html
/log.html
/it_IT.html
/frontpage.html
/de_DE.html
/cs_CZ.html
/countries.html
/comment_post.html
/comment_edit.html
/comment_delete.html
/cms.html
/view.raw.html
/vcard.html
/upgrade_config.html
/theme.html
/text.html
/tax_rates.html
/tax_classes.html
/stats_customers.html
/server_info.html
/ru_RU.html
/packingslip.html
/orders_status.html
/none.html
/newsletters.html
/nb_NO.html
/link.html
/invoice.html
/information.html
/getimage.html
/geo_zones.html
/ftp.html
/export.html
/events.html
/editor_registry.html
/editor.html
/cpanel.html
/comment_reply.html
/comment_new.html
/banner_manager.html
/Length.html
/vrtour.html
/sv_SE.html
/submit.html
/sessions.html
/popup.html
/php.html
/panorama.html
/mysqli.html
/museum.html
/mod_login.html
/mod_footer.html
/mod_feed.html
/memberlist.html
/lt_LT.html
/ldap.html
/index_def.html
/index.php.initial
/images.html
/home.html
/general.html
/gallery.html
/fr_FR.html
/folder.html
/fi_FI.html
/fastsearch.php.save
/fastsearch.html
/exhibits.html
/exhibitions.html
/exhibitdetails.html
/events_photo.html
/download.html
/dig_exhib.html
/da_DK.html
/collections.html
/captcha.html
/about1.html
/Thumbnail.html
/Text.html
/Tar.html
/3d_exhibits1.html
/3d_exhibits.html
/3D_preview.html
/xcache.html
/viewonline.html
/vert.html
/uploadbusplan.html
/tree.html
/thumbs.html
/storage.html
/sitemap.html
/shopping_cart.html
/settings.html
/search.inc.html
/sampleposteddata.html
/sample04.html
/sample03.html
/sample02.html
/sample01.html
/rss.html
/route.html
/post.html
/object.html
/mod_stats.html
/misc.html
/memcache.html
/loader.html
/ja_JP.html
/hu_HU.html
/horiz.html
/forums.html
/file_manager.html
/feed.html
/fckeditor_php5.html
/fckeditor_php4.html
/fantversion.html
/et_EE.html
/es_ES.html
/define_language.html
/default_links.html
/default_error.html
/default_address.html
/author.html
/apc.html
/_item.html
/URI.html
/JSON.html
/404.html
/workshop1.html
/viewtopic.html
/viewforum.html
/uninstall.html
/tinymce.html
/textarea.html
/tcpdf.html
/tag.html
/strlen.html
/sponsors.html
/sendmail.html
/searchform.html
/schinese_utf8.html
/schinese.html
/profiler.html
/pdf.html
/menuleft.html
/javascript.html
/history.html
/eaccelerator.html
/default_results.html
/default_logout.html
/default_login.html
/default_graph.html
/cron.html
/copy.html
/complete.html
/case.html
/bannerclient.html
/Translate.html
/PEAR5.html
/Img.html
/zip.html
/workshop.html
/vcard.class.html
/timetable.html
/timer.html
/themes.html
/temp.html
/table.html
/string.html
/simplepie.html
/setting.ini.html
/server.html
/random.html
/pressrelease.html
/pl_PL.html
/phpcompat.html
/password.html
/order.html
/notification.html
/move.html
/modcp.html
/messages.html
/mamboxml.html
/mambo.html
/loop.html
/logoff.html
/inputfilter.html
/index.php.bak
/head.html
/groupcp.html
/global.html
/german.html
/gacl_api.class.html
/gacl.class.html
/factory.html
/en.html
/edituser.html
/downloads.html
/default_raw.html
/database.mysqli.html
/contacts.html
/compat.html
/behavior.html
/awards.html
/admin_header.html
/Tidy.html
/Server.html
/Name.html
/HTML_toolbar.html
/Files.html
/Default.html
/Common.html
/zip.lib.html
/xstandard.html
/xmlrpcs.html
/xmlrpc_wrappers.html
/xml_saxy_shared.html
/xml_saxy_parser.html
/xml_domit_xpath.html
/xml_domit_shared.html
/xml_domit_parser.html
/xml_domit_doctor.html
/xml_domit_cache.html
/wrapper.html
/workshop1.php.orig
/winners3.html
/winners2.html
/winners1.html
/winners.html
/wic.html
/wia.html
/vote.html
/utf8.html
/uploadfile.html
/uploader.html
/uploaddogs.html
/uploadbplan.html
/unicode_data.html
/ucwords.html
/ucfirst.html
/trim.html
/tools.html
/testingheader.html
/templates.html
/tcpdf_config.html
/substr_replace.html
/strspn.html
/strrev.html
/stristr.html
/strcspn.html
/strcasecmp.html
/str_split.html
/str_ireplace.html
/status.php3
/sql.php3
/shipping.html
/sessionWrite.html
/sessionRead.html
/select.html
/sef.html
/sections.html
/resources.html
/reset.html
/remember.html
/register_result.html
/register_orig.html
/register8.html
/register7.html
/register6.html
/register5.html
/register4.html
/register3.html
/register2.html
/register1.html
/readmore.html
/rate.html
/radio.html
/query.html
/print.html
/popup_image.html
/phpmailer.html
/php_text_cache.html
/php_http_proxy.html
/path.html
/patTemplate.html
/patErrorManager.html
/patError.html
/pagenavigation.html
/openid.html
/offline.html
/non_competitors.html
/model.html
/mod_wrapper.html
/mod_whosonline.html
/mod_syndicate.html
/mod_sections.html
/mod_search.html
/mod_random_image.html
/mod_poll.html
/mod_newsflash.html
/mod_mostread.html
/mod_mainmenu.html
/mod_latestnews.html
/mod_breadcrumbs.html
/mod_banners.html
/mod_archive.html
/mime.html
/methods.html
/method.upgrade.html
/method.install.html
/menuleftbackup.html
/mentors.html
/mainfile.html
/loadmodule.html
/load.html
/lib.html
/leaflet.html
/launch.html
/judging.html
/invitation.html
/indexbackup.html
/images2.html
/images1.html
/html4strict.html
/hidden.html
/header.inc.html
/groups.html
/group.html
/gmail.html
/gacl_api.html
/gacl.html
/fsbb.html
/freesansi.html
/freesansbi.html
/freesansb.html
/freesans.html
/feedcreator.html
/emailcloak.html
/eligible.html
/editsummary.html
/diff.html
/details.html
/deprecated.html
/deletefilebp.html
/deletefile.html
/delete.html
/default_folder.html
/debug.html
/date.html
/cyec_2002.html
/css.html
/cp_functions.html
/counter.html
/consumer.html
/constants.html
/committee.html
/button.html
/blogger.html
/beginedit8.html
/beginedit7.html
/beginedit6.html
/beginedit5.html
/beginedit4.html
/beginedit3.html
/beginedit2.html
/beginedit.html
/beginbusupload.html
/backlink.html
/april4videos.html
/announcement1.html
/album.html
/action.default.html
/SafeObject.html
/Lang.html
/HTMLDefinition.html
/Gzip.html
/Function.html
/Font.html
/Filter.html
/Composite.html
/Color.html
/CSSDefinition.html
/Border.html
/April04_schedule.html
/xoopsformloader.html
/validation.html
/validate.html
/users.class.html
/usergroup.html
/tohtml.inc.html
/timezones.html
/thankform.html
/tell_a_friend.html
/taxonomy.html
/tags.html
/streams.html
/spanish.html
/show_intro.html
/show_courses.html
/rvscronjobctrl.html
/rvform.html
/pt_BR.html
/proj_details.html
/proj_cord.html
/profiles.html
/products_new.html
/privmsg.html
/privacy.html
/phocagallery.html
/permissions.html
/pclzip.lib.html
/paypal.html
/parameters.html
/page_info.html
/options.html
/new.html
/mainframe.html
/mailform.html
/logger.html
/localization.html
/locale.html
/links.html
/k2.html
/itransact.html
/index.php.1317078588
/iconlookup.html
/http.html
/functions.inc.html
/french.html
/format.html
/footer.inc.html
/filelist.html
/eng.html
/editorFrame.html
/delete_record.html
/default_image.html
/default_ftp.html
/db.html
/database.inc.html
/crypt.inc.html
/create_account.html
/course_structure.html
/config_site.html
/column_left.html
/classes.html
/browser.html
/bookmark.html
/attachments.html
/attachment.html
/adodb.inc.html
/account.html
/Yadis.html
/XRIRes.html
/XRI.html
/XRDS.html
/XML.html
/Transform.html
/Table.html
/Required.html
/Renderer.html
/RenameFolder.html
/RenameFile.html
/Reader.html
/Proprietary.html
/PlainHTTPFetcher.html
/ParseHTML.html
/Object.html
/NetPBM.html
/Misc.html
/Memory.html
/Manager.html
/ImageManager.html
/ImageEditor.html
/Image.html
/IM.html
/HTTPFetcher.html
/GetFolders.html
/GD.html
/FileUpload.html
/Extension.html
/Exception.html
/Empty.html
/Email.html
/DeleteFolder.html
/DeleteFile.html
/DB.html
/CreateFolder.html
/ConfigSchema.html
/Background.html
/a.html
/b.html
/c.html
/d.html
/e.html
/f.html
/g.html
/h.html
/i.html
/j.html
/k.html
/l.html
/m.html
/n.html
/o.html
/p.html
/q.html
/r.html
/s.html
/t.html
/u.html
/v.html
/w.html
/x.html
/y.html
/z.html
/A.html
/B.html
/C.html
/D.html
/E.html
/F.html
/G.html
/H.html
/I.html
/J.html
/K.html
/L.html
/M.html
/N.html
/O.html
/P.html
/Q.html
/R.html
/S.html
/T.html
/U.html
/V.html
/W.html
/X.html
/Y.html
/Z.html
