/404.aspx
/a.aspx
/A.aspx
/about1.aspx
/about.aspx
/account/
/account.aspx
/action.default.aspx
/adm/admloginuser.aspx
/adm.aspx
/adm_auth.aspx
/admin2.aspx
/admin2/index.aspx
/admin2/login.aspx
/admin_area/admin.aspx
/adminarea/admin.aspx
/admin_area/index.aspx
/adminarea/index.aspx
/admin_area/login.aspx
/adminarea/login.aspx
/admin.aspx
/admin.class.aspx
/admincontrol.aspx
/admincontrol/login.aspx
/admincp/index.aspx
/admincp/login.aspx
/adm/index.aspx
/admin_header.aspx
/administr8.aspx
/administracao.aspx
/administracion.aspx
/administrator/account.aspx
/administrator.aspx
/administrator/index.aspx
/administrator/login.aspx
/administratorlogin.aspx
/admin_login.aspx
/admin-login.aspx
/adminLogin.aspx
/AdminLogin.aspx
/_admin/operations.aspx
/adminpanel.aspx
/admins.aspx
/admloginuser.aspx
/adodb.inc.aspx
/album.aspx
/announcement1.aspx
/apc.aspx
/application.aspx
/April04_schedule.aspx
/april4videos.aspx
/archive.aspx
/article.aspx
/articleweb.aspx
/atom.aspx
/attachment.aspx
/attachments.aspx
/auth.aspx
/author.aspx
/awards.aspx
/backend.aspx
/Background.aspx
/backlink.aspx
/Backstage/Components/FreeTextBox/ftb.imagegallery.aspx
/backup.aspx
/banner.aspx
/bannerclient.aspx
/banner_manager.aspx
/banners.aspx
/basexml.aspx
/b.aspx
/B.aspx
/bb-admin/admin.aspx
/bb-admin/index.aspx
/bb-admin/login.aspx
/beginbusupload.aspx
/beginedit2.aspx
/beginedit3.aspx
/beginedit4.aspx
/beginedit5.aspx
/beginedit6.aspx
/beginedit7.aspx
/beginedit8.aspx
/beginedit.aspx
/behavior.aspx
/block.aspx
/blockStyle.aspx
/block.textformat.aspx
/blog.aspx
/blogger.aspx
/blog_item.aspx
/blog_links.aspx
/bookmark.aspx
/Border.aspx
/browser.aspx
/button.aspx
/cache.aspx
/calendar.aspx
/captcha.aspx
/case.aspx
/c.aspx
/C.aspx
/categories/allcategories.aspx
/categories.aspx
/categories/SOMEOTHERDIR/allcategories.aspx
/categories/viewcategory.aspx
/category.aspx
/CHANGELOG.aspx
 Citrix
/Citrix/MetaFrame/auth/login.aspx
/classes.aspx
/class.phpmailer.aspx
/class.smtp.aspx
/client.aspx
/cms.aspx
/collections.aspx
/Color.aspx
/colorConfig.ini.aspx
/column_left.aspx
/commands.aspx
/comment.aspx
/comment_delete.aspx
/comment_edit.aspx
/comment_new.aspx
/comment_post.aspx
/comment_reply.aspx
/comments.aspx
/committee.aspx
/common.aspx
/Common.aspx
/compat.aspx
/compiler.assign.aspx
/complete.aspx
/component.aspx
/Composite.aspx
/config.aspx
/config.inc.aspx
/ConfigSchema.aspx
/config_site.aspx
/configuration.aspx
/confirm.aspx
/connector.aspx
/constants.aspx
/consumer.aspx
/contact.aspx
/contacts.aspx
/content.aspx
/controller.aspx
/controlpanel.aspx
/copy.aspx
/COPYRIGHT.aspx
/core.aspx
/core.is_secure.aspx
/core.is_trusted.aspx
/core.rm_auto.aspx
/core.rmdir.aspx
/core.write_file.aspx
/counter.aspx
/countries.aspx
/course_structure.aspx
/cpanel.aspx
/cp.aspx
/cp_functions.aspx
/create_account.aspx
/CreateFolder.aspx
/CREDITS.aspx
/cron.aspx
/crypt.inc.aspx
/cs_CZ.aspx
/css.aspx
/CSSDefinition.aspx
/csshelpers.aspx
/currencies.aspx
/customers.aspx
 Cute Editor ASP.NET Remote File Disclosure ( CVE 2009-4665 )
/CuteSoft_Client/CuteEditor/Load.ashx?type=image&file=../../../web.config
/cyec_2002.aspx
/da_DK.aspx
/d.aspx
/D.aspx
/database.aspx
/database_changes.aspx
/database.inc.aspx
/database.mysqli.aspx
/date.aspx
/db.aspx
/DB.aspx
/debug.aspx
/de_DE.aspx
/default_address.aspx
/default.aspx
/Default.aspx
/default_error.aspx
/default_folder.aspx
/default_form.aspx
/default_ftp.aspx
/default_graph.aspx
/default_image.aspx
/default_item.aspx
/default_items.aspx
/default_links.aspx
/default_login.aspx
/default_logout.aspx
/default_message.aspx
/default_raw.aspx
/default_results.aspx
/define_language.aspx
/defines.aspx
/delete.aspx
/deletefile.aspx
/DeleteFile.aspx
/deletefilebp.aspx
/DeleteFolder.aspx
/delete_record.aspx
/deprecated.aspx
/details.aspx
/diff.aspx
/dig_exhib.aspx
 DotNetNuke / File Upload
/download.aspx
/downloads.aspx
/eaccelerator.aspx
/e.aspx
/E.aspx
/edit.aspx
/editdocs.aspx
/editor.aspx
/editorFrame.aspx
/editor_registry.aspx
/editsummary.aspx
/edituser.aspx
/element.aspx
/eligible.aspx
/email.aspx
/Email.aspx
/emailcloak.aspx
/Empty.aspx
/en.aspx
/eng.aspx
/english.aspx
/en_US.aspx
/error.aspx
/es_ES.aspx
/et_EE.aspx
/event.aspx
/events.aspx
/events_photo.aspx
/example.aspx
/Exception.aspx
/exhibitdetails.aspx
/exhibitions.aspx
/exhibits.aspx
/export.aspx
/Extension.aspx
/factory.aspx
/fantversion.aspx
/faq.aspx
/f.aspx
/F.aspx
/fastsearch.aspx
/fastsearch.php.save
/fckeditor.aspx
/fckeditor_php4.aspx
/fckeditor_php5.aspx
/feed.aspx
/feedcreator.aspx
/fi_FI.aspx
/file.aspx
/File.aspx
/filelist.aspx
/file_manager.aspx
/Files.aspx
/FileUpload.aspx
/Filter.aspx
/folder.aspx
/Font.aspx
/footer.aspx
/footer.inc.aspx
/form.aspx
/format.aspx
/forms/allitems.aspx
/forms/mod-view.aspx
/forms/my-sub.aspx
/forms/webfldr.aspx
/forums.aspx
/framework.aspx
/freesans.aspx
/freesansb.aspx
/freesansbi.aspx
/freesansi.aspx
/french.aspx
/fr_FR.aspx
/frontend.aspx
/frontpage.aspx
/fsbb.aspx
/ftp.aspx
/Function.aspx
/function.counter.aspx
/function.cycle.aspx
/function.debug.aspx
/function.eval.aspx
/function.fetch.aspx
/function.mailto.aspx
/function.math.aspx
/function.popup.aspx
/functions.aspx
/functions.inc.aspx
/gacl_api.aspx
/gacl_api.class.aspx
/gacl.aspx
/gacl.class.aspx
/gallery.aspx
/g.aspx
/G.aspx
/GD.aspx
/general.aspx
/geo_zones.aspx
/german.aspx
/geshi.aspx
/GetFolders.aspx
/getimage.aspx
/global.aspx
/gmail.aspx
/group.aspx
/groupcp.aspx
/groups.aspx
/guestbook.aspx
/Gzip.aspx
/h.aspx
/H.aspx
/head.aspx
/header.aspx
/header.inc.aspx
/help.aspx
/helper.aspx
/hidden.aspx
/history.aspx
/home.aspx
/horiz.aspx
/html4strict.aspx
/html.aspx
/HTMLDefinition.aspx
/HTML_toolbar.aspx
/http.aspx
/HTTPFetcher.aspx
/hu_HU.aspx
/i.aspx
/I.aspx
/iconlookup.aspx
/image.aspx
/Image.aspx
/ImageEditor.aspx
/ImageManager.aspx
/images1.aspx
/images2.aspx
/images.aspx
/IM.aspx
/Img.aspx
/import.aspx
/includes/FCKeditor/editor/filemanager/browser/default/connectors/aspx/connector.aspx
/index2.aspx
/index3.aspx
/index.aspx
/indexbackup.aspx
/index.class.aspx
/index_def.aspx
/index.php.1317078588
/index.php.bak
/index.php.initial
/info.aspx
/information.aspx
/ini.aspx
/inputfilter.aspx
/install.aspx
/INSTALL.aspx
/installer.aspx
/invitation.aspx
/invoice.aspx
/io.aspx
/_item.aspx
/item.aspx
/it_IT.aspx
/itransact.aspx
/ja_JP.aspx
/j.aspx
/J.aspx
/javascript.aspx
/joomla.aspx
/JSON.aspx
/judging.aspx
/k2.aspx
/k.aspx
/K.aspx
/Lang.aspx
/language.aspx
/languages.aspx
/l.aspx
/L.aspx
/launch.aspx
/_layouts/download.aspx
/_layouts/help.aspx
/_layouts/userdisp.aspx
/_layouts/viewlsts.aspx
/ldap.aspx
/leaflet.aspx
/legacy.aspx
/Length.aspx
/lib.aspx
/LICENSE.aspx
/LICENSES.aspx
/link.aspx
/links.aspx
/list.aspx
/lists/allcomments.aspx
/lists/allitems.aspx
/lists/allposts.aspx
/lists/archive.aspx
/lists/byauthor.aspx
/lists/calendar.aspx
/lists/default.aspx
/lists/mod-view.aspx
/lists/mycomments.aspx
/lists/myposts.aspx
/lists/my-sub.aspx
/load.aspx
/loader.aspx
/loadmodule.aspx
/locale.aspx
/localization.aspx
/log.aspx
/logger.aspx
/login.aspx
/logoff.aspx
/logout.aspx
 Logs
/logs.aspx
/loop.aspx
/lt_LT.aspx
 Luftguitar CMS/File upload
/mail.aspx
/mailform.aspx
/mailmanweb.aspx
/mailto.aspx
/main.aspx
/mainfile.aspx
/mainframe.aspx
/mambo.aspx
/mamboxml.aspx
/manager.aspx
/Manager.aspx
/manufacturers.aspx
/m.aspx
/M.aspx
/media.aspx
/memberadmin.aspx
/memberlist.aspx
/memcache.aspx
/Memory.aspx
/mentors.aspx
/menu.aspx
/menuleft.aspx
/menuleftbackup.aspx
/message.aspx
/messages.aspx
/method.install.aspx
/methods.aspx
/method.upgrade.aspx
/mime.aspx
/misc.aspx
/Misc.aspx
/mod_archive.aspx
/mod_banners.aspx
/mod_breadcrumbs.aspx
/modcp.aspx
/model.aspx
/modelsearch/admin.aspx
/modelsearch/index.aspx
/modelsearch/login.aspx
/moderator/admin.aspx
/moderator.aspx
/moderator/login.aspx
/mod_feed.aspx
/mod_footer.aspx
/modifier.cat.aspx
/modifier.default.aspx
/modifier.escape.aspx
/modifier.indent.aspx
/modifier.lower.aspx
/modifier.nl2br.aspx
/modifier.replace.aspx
/modifier.spacify.aspx
/modifier.strip.aspx
/modifier.upper.aspx
/modinfo.aspx
/mod_latestnews.aspx
/mod_login.aspx
/mod_mainmenu.aspx
/mod_mostread.aspx
/mod_newsflash.aspx
/mod_poll.aspx
/mod_random_image.aspx
/mod_search.aspx
/mod_sections.aspx
/mod_stats.aspx
/mod_syndicate.aspx
/module.aspx
/modules.aspx
/mod_whosonline.aspx
/mod_wrapper.aspx
/mono/1.1/index.aspx
/move.aspx
 MS Sharepoint
/museum.aspx
/mycategories.aspx
/mysql.aspx
/mysqli.aspx
/Name.aspx
/n.aspx
/N.aspx
/navigation.aspx
/nb_NO.aspx
/NetPBM.aspx
/new.aspx
/news.aspx
/newsfeed.aspx
/newsfeeds.aspx
/newsletter.aspx
/newsletters.aspx
/nl_NL.aspx
/non_competitors.aspx
/none.aspx
/notification.aspx
/o.aspx
/O.aspx
/object.aspx
/Object.aspx
/offline.aspx
/openid.aspx
/options.aspx
/order.aspx
/orders.aspx
/orders_status.aspx
/packingslip.aspx
/page.aspx
/pagebreak.aspx
/page_info.aspx
/pageNavigation.aspx
/pagenavigation.aspx
/pages/admin/admin-login.aspx
/pages/categoryresults.aspx
/Pages/Default.aspx
/pagination.aspx
/panel-administracion/admin.aspx
/panel-administracion/index.aspx
/panel-administracion/login.aspx
/panorama.aspx
/parameters.aspx
/ParseHTML.aspx
/p.aspx
/P.aspx
/password.aspx
/patError.aspx
/patErrorManager.aspx
/path.aspx
/pathway.aspx
/patTemplate.aspx
/paypal.aspx
/pclzip.lib.aspx
/pdf.aspx
/PEAR5.aspx
/PEAR.aspx
/permissions.aspx
/phocagallery.aspx
/php.aspx
/phpcompat.aspx
/php_http_proxy.aspx
/phpinfo.aspx
/phpmailer.aspx
 PHPnuke/Remote File Download
/php_text_cache.aspx
/PlainHTTPFetcher.aspx
/pl_PL.aspx
/plugin.aspx
/plugins.aspx
/poll.aspx
/popup.aspx
/popup_image.aspx
/post.aspx
/posting.aspx
 Potentially interesting folder
/pressrelease.aspx
/print.aspx
/privacy.aspx
/privmsg.aspx
/products_new.aspx
/profile.aspx
/profiler.aspx
/profiles.aspx
/proj_cord.aspx
/proj_details.aspx
/Proprietary.aspx
/Providers/HtmlEditorProviders/Fck/fcklinkgallery.aspx
/pt_BR.aspx
/publisher.aspx
/q.aspx
/Q.aspx
/query.aspx
/radio.aspx
/random.aspx
/r.aspx
/R.aspx
/rate.aspx
/Reader.aspx
/readmore.aspx
/register1.aspx
/register2.aspx
/register3.aspx
/register4.aspx
/register5.aspx
/register6.aspx
/register7.aspx
/register8.aspx
/register.aspx
/register_orig.aspx
/register_result.aspx
/remember.aspx
/RenameFile.aspx
/RenameFolder.aspx
/Renderer.aspx
/Required.aspx
/reset.aspx
/resources.aspx
/reviews.aspx
/route.aspx
/router.aspx
/rss.aspx
 RSS or Atom feed
/ru_RU.aspx
/rvform.aspx
/rvscronjobctrl.aspx
/SafeObject.aspx
/sample01.aspx
/sample02.aspx
/sample03.aspx
/sample04.aspx
/sampleposteddata.aspx
 Sample scripts
/s.aspx
/S.aspx
/schinese.aspx
/schinese_utf8.aspx
/search.aspx
/searchform.aspx
/search.inc.aspx
/section.aspx
/sections.aspx
/sef.aspx
/select.aspx
/sendmail.aspx
/server.aspx
/Server.aspx
/server_info.aspx
/session.aspx
/sessionRead.aspx
/sessions.aspx
/sessionWrite.aspx
/setting.ini.aspx
/settings.aspx
/setup.aspx
/shipping.aspx
/shopping_cart.aspx
/show_courses.aspx
/show_intro.aspx
/sidebar.aspx
/simplepie.aspx
/single.aspx
/siteadmin/index.aspx
/siteadmin/login.aspx
|_  /sitecore%20modules/staging/service/api.asmx
/sitecore/admin/ShowConfig.aspx
/sitecore/admin/stats.aspx
/sitecore/admin/unlock_admin.aspx
/sitecore/login/default.aspx
 Sitecore.NET (CMS)
 Sitecore.NET login page
/sitemap.aspx
/Smarty.class.aspx
/smtp.aspx
/spanish.aspx
/specials.aspx
/spellchecker.aspx
/sponsors.aspx
/sql.aspx
/sql.php3
/stats_customers.aspx
/status.php3
/storage.aspx
/strcasecmp.aspx
/strcspn.aspx
/streams.aspx
/string.aspx
/str_ireplace.aspx
/stristr.aspx
/strlen.aspx
/strrev.aspx
/str_split.aspx
/strspn.aspx
/style.aspx
/submit.aspx
/substr_replace.aspx
/sv_SE.aspx
/sw/auth/login.aspx
/table.aspx
/Table.aspx
/tag.aspx
/tags.aspx
/Tar.aspx
/t.aspx
/T.aspx
/tax_classes.aspx
/taxonomy.aspx
/tax_rates.aspx
/tcpdf.aspx
/tcpdf_config.aspx
/tell_a_friend.aspx
/temp.aspx
/template.aspx
/templates.aspx
/test.aspx
/testForms.aspx
/testingheader.aspx
/testTypo.aspx
/textarea.aspx
/text.aspx
/Text.aspx
/thankform.aspx
/theme.aspx
/themes.aspx
/Thumbnail.aspx
/thumbs.aspx
/Tidy.aspx
/timer.aspx
/timetable.aspx
/timezones.aspx
/tinymce.aspx
/tohtml.inc.aspx
/toolbar.aspx
/tools.aspx
/Transform.aspx
/Translate.aspx
/tree.aspx
/trim.aspx
/u.aspx
/U.aspx
/uninstall.aspx
/update.aspx
/upgrade.aspx
/upgrade_config.aspx
/upload.aspx
/uploadbplan.aspx
/uploadbusplan.aspx
/uploaddogs.aspx
/uploader.aspx
/uploadfile.aspx
/URI.aspx
/user.aspx
/usergroup.aspx
/users.aspx
/users.class.aspx
/utf8.aspx
/util.aspx
/validate.aspx
/validation.aspx
/vars.aspx
/v.aspx
/V.aspx
/vcard.aspx
/vcard.class.aspx
/version.aspx
/vert.aspx
/view.aspx
/view.feed.aspx
/viewforum.aspx
/view.html.aspx
/viewonline.aspx
/view.raw.aspx
/viewtopic.aspx
/vote.aspx
/vrtour.aspx
/w.aspx
/W.aspx
/webadmin/admin.aspx
/webadmin.aspx
/webadmin/index.aspx
/webadmin/login.aspx
/weblink.aspx
/weblinks.aspx
/whos_online.aspx
/wia.aspx
/wic.aspx
/widgets.aspx
/winners1.aspx
/winners2.aspx
/winners3.aspx
/winners.aspx
/workflowtasks/allitems.aspx
/workshop1.aspx
/workshop1.php.orig
/workshop.aspx
/wrapper.aspx
/x.aspx
/X.aspx
/xcache.aspx
/xml.aspx
/XML.aspx
/xml_domit_cache.aspx
/xml_domit_doctor.aspx
/xml_domit_parser.aspx
/xml_domit_rss.aspx
/xml_domit_shared.aspx
/xml_domit_xpath.aspx
/xmlrpc.aspx
/xmlrpcs.aspx
/xmlrpc_wrappers.aspx
/xml_saxy_parser.aspx
/xml_saxy_shared.aspx
/xoopsformloader.aspx
/xoops_version.aspx
/XRDS.aspx
/XRI.aspx
/XRIRes.aspx
/xstandard.aspx
/Yadis.aspx
/y.aspx
/Y.aspx
/z.aspx
/Z.aspx
/zip.aspx
/zip.lib.aspx
/zones.aspx
