/0
/00
/0,,,00
/0006
/0007
/0009
/000a
/000b
/0,,,00.html
/0010
/0011
/0012
/0013
/0014
/0019
/001d
/001e
/01
/011
/02
/03
/04
/0404
/040c
/0416
/05
/06
/07
/08
/0804
/0816
/09
/1
/10
/1,,,00
/1000
/1,,,00.html
/1033
/11
/12
/1.2
/13
/1.3
/14
/1.4
/15
/16
/17
/18
/19
/1984
/1995
/1996
/1997
/1998
/1999
/2
/20
/2001
/2002
/2003
/2004
/2005
/2006
/2007
/2008
/2009
/2009_Q1
/2009_Q2
/2009_Q3
/2009_Q4
/2010
/2011
/21
/22
/2.2
/23
/24
/25
/26
/27
/28
/29
/3
/30
/31
/32
/33
/35
/36
/37
/38
/39
/3d_exhibits1.php
/3d_exhibits.php
/3D_preview.php
/4
/40
/404
/404.php
/404.shtml
/41
/42
/43
/45
/46
/47
/48
/49
/5
/50
/500.shtml
/51
/52
/53
/54
/55
/56
/57
/58
/59
/6
/60
/61
/62
/63
/64
/65
/66
/67
/68
/69
/7
/70
/71
/72
/8
/80
/8.1
/8.2
/9
/9x
/a
/A
/a1
/a2
/a3
/a4
/a5
/a6
/a7
/a8
/a9
/aa
/aardvark
/ab
/abbr.js
/abc
/about
/about1.php
/about.js
/about.php
/ac
/access
/access_log
/access.log
/access.txt
/account
/account.html
/accounting
/account.nsf
/account.php
/accounts.nsf
/acrobat
/acronym.js
/Action
/action.default.php
/actions
/active.log
/activity.nsf
/ad
/Adapter
/adapters
/adara
/add_coupon.tpl
/addons
/address_fields.tpl
/ADD_SALE
/adm
/adm/
/adm/admloginuser.php
/adm_auth.php/.htaccess
/adm-bin/acls.exe
/adm-bin/alerts.exe
/adm-bin/console.exe
/adm-bin/listdb.exe
/adm-bin/webstats.exe
/admcgi
/admentor
/adm.html
/admin
/admin/
/Admin
/admin2/index.php
/admin2/login.php
/admin2.php
/admin4.nsf
/admin5.nsf
/admin/account.html
/admin/account.php
/adminadm0disk.nsf
/adminadm0plog.nsf
/admin/admin.html
/admin/admin_login.html
/admin/admin-login.html
/admin/adminLogin.html
/admin/admin_login.php
/admin/admin-login.php
/admin/adminLogin.php
/admin/admin.php
/admin_area/
/adminarea/
/admin_area/admin.html
/adminarea/admin.html
/admin_area/admin.php
/adminarea/admin.php
/admin_area/index.html
/adminarea/index.html
/admin_area/index.php
/adminarea/index.php
/admin_area/login.html
/adminarea/login.html
/admin_area/login.php
/adminarea/login.php
/admin.class.php
/admincontrol.html
/admincontrol/login.html
/admincontrol/login.php
/admin/controlpanel.html
/admin/controlpanel.php
/admincontrol.php
/admin/cp.html
/admincp/index.asp
/admincp/index.html
/admincp/login.asp
/admin/cp.php
/adm/index.html
/adm/index.php
/adminfiles
/admin_header.php
/admin/home.html
/admin/home.php
/admin.html
/admin/index.html
/admin/index.php
/administracion
/administration
/administrator
/administrator/
/Administrator
/administrator/account.html
/administrator/account.php
/administrator.html
/administrator/index.html
/administrator/index.php
/administratorlogin/
/administrator/login.html
/administrator/login.php
/administrator.php
/adminLogin/
/admin_login.html
/admin-login.html
/admin/login.html
/adminLogin.html
/admin_login.php
/admin-login.php
/admin/login.php
/adminLogin.php
/admin.nsf
/adminpanel.html
/adminpanel.php
/admin.php
/admin.tpl
/adminuser
/adminweb
/admisapi
/admloginuser.php
/adm.php
/adobeair
/adodb
/adodb.inc.php
/a_domlog.nsf
/adpassword.txt
/ads
/adsamples
/ads_data
/advanced
/advhr
/advimage
/advlink
/advlink.js
/ae
/af
/affiliate.php
/afp
/agentes
/agentrunner.nsf
/AgentRunner.nsf
/agreement.tpl
/aiken
/ajax
/ajax.rating.tpl
/album.dat
/album.php
/albums
/album.tpl
/alex
/algor
/All
/ALL
/alley
/allvars
/alog4.nsf
/alog.nsf
/alpha
/alt
/altskin.ini
/am
/amadeus
/amd64
/AMD64bit
/amiga
/ams
/analog
/anchor.js
/announcement1.php
/ans
/AOL
/apache
/apache/logs/access_log
/apache/logs/access.log 
/apache/logs/error_log
/apache/logs/error.log 
/apc.php
/a.php
/A.php
/apl
/app
/App
/apple
/applets
/application
/application.php
/applications
/apps
/April04_schedule.doc
/April04_schedule.php
/april4videos.php
/apt
/aqua
/ar
/arc
/archive
/Archive
/archive/a_domlog.nsf
/archive/l_domlog.nsf
/archive.php
/archives
/archive_tar
/ar_dlg.js
/ar.js
/arm
/art
/article
/article.php
/articles
/articleweb
/articleweb.php
/asd
/ask_question.tpl
/asms
/asp
/aspstatus
/aspx
/assets
/ast
/async
/at
/atari
/atc
/attachment.php
/attachments
/attachments.php
/attributes.js
/audio
/audubon
/auth
/auth/
/Auth
/authadmin
/authbox.tpl
/authentication
/auth_forum_body.tpl
/author.php
/AUTHORS
/auth.php
/auth_select_body.tpl
/auth_ug_body.tpl
/authweb
/autogrow
/autosave
/avatar
/avatars
/aw
/awards.php
/awstats
/b
/B
/b0
/b1
/b2
/b3
/b4
/b5
/b6
/b7
/b8
/b9
/ba
/back
/backdoor
/backend
/backend.html
/backend.php
/background
/Background.php
/backgrounds
/backlink.php
/backup
/backupdata
/backup.php
/backups
/bank
/banner
/bannerclient.php
/banner_manager.php
/banner.php
/banners
/banners.php
/bar
/bard
/base
/basexml.php
/batcomputer
/bb
/bb-admin/
/bb-admin/admin.html
/bb-admin/admin.php
/bb-admin/index.html
/bb-admin/index.php
/bb-admin/login.html
/bb-admin/login.php
/bbcode
/bbcode.tpl
/bbs
/bc
/bckgnd
/bd
/be
/beez
/beginbusupload.php
/beginedit2.php
/beginedit3.php
/beginedit4.php
/beginedit5.php
/beginedit6.php
/beginedit7.php
/beginedit8.php
/beginedit.php
/behavior.php
/behaviors
/ben
/beta
/bf
/bg
/bg_BG
/bg.js
/big
/billing
/billing.nsf
/bin
/~bin
/bio
/bitfolge
/black
/blazeds/messagebroker/http
/blazeds/messagebroker/httpsecure
/block
/Block
/block.php
/blocks
/blocks.inc
/blockStyle.php
/block.textformat.php
/blog
/blogger.php
/blog_item.php
/blog_links.php
/blog.php
/blogweb
/bloomcounty
/blue
/bluewhite
/bn
/bn.js
/BNR
/boeing
/bookmark.nsf
/bookmark.php
/bookmarks.nsf
/books
/Books
/books.nsf
/boot
/Border.php
/bottom_menu.tpl
/bottom.tpl
/boxes
/b.php
/B.php
/br
/branches
/brand
/bread_crumbs.tpl
/brick
/bridge
/brown
/browser
/browser.php
/bs
/bsd
/bs.js
/bug
/bug_report
/bugs
/bugsbunny
/build
/Builder
/builder.js
/bulkquery
/bullets
/busytime.nsf
/button
/button.php
/buttons
/button.tpl
/buy_now.tpl
/c
/C
/c0
/c1
/c2
/c3
/c4
/c5
/c6
/c7
/c8
/c9
/ca
/cache
/Cache
/cache.php
/ca_ES
/caip
/ca.js
/calendar
/Calendar
/calendar.js
/calendar.nsf
/calendar.php
/caliban
/Callbacks.inc
/CantActivate.inc
/CantActivate.tpl
/captcha
/Captcha
/CAPTCHA
/captcha.php
/caption.js
/cart
/cart_subtotal.tpl
/cart.tpl
/case.php
/caspsamp
/cat
/catalog
/catalog.nsf
/catalog_type.asp
/categories
/categories.php
/categories.tpl
/category
/categoryblog
/category.php
/cats
/cb
/cc
/ccbill
/cck
/cd
/cda
/CDA
/cdrom
/cds
/CDS
/ce
/cell.js
/centosplus
/cersvr.nsf
/cert
/certa.nsf
/certlog.nsf
/certsrv.nsf
/cf
/cfappman/index.cfm
/cfapps
/cfdocs
/cfdocs/cfmlsyntaxcheck.cfm
/cfdocs/exampleapp/docs/sourcewindow.cfm
/cfdocs/exampleapp/email/application.cfm
/cfdocs/exampleapp/email/getfile.cfm?filename=c:\boot.ini
/cfdocs/exampleapp/publish/admin/addcontent.cfm
/cfdocs/exampleapp/publish/admin/application.cfm
/cfdocs/examples/cvbeans/beaninfo.cfm
/cfdocs/examples/parks/detail.cfm
/cfdocs/expeval/displayopenedfile.cfm
/cfdocs/expeval/eval.cfm
/cfdocs/expeval/exprcalc.cfm
/cfdocs/expeval/openfile.cfm
/cfdocs/expeval/sendmail.cfm
/cfdocs/expressions.cfm
/cfdocs/MOLE.CFM
/cfdocs/root.cfm
/cfdocs/snippets/evaluate.cfm
/cfdocs/snippets/fileexists.cfm
/cfdocs/snippets/gettempdirectory.cfm
/cfdocs/snippets/viewexample.cfm
/cfdocs/TOXIC.CFM
/cfdocs/zero.cfm
/cfide
/CFIDE/adminapi/
/CFIDE/adminapi/administrator.cfc
/CFIDE/adminapi/Application.cfm
/CFIDE/adminapi/base.cfc
/CFIDE/adminapi/customtags/
/CFIDE/adminapi/customtags/l10n.cfm
/CFIDE/adminapi/customtags/resources
/CFIDE/adminapi/customtags/resources/
/CFIDE/adminapi/_datasource/
/CFIDE/adminapi/datasource.cfc
/CFIDE/adminapi/_datasource/formatjdbcurl.cfm
/CFIDE/adminapi/_datasource/getaccessdefaultsfromregistry.cfm
/CFIDE/adminapi/_datasource/geturldefaults.cfm
/CFIDE/adminapi/_datasource/setdsn.cfm
/CFIDE/adminapi/_datasource/setmsaccessregistry.cfm
/CFIDE/adminapi/_datasource/setsldatasource.cfm
/CFIDE/adminapi/debugging.cfc
/CFIDE/adminapi/eventgateway.cfc
/CFIDE/adminapi/extensions.cfc
/CFIDE/adminapi/mail.cfc
/CFIDE/adminapi/runtime.cfc
/CFIDE/adminapi/security.cfc
/CFIDE/Administrator/
/CFIDE/administrator/aboutcf.cfm
/CFIDE/Administrator/Application.cfm
/CFIDE/Administrator/checkfile.cfm
/CFIDE/Administrator/enter.cfm
/CFIDE/Administrator/header.cfm
/CFIDE/Administrator/homefile.cfm
/CFIDE/Administrator/homepage.cfm
/CFIDE/Administrator/index.cfm
/CFIDE/Administrator/login.cfm
/CFIDE/Administrator/logout.cfm
/CFIDE/Administrator/navserver.cfm
/CFIDE/Administrator/right.cfm
/CFIDE/Administrator/tabs.cfm
/CFIDE/Administrator/welcome.cfm
/CFIDE/Administrator/welcomedoc.cfm
/CFIDE/Administrator/welcomeexapps.cfm
/CFIDE/Administrator/welcomefooter.cfm
/CFIDE/Administrator/welcomegetstart.cfm
/CFIDE/Application.cfm
/CFIDE/classes/
/CFIDE/classes/cfapplets.jar
/CFIDE/classes/cf-j2re-win.cab
/CFIDE/classes/images
/CFIDE/componentutils/
/CFIDE/componentutils/Application.cfm
/CFIDE/componentutils/cfcexplorer.cfc
/CFIDE/componentutils/cfcexplorer_utils.cfm
/CFIDE/componentutils/_component_cfcToHTML.cfm
/CFIDE/componentutils/_component_cfcToMCDL.cfm?
/CFIDE/componentutils/componentdetail.cfm
/CFIDE/componentutils/componentdoc.cfm
/CFIDE/componentutils/componentlist.cfm
/CFIDE/componentutils/_component_style.cfm
/CFIDE/componentutils/_component_utils.cfm
/CFIDE/componentutils/gatewaymenu
/CFIDE/componentutils/gatewaymenu/
/CFIDE/componentutils/gatewaymenu/menu.cfc
/CFIDE/componentutils/gatewaymenu/menunode.cfc
/CFIDE/componentutils/login.cfm
/CFIDE/componentutils/packagelist.cfm
/CFIDE/componentutils/utils.cfc
/CFIDE/debug/
/CFIDE/debug/images/
/CFIDE/debug/includes/
/CFIDE/images/
/CFIDE/images/skins/
/CFIDE/install.cfm
/CFIDE/installers/
/CFIDE/installers/CFMX7DreamWeaverExtensions.mxp
/CFIDE/installers/CFReportBuilderInstaller.exe
/CFIDE/probe.cfm
/CFIDE/scripts/
/CFIDE/scripts/css/
/CFIDE/scripts/xsl/
/CFIDE/wizards/
/CFIDE/wizards/common/
/CFIDE/wizards/common/utils.cfc
/cfm
/cfusion
/cfusion/cfapps/forums/data/forums.mdb
/cfusion/cfapps/forums/forums_.mdb
/cfusion/cfapps/security/data/realm.mdb
/cfusion/cfapps/security/realm_.mdb
/cfusion/database/cfexamples.mdb
/cfusion/database/cfsnippets.mdb
/cfusion/database/cypress.mdb
/cfusion/database/smpolicy.mdb
/cgi
/cgibin
/cgi_bin
/cgi-bin
/cgilib
/cgi_local
/cgi-pub
/cgis
/cgiscript
/cgi-script
/cgiscripts
/cgishl
/cgiwin
/changelog
/Changelog
/ChangeLog
/CHANGELOG
/CHANGELOG.php
/changelog.txt
/CHANGELOG.TXT
/CHANGES
/charmap.js
/chat
/chatlog.nsf
/check.bat
/checkout_3_place.tpl
/chimera
/chips
/chs
/CHS
/CHT
/ci
/cic
/circe
/cite.js
/cj
/class
/classes
/Classes
/classes.php
/classic
/class.phpmailer.php
/class.smtp.php
/clbusy.nsf
/cldbdir.nsf
/clearlooks2
/cli
/client
/Client
/cliente
/clientes
/client.php
/cls
/clusta4.nsf
/cm
/cma
/CMA
/cmd.exe
/cms
/CMS
/cms.php
/cn
/cobalt
/code
/codebrws.asp
/codes
/cogito
/collect4.nsf
/collections.php
/colorConfig.ini.php
/Color.php
/color_picker.js
/column_left.php
/com
/com_admin
/com_banners
/com_cache
/com_categories
/com_checkin
/com_config
/com_contact
/com_content
/com_cpanel
/comctl
/com_frontpage
/com_installer
/com_languages
/com_login
/com_mailto
/commandclasses
/Commands
/commands.php
/com_massmail
/com_media
/comment
/comment_delete.php
/comment_edit.php
/comment.html
/comment_new.php
/comment.php
/comment_post.php
/comment_reply.php
/comments
/comments.php
/com_menus
/commerce
/com_messages
/committee.php
/com_modules
/common
/Common
/COMMON
/common.js
/common.php
/Common.php
/common.tpl
/com_newsfeeds
/compat
/compat2x
/compat.php
/compiler.assign.php
/complete.php
/com_plugins
/com_poll
/component
/component.html
/component.php
/components
/Composite.php
/com_search
/com_sections
/com_templates
/com_trash
/com_user
/com_users
/com_weblinks
/com_wrapper
/conf
/config
/config.html
/config.inc.php
/config.php
/configs
/ConfigSchema.php
/config_site.php
/configuration.php
/configure
/confirm_body.tpl
/confirm.php
/conn
/connector.php
/connectors
/Console
/constants.php
/consumer.php
/contact
/contact.php
/contacts.php
/contactus.tpl
/Container
/content
/content.php
/content.tpl
/contextmenu
/contrib
/control
/controller
/controller.html
/controller.php
/controllers
/controlpanel.html
/controlpanel.php
/controls
/controls.js
/convex
/cookie
/COPYING
/copy.php
/COPYRIGHT.php
/copy_this
/core
/core.is_secure.php
/core.is_trusted.php
/core.php
/core.rm_auto.php
/core.rmdir.php
/core.write_file.php
/cosmic
/cosmos
/count
/counter
/counter.php
/countries.php
/course
/course_structure.php
/cp
/cpanel.php
/cpa.nsf
/cp_functions.php
/c.php
/C.php
/cp.html
/cp.php
/cr
/create_account.php
/CreateFolder.php
/CREDITS
/CREDITS.php
/cron.php
/crypt.inc.php
/CRYPTO
/cs
/cs_CZ
/cs_CZ.php
/csee
/cs.js
/csr
/css
/CSS
/CSSDefinition.php
/csshelpers.php
/cssOutsider
/css.php
/css_styles
/cube
/currencies.php
/custom
/custombuild
/customer
/customerdata
/Customer_Reviews
/customers
/customers.php
/CVS
/.cvsignore
/cy
/cyber
/cyec_2002.php
/cyec.swf
/cy_GB
/cz
/d
/D
/d0
/d1
/d2
/d3
/d4
/d5
/d6
/d7
/d8
/d9
/da
/da_DK
/da_DK.php
/da.js
/da.nsf
/darkblue_orange
/data
/Data
/database
/database_changes.php
/database.inc.php
/database.mysqli.php
/database.nsf
/database.php
/databases
/DatabaseStorage
/datafiles
/Date
/date.php
/davinci
/db
/Db
/dba4.nsf
/dbdirman.nsf
/dbg
/dbi
/db.nsf
/db.php
/DB.php
/dc
/dcforum
/dclf.nsf
/de
/DEASAppDesign.nsf
/DEASLog01.nsf
/DEASLog02.nsf
/DEASLog03.nsf
/DEASLog04.nsf
/DEASLog05.nsf
/DEASLog.nsf
/debug.php
/debug.tpl
/Decorator
/decsadm.nsf
/decslog.nsf
/de_DE
/de_DE.php
/de_dlg.js
/DEESAdmin.nsf
/default
/Default
/default1
/default_address.php
/default_admin
/defaultColorConf
/default_error.php
/default_folder.php
/default_form.php
/default_ftp.php
/default_graph.php
/default.html
/default_image.php
/default_item.php
/default_items.php
/default.js
/default_links.php
/default_login.php
/default_logout.php
/default_message.php
/default.nsf
/default.php
/Default.php
/default_raw.php
/default_results.php
/define_language.php
/defines.php
/de.js
/deletefilebp.php
/deletefile.php
/DeleteFile.php
/DeleteFolder.php
/delete_move_next
/delete.php
/delete_record.php
/Deleting
/del.js
/demo
/demos
/deprecated.php
/description
/design
/deslog.nsf
/details.php
/dev
/devel
/development
/devices
/diag
/diagon
/dialog
/dialog.js
/dialogs
/dialog.tpl
/diff.php
/dig_exhib.php
/diiop_ior.txt
/dir
/dirassist.nsf
/directionality
/directory
/disallow_body.tpl
/Discount_Coupons
/disk1
/Disk1
/DISK1
/dist
/dists
/dk
/dk.js
/dl
/dll
/DLL
/dm
/doc
/doc/dspug.nsf
/doc/helpadmn.nsf
/doc/javapg.nsf
/doConfig.jsp
/doc/readmec.nsf
/docs
/Docs
/document
/documentation
/Documentation.txt
/documents
/Documents
/doladmin.nsf
/domadmin.nsf
/domcfg.nsf
/domguide.nsf
/domit
/domlog.nsf
/dopey
/dos
/Dos
/DOS
/doSave.jsp
/download
/download.php
/downloads
/downloads.php
/d.php
/D.php
/dragdrop.js
/dragresizetable
/Driver
/drivers
/DRIVERS
/dsl
/dspug.nsf
/.DS_Store
/dtd
/DTL
/DTL_ETC
/dtree
/dtree.js
/DublinCore
/dummy
/Dump
/dv
/dvd
/e
/E
/e0
/e1
/e2
/e3
/e4
/ea
/eaccelerator.php
/easton
/easylog
/eb
/ec
/eco
/ed
/edit
/editable_selects.js
/Editing
/editor
/editorFrame.php
/editor.js
/editor.php
/editor_plugin.js
/editor_plugin_src.js
/editor_registry.php
/editors
/editor_template.js
/edit.php
/editsummary.php
/edituser.php
/ee
/eecs
/ef
/effects.js
/eg
/eigen
/einstein
/el
/el_dlg.js
/element
/Element
/element_common.js
/element.php
/elements
/elephant
/el_GR
/eligible.php
/el.js
/email
/emailcloak.php
/email.php
/Email.php
/embed.js
/emerald
/eMFrame
/emotions
/emotions.js
/Empty.php
/ems
/en
/en_dlg.js
/en_GB
/engines
/english
/english.php
/eng.php
/en.js
/en.php
/enrol
/Entities.inc
/Entries
/Entry
/enu
/en_US
/en_US.php
/environment
/eo.js
/e.php
/E.php
/epoch
/equipment
/error
/error_body.tpl
/error_log
/errorpage
/error.php
/errors
/error.tpl
/es
/es_AR
/es_dlg.js
/es_ES
/es_ES.php
/es.js
/espanol
/et
/etaoin
/etc
/et_EE
/et_EE.php
/ethernet
/et.js
/eu
/eu_ES
/eu.js
/eunomia
/europe
/event
/event.nsf
/event.php
/events
/events4.nsf
/events5.nsf
/events.nsf
/events_photo.php
/events.php
/exair
/example
/exampleapp
/example.php
/examples
/excalibur
/Exception.php
/exchange
/exclude
/exec
/executequery
/exhibitdetails.php
/exhibitions.php
/exhibits.php
/Exif
/expelval
/experimental
/expeval
/export
/export.php
/ext
/Extension
/extension.inc
/Extension.php
/extensions
/external
/extra
/Extra_Fields
/extras
/f
/F
/f1
/f2
/fa
/factory.php
/fa_IR
/fa.js
/fantversion.php
/faq
/FAQ
/faq_body.tpl
/faq.php
/faqweb
/fashion_mosaic
/Fast_Lane_Checkout
/fastsearch.php
/fastsearch.php.save
/fasttrack
/favicon.ico
/fax
/fb
/fc
/fc_functions
/fck_about
/fckconfig.js
/fck_docprops
/fckeditor
/FCKeditor
/fckeditor.js
/fckeditor.php
/fckeditor_php4.php
/fckeditor_php5.php
/fck_flash
/fck_image
/fck_link
/fckplugin.js
/fck_select
/fck_spellerpages
/fck_template
/fck_universalkey
/fckxml.js
/fd
/fe
/featured.tpl
/features
/feed
/Feed
/feedcreator.php
/feed.php
/ff
/fi
/fi_dlg.js
/fi_FI
/fi_FI.php
/fi.js
/file
/File
/filelist.php
/filemanager
/file_manager.php
/file.php
/File.php
/files
/files.lst
/Files.php
/files.pl
/filesystem
/filesystems
/FileUpload.php
/filter
/Filter
/Filter.php
/filters
/findreplace
/fixtures
/fj
/flags
/flash
/Flash
/flash.js
/flex
/flex2gateway/
/flex2gateway/amf
/flex2gateway/amfpolling
/flex2gateway/cfamfpoolling
/flex2gateway/http
/flex2gateway/httpsecure
/flv_player.swf
/fo.js
/folder.php
/folders
/font
/Font
/Font.php
/fonts
/foo
/foobar
/food
/footer.html
/footer.inc.php
/footer.php
/form
/Form
/format
/format.php
/form.html
/form.php
/forms
/form_utils.js
/fortune
/forum
/forum_admin_body.tpl
/forum_edit_body.tpl
/forum_prune_body.tpl
/forums
/forums.php
/_fpclass
/f.php
/F.php
/fr
/frame.inc
/frames
/framework
/framework.php
/fr_dlg.js
/freeradius
/freesansbi.php
/freesansbold.ctg.z
/freesansbold.z
/freesansb.php
/freesans.ctg.z
/freesansi.php
/freesansoblique.z
/freesans.php
/freesans.z
/french
/french.php
/fr_FR
/fr_FR.php
/fr.js
/frontend.html
/frontend.php
/frontpage
/frontpage.php
/fruit
/fsbb
/fsbb.php
/ft
/ftp
/~ftp
/ftp.php
/fullpage
/fullpage.js
/fullscreen
/fun
/func.js
/function
/Function
/function.counter.php
/function.cycle.php
/function.debug.php
/function.eval.php
/function.fetch.php
/function.mailto.php
/function.math.php
/Function.php
/function.popup.php
/functions
/functions.html
/functions.inc.php
/functions.js
/functions.php
/fusion
/fy
/g
/G
/ga
/gacl_api.class.php
/gacl_api.php
/gacl.class.php
/gacl.php
/ga_IE
/galaxy
/gallery
/gallery2
/gallery.php
/GalleryStorage
/gandalf
/gap
/Gapps
/gateway
/gb
/Gbase
/gcc
/gd
/Gdata
/GD.php
/general
/general.php
/general.tpl
/generic
/geo
/Geo
/geo_zones.php
/german
/german.php
/geshi
/geshi.php
/GetFolders.php
/getimage.php
/getpot
/gift
/Gift_Certificates
/giftcert.tpl
/gl
/gl.js
/global
/global.js
/global.php
/globals
/gmail.php
/gnome
/GNUmakefile
/gold
/gonzo
/g.php
/G.php
/gq
/gr
/graphics
/graphs
/green
/gross
/group
/group1
/group2
/group3
/group4
/group5
/group6
/group7
/group8
/groupcp.php
/group_edit_body.tpl
/group.ini
/group.nsf
/group.php
/groups
/groups.nsf
/groups.php
/gs
/gu
/guest
/guestbook
/guestbook.php
/guests
/gwen
/Gzip.php
/h
/H
/handler
/hardware
/hardy
/h_cherry
/he
/head
/HEAD
/header
/header.html
/HEADER.images
/header.inc.php
/header.php
/headers
/header.swf
/header.tpl
/head.php
/heads
/head.tpl
/Health
/he_IL
/he.js
/HelloWorld.jsp
/help
/HELP
/help4.nsf
/help/decsdoc6.nsf
/help/decsdoc.nsf
/help/dols_help.nsf
/helper
/Helper
/helper.html
/helper.php
/helpers
/help/help5_admin.nsf
/help/help5_client.nsf
/help/help5_designer.nsf
/help/help65_admin.nsf
/help/help65_client.nsf
/help/help65_designer.nsf
/help/lccon6.nsf
/help/lccon.nsf
/help/lsxlc6.nsf
/help/lsxlc.nsf
/helplt4.nsf
/help.php
/help/readme.nsf
/hf
/h_green
/hi
/hidden
/hidden.nsf
/hidden.php
/highslide
/hi.js
/HISTORY
/history.php
/hl
/home
/HOME
/home.html
/homepage.nsf
/home.php
/home.tpl
/hooks
/horiz.php
/howitworks
/hp
/h.php
/H.php
/hr
/hr.js
/ht
/.htaccess
/.htaccess.bak
/htaccess.txt
/htbin
/htdocs
/h_teal
/html
/HTML
/html4strict.php
/HTMLDefinition.php
/html.php
/HTML_toolbar.php
/.htpasswd
/Http
/HTTP
/httpd
/httpd/logs/access_log
/httpd/logs/access.log 
/httpd/logs/error_log
/httpd/logs/error.log 
/httpd.pid
/HTTPFetcher.php
/http.php
/hu
/hu_HU
/hu_HU.php
/hu.js
/husky
/hw
/i
/I
/i18n
/i386
/iam/
/iam/siteminder/
/ias
/ibm
/ibmpc
/ICHAIN
/ICHAINErrors
/ICHAINLogout
/icon
/iconlookup.php
/icons
/ICS
/ICSIBroker
/ICSLogin
/id
/idea
/ideas
/id_ID
/idn
/iefix.js
/iespell
/iFolder
/iis
/iisadmpwd
/IISADMPWD
/iissamples
/image
/Image
/ImageEditor.php
/image.js
/ImageManager
/ImageManager.php
/image.php
/Image.php
/images
/Images
/images1.php
/images2.php
/images.php
/images_small
/iManager
/imapd
/img
/IMG
/Img.php
/imp
/IM.php
/import
/import.php
/inc
/include
/includes
/index
/index2.php
/index3.php
/indexbackup.php
/index_body.tpl
/index.cfm
/index.cgi
/index.class.php
/index_def.php
/index_frameset.tpl
/index.html
/index.html.en
/index.html.ja.jis
/index.html.old
/index.html.orig
/index_navigate.tpl
/index.php
/index.php~
/index.php/
/index.php.1317078588
/index.php.bak
/index.php.bak~
/index.php.inc
/index.php.initial
/INF
/info
/info.php
/information.php
/infos
/info.txt
/ingres
/ini.php
/initialize
/inlinepopups
/iNotes/Forms5.nsf
/iNotesForms5.nsf
/iNotes/Forms5.nsf/$DefaultNav
/iNotes/Forms6.nsf
/iNotes/help65_iwa_en.nsf
/InputFilter
/inputfilter.php
/insertdatetime
/ins.js
/instadmin/
/install
/INSTALL
/installer
/installer.html
/installer.php
/install.php
/INSTALL.php
/# Interesting Microsoft IIS files which require being scanned for with the HTTP POST verb
/interfaces
/internal
/Internal
/internals
/internet
/intranet
/invitation.doc
/invitation.php
/invoice.php
/io.php
/i.php
/I.php
/is_IS
/is.js
/iso
/isos
/issamples
/it
/it_dlg.js
/item
/_item.php
/item.php
/it_IT
/it_IT.php
/it.js
/itransact.php
/j
/J
/ja
/ja_JP
/ja_JP.php
/ja.js
/ja_purity
/java
/javascript
/javascript.php
/jazz
/jellystone
/jenkins
/jerome
/joomla
/joomla/administrator
/joomla.javascript.js
/joomla.php
/jotter.nsf
/j.php
/J.php
/JPN
/jquery
/jquery.js
/jqueryui
/js
/jscalendar
/JSCookMenu.js
/JSCookMenu_mini.js
/jscript
/jscripts
/JSON.php
/jsp
/jspstatus
/jsptest
/judging.php
/jumpbox.tpl
/k
/K
/k2.php
/ka
/kernel
/khepri
/kilroy
/Kind
/klingon
/km
/km.js
/Knowledge
/kodak
/ko.js
/ko_KR
/KOR
/k.php
/K.php
/l
/L
/la
/labs
/lang
/lang_english
/lang_french
/Lang.php
/langs
/language
/Language
/language_files
/language.php
/languages
/languages.php
/lasso
/Latest
/launch.php
/laurent
/layer
/layout
/layout.inc
/layouts
/lccon.nsf
/lcds/messagebroker/http
/lcds/messagebroker/httpsecure
/lcds-samples/messagebroker/http
/lcds-samples/messagebroker/httpsecure
/LC_MESSAGES
/ldap.nsf
/ldap.php
/l_domlog.nsf
/leaflet
/leaflet.php
/left_bar.tpl
/legacy
/legacy.php
/lehi3b15
/leiadm.nsf
/leilog.nsf
/leivlt.nsf
/Length.php
/leo
/level
/lg_lexique
/lib
/libImaging
/lib.php
/libraries
/library
/libs
/LICENCE
/license
/LICENSE
/LICENSE.php
/LICENSES.php
/license.txt
/LICENSE.txt
/LICENSE.TXT
/light
/lightbox
/lighter
/link
/link.js
/link.php
/links
/links.php
/linux
/Linux
/list
/listcolumns
/listcommands
/list.js
/list.php
/live
/lndfr.nsf
/loader.php
/loadmodule.php
/load.php
/local
/locale
/locale.php
/localization.php
/log
/Log
/log4a.nsf
/loga4.nsf
/logfile
/logfiles
/logger.php
/login
/login_body.tpl
/logindb.inc
/login.html
/loginlogo
/login.php
/login.php
/log.nsf
/logo
/logoff.php
/logos
/logout.php
/log.php
/logs
/Logs
/logs/access.log
/logs/access.log 
/logsaccess_log
/logs/error_log
/logs/error.log 
/loop.php
/lori
/lover
/l.php
/L.php
/LST
/lsxlc.nsf
/lt.js
/lt_LT
/lt_LT.php
/lucid
/luna
/lv
/lv.js
/lv_LV
/m
/M
/mab.nsf
/mac
/mag
/magic
/mail
/Mail
/mail10.box
/mail1.box
/mail2.box
/mail3.box
/mail4.box
/mail5.box
/mail6.box
/mail7.box
/mail8.box
/mail9.box
/mail/admin.nsf
/mail.box
/mail_fetch
/mailform.php
/mailman
/mailmanweb.php
/mail/NOMBRE_USUARIO.nsf
/mail.php
/mail/pxp.nsf
/mailto
/mailto.php
/mailw46.nsf
/main
/main.cgi
/mainfile.php
/mainframe.php
/main.html
/main.php
/mainsail
/maint
/Makefile
/mambojavascript.js
/mambo.php
/mamboxml.php
/manage
/manager
/manager.bak
/manager.php
/Manager.php
/mango
/MANIFEST
/manual
/Manufacturers
/manufacturers.php
/maps
/Maps.inc
/marlboro
/marlin
/martin
/math
/Math
/matrix
/maui
/mbstring
/mclayer.js
/mcpuk
/mctabs.js
/media
/Media
/media.html
/media_index
/media.js
/mediamanager.js
/media.php
/memberadmin/
/memberfiles
/memberlist_body.tpl
/memberlist.php
/members
/Membership
/_mem_bin
/memcache.php
/Memory.php
/mentors.php
/menu
/menu_box.tpl
/menu_cart.tpl
/menu_dialog.tpl
/menu.html
/menu.js
/menuleftbackup.php
/menuleft.php
/menu.php
/menus
/menu.tpl
/mercury
/merge_cells.js
/message
/Message
/message_body.tpl
/messagebroker/http
/messagebroker/httpsecure
/message_details
/message.php
/messages
/messages.php
/meta
/.meta
/metadataupdate
/MetaDataUpdate
/method.install.php
/methods.php
/method.upgrade.php
/microsoft
/mig.cf
/M_images
/mime
/MIME
/mime.php
/mimetypes
/minicart_total.tpl
/mips
/misc
/misc.php
/Misc.php
/mk
/mk.js
/ml
/mms
/mn
/mnet
/mn.js
/MNU_blank_data
/MNU_menu_data
/MNU_top_data
/MOB
/mobile
/mod
/modal.js
/mod_archive
/mod_archive.php
/mod_banners
/mod_banners.php
/mod_breadcrumbs
/mod_breadcrumbs.php
/modcp_body.tpl
/modcp_move.tpl
/modcp.php
/modcp_split.tpl
/modcp_viewip.tpl
/mod_custom
/moddata
/model.php
/models
/modelsearch/admin.html
/modelsearch/admin.php
/modelsearch/index.html
/modelsearch/index.php
/modelsearch/login.html
/modelsearch/login.php
/moderator/
/moderator/admin.html
/moderator/admin.php
/moderator.html
/moderator/login.html
/moderator/login.php
/moderator.php
/mod_feed
/mod_feed.php
/mod_footer
/mod_footer.php
/modifier
/Modifier
/modifier.cat.php
/modifier.default.php
/modifier.escape.php
/modifier.indent.php
/modifier.lower.php
/modifier.nl2br.php
/modifier.replace.php
/modifier.spacify.php
/modifier.strip.php
/modifier.upper.php
/modinfo.php
/mod_latest
/mod_latestnews
/mod_latestnews.php
/mod_logged
/mod_login
/mod_login.php
/mod_mainmenu
/mod_mainmenu.php
/mod_menu
/mod_mostread
/mod_mostread.php
/mod_newsflash
/mod_newsflash.php
/mod_online
/mod_poll
/mod_poll.php
/mod_popular
/mod_quickicon
/mod_random_image
/mod_random_image.php
/mod_related_items
/mods
/mod_search
/mod_search.php
/mod_sections
/mod_sections.php
/mod_stats
/mod_stats.php
/mod_status
/mod_submenu
/mod_syndicate
/mod_syndicate.php
/mod_title
/mod_toolbar
/module
/module1
/module.inc
/module.php
/modules
/modules.html
/modules.php
/module.tpl
/mod_unread
/mod_whosonline
/mod_whosonline.php
/mod_wrapper
/mod_wrapper.php
/monitor
/moodle2
/mootools.js
/mosaic
/move.php
/mp
/mp3
/m.php
/M.php
/mr
/ms
/MS
/msadc
/MSADC
/msadc/msadcs.dll/VbBusObj.VbBusObjCls.GetMachineName
/msdwda.nsf
/msft
/MSFT
/msi
/ms.js
/msn
/msql
/mtatbls.nsf
/mtstore.nsf
/mtxinu
/multianswer
/museum.php
/music
/Music
/mutt
/my
/my_documents
/my_files
/my_pictures
/mysql
/Mysqli
/mysqli.php
/mysql.php
/mysql.sql
/n
/N
/Name.php
/names.nsf
/native
/navigation.html
/navigation.php
/nb.js
/nb_NO
/nb_NO.php
/net
/Net
/NetPBM.php
/netstat
/NetStorage
/network
/networks
/new
/newmail
/new.php
/news
/NEWS
/newsfeed
/newsfeed.php
/newsfeeds.php
/news.js
/newsletter
/newsletter.html
/newsletter.php
/newsletters
/newsletters.php
/News_Management
/news.php
/news.tpl
/new.swf
/next
/nic
/nif
/NIF
/nl
/nl_dlg.js
/nl.js
/nlm
/nl_NL
/nl_NL.php
/NLS
/nn_dlg.js
/nn_NO
/nntp/nd000000.nsf
/nntp/nd000001.nsf
/nntp/nd000002.nsf
/nntp/nd000003.nsf
/nntp/nd000004.nsf
/nntppost.nsf
/no
/~nobody
/no.js
/nonbreaking
/non_competitors.php
/noneditable
/none.php
/no_NO
/note
/notes
/_notes
/notes.nsf
/notification.php
/n.php
/N.php
/nps
/NSearch
/nss
/nsw/admin/login.php
/nt4
/ntsync45.nsf
/ntsync4.nsf
/nuke
/number
/nwclient
/o
/O
/o2k7
/object.php
/Object.php
/objects
/ocean
/odbc
/OEM
/office2003
/official
/offline.php
/old
/oldfiles
/old_files
/oneNet
/One_Page_Checkout
/oordir
/OPD
/?Open
/openid
/OpenID
/openid.php
/?OpenServer
/o.php
/O.php
/options
/options.php
/oracle
/orange
/orca
/order.log
/order_message.tpl
/order.php
/orders
/orders_list.tpl
/orders.php
/orders_status.php
/orders.txt
/original
/os
/os2
/other
/outlaw
/output
/OutputFilter
/overall_footer.tpl
/overall_header.tpl
/overlib_mini.js
/overrides
/oxford
/p
/P
/_packager
/packages
/Packages
/packaging
/packingslip.php
/pagebreak
/pagebreak.php
/page_footer.tpl
/page_header.tpl
/page_info.php
/pagenavigation.php
/pageNavigation.php
/page.php
/Pager
/pagers
/pages
/pages/admin/admin-login.html
/pages/admin/admin-login.php
/pages.tpl
/pagination.php
/panel
/panel-administracion/
/panel-administracion/admin.html
/panel-administracion/admin.php
/panel-administracion/index.html
/panel-administracion/index.php
/panel-administracion/login.html
/panel-administracion/login.php
/panorama.php
/papers
/par2
/parameter
/parameters.php
/params.ini
/ParseHTML.php
/parts
/pass
/pass.txt
/passwd
/password
/password.php
/passwords
/passwords.txt
/paste
/pastetext.js
/pasteword.js
/patErrorManager.php
/patError.php
/path.php
/pathway.php
/patrol41.nsf
/pattemplate
/patTemplate
/patTemplate.php
/payment
/payment_methods.tpl
/payments
/payment_wait_end.tpl
/paypal.php
/PBServer
/pcat
/pcl
/pclzip.lib.php
/pdb
/pdf
/PDF
/pdf_fonts
/pdf.php
/PDG_Cart
/Pdo
/pds
/pear
/Pear
/PEAR
/PEAR5.php
/PEAR.php
/pegasus
/perf
/performance
/perl
/permissions.php
/persian
/perso
/perweb.nsf
/phf
/phocagallery.php
/phoenix
/photo
/photo_events
/photos
/Photos
/photos.dat
/photos_history
/phototheque
/photo.tpl
/php
/phpBB2
/phpcompat.php
/phpgacl
/php_http_proxy.php
/phpinfo.php
/php.ini
/phpinputfilter
/phpInputFilter
/phpmailer
/phpmailer.php
/phpmyadmin
/phpMyAdmin
/phpnuke
/php.php
/php_text_cache.php
/phpunit
/phputf8
/phpxmlrpc
/pic
/picasa
/pics
/pictures
/pimages.bak
/Ping.jsp
/piranha
/pix
/pl
/placeholder
/placeHolder.txt
/PlainHTTPFetcher.php
/platform
/pl_dlg.js
/pl.js
/pl_PL
/pl_PL.php
/plugin
/Plugin
/plugin.js
/plugin.php
/plugins
/_plugins
/plugins.php
/pm
/po
/policy
/poll
/poll.php
/polls
/pop
/popup
/popup_image.php
/popup_image.tpl
/popup.php
/popups
/portal
/portlet
/ports
/posters
/postgres
/posting_body.tpl
/posting.php
/posting_preview.tpl
/posting_smilies.tpl
/post.php
/p.php
/P.php
/ppstats
/pre
/prefs
/Preloads.inc
/prep
/pressrelease.php
/preview
/previewer
/preview.tpl
/prime
/print
/printenv
/printer
/print.php
/PRIVACY
/privacy.php
/private
/_private
/private.nsf
/privmsg.php
/privmsgs_body.tpl
/privmsgs_popup.tpl
/privmsgs_preview.tpl
/product_details.tpl
/product_modify.tpl
/products_list.tpl
/products_new.php
/products.tpl
/products_t.tpl
/product.tpl
/profile
/profile_add_body.tpl
/profile.php
/profiler.php
/profiles.php
/proftpd
/proghelp/KBCCV11.NSF
/proghelp/KBNV11.NSF
/proghelp/KBSSV11.NSF
/programme.doc
/progressbar.tpl
/proj_cord.php
/proj_details.php
/project
/projects
/promoting5.swf
/Promotion
/promotions.tpl
/Proprietary.php
/props.js
/protected
/protector
/prototype.js
/Provider
/ps
/psd
/pt
/pt_BR
/pt_br.js
/pt_BR.php
/pt_dlg.js
/ptj
/pt.js
/pt_PT
/pub
/public
/public_html
/publicity.inc
/public.nsf
/publish
/publisher.php
/puserinfo.nsf
/pw
/py
/python
/q
/Q
/qpadmin.nsf
/q.php
/Q.php
/qstart.nsf
/Query
/query.php
/question
/quickplace/quickplace/main.nsf
/quickplacequickplacemain.nsf
/quickstart/qstart50.nsf
/quickstart/wwsample.nsf
/r
/R
/ra
/radio.php
/RAID
/random.php
/ranks_edit_body.tpl
/ranks_list_body.tpl
/rate.php
/rating
/rav
/raw
/rcjakar/admin/login.php
/Reader
/Reader.php
/readfile.jsp
/reading
/readme
/README
/readme.nsf
/readme.txt
/ReadMe.txt
/README.txt
/README.TXT
/readmore.php
/ready
/recaptcha
/record
/recruit
/red
/refs
/register
/register1.php
/register2.php
/register3.php
/register4.php
/register5.php
/register6.php
/register7.php
/register8.php
/register_account.tpl
/register.html.orig
/register_orig.php
/register.php
/register_result.php
/register.tpl
/registry
/Release
/ReleaseNotes
/RELEASE_NOTES
/releases
/relnotes
/remember.php
/remind
/remote
/remotes
/RenameFile.php
/RenameFolder.php
/renderer
/Renderer
/Renderer.php
/render.tpl
/report
/Report
/reports
/reports.nsf
/Repository
/Request
/Required.php
/research
/reset
/reset.php
/resource
/Resource
/resource.nsf
/resources
/resources.php
/Response
/retail
/RETAIL
/reviews
/reviews.php
/Rewrite.txt
/rhuk_milkyway
/riacs
/ro
/robots.txt
/rock
/ro.js
/ronin
/root
/~root
/Root
/ro_RO
/roskilde
/rouge
/route.php
/router.html
/router.php
/row.js
/rpc
/Rpc
/r.php
/R.php
/rpm
/rss
/rss.php
/rte
/RTE_configuration
/rti
/rtl
/ru
/ruby
/ru.js
/rule.js
/ru_RU
/ru_RU.php
/rvform.php
/rvscompodb
/rvscronjobctrl.php
/rvsDbBackup.sql
/rvsincludefile
/rvslib
/rvs_library
/rvtheme
/rvtheme_admin
/s
/S
/s3
/s5
/safari
/SafeObject.php
/sales
/sam
/samba
/sample
/_sample
/sample01.php
/sample02.php
/sample03.php
/sample04.php
/sample/faqw46.nsf
/sample/framew46.nsf
/sample/pagesw46.nsf
/sampleposteddata.asp
/sampleposteddata.php
/samples
/_samples
/Samples
/sample/siregw46.nsf
/sample/site1w46.nsf
/sample/site2w46.nsf
/sample/site3w46.nsf
/samples/messagebroker/http
/samples/messagebroker/httpsecure
/sanfran
/save
/schema
/schema50.nsf
/schema.nsf
/schema.tpl
/schinese.php
/schinese_utf8.php
/scm
/scr
/script
/scriptaculous
/scriptaculous.js
/script.js
/scripts
/Scripts
/sdk
/search
/Search
/search_body.tpl
/searchform.php
/search.html
/search.inc.php
/search.js
/search_orders.tpl
/search.php
/searchreplace
/searchreplace.js
/search_result.tpl
/SearchServlet
/search.tpl
/search_username.tpl
/secret
/secret.nsf
/secrets
/section
/section.php
/sections.php
/secure
/security
/sef.php
/sei
/seit
/Select
/selector
/select.php
/seminaria
/sendmail.php
/sensor
/sentinel
/sent_subfolders
/sequent
/server
/Server
/server-info
/server_info.php
/server.php
/Server.php
/servers
/server-status
/service
/services
/Services
/servlet
/servlet/
/servlet/DateServlet
/servlet/TestServlet
/session
/session.php
/sessionRead.php
/sessions.php
/sessionWrite.php
/setting
/setting.ini.php
/settings
/settings.php
/setup
/SETUP
/setupdir
/SETUPDIR
/setup.nsf
/setup.php
/setupweb.nsf
/sh
/shans1
/shans10
/shans2
/shans3
/shans4
/shans5
/shans6
/shans7
/shans8
/shans9
/share
/shared
/shark
/shipping
/shipping.php
/shop
/shopping_cart.php
/show
/showcode.asp
/show_courses.php
/show_intro.php
/shrdlu
/shtml.dll
/shtml.exe
/si
/sidebar.php
/sidebar.tpl
/sierra
/silk
/silver
/simerini_logo.JPG
/simple
/simplecommands
/simple_footer.tpl
/simple_header.tpl
/simplepie
/simplepie.php
/simpletest
/singer
/single.php
/site
/siteadmin
/siteadmin/index.php
/siteadmin/login.html
/siteadmin/login.php
/Sitemap
/sitemap.php
/siteminder/
/siteminderagent/
/siteminderagent/pwcgi/
/siteminderagent/pwcgi/smpwservicescgi.exe
/siteminder/monitor/
/sitemindermonitor/
/sitemindermonitor/doConfig.jsp
/sitemindermonitor/doSave.jsp
/sitemindermonitor/readfile.jsp
/siteminder/monitor/settings
/Sites
/sk
/skin
/skin.js
/skins
/sk.js
/sk_SK
/sl
/slices
/slider
/slider.js
/slideshow
/sl.js
/sl_SI
/sm
/smarty
/Smarty.class.php
/smbcfg.nsf
/smconf.nsf
/smency.nsf
/smhelp.nsf
/smile_edit_body.tpl
/smile_list_body.tpl
/smiles
/smiley
/.smileys
/smilies
/smmsg.nsf
/smquar.nsf
/smsolar.nsf
/smtime.nsf
/smtp.box
/smtpibwq.nsf
/smtp.nsf
/smtpobwq.nsf
/smtp.php
/smtptbls.nsf
/smvlog.nsf
/snapshots
/sneezy
/snippets
/soap
/social
/software
/software.nsf
/solaris
/sounds
/source
/_source
/source_editor.js
/Sources
/sp2gdr
/sp2qfe
/SP2QFE
/spam
/spamcop
/spanish
/spanish.php
/sparc
/sparc64
/specials.php
/special.tpl
/speech
/spellchecker
/spellchecker.php
/spellerpages
/sphinx
/s.php
/S.php
/spice
/spiff
/spiffyCal
/spock
/sponsors
/sponsors.php
/sponsors.swf
/spool
/Spreadsheets
/SpryAssets
/sql
/sql.php
/sql.php3
/sqlqhit.asp
/SQLQHit.asp
/squirrelspell
/sr
/src
/sr.js
/srvnam.htm
/srvnam.nsf
/sr_YU
/ss
/sshots
/ssi
/ssl
/staff
/standards
/standart
/stars
/stat
/Stat
/statauths.nsf
/statautht.nsf
/statmail.nsf
/statrep.nsf
/stats
/stats_customers.php
/status
/status.php3
/stauths.nsf
/stautht.nsf
/stconfig.nsf
/stconf.nsf
/stdnaset.nsf
/stdomino.nsf
/steps
/stills
/stlog.nsf
/storage
/Storage
/storage.php
/store
/stories
/storyserver
/StoryServer
/Strategy
/strcasecmp.php
/strcspn.php
/streams.php
/streg.nsf
/string.php
/strings.raw
/str_ireplace.php
/stristr.php
/strlen.php
/strrev.php
/str_split.php
/strspn.php
/structure
/stsrc.nsf
/studio
/style
/style.php
/stylepreviewer
/styles
/styles_edit_body.tpl
/styles_exporter.tpl
/stylesheets
/styles_list_body.tpl
/sub
/subcategories.tpl
/submit.php
/substr_replace.php
/sulu
/sun
/sun2
/sun3
/super
/supercache
/suphp
/support
/survey
/sv
/sv_dlg.js
/sv.js
/sv_SE
/sv_SE.php
/swf
/swf.js
/swfobject.js
/swift
/symbols
/SYMBOLS
/SYMBOLS.PRI
/sys
/sysadmin
/system
/SYSTEM
/system32
/t
/T
/ta
/tab
/tabfocus
/table
/tablecommands
/table.js
/table.php
/Table.php
/tables
/tabs
/tabs.js
/tac
/tag
/Tag
/tag.php
/tags
/tags.php
/talk
/Tar.php
/tax_classes.php
/taxonomy.php
/tax_rates.php
/TB_IMG
/tcpdf
/tcpdf_config.php
/tcpdf.php
/te
/tech
/technote
/tell_a_friend.php
/temp
/template
/TEMPLATE
/TemplateCache
/template.js
/template.php
/templates
/Templates
/templates_c
/templates.php
/temp.php
/terminal
/tesseract
/test
/test1
/test2
/_testcases
/test-cgi
/testForms.php
/testing
/testingheader.php
/test.nsf
/test.php
/tests
/testTypo.php
/tex
/Text
/textarea.php
/textarea.tpl
/text.php
/Text.php
/th
/thankform.php
/theleaflet.swf
/theme
/themed_graphics
/theme.inc
/theme_info.cfg
/theme.js
/ThemeOffice
/theme.php
/themes
/_themes
/themes.php
/theme.tpl
/theory
/th.js
/thumb
/Thumbnail.php
/thumbnails
/thumbs
/.thumbs
/Thumbs.db
/thumbs.php
/thunderbird
/ti
/Tidy.php
/tiger
/timer.php
/timetable.php
/timezones.php
/T_IMG
/tinman
/tinymce
/tiny_mce
/tiny_mce.js
/tinymce.php
/tiny_mce_popup.js
/tiny_mce_src.js
/tl
/tld.txt
/tmc
/tmp
/tmpl
/TMT
/TODO
/TODO.tsk
/tohtml.inc.php
/tolkien
/toolbar
/toolbar.php
/tools
/Tools
/tools.php
/top
/topics
/t.php
/T.php
/tr
/trac
/transformations
/Transform.php
/translate
/Translate.php
/tr_dlg.js
/tree
/treeNav
/tree.php
/trim.php
/tr.js
/tr_TR
/trw
/tulip
/u
/U
/ucfirst.php
/ucwords.php
/ug
/ui
/uk
/uk.js
/uk_UA
/um
/unicode_data.php
/unicyprus.swf
/uninstall.php
/unittest.js
/unix
/unknown
/update
/update.php
/updates
/upgrade
/UPGRADE
/upgrade_config.php
/upgrade.php
/upgrades
/UPGRADE.txt
/UPGRADING
/u.php
/U.php
/upload
/uploadbplan.php
/uploadbusplan.php
/uploaddogs.php
/uploader.js
/uploader.php
/uploadfile.php
/upload.php
/uploads
/ur
/URI.php
/url
/us
/usage
/user
/user1
/user2
/user_ban_body.tpl
/userdb
/user_edit_body.tpl
/user_email_body.tpl
/usergroup.php
/user.html
/user.php
/userreg.nsf
/users
/users.class.php
/user_select_body.tpl
/users.nsf
/users.php
/utf8.php
/util
/Util
/utilities
/util.php
/utils
/v
/V
/v2
/validate.js
/validate.php
/validation.php
/vars.php
/vax
/vb
/vcard.class.php
/vcard.php
/vdc
/vector
/VER_sel_data
/version
/VERSION
/version.php
/version.txt
/vert.php
/vgn
/VGN
/vi
/video
/videos
/view
/View
/ViewCode.asp
/view.feed.php
/viewforum_body.tpl
/viewforum.php
/view.html
/view.html.html
/view.html.php
/viewonline_body.tpl
/viewonline.php
/view.php
/view.raw.php
/views
/viewtopic_body.tpl
/viewtopic.php
/vi.js
/vim
/virus
/visualchars
/vivid_dreams
/vlsi
/vm
/vms
/voice
/vote.php
/v.php
/V.php
/vpuserinfo.nsf
/vr
/vrtour.php
/_vti_adm
/_vti_aut
/_vti_bin
/_vti_cnf
/_vti_log
/_vti_pvt
/_vti_txt
/w
/W
/waves
/web
/.web
/webacc
/webadmin/
/webadmin/admin.html
/webadmin/admin.php
/webadmin.html
/webadmin/index.html
/webadmin/index.php
/webadmin/login.html
/webadmin/login.php
/webadmin.nsf
/webadmin.php
/webalizer
/webcart
/weblink
/weblink.php
/weblinks.php
/weblog
/weblogs
/webmail
/webmaster
/webmaster_logs
/web.nsf
/WebShop
/webstat
/webstats
/wei
/welcome.nsf
/welcome.tpl
/wget
/WHATISTHIS
/white
/whos_online.php
/wia.php
/wic.php
/widgets.php
/wifi
/win2000
/WIN2000
/Win2k
/win95
/WIN95
/Win98
/WIN98
/win9x
/Win9x
/windows
/WINDOWS
/win.ini
/WINME
/winners1.php
/winners2.php
/winners3.php
/winners.php
/winnt
/WINNT
/winnt351
/winnt40
/winxp
/WINXP
/wlw
/wombat
/wood
/word
/WORD
/wordpress
/words_edit_body.tpl
/words_list_body.tpl
/work
/workshop1.php
/workshop1.php.orig
/workshop.php
/Works.txt
/wp
/w.php
/W.php
/wp-login.php
/wpThumbnails
/wrapper.php
/Writer
/wsc
/wsdocs
/WS_FTP.LOG
/wstats
/www
/wwwboard
/wwwlog
/wwwstat
/wwwstats
/wysiwyg
/wz_tooltip.js
/x
/X
/x86_64
/xcache.php
/xhtmlxtras
/xinu
/xml
/XML
/xml_domit_cache.php
/xml_domit_doctor.php
/xml_domit_parser.php
/xml_domit_rss.php
/xml_domit_shared.php
/xml_domit_xpath.php
/xml.php
/XML.php
/xmlrpc
/xmlrpc.php
/xmlrpcs.php
/xmlrpc_wrappers.php
/xml_saxy_parser.php
/xml_saxy_shared.php
/xoopsformloader.php
/xoops_version.php
/xp
/x.php
/X.php
/XRDS.php
/XRI.php
/XRIRes.php
/xsql
/xstandard
/xstandard.php
/Xtras
/xv
/y
/Y
/yacs
/Yadis
/Yadis.php
/yoda
/YouTube
/y.php
/Y.php
/yui
/z
/Z
/zen
/Zend
/zh_CN
/zh.js
/zh_TW
/zImage
/zinfandel
/zip
/zip.lib.php
/zip.php
/zones.php
/zoom
/z.php
/Z.php
/_
/#######################################################################
/#
/0
/00
/0006
/0007
/0009
/000a
/000b
/0010
/0011
/0012
/0013
/0014
/0019
/001d
/001e
/01
/011
/02
/03
/04
/0404
/040c
/0416
/05
/06
/07
/08
/0804
/0816
/09
/1
/10
/1000
/1033
/11
/12
/1.2
/13
/1.3
/14
/1.4
/15
/16
/17
/18
/19
/1984
/1995
/1996
/1997
/1998
/1999
/2
/20
/2001
/2002
/2003
/2004
/2005
/2006
/2007
/2008
/2009
/2009_Q1
/2009_Q2
/2009_Q3
/2009_Q4
/2010
/2011
/21
/22
/2.2
/23
/24
/25
/26
/27
/28
/29
/3
/30
/31
/32
/33
/35
/36
/37
/38
/39
/4
/40
/404
/41
/42
/43
/45
/46
/47
/48
/49
/5
/50
/51
/52
/53
/54
/55
/56
/57
/58
/59
/6
/60
/61
/62
/63
/64
/65
/66
/67
/68
/69
/7
/70
/71
/72
/8
/80
/8.1
/8.2
/9
/9x
/a
/a
/A
/a1
/a2
/a3
/a4
/a5
/a6
/a7
/a8
/a9
/aa
/aa
/aaa
/aardvark
/ab
/abc
/abc
/abc123
/abcd
/abcd1234
/about
/about
/ac
/access
/access
/access.1
/accessibility
/access_log
/access-log
/access.log
/access_log.1
/access-log.1
/access.txt
/account
/account
/accounting
/accounting
/accounts
/acrobat
/action
/Action
/actions
/actions
/active
/active.log
/activex
/ad
/ad
/Adapter
/adapters
/adara
/adclick
/add
/addons
/addpost
/addressbook
/ADD_SALE
/adm
/_adm
/adm
/ADM
/admcgi
/admentor
/admin
/_admin
/admin_
/admin
/Admin
/ADMIN
/adminfiles
/administracion
/administration
/administrator
/Administrator
/adminuser
/adminweb
/admisapi
/adobeair
/adodb
/adodb
/adpassword.txt
/ads
/ads
/adsamples
/ads_data
/adv
/advanced
/advanced
/advertise
/advertising
/advhr
/advimage
/advlink
/ae
/af
/affiliate
/affiliates
/afp
/agenda
/agent
/agentes
/agents
/AggreSpy
/aiken
/ajax
/ajax
/album
/albums
/albums
/alert
/alerts
/alex
/algor
/alias
/aliases
/all
/All
/ALL
/alley
/alpha
/alpha
/alt
/alumni
/am
/amadeus
/amazon
/amd64
/AMD64bit
/amiga
/ams
/analog
/analog
/android
/announcement
/announcements
/anon
/anonymous
/ans
/ansi
/AOL
/apac
/apache
/apache
/apexec
/api
/apis
/apl
/app
/app
/App
/appeal
/appeals
/append
/appl
/apple
/apple
/applets
/appliation
/application
/applications
/applications
/apps
/apps
/AppsLocalLogin
/AppsLogin
/apr
/apt
/aqua
/ar
/arc
/arch
/archive
/archive
/Archive
/archives
/archives
/archive_tar
/arm
/array
/art
/art
/article
/article
/articles
/articles
/articleweb
/artwork
/ascii
/asd
/asdf
/asms
/asp
/aspx
/asset
/assets
/assets
/ast
/async
/at
/atari
/atc
/atlassian
/atom
/attach
/attachment
/attachments
/attachments
/attachs
/attic
/auction
/audio
/audio
/audit
/audits
/audubon
/auth
/auth
/Auth
/authadmin
/authentication
/author
/authorized_keys
/authors
/AUTHORS
/authweb
/auto
/autogrow
/automatic
/automation
/autosave
/avatar
/avatar
/avatars
/avatars
/aw
/award
/awards
/awl
/awstats
/awstats
/b
/b
/B
/b0
/b1
/b2
/b2b
/b2c
/b3
/b4
/b5
/b6
/b7
/b8
/b9
/ba
/back
/back
/backdoor
/backdoor
/backend
/backend
/background
/backgrounds
/backup
/backup
/backupdata
/backups
/backups
/bandwidth
/bank
/bank
/banks
/banner
/banner
/banners
/banners
/bar
/bar
/bard
/base
/base
/bash
/basic
/basket
/baskets
/batch
/batcomputer
/baz
/bb
/bb
/bbcode
/bb-hist
/bb-histlog
/bboard
/bbs
/bbs
/bc
/bckgnd
/bd
/be
/beans
/beehive
/beez
/behaviors
/ben
/benefits
/beta
/beta
/bf
/bfc
/bg
/bg_BG
/big
/big
/bigip
/bill
/billing
/billing
/bin
/binaries
/binary
/bins
/bio
/bio
/bios
/bitfolge
/biz
/bkup
/black
/blah
/blank
/block
/Block
/blocks
/blog
/blog
/blogger
/bloggers
/blogs
/blogweb
/bloomcounty
/blue
/bluewhite
/bn
/BNR
/board
/boeing
/bofh
/book
/books
/books
/Books
/boot
/boot
/bottom
/boxes
/br
/branches
/brand
/brick
/bridge
/broken
/broker
/brown
/browse
/browser
/browser
/bs
/bs
/bsd
/bsd
/bug
/bug_report
/bugs
/bugs
/bugsbunny
/build
/build
/BUILD
/Builder
/buildr
/bulk
/bulkquery
/bullet
/bullets
/business
/button
/button
/buttons
/buttons
/buy
/buynow
/bypass
/# By submitting updates to this file you are transfering any and all copyright
/c
/C
/c0
/c1
/c2
/# (c) 2001-2014 Chris Sullo, All Rights Reserved.
/c3
/c4
/c5
/c6
/c7
/c8
/c9
/ca
/ca
/cache
/cache
/Cache
/ca_ES
/caip
/cal
/calendar
/calendar
/Calendar
/caliban
/camel
/captcha
/Captcha
/CAPTCHA
/car
/card
/cards
/career
/careers
/cars
/cart
/cart
/carts
/caspsamp
/cat
/cat
/catalog
/catalog
/catalogs
/catalog_type.asp
/catalyst
/categories
/categories
/category
/category
/categoryblog
/catinfo
/cats
/cats
/cb
/cc
/ccbill
/ccbill
/cck
/cd
/cd
/cdrom
/ce
/centosplus
/cerificate
/cert
/cert
/certificate
/certificates
/certs
/cf
/cf
/cfapps
/cfcache
/cfdocs
/cfdocs
/cfide
/cfide
/cfm
/cfusion
/cfusion
/cgi
/cgibin
/cgi_bin
/cgi-bin
/cgibin
/cgi-bin2
/cgi-home
/cgilib
/cgi_local
/cgi-local
/cgi-pub
/cgis
/cgiscript
/cgi-script
/cgiscripts
/cgishl
/cgi-shl
/cgi-sys
/cgi-web
/cgiwin
/cgi-win
/cgiwrap
/cgm-web
/change
/changed
/changelog
/Changelog
/ChangeLog
/CHANGELOG
/changes
/CHANGES
/charge
/charges
/chat
/chat
/chats
/check.bat
/checkout
/child
/children
/chimera
/chips
/# Chris Sullo (csullo@gmail.com)
/chrome
/chs
/CHS
/CHT
/ci
/cic
/circe
/cisco
/cisweb
/citrix
/cj
/cl
/claim
/claims
/class
/classes
/classes
/Classes
/classic
/classified
/classifieds
/clear
/clearlooks2
/cli
/click
/clicks
/client
/client
/Client
/clientaccesspolicy
/cliente
/clientes
/clients
/close
/closed
/closing
/cls
/club
/cluster
/clusters
/cm
/cmd
/cmd.exe
/cms
/CMS
/cn
/cnf
/cnt
/cobalt
/cocoon
/code
/code
/codebrws.asp
/codec
/codecs
/codes
/codes
/cogito
/cognos
/coldfusion
/columns
/com
/com
/com_admin
/com_banners
/com_cache
/com_categories
/com_checkin
/com_config
/com_contact
/com_content
/com_cpanel
/comctl
/com_frontpage
/com_installer
/com_languages
/com_login
/com_mailto
/commandclasses
/Commands
/com_massmail
/com_media
/comment
/comment
/comments
/comments
/com_menus
/commerce
/commerce
/commercial
/com_messages
/com_modules
/common
/_common
/common
/Common
/COMMON
/communicator
/community
/com_newsfeeds
/compact
/company
/compat
/compat2x
/complaint
/complaints
/compliance
/com_plugins
/com_poll
/component
/component
/components
/components
/compressed
/computer
/computers
/computing
/com_search
/com_sections
/com_templates
/com_trash
/com_user
/com_users
/com_weblinks
/com_wrapper
/conf
/_conf
/conference
/conferences
/config
/configs
/configs
/configure
/conn
/connectors
/console
/Console
/consumer
/contact
/contact
/contacts
/Container
/content
/content
/contents
/contest
/contextmenu
/contract
/contracts
/contrib
/control
/control
/controller
/controllers
/controlpanel
/controls
/convex
/cookie
/cookie
/cookies
/copies
/copy
/COPYING
/copyright
/copy_this
/core
/core
/corp
/corpo
/corporate
/corrections
/cosmic
/cosmos
/count
/count
/counter
/counter
/counters
/counts
/course
/course
/courses
/cover
/cp
/cpadmin
/cpanel
/cr
/cr
/crack
/crash
/crashes
/create
/credits
/CREDITS
/crm
/cron
/crons
/crontab
/crontabs
/crossdomain
/crypt
/crypto
/CRYPTO
/cs
/cs_CZ
/csee
/csr
/css
/css
/CSS
/cssOutsider
/css_styles
/cube
/current
/custom
/custom
/custombuild
/customer
/customer
/Customer_Reviews
/customers
/customers
/custom_log
/custom-log
/cute
/cv
/CVS
/CVS
/.cvsignore
/cxf
/cy
/cyber
/cy_GB
/cz
/czcmdcvt
/d
/d
/D
/d0
/d1
/d2
/d3
/d4
/d5
/d6
/d7
/d8
/d9
/da
/da_DK
/daemon
/daily
/dana-na
/darkblue_orange
/data
/data
/Data
/database
/database
/databases
/databases
/DatabaseStorage
/datafiles
/date
/Date
/davinci
/day
/db
/Db
/DB
/dba
/dbase
/db_connect
/dbg
/dbi
/dbman
/dbmodules
/dbutil
/dc
/dc
/dcforum
/dcforum
/de
/de
/dealer
/debug
/decl
/declaration
/declarations
/decode
/Decorator
/decrypt
/decrypted
/decryption
/de_DE
/def
/default
/default
/Default
/default1
/default_admin
/defaultColorConf
/defaults
/definition
/definitions
/del
/delete
/deleted
/delete_move_next
/demo
/demo
/demos
/demos
/denied
/deny
/description
/design
/design
/desktop
/desktops
/detail
/details
/dev
/dev
/devel
/devel
/developer
/developers
/development
/development
/device
/devices
/devices
/devs
/df
/diagon
/dialog
/dialog
/dialogs
/dialogs
/diff
/diffs
/digest
/digg
/dir
/dir
/directionality
/directories
/directory
/directory
/dirs
/disabled
/disclaimer
/Discount_Coupons
/disk1
/Disk1
/DISK1
/display
/dist
/dists
/django
/dk
/dl
/dl
/dll
/DLL
/dm
/dm
/dm-config
/dms
/dms0
/DMSDump
/dns
/doc
/docebo
/dock
/docroot
/docs
/docs
/Docs
/document
/document
/documentation
/documentation
/documents
/documents
/Documents
/Documents
/domain
/domains
/domcfg.nsf
/domit
/donate
/dopey
/dos
/Dos
/DOS
/down
/download
/download
/downloader
/downloads
/downloads
/dragresizetable
/Driver
/drivers
/DRIVERS
/drop
/dropped
/drupal
/dsl
/.DS_Store
/dtd
/DTL
/DTL_ETC
/dtree
/DublinCore
/dummy
/Dump
/dumps
/dv
/dvd
/dvd
/dwr
/dynamic
/e
/e
/E
/e0
/e1
/e2
/e2fs
/e3
/e4
/ea
/ear
/easton
/easylog
/eb
/ec
/eco
/ecommerce
/ed
/edge
/edit
/edit
/editor
/editor
/editors
/edits
/edp
/edu
/education
/ee
/ee
/eecs
/ef
/effort
/efforts
/eg
/egress
/eigen
/einstein
/ejb
/el
/element
/element
/Element
/elements
/elements
/elephant
/el_GR
/em
/email
/email
/emails
/embed
/embedded
/emea
/emerald
/emotions
/employees
/employment
/empty
/ems
/emu
/emulator
/en
/en
/enc
/encode
/encrypt
/encrypted
/encyption
/eng
/en_GB
/engine
/engines
/english
/english
/enrol
/enterprise
/entertainment
/entries
/Entries
/Entries
/entry
/Entry
/enu
/en_US
/en_US
/env
/environ
/environment
/environment
/epoch
/equipment
/error
/error
/error_log
/error_log
/error-log
/errors
/es
/es
/esale
/esales
/es_AR
/es_ES
/espanol
/et
/etaoin
/etc
/etc
/et_EE
/ethernet
/eu
/eu_ES
/eunomia
/europe
/europe
/event
/event
/events
/events
/evil
/evt
/ews
/ex
/exair
/example
/example
/exampleapp
/examples
/examples
/excalibur
/excalibur
/exchange
/exchange
/exclude
/exec
/exec
/Exif
/expelval
/experimental
/expeval
/explorer
/export
/export
/ext
/ext
/ext2
/Extension
/extensions
/extern
/external
/external
/extra
/Extra_Fields
/extras
/extras
/ezshopper
/f
/f
/F
/f1
/f2
/fa
/face
/faces
/faculty
/fail
/failure
/fa_IR
/family
/faq
/faq
/FAQ
/faqs
/faqweb
/fashion_mosaic
/Fast_Lane_Checkout
/fasttrack
/favorite
/favorites
/fax
/fb
/fc
/fc_functions
/fcgi-bin
/fck_about
/fck_docprops
/fckeditor
/FCKeditor
/FCKeditor
/fck_flash
/fck_image
/fck_link
/fck_select
/fck_spellerpages
/fck_template
/fck_universalkey
/fd
/fe
/feature
/features
/features
/feed
/feed
/Feed
/feedback
/feeds
/felix
/fetch
/ff
/fi
/field
/fields
/fi_FI
/file
/file
/File
/fileadmin
/filemanager
/files
/_files
/files
/# File Source: https://cirt.net
/files.pl
/filesystem
/filesystems
/filez
/filter
/Filter
/filters
/finance
/financial
/find
/findreplace
/finger
/firefox
/firewall
/first
/fixed
/fixtures
/fj
/flags
/flags
/flash
/flash
/Flash
/flex
/flow
/flows
/flv
/fn
/folder
/folders
/folders
/font
/font
/Font
/fonts
/fonts
/foo
/foo
/foobar
/food
/footer
/footers
/form
/form
/Form
/format
/formatting
/formmail
/forms
/forms
/forrest
/fortune
/fortune
/forum
/forum
/forum1
/forum2
/forumdisplay
/forums
/forums
/forward
/foto
/foundation
/_fpclass
/fr
/fr
/frame
/frames
/frames
/framework
/framework
/free
/freebsd
/freeradius
/french
/fr_FR
/friend
/friends
/frob
/frontend
/frontpage
/fruit
/fs
/fsbb
/ft
/ftp
/ftp
/fuck
/fuckoff
/fuckyou
/full
/fullpage
/fullscreen
/fun
/fun
/func
/funcs
/function
/function
/Function
/functions
/functions
/fusion
/fusion
/fw
/fy
/g
/g
/G
/ga
/gadget
/gadgets
/ga_IE
/galaxy
/galleries
/gallery
/gallery
/gallery2
/GalleryStorage
/game
/games
/gandalf
/ganglia
/gap
/Gapps
/garbage
/gateway
/gateway
/gb
/gb
/Gbase
/gcc
/gd
/Gdata
/geeklog
/general
/general
/generic
/geo
/Geo
/german
/geronimo
/geshi
/get
/getaccess
/getjobid
/getpot
/gfx
/gid
/gift
/Gift_Certificates
/gitweb
/gl
/glimpse
/global
/global
/globals
/globals
/glossary
/gnome
/GNUmakefile
/go
/goaway
/gold
/gonzo
/google
/government
/gprs
/gq
/gr
/grant
/grants
/graphics
/graphics
/graphs
/green
/gross
/group
/group
/group1
/group2
/group3
/group4
/group5
/group6
/group7
/group8
/groupcp
/groups
/groups
/gs
/gsm
/gu
/guest
/guest
/guestbook
/guestbook
/guests
/guests
/guide
/guides
/gump
/gwen
/gwt
/h
/h
/H
/hack
/hacker
/hacking
/hackme
/hadoop
/handler
/hardcore
/hardware
/hardware
/hardy
/harmony
/h_cherry
/he
/head
/head
/HEAD
/header
/header
/HEADER.images
/headers
/headers
/heads
/health
/Health
/he_IL
/hello
/help
/help
/HELP
/helper
/helper
/Helper
/helpers
/helpers
/hf
/h_green
/hi
/hi
/hidden
/hidden
/hide
/high
/highslide
/hipaa
/history
/HISTORY
/hit
/hits
/hl
/hole
/home
/home
/homepage
/hooks
/hop
/horde
/hosting
/hosts
/hour
/hourly
/howitworks
/howto
/hp
/hp
/hr
/hr
/ht
/hta
/htbin
/htbin
/htdoc
/htdocs
/htdocs
/h_teal
/html
/HTML
/.htpasswd
/htpasswd
/http
/Http
/HTTP
/httpd
/https
/httpuser
/hu
/hu
/hu_HU
/husky
/hw
/hyper
/i
/i
/I
/i18n
/i386
/ia
/ias
/ibm
/ibmpc
/icat
/icon
/icon
/icons
/icons
/id
/id
/idea
/idea
/ideas
/ideas
/id_ID
/idn
/ids
/ie
/iespell
/iframe
/ig
/ignore
/iis
/iisadmin
/iisadmpwd
/iisadmpwd
/IISADMPWD
/iissamples
/iissamples
/image
/image
/Image
/imagefolio
/ImageManager
/images
/images
/Images
/images_small
/imapd
/img
/IMG
/imgs
/imp
/imp
/import
/import
/important
/in
/inbound
/inc
/incl
/include
/_include
/include
/includes
/includes
/incoming
/incubator
/index
/index
/index_1
/index1
/index_2
/index2
/index.cfm
/index.cgi
/inetpub
/inetsrv
/inf
/INF
/info
/info
/information
/infos
/ingres
/ingress
/init
/inline
/inlinepopups
/input
/InputFilter
/inquire
/inquiries
/inquiry
/insert
/insertdatetime
/install
/install
/INSTALL
/installer
/int
/# interest in the data to Chris Sullo so it can modified, incorporated into this product
/interfaces
/interim
/intermediate
/internal
/internals
/international
/internet
/internet
/intl
/intranet
/intranet
/intro
/ip
/ipc
/iphone
/ips
/irc
/is
/isapi
/is_IS
/iso
/iso
/isos
/issamples
/issues
/it
/it
/item
/item
/it_IT
/j
/j
/J
/j2ee
/j2me
/ja
/ja_JP
/jakarta
/ja_purity
/java
/javadoc
/java-plugin
/javascript
/javascript
/javax
/jazz
/jboss
/jdbc
/jellystone
/jenkins
/jerome
/jigsaw
/jira
/jj
/jmx-console
/JMXSoapAdapter
/job
/jobs
/joe
/john
/join
/joomla
/joomla
/journal
/jp
/jpa
/JPN
/jquery
/jqueryui
/jre
/jrun
/js
/_js
/jscalendar
/jscript
/jscripts
/json
/jsp
/jsso
/jsx
/juniper
/junk
/jvm
/k
/k
/K
/ka
/kboard
/keep
/kernel
/kernel
/keygen
/keys
/khepri
/kids
/kill
/kilroy
/Kind
/klingon
/km
/Knowledge
/known_hosts
/kodak
/ko_KR
/KOR
/l
/l
/L
/la
/labs
/labs
/lang
/lang
/lang_english
/lang_french
/langs
/language
/Language
/language_files
/languages
/large
/lasso
/Latest
/laurent
/law
/layer
/layout
/layout
/layouts
/layouts
/LC_MESSAGES
/ldap
/leader
/leaders
/leaflet
/left
/legacy
/legacy
/legal
/lehi3b15
/lenya
/leo
/letters
/level
/level
/lg
/lg_lexique
/lib
/libImaging
/libraries
/library
/library
/libs
/libs
/LICENCE
/license
/LICENSE
/LICENSE
/licenses
/light
/lightbox
/lighter
/limit
/line
/link
/link
/links
/links
/linux
/linux
/Linux
/list
/list
/listcommands
/listinfo
/lists
/live
/live
/lo
/loader
/loading
/loc
/local
/local
/locale
/location
/lock
/locked
/log
/Log
/log4j
/logfile
/logfile
/logfiles
/logger
/logging
/login
/login
/logins
/logo
/logoff
/logon
/logos
/logos
/logout
/logs
/logs
/Logs
/logsaccess_log
/lori
/lost
/lost+found
/lover
/low
/ls
/LST
/lt_LT
/lucene
/lucid
/luna
/lv
/lv_LV
/m
/m
/M
/mac
/mac
/mag
/magic
/mail
/mail
/Mail
/mailer
/mail_fetch
/mailing
/mailman
/mailman
/mails
/mailto
/main
/main
/main.cgi
/mainsail
/maint
/Makefile
/Makefile
/mambo
/manage
/manage
/management
/manager
/manager
/mango
/MANIFEST
/MANIFEST.MF
/manual
/manual
/manuals
/Manufacturers
/map
/maps
/maps
/mark
/marketing
/marlboro
/marlin
/martin
/master
/master.passwd
/match
/math
/Math
/matrix
/matrix
/maui
/maven
/mbox
/mbstring
/mcpuk
/me
/media
/media
/Media
/media_index
/medium
/mem
/member
/memberfiles
/members
/members
/membership
/Membership
/_mem_bin
/_mem_bin
/memory
/menu
/menu
/menus
/mercury
/message
/message
/Message
/message_details
/messages
/messages
/messaging
/meta
/META-INF
/microsoft
/microsoft
/migrate
/migration
/M_images
/mime
/MIME
/mimetypes
/mina
/mini
/minute
/mips
/mirror
/mirrors
/misc
/misc
/mission
/mix
/mk
/ml
/mlist
/mms
/mms
/mn
/mnet
/MNU_blank_data
/MNU_menu_data
/MNU_top_data
/MOB
/mobi
/mobile
/mobile
/mock
/mod
/mod
/mod_archive
/mod_banners
/mod_breadcrumbs
/mod_custom
/moddata
/models
/mod_feed
/mod_footer
/modifier
/Modifier
/modify
/mod_latest
/mod_latestnews
/mod_logged
/mod_login
/mod_mainmenu
/mod_menu
/mod_mostread
/mod_newsflash
/mod_online
/mod_poll
/mod_popular
/mod_quickicon
/mod_random_image
/mod_related_items
/mods
/mods
/mod_search
/mod_sections
/mod_stats
/mod_status
/mod_submenu
/mod_syndicate
/mod_title
/mod_toolbar
/module
/module
/module1
/modules
/modules
/mod_unread
/mod_whosonline
/mod_wrapper
/mojo
/money
/monitor
/monitoring
/month
/monthly
/moodle2
/more
/mosaic
/motd
/move
/movie
/movies
/mp
/mp
/mp3
/mp3
/mp3s
/mr
/ms
/ms
/MS
/msadc
/msadc
/MSADC
/msadm
/msft
/MSFT
/msi
/msie
/msn
/msql
/msql
/ms-sql
/mssql
/mta
/mtxinu
/multianswer
/multimedia
/music
/music
/Music
/mutt
/mx
/my
/my
/myadmin
/my_documents
/myfaces
/my_files
/myphpnuke
/my_pictures
/mysql
/mysql
/mysqld
/Mysqli
/n
/n
/N
/native
/nav
/navigation
/nb_NO
/nc
/net
/net
/Net
/netbsd
/netcat
/nethome
/nets
/netstat
/network
/network
/networking
/networks
/new
/new
/newmail
/news
/news
/NEWS
/newsfeed
/newsletter
/newsletter
/newsletters
/newsletters
/News_Management
/newticket
/next
/next
/nfs
/nic
/nice
/nif
/NIF
/nl
/nl
/nlm
/nl_NL
/NLS
/nn_NO
/no
/nobody
/node
/nonbreaking
/none
/noneditable
/no_NO
/note
/note
/# Note:
/notes
/_notes
/notes
/# Notes:
/notification
/notifications
/notified
/notifier
/notify
/ns
/nss
/nt4
/nuke
/nuke
/nul
/null
/number
/nwclient
/o
/O
/o2k7
/OA
/OAErrorDetailPage
/OA_HTML
/oa_servlets
/oauth
/obdc
/objects
/obsolete
/obsoleted
/ocean
/odbc
/odbc
/ode
/oem
/OEM
/ofbiz
/office
/office2003
/official
/old
/_old
/oldfiles
/old_files
/onbound
/One_Page_Checkout
/online
/oordir
/op
/OPD
/open
/openbsd
/opendir
/openejb
/openid
/OpenID
/openjpa
/opera
/operations
/opinion
/oprocmgr-status
/opt
/option
/options
/options
/oracle
/oracle
/oracle.xml.xsql.XSQLServlet
/orange
/orca
/order
/ordered
/order.log
/orders
/orders
/orders.txt
/org
/original
/os
/os2
/osc
/oscommerce
/other
/other
/outgoing
/outlaw
/outline
/output
/output
/OutputFilter
/outreach
/overrides
/overview
/owa
/ows
/ows-bin
/oxford
/p
/p
/P
/p2p
/pack
/_packager
/packages
/packages
/Packages
/packaging
/page
/page_1
/page1
/page_2
/page2
/pagebreak
/Pager
/pagers
/pages
/_pages
/pages
/paid
/panel
/panel
/paper
/papers
/papers
/par2
/parameter
/parse
/partner
/partners
/parts
/party
/pass
/pass
/pass.txt
/passwd
/passwd
/password
/password
/passwords
/passwords
/past
/paste
/patch
/patches
/pattemplate
/patTemplate
/payment
/payment
/payments
/payments
/paypal
/pbo
/PBServer
/pc
/pcat
/pci
/pcl
/pda
/pdb
/pdf
/PDF
/pdf_fonts
/pdfs
/PDG_Cart
/Pdo
/pds
/pear
/pear
/Pear
/PEAR
/peek
/pegasus
/pending
/people
/perf
/perf
/performance
/perl
/perl
/persian
/perso
/personal
/pg
/phf
/phoenix
/phone
/phones
/phorum
/photo
/photo
/photo_events
/photos
/photos
/Photos
/photos_history
/phototheque
/php
/phpbb
/phpBB
/phpBB2
/phpBB2
/phpEventCalendar
/phpgacl
/phpinputfilter
/phpInputFilter
/phpmailer
/phpmyadmin
/phpmyadmin
/phpMyAdmin
/phpMyAdmin
/phpnuke
/phpnuke
/phps
/phpunit
/phputf8
/phpxmlrpc
/pic
/pic
/picasa
/pics
/pics
/pictures
/pictures
/pii
/ping
/pipe
/pipermail
/piranha
/piranha
/pivot
/pix
/pix
/pixel
/pkg
/pkgs
/pl
/placeholder
/plain
/platform
/play
/player
/playing
/playlist
/pl_PL
/pls
/plugin
/plugin
/Plugin
/plugins
/_plugins
/plugins
/pm
/pm
/po
/poc
/poi
/policies
/policy
/policy
/politics
/poll
/poll
/polls
/polls
/pool
/pop
/pop
/pop3
/popup
/popup
/popups
/porn
/port
/portal
/portal
/portals
/portfolio
/portlet
/ports
/pos
/post
/posted
/posters
/postgres
/postgres
/postgresql
/postnuke
/postpaid
/posts
/pr
/pr0n
/pre
/prefs
/premium
/prep
/prepaid
/presentation
/presentations
/preserve
/press
/preview
/preview
/previews
/previous
/pricing
/prime
/print
/print
/printenv
/printer
/printer
/printers
/priv
/privacy
/PRIVACY
/private
/_private
/_private
/private
/pro
/problems
/proc
/procedures
/prod
/product
/product_info
/production
/products
/profile
/profile
/profiles
/profiling
/proftpd
/program
/Program
/programming
/programs
/project
/project
/projects
/projects
/promo
/Promotion
/prop
/properties
/property
/props
/prot
/protect
/protected
/protected
/protection
/protector
/proto
/Provider
/proxies
/proxy
/prv
/ps
/ps
/psd
/psql
/pt
/pt
/pt_BR
/ptj
/pt_PT
/pub
/pub
/public
/public
/publication
/publications
/public_html
/publish
/pubs
/pull
/purchase
/purchases
/purchasing
/push
/pw
/pw
/pwd
/py
/python
/python
/q
/q
/Q
/qotd
/qpid
/queries
/query
/Query
/question
/queue
/queues
/quote
/quotes
/r
/r
/R
/ra
/radio
/RAID
/random
/rating
/rav
/raw
/rdf
/read
/Reader
/reading
/readme
/readme
/Readme
/README
/README
/ready
/realestate
/recaptcha
/receive
/received
/recharge
/record
/recorded
/recorder
/records
/recovery
/recruit
/recycle
/recycled
/Recycled
/red
/redir
/redirect
/reference
/refs
/reg
/register
/register
/registered
/registration
/registrations
/registry
/release
/Release
/ReleaseNotes
/RELEASE_NOTES
/releases
/releases
/# relicensed or reused.
/relnotes
/remind
/remind
/reminder
/remote
/remote
/remotes
/remove
/removed
/render
/rendered
/renderer
/Renderer
/rep
/repl
/replica
/replicas
/replicate
/replicated
/replication
/replicator
/reply
/report
/report
/reporting
/reports
/reports
/Repository
/reprints
/req
/reqs
/request
/Request
/requests
/requisition
/requisitions
/_res
/res
/research
/research
/reset
/resin
/resize
/resource
/resource
/Resource
/resources
/resources
/Response
/rest
/restore
/restored
/restricted
/results
/retail
/retail
/RETAIL
/reverse
/reversed
/revert
/reverted
/review
/reviews
/reviews
/rhuk_milkyway
/riacs
/right
/ro
/roam
/roaming
/robot
/robots
/rock
/roller
/ronin
/room
/root
/root
/Root
/Root
/ro_RO
/roskilde
/rouge
/rpc
/rpc
/Rpc
/rpm
/rss
/rte
/RTE_configuration
/rti
/rtl
/ru
/ru
/ruby
/rule
/rules
/run
/ru_RU
/rvscompodb
/rvsincludefile
/rvslib
/rvs_library
/rvtheme
/rvtheme_admin
/rwservlet
/s
/s
/S
/s3
/s5
/safari
/sale
/sales
/sales
/sam
/sam
/samba
/samba
/saml
/sample
/_sample
/sample
/samples
/_samples
/samples
/Samples
/sanfran
/sav
/save
/saved
/saves
/sbin
/scan
/scanned
/scans
/sched
/schedule
/scheduled
/scheduling
/schema
/schema
/science
/scm
/scr
/screen
/screens
/screenshot
/screenshots
/script
/script
/scriptaculous
/scriptlet
/scriptlets
/scripts
/scripts
/Scripts
/sdk
/sdk
/se
/search
/search
/Search
/searchreplace
/sec
/second
/secret
/secret
/secrets
/section
/section
/sections
/secure
/secure
/secured
/security
/security
/seed
/sei
/seit
/select
/selector
/sell
/seminaria
/send
/sendmail
/sendto
/sensor
/sent
/sentinel
/sent_subfolders
/sequent
/serial
/serv
/serve
/server
/server
/Server
/server-info
/servers
/servers
/server-status
/service
/service
/services
/services
/Services
/servlet
/servlet
/servlets
/session
/session
/sessions
/setting
/setting
/settings
/settings
/setup
/setup
/SETUP
/setupdir
/SETUPDIR
/sh
/shadow
/shans1
/shans10
/shans2
/shans3
/shans4
/shans5
/shans6
/shans7
/shans8
/shans9
/share
/share
/shared
/shared
/shares
/shark
/shell
/ship
/shipped
/shipping
/shipping
/shop
/shop
/shopper
/shopping
/shops
/shoutbox
/show
/show
/showcat
/showcode.asp
/showenv
/showjobs
/showmap
/showmsg
/show_post
/showpost
/show_thread
/showthread
/shrdlu
/shtml.dll
/shtml.exe
/si
/sierra
/sign
/signed
/signer
/signin
/signing
/signoff
/signon
/signout
/signup
/silk
/silver
/simple
/simple
/simplecommands
/simplepie
/simpletest
/singer
/sink
/site
/site
/siteadmin
/site_map
/site-map
/sitemap
/Sitemap
/sites
/Sites
/SiteScope
/SiteServer
/sk
/skel
/skin
/skin
/skins
/skins
/skip
/sk_SK
/sl
/sl
/slices
/slider
/slideshow
/sling
/sl_SI
/sm
/sm
/small
/smarty
/smile
/smiles
/smiles
/smiley
/.smileys
/smilies
/sms
/smtp
/snapshots
/sneezy
/snippets
/snoop
/soap
/soap
/soaprouter
/social
/soft
/software
/software
/solaris
/solaris
/sold
/solution
/solutions
/sounds
/source
/_source
/_source
/source
/sources
/Sources
/soutbox
/sox
/sp
/sp2gdr
/sp2qfe
/SP2QFE
/space
/spacer
/spam
/spam
/spamcop
/spanish
/sparc
/sparc64
/special
/specials
/speech
/spellchecker
/spellerpages
/sphinx
/spice
/spiff
/spiffyCal
/spock
/sponsor
/sponsors
/sponsors
/spool
/spool
/sport
/sports
/Spreadsheets
/SpryAssets
/Spy
/sql
/SQL
/sqlnet
/sql.php3
/sqlqhit.asp
/SQLQHit.asp
/squirrel
/squirrelmail
/squirrelspell
/sr
/src
/_src
/src
/srv
/sr_YU
/ss
/ss
/ssh
/sshots
/ssi
/ssi
/ssl
/ssl
/sslvpn
/ssn
/sso
/staff
/staff
/staging
/standalone
/standard
/standards
/standards
/standart
/star
/stars
/start
/stat
/stat
/Stat
/statement
/statements
/static
/staticpages
/statistic
/statistics
/stats
/stats
/status
/status
/status.php3
/steps
/stills
/stock
/storage
/storage
/Storage
/store
/store
/stored
/stories
/stories
/story
/Strategy
/structure
/strut
/struts
/student
/students
/studio
/stuff
/style
/style
/styles
/styles
/stylesheets
/sub
/submissions
/submit
/subscribe
/subscribed
/subscriber
/subscribers
/subscription
/subscriptions
/success
/suite
/suites
/sulu
/sun
/sun
/sun2
/sun3
/sunos
/SUNWmc
/super
/super
/supercache
/suphp
/support
/support
/surf
/survey
/survey
/surveys
/sv
/sv_SE
/swf
/swift
/sws
/symbols
/SYMBOLS
/SYMBOLS.PRI
/synapse
/sync
/synced
/sys
/sys
/sysadmin
/sysmanager
/system
/system
/SYSTEM
/system32
/systems
/sysuser
/t
/t
/T
/ta
/tab
/tabfocus
/table
/tablecommands
/tables
/tabs
/tac
/tag
/tag
/Tag
/tags
/tags
/talk
/tape
/tapes
/tapestry
/tb
/TB_IMG
/tcl
/tcpdf
/te
/team
/tech
/tech
/technical
/technology
/technote
/tel
/tele
/temp
/TEMP
/templ
/template
/template
/TEMPLATE
/TemplateCache
/templates
/templates
/Templates
/templates_c
/terminal
/terms
/tesseract
/test
/_test
/test1
/test1
/test123
/test1234
/test2
/test2
/test3
/_testcases
/test-cgi
/test-env
/testimonial
/testimonials
/testing
/testing
/tests
/tests
/tex
/texis
/text
/Text
/texts
/th
/theme
/theme
/themed_graphics
/ThemeOffice
/themes
/_themes
/themes
/theory
/# This file may not be used with any software product without written permission from
/# This file may only be distributed and used with the full Nikto package.
/thread
/threads
/thumb
/thumb
/thumbnail
/thumbnails
/thumbnails
/thumbs
/.thumbs
/thumbs
/Thumbs.db
/thunderbird
/ti
/tickets
/tiger
/tiki
/tiles
/T_IMG
/tinman
/tinymce
/tiny_mce
/tip
/tips
/title
/tl
/tls
/tmc
/tmp
/TMP
/tmpl
/tmpl
/tmps
/tn
/toc
/todo
/TODO
/TODO
/toggle
/tolkien
/tomcat
/tool
/toolbar
/toolbar
/toolkit
/tools
/tools
/Tools
/top
/top
/topic
/topics
/topics
/torrent
/torrents
/tos
/tour
/tpl
/tpv
/tr
/tr
/trac
/traceroute
/traces
/track
/trackback
/tracker
/trackers
/tracking
/tracks
/traffic
/trailer
/trailers
/training
/trans
/transformations
/translate
/transparent
/transport
/trash
/travel
/treasury
/tree
/tree
/treeNav
/trees
/trial
/tr_TR
/trunk
/trw
/tsweb
/tt
/tulip
/turbine
/tuscany
/tutorial
/tutorials
/tv
/tweak
/type
/typo3
/typo3conf
/u
/u
/U
/ubb
/uds
/ug
/ui
/uk
/uk
/uk_UA
/um
/umts
/union
/unix
/unix
/unknown
/unlock
/unreg
/unregister
/unsubscribe
/up
/upd
/update
/update
/updated
/updater
/updates
/updates
/upfile
/upfiles
/upgrade
/UPGRADE
/upgrades
/UPGRADING
/upload
/upload
/uploader
/uploads
/uploads
/ur
/url
/url
/urls
/us
/us
/usa
/usage
/usage
/user
/user
/user1
/user2
/userdb
/userlog
/users
/users
/usr
/util
/util
/Util
/utilities
/utilities
/utility
/utils
/utils
/v
/v
/V
/v1
/v2
/v2
/var
/vault
/vax
/vb
/vector
/vector
/velocity
/vendor
/ver
/ver1
/ver2
/VER_sel_data
/version
/version
/VERSION
/#VERSION,1.0
/vfs
/vi
/video
/video
/videos
/videos
/view
/view
/View
/ViewCode.asp
/viewcvs
/viewforum
/viewonline
/views
/views
/view-source
/viewsource
/viewsvn
/viewtopic
/viewvc
/vim
/virtual
/virus
/visualchars
/vivid_dreams
/vlsi
/vm
/vm
/vms
/voice
/voip
/vol
/vote
/voter
/votes
/vpn
/_vti_adm
/_vti_aut
/_vti_bin
/_vti_bin
/_vti_cnf
/_vti_cnf
/_vti_log
/_vti_pvt
/_vti_pvt
/_vti_txt
/_vti_txt
/vuln
/w
/w
/W
/w3
/w3c
/wa
/wap
/war
/warez
/waves
/way-board
/wbboard
/wc
/weather
/web
/web
/webaccess
/webadmin
/webagent
/webalizer
/webalizer
/webapp
/webb
/webbbs
/web-beans
/webboard
/webcalendar
/webcart
/webcart
/webcasts
/webcgi
/webchat
/web-console
/webdata
/webdav
/webdb
/WEB-INF
/weblink
/weblog
/weblog
/weblogic
/weblogs
/weblogs
/webmail
/webmail
/webmaster
/webmaster_logs
/webplus
/webshop
/WebShop
/website
/websphere
/websql
/webstat
/webstats
/webstats
/websvn
/webwork
/week
/weekly
/wei
/welcome
/wget
/WHATISTHIS
/white
/whitepapers
/whois
/whosonline
/wicket
/wifi
/wiki
/win
/win2000
/WIN2000
/Win2k
/win32
/win95
/WIN95
/Win98
/WIN98
/win9x
/Win9x
/windows
/windows
/WINDOWS
/win.ini
/WINME
/winnt
/winnt
/WINNT
/winnt351
/winnt40
/winxp
/WINXP
/wireless
/wlw
/wml
/wombat
/wood
/word
/word
/WORD
/wordpress
/wordpress
/work
/work
/working
/world
/wp
/wp
/wp-content
/wp-dbmanager
/wp-includes
/wp-login
/wp-syntax
/wpThumbnails
/wrap
/Writer
/ws
/wsc
/ws-client
/wsdocs
/ws_ftp
/WS_FTP
/wstats
/wtai
/www
/_www
/www
/www1
/www2
/www3
/wwwboard
/wwwboard
/wwwlog
/wwwroot
/www-sql
/wwwstat
/wwwstats
/wwwstats
/wwwthreads
/wwwuser
/wysiwyg
/wysiwyg
/x
/x
/X
/x86_64
/xalan
/xerces
/xhtml
/xhtmlxtras
/xinu
/xml
/XML
/xmlrpc
/xmlrpc
/xp
/xslt
/xsql
/xsql
/xstandard
/Xtras
/xv
/xxx
/XXX
/xyzzy
/y
/y
/Y
/yacs
/Yadis
/yahoo
/year
/yearly
/yoda
/youtube
/YouTube
/yt
/yui
/z
/z
/Z
/zboard
/zen
/zencart
/zend
/Zend
/zero
/zh_CN
/zh_TW
/zImage
/zinfandel
/zip
/zipfiles
/zips
/zoom
/zoom
/zope
/zorum
