/_layouts/managefeatures.aspx
/customizereport.aspx
/_layouts/3082/filedlg.htm
/excelprofilepage.aspx
/_layouts/filtervaluespickerdialog.aspx
/_layouts/1033/wpeula.aspx
/_layouts/1033/reporthome.aspx
/releasehold.aspx
/managecrawlrules.aspx
/_layouts/1033/webperm.aspx
/_layouts/copyutil.aspx
/listindexes.aspx
/_layouts/1033/listcontentsources.aspx
/_layouts/1033/editprofile.aspx
/_layouts/smtcommentsdialog.aspx
/holdreport.aspx
/_vti_bin/expurlwp.aspx
/_layouts/variationsettings.aspx
/_layouts/1033/listsearchschedules.aspx
/_layouts/irmrept.aspx
/_layouts/1033/new.aspx
/imaging.asmx
/_layouts/audience_main.aspx
/_layouts/1033/spmovelisting.aspx
/xlviewer.aspx
/exportpolicy.aspx
/aclver.aspx
/scope.aspx
/_layouts/profmain.aspx
/_layouts/download.aspx
/newsiterule.aspx
/sitedirectory/pages/category.aspx
/mobile/newcomment.aspx  
/_layouts/1033/spscreate.aspx
/_layouts/3082/menu.htc
/_layouts/3082/editgrp.aspx
/_layouts/1033/filetypes.aspx
/listsearchscopes.aspx
/_layouts/3082/myalerts.aspx
/ssocli.dll
/_layouts/3082/scsignup.aspx
/pages/forms/dispform.aspx
/_layouts/bpcf.aspx
/_layouts/editpropertynames.aspx
/_layouts/3082/useredit.aspx
/editrelevancesettings.aspx
/_layouts/1033/noteswizard1.aspx
/_layouts/3082/alertserror.aspx
/3082
/workflow.aspx
/addfieldfromtemplate.aspx
/newcatalog.aspx
/irmrept.aspx
/_layouts/1033/error.htm
/_layouts/3082/spcf.aspx
/permissionsdisco.aspx
/_layouts/aclinv.aspx
/pageversioninfo.aspx
/siteoperationrefuse.aspx
/_layouts/addrole.aspx
/audience_edit.aspx
/_vti_bin/userprofileservice.asmx
/_layouts/wrktaskip.aspx
/_layouts/3082/viewtype.aspx
/_layouts/1033/webdeleted.aspx
/_layouts/authenticate.aspx
/searchwsdl.aspx
/app_globalresources
/cstwrkflip.aspx
/savetmpl.aspx
/_layouts/fldnewex.aspx
/_layouts/3082/webperm.aspx
/_layouts/selectmanagedproperty.aspx
/exportwp.aspx
/_layouts/variationlabels.aspx
/mobile/default.aspx           
/_layouts/wsrpmarkupproxy.aspx
/mngsubwebs.aspx
/_layouts/3082/rfpxform.aspx
/audience_sched.aspx
/_layouts/officialfilesetup.aspx
/sitepp1.aspx
/formserverattachments.aspx
/variationexport.aspx
/keywordbbman.aspx
/editgrp.aspx
/_vti_bin/global.asax
/_layouts/3082/newsbweb.aspx
/_layouts/3082/error.htm
/_layouts/3082/hierarchyman.ascx
/policycts.aspx
/_layouts/1033/viewnew.aspx
/getssploginfo.aspx
/_vti_bin/publishingservice.asmx
/_vti_bin/searchdisco.aspx
/aclinv.aspx
/_vti_bin/alertsdisco.aspx
/_layouts/1033/iframe.htm
/_vti_bin/searchwsdl.aspx
/_layouts/3082/advsetng.aspx
/sps
/_layouts/create.aspx
/_vti_bin/dspstsdisco.aspx
/_layouts/3082/editsearchschedule.aspx
/workspce.aspx
/_layouts/deactivatefeature.aspx
/contentaccessaccount.aspx
/_vti_aut
/_layouts/3082/noteswizard4.aspx
/microsoft.sharepoint.portal.dll
/lroperationstatus.aspx
/_layouts/3082/spaddrole.aspx
/objectcachesettings.aspx
/_vti_bin/meetingsdisco.aspx
/spcataddperm.aspx
/_layouts/tnreord.aspx
/_layouts/mobile/bloghome.aspx          
/_layouts/postback.formserver.aspx
/_layouts/addfiletype.aspx
/_layouts/signaturedetailspngloader.formserver.aspx
/bin
/_layouts/3082/qstedit.aspx
/addfiletype.aspx
/_layouts/mobile/dispform.aspx  
/mysiteheader.aspx
/_layouts/iviewhost.aspx
/_layouts/3082/savetmpl.aspx
/rte2ecell.aspx
/_layouts/policylist.aspx
/50
/_layouts/fldnew.aspx
/viewsdisco.aspx
/wrkstat.aspx
/_layouts/rcxform.aspx
/error.aspx
/_layouts/editprms.aspx
/dwsdisco.aspx
/_layouts/1033/vsubwebs.aspx
/_vti_bin/webpartpages.asmx
/_layouts/3082/editsearchsettings.aspx
/_layouts/helpcontent.aspx
/editpropertynames.aspx
/_layouts/3082/role.aspx
/_layouts/audience_sched.aspx
/_layouts/barcodeimagefromitem.aspx
/_vti_bin/areaservicewsdl.aspx
/feed.aspx
/_layouts/matchingrule.aspx
/matchingrule.aspx
/viewedit.aspx
/_layouts/editrole.aspx
/sps/portalcreatesuccess.aspx
/_layouts/ewrfind.aspx
/_layouts/copy.aspx
/_vti_bin/workflow.asmx
/officialfilesetup.aspx
/_layouts/1033
/_layouts/managecopies.aspx
/bdcadminui/viewbdcapplication.aspx
/_vti_bin/permissions.asmx
/spusagesitetoppages.aspx
/unapprovedresources.aspx
/_layouts/spcf.aspx
/_layouts/1033/notesedit.aspx
/_layouts/3082/newgrp.aspx
/_layouts/1033/avreport.aspx
/_layouts/3082/editproperty.aspx
/_layouts/formresource.aspx
/mobile/mobileformserver.aspx  
/_layouts/setrqacc.aspx
/_layouts/3082/webdeleted.aspx
/portalapi.aspx
/_layouts/1033/help.aspx
/_layouts/emaildetails.aspx
/_layouts/1033/sitepp1.aspx
/itemrwfassoc.aspx
/_layouts/assetportalbrowser.aspx
/spusageconfig.aspx
/slnew.aspx
/bdcadminui/exportbdcapplication.aspx  
/mgrproperty.aspx
/_layouts/3082/htmltrverify.aspx
/_layouts/holdreport.aspx
/_layouts/formserverattachments.aspx
/_layouts/3082/spthemes.xml
/bpcf.aspx
/portalcreatesuccess.aspx
/helpcontent.aspx
/grpmbrs.aspx
/_layouts/3082/createmysite.aspx
/addnavigationlinkdialog.aspx
/officialfilesuccess.aspx
/mcontent.aspx
/_vti_bin/outlookadapterdisco.aspx
/_layouts/1033/viewedit.aspx
/_vti_bin/viewswsdl.aspx
/portalview.aspx
/_layouts/3082/audience_view.aspx
/properties.aspx
/dspsts.asmx
/_layouts/rte2pueditor.aspx
/subchoos.aspx
/redirectpage.aspx
/_layouts/accessdenied.aspx
/_layouts/excelprofilepage.aspx
/setrqacc.aspx
/_layouts/1033/speditcategory.aspx
/usergroupdisco.aspx
/_layouts/3082/profmngr.aspx
/variationsettings.aspx
/_layouts/excelserversafedataproviders.aspx
/_layouts/spusagesitesearchresults.aspx
/_layouts/3082/mgrdsserver.aspx
/_layouts/sledit.aspx
/_layouts/rfpxform.aspx
/spcatsec.aspx
/mobile/viewcomment.aspx
/_layouts/3082/userpicker.aspx
/_layouts/3082/spanon.aspx
/_layouts/bdcadminui/addbdcaction.aspx
/_layouts/ewrtop10.aspx
/userprofileservicewsdl.aspx
/_layouts/reorder.aspx
/create.aspx
/_layouts/1033/portalsettings.aspx
/_layouts/3082/reqacc.aspx
/_layouts/1033/cspp1.aspx
/_layouts/1033/storman.aspx
/password.aspx
/new.aspx
/_layouts/3082/wpprevw.aspx
/updateschedule.aspx
/_layouts/3082/dws.aspx
/_layouts/conngps.aspx
/_layouts/templatepick.aspx
/hold.aspx
/_layouts/3082/spcatsec.aspx
/spnewdashboard.aspx
/_layouts/1033/savetmpl.aspx
/_layouts/1033/alertserror.aspx
/_layouts/reqfeatures.aspx
/_vti_bin/shtml.dll
/success.aspx
/news/pages/default.aspx
/_layouts/3082/editdisplaymapping.aspx
/_layouts/3082/avreport.htm
/_layouts/1033/editrole.aspx
/wfelist.aspx
/pages/forms/editform.aspx
/permsetup.aspx
/mgrdsserver.aspx
/_layouts/3082/newdisplaymapping.aspx
/remwrkfl.aspx
/_layouts/mngsubwebs.aspx
/_layouts/1033/categorypickerpopup.aspx
/cmsslwpeditview.aspx
/variationlabels.aspx
/dws.aspx
/catman.aspx
/_layouts/3082/ssologon.aspx
/metaweblog.aspx
/_layouts/1033/allgrps.aspx
/helpsearch.aspx
/dmworkspacemgmt.aspx
/signatureeula.formserver.aspx
/_layouts/3082/rcxform.aspx
/_layouts/3082/alertsadmin.aspx
/_layouts/changecontenttypeoptionalsettings.aspx
/_layouts/1033/urltranslate.aspx
/download.aspx
/_layouts/1033/autocat.aspx
/_layouts/helpsearch.aspx
/_layouts/3082/applyregionalsettings.aspx
/rte2etable.aspx
/_layouts/3082/vsubwebs.aspx
/advsetng.aspx
/userprofileservice.asmx
/sitemanager.aspx
/sitesubs.aspx
/_layouts/nocrawlsettings.aspx
/_layouts/1033/editsearchschedule.aspx
/vssettings.aspx
/listsearchschedules.aspx
/dmplaceholder.aspx
/_layouts/dmplaceholder.aspx
/_layouts/1033/filedlg.htm
/pagesettings.aspx
/_layouts/myquicklinks.aspx
/_layouts/3082/setimport.aspx
/_layouts/myinfo.aspx
/_layouts/3082/searchresults.aspx
/_layouts/3082/spscreate.aspx
/_layouts/3082/subnew.aspx
/_layouts/3082/alertdirectory.aspx
/mycontactlinks.aspx
/_layouts/usage.aspx
/_layouts/3082/profadminedit.aspx
/_layouts/mobile/newpost.aspx
/dws.asmx
/_layouts/1033/logviewer.aspx
/_vti_bin/formsdisco.aspx
/_layouts/lstsetng.aspx
/_layouts/managecontenttype.aspx
/_layouts/spusagesitesearchqueries.aspx
/_layouts/spusagesspsearchqueries.aspx
/_layouts/backlinks.aspx
/_layouts/newlink.aspx
/changecontenttypeorder.aspx
/_layouts/3082/editalert.aspx
/_layouts/newmws.aspx
/addwrkfl.aspx
/_layouts/portal.aspx
/copy.aspx
/_controltemplates
/setanon.aspx
/_layouts/3082/mysiteheader.aspx
/_layouts/1033/rcxform.aspx
/_layouts/3082/copyrole.aspx
/_layouts/checkin.aspx
/_layouts/usagedetails.aspx
/_vti_bin/webpartpageswsdl.aspx
/sitelist.aspx
/_layouts/3082/portalproperties.aspx
/_layouts/3082/progresspage.aspx
/_layouts/3082/folders.aspx
/_layouts/3082/infopage.aspx
/importdata.aspx
/_layouts/1033/sitesubs.aspx
/_layouts/3082/lstman2.aspx
/_vti_bin/bdcfieldsresolver.asmx
/_layouts/1033/themeweb.aspx
/excelservertrusteddcl.aspx
/_layouts/3082/addgrp2.aspx
/publishback.aspx
/_layouts/rellinksscopesettings.aspx
/_layouts/new.aspx
/imagingwsdl.aspx
/spanon.aspx
/_layouts/getsspstatus.aspx
/_layouts/1033/spsviewtype.aspx
/scsignup.aspx
/_layouts/3082/spnewgroup.aspx
/_layouts/searchandaddtohold.aspx
/_layouts/3082/listsearchscopes.aspx
/docs/_layouts/viewlsts.aspx
/managecontenttypefield.aspx
/progresspage.aspx
/_layouts/1033/success.aspx
/_layouts/3082/grpmbrs.aspx
/mobile/delete.aspx            
/_layouts/1033/userdisp.aspx
/_layouts/formserver.aspx
/_layouts/1033/portalproperties.aspx
/exemptpolicy.aspx
/_layouts/1033/editproperty.aspx
/backlinks.aspx
/cmsslwpaddeditgroup.aspx
/_layouts/ewrcustomfilter.aspx
/_layouts/3082/profmain.aspx
/_layouts/3082/checkin.aspx
/_layouts/success.aspx
/_layouts/mobile/viewcomment.aspx
/mobile/mblerror.aspx  
/_layouts/navoptions.aspx
/mysite/person.aspx
/rte2erowcolsize.aspx
/linkschecker.aspx
/_layouts/editview.aspx
/_layouts/excelcellpicker.aspx
/farmtopologyview.aspx
/_layouts/1033/viewseclsts.aspx
/_layouts/gear.aspx
/reports/pages/default.aspx
/keyword.aspx
/mobile/dispform.aspx  
/_layouts/3082/subedit.aspx
/webswsdl.aspx
/_layouts/osssearchresults.aspx
/_layouts/3082/spnewlisting.aspx
/_layouts/1033/grpsel.aspx
/_layouts/3082/discbar.aspx
/_layouts/spusagewebhomepage.aspx
/_layouts/unapprovedresources.aspx
/_layouts/1033/menu.htc
/_layouts/webpartgallerypickerpage.aspx
/_layouts/variationexport.aspx
/_layouts/associatedgroups.aspx
/_layouts/assetimagepicker.aspx
/_layouts/1033/accessdeniedpage.aspx
/_layouts/reqgroup.aspx
/mngsiteadmin.aspx
/_layouts/renderudc.aspx
/versions.aspx
/_vti_bin/_vti_aut/author.dll
/longrunningoperationprogress.aspx
/_vti_bin/areaservice.asmx
/_layouts/xlviewer.aspx
/_layouts/publishback.aspx
/_layouts/profileredirect.aspx
/subnew.aspx
/_layouts/1033/copyrole.aspx
/_layouts/3082/download.aspx
/_layouts/newvariationsite.aspx
/searchcenter/_layouts/viewlsts.aspx
/_vti_bin/spsearch.asmx
/_layouts/1033/userinfo.aspx
/mygrps.aspx
/_vti_bin/spscrawldisco.aspx
/_vti_adm/admin.asmx
/permissionswsdl.aspx
/_layouts/toolpane.aspx
/_layouts/1033/dws.aspx
/_layouts/3082/workspce.aspx
/excelserversettings.aspx
/_layouts/bdcadminui/bdcentities.aspx           
/_layouts/rte2ecell.aspx
/versionsdisco.aspx
/wrkmng.aspx
/_layouts/spusagesitereferrers.aspx
/_layouts/1033/spcontnt.aspx
/genericpicker.aspx
/_layouts/enhancedsearch.aspx
/_vti_bin/search.asmx
/_layouts/viewscopesettings.aspx
/emailsettings.aspx
/reghost.aspx
/_layouts/1033/spnewlisting.aspx
/audience_view.aspx
/_vti_bin/formsservices.asmx
/_layouts/1033/grpmbrs.aspx
/_layouts/editproperty.aspx
/newalert.aspx
/_layouts/addcontenttypetolist.aspx
/_layouts/3082/conngps.aspx
/_layouts/1033/subchoos.aspx
/alertdirectory.aspx
/_layouts/editnav.aspx
/_layouts/1033/logsummary.aspx
/fldnew.aspx
/_layouts/1033/srman.aspx
/wsrpmarkupproxy.aspx
/changesitemasterpage.aspx
/createmysite.aspx
/updatecopies.aspx
/profileredirect.aspx
/fldpick.aspx
/_layouts/3082/propertyproperties.aspx
/_vti_bin/dwsdisco.aspx
/avreport.aspx
/help
/profnew.aspx
/spscrawlwsdl.aspx
/spscrawldisco.aspx
/_layouts/metaweblog.aspx
/sitedatawsdl.aspx
/_layouts/portalview.aspx
/_layouts/3082/editsection.aspx
/_layouts/3082/confirmalert.aspx
/_layouts/editrelevancesettings.aspx
/_layouts/1033/newmws.aspx
/_layouts/1033/workspce.aspx
/userinfo.aspx
/_layouts/3082/catpp1.aspx
/_layouts/viewnew.aspx
/newpagelayout.aspx
/audience_chooser2.aspx
/_layouts/1033/mcontent.aspx
/_layouts/3082/htmledit.aspx
/_layouts/3082/wpeula.aspx
/sps/default.aspx
/_layouts/1033/editalert.aspx
/mobile/view.aspx
/zoombldr.aspx
/_layouts/3082/fontdlg.htm
/wpresources
/viewlsts.aspx
/webpartgallerypickerpage.aspx
/dwswsdl.aspx
/_layouts/mobile/mbllogout.aspx   
/toolpane.aspx
/doctrans.aspx
/_layouts/fldedit.aspx
/_layouts/3082/regionalsetng.aspx
/_vti_bin/exportwp.aspx
/_layouts/1033/portalheader.aspx
/noteswizard1.aspx
/_layouts/logviewer.aspx
/_layouts/mtgredir.aspx
/_layouts/1033/default.aspx
/_layouts/3082/survedit.aspx
/usagedetails.aspx
/_layouts/wpeula.aspx
/_layouts/slnew.aspx
/_layouts/3082/selectuser.aspx
/_layouts/3082/spcataddperm.aspx
/_layouts/searchreset.aspx
/_layouts/spusagewebtoppages.aspx
/_vti_bin/sitesdisco.aspx
/_layouts/3082/subchoos.aspx
/catpp1.aspx
/_layouts/1033/setanon.aspx
/_layouts/1033/zoombldr.aspx
/_layouts/spusageconfig.aspx
/_layouts/3082/userinfo.aspx
/managecheckedoutfiles.aspx
/sitedirectory/pages/sitemap.aspx
/_layouts/1033/catman.aspx
/areaservicedisco.aspx
/_layouts/newdwp.aspx
/editdisplaymapping.aspx
/_layouts/exemptpolicy.aspx
/smtcommentsdialog.aspx
/choosecs.aspx
/_layouts/1033/speditgroup.aspx
/webadmin.aspx
/accessdenied.aspx
/docs/lists/announcements/dispform.aspx
/_layouts/enablealerts.aspx
/_layouts/3082/instable.htm
/wrktaskip.aspx
/_layouts/hold.aspx
/_layouts/3082/new.aspx
/_layouts/listedit.aspx
/areatemplatesettings.aspx
/_layouts/editpolicy.aspx
/schema.aspx
/_vti_bin/webpartpagesdisco.aspx
/_layouts/policy.aspx
/_layouts/1033/associateportal.aspx
/_layouts/printloader.formserver.aspx
/spthemes.xsd
/filetypes.aspx
/_layouts/3082/cspp2.aspx
/_layouts/createws.aspx
/mtgredir.aspx
/grpsel.aspx
/_layouts/3082/confirmation.aspx
/_layouts/excelservertrustedlocations.aspx
/_vti_bin/permissionsdisco.aspx
/_layouts/srchrss.aspx
/usage.aspx
/_layouts/viewscopes.aspx
/spusagesspsearchresults.aspx
/_layouts/itemrwfassoc.aspx
/siteusrs.aspx
/admin.dll
/assetportalbrowser.aspx
/_layouts/3082/webadmin.aspx
/_layouts/1033/editsection.aspx
/_layouts/3082/qstnew.aspx
/rfpxform.aspx
/_layouts/3082/newdwp.aspx
/bdcadminui/bdcapplications.aspx    
/managefeatures.aspx
/_layouts/1033/wpprevw.aspx
/infopage.aspx
/discbar.aspx
/_layouts/excelservertrusteddcl.aspx
/_layouts/3082/publishback.aspx
/_layouts/3082/editrole.aspx
/_layouts
/spusagesspsearchqueries.aspx
/_layouts/bdcadminui/addbdcapplication.aspx  
/_layouts/ewrfilter.aspx
/_layouts/1033/aclinv.aspx
/bdcadminui/addbdcapplication.aspx  
/_layouts/1033/spnewgroup.aspx
/signaturedetails.formserver.aspx
/_layouts/pageversioninfo.aspx
/getdataconnectionfile.aspx
/_layouts/3082/htmltranslate.aspx
/_layouts/spsredirect.aspx
/spusagewebhomepage.aspx
/containerpicker.aspx
/_layouts/3082/audience_chooser2.aspx
/_layouts/bestbet.aspx
/_layouts/excelrenderer.aspx
/_layouts/3082/profnew.aspx
/formswsdl.aspx
/wrksetng.aspx
/_layouts/3082/srman.aspx
/editcopyinformation.aspx
/_vti_adm
/_layouts/3082/error.aspx
/_vti_bin/versionsdisco.aspx
/searchsspsettings.aspx
/_layouts/managecheckedoutfiles.aspx
/_layouts/listenabletargeting.aspx
/vslist.aspx
/_layouts/1033/editdisplaymapping.aspx
/nocrawlsettings.aspx
/selectmanagedproperty.aspx
/_layouts/3082/deleteweb.aspx
/filter.aspx
/pickertreeview.aspx
/_layouts/manageprivacypolicy.aspx
/_layouts/3082/newfiletype.aspx
/_vti_bin/areaservicedisco.aspx
/lstman2.aspx
/_layouts/excelserveruserdefinedfunction.aspx
/_layouts/exportpolicy.aspx
/_layouts/1033/mapproperty.aspx
/_vti_bin/microsoft.sharepoint.portal.singlesignon.dll
/searchscope.aspx
/editdsserver.aspx
/_layouts/listgeneralsettings.aspx
/_layouts/1033/mysubs.aspx
/profadminedit.aspx
/_layouts/1033/regionalsetng.aspx
/mobile/mbllists.aspx    
/_layouts/3082/searchscope.aspx
/_layouts/cmsslwpeditview.aspx
/categorypickerpopup.aspx
/_layouts/1033/mygrps.aspx
/_layouts/1033/htmltrverify.aspx
/_layouts/folders.aspx
/pages/forms/combine.aspx
/viewswsdl.aspx
/_layouts/htmltrredir.aspx
/manageservicepermissions.aspx
/meetingsdisco.aspx
/portalsettings.aspx
/_layouts/1033/applyregionalsettings.aspx
/picker.aspx
/_layouts/regionalsetng.aspx
/aspxform.aspx
/_layouts/help.aspx
/_layouts/1033/subnew.aspx
/versions.asmx
/_layouts/picker.aspx
/sps/farmtopologyview.aspx
/storman.aspx
/_layouts/addservernamemappings.aspx
/autocat.aspx
/spusagewebusers.aspx
/_layouts/3082/settings.aspx
/_layouts/3082/spsviewtype.aspx
/siteswsdl.aspx
/_vti_bin/meetingswsdl.aspx
/logviewer.aspx
/_vti_bin/imaging.asmx
/spsredirect.aspx
/irm.aspx
/_layouts/1033/portal.aspx
/_layouts/3082/spsaclinv.aspx
/_layouts/spusagewebclickthroughs.aspx
/mymemberships.aspx
/_layouts/3082/logviewer.aspx
/sledit.aspx
/_layouts/1033/aclver.aspx
/_layouts/mngdisc.aspx
/_vti_bin/dspstswsdl.aspx
/_layouts/1033/create.aspx
/_layouts/listfeed.aspx
/_vti_bin/_vti_adm/admin.dll
/webusers.aspx
/_layouts/groups.aspx
/_layouts/mobile/mbllogin.aspx    
/forms.asmx
/spusagesitereferrers.aspx
/createwebpage.aspx
/excelservertrustedlocation.aspx
/_layouts/upload.aspx
/_layouts/1033/user.aspx
/_vti_bin/sitedatawsdl.aspx
/addgrp2.aspx
/_vti_bin/usergroupdisco.aspx
/_layouts/wrksetng.aspx
/newfiletype.aspx
/_layouts/1033/searchscope.aspx
/_vti_bin/authentication.asmx
/changecontenttypeoptionalsettings.aspx
/_layouts/1033/advsetng.aspx
/error.htm
/versionswsdl.aspx
/allgrps.aspx
/iviewhost.aspx
/_layouts/manageservicepermissions.aspx
/_layouts/3082/mcontent.aspx
/_layouts/1033/ssologon.aspx
/_layouts/viewtype.aspx
/help.aspx
/_vti_bin/versionswsdl.aspx
/managecopies.aspx
/owners.aspx
/_layouts/createadaccount.aspx
/_layouts/htmledit.aspx
/_layouts/copyrole.aspx
/associateportal.aspx
/_layouts/audience_defruleedit.aspx
/_layouts/3082/viewlsts.aspx
/_layouts/resolverecipient.aspx
/_layouts/createwebpage.aspx
/htmltrverify.aspx
/_layouts/1033/audience_sched.aspx
/myinfo.aspx
/_layouts/spnewdashboard.aspx
/rte2pueditor.aspx
/_layouts/profnew.aspx
/_vti_bin/views.asmx
/managecontenttype.aspx
/enhancedsearch.aspx
/editcontentsource.aspx
/_layouts/login.aspx
/manageprivacypolicy.aspx
/dspstsdisco.aspx
/app_browsers
/meetings.asmx
/bulkwrktaskip.aspx
/_layouts/versiondiff.aspx
/submitrepair.aspx
/_layouts/3082/quicklinks.aspx
/_layouts/linkscheckerwiz.aspx
/lstsetng.aspx
/_layouts/1033/setimport.aspx
/_layouts/error.aspx
/_layouts/1033/spsaclinv.aspx
/_layouts/1033/profmngr.aspx
/_layouts/3082/htmltrredir.aspx
/_layouts/3082/reorder.aspx
/_layouts/mobile/mbllists.aspx    
/_layouts/aspxform.aspx
/_layouts/1033/hierarchyman.ascx
/newalertfromsts.aspx
/_layouts/1033/siteusrs.aspx
/_layouts/quicklinksdialog2.aspx
/checkin.aspx
/_layouts/1033/spcatsec.aspx
/_vti_bin/businessdatacatalog.asmx
/srchvis.aspx
/_layouts/1033/selectuser.aspx
/_layouts/spusageweb.aspx
/_layouts/3082/viewseclsts.aspx
/_layouts/wpprevw.aspx
/_layouts/setimport.aspx
/_layouts/releasehold.aspx
/_layouts/1033/newgrp.aspx
/sps/portallist.aspx
/_layouts/1033/newdwp.aspx
/_layouts/1033/pickercontainer.aspx
/upload.aspx
/_layouts/audience_edit.aspx
/grpman.aspx
/viewseclsts.aspx
/htmltranslate.aspx
/editpropertynames2.aspx
/myquicklinks.aspx
/_layouts/indxcol.aspx
/_vti_bin/outlookadapter.asmx
/_layouts/1033/spaddrole.aspx
/_layouts/3082/rfcxform.aspx
/_vti_bin/microsoft.sharepoint.portal.admin.search.dll
/siterss.aspx
/_layouts/3082/portalview.aspx
/_layouts/reusabletextpicker.aspx
/signaturedetailsloader.formserver.aspx
/audience_chooser.aspx
/bdcadminui/editbdcaction.aspx         
/notesedit.aspx
/_layouts/1033/proxy.aspx
/_layouts/audience_view.aspx
/_layouts/spusagesiteusers.aspx
/_layouts/cstwrkflip.aspx
/editrole.aspx
/_layouts/deletemu.aspx
/_admin
/_layouts/1033/conngps.aspx
/_layouts/bdcadminui/viewbdcentity.aspx
/_layouts/3082/mgrproperty.aspx
/_layouts/3082/associateportal.aspx
/_layouts/formedt.aspx
/_layouts/wrkmng.aspx
/_layouts/3082/redirect.aspx
/_layouts/1033/confirmadvancedmode.aspx
/default.aspx
/webperm.aspx
/confirmation.aspx
/_layouts/bdcadminui/exportbdcapplication.aspx  
/lstman.aspx
/_layouts/3082/audience_edit.aspx
/versiondiff.aspx
/sitedatadisco.aspx
/_layouts/zoombldr.aspx
/_layouts/1033/subedit.aspx
/audience_list.aspx
/_layouts/1033/spsviewlsts.aspx
/_layouts/3082/audience_list.aspx
/_layouts/workflow.aspx
/_layouts/reghost.aspx
/_layouts/1033/instable.htm
/_layouts/mobile/delete.aspx            
/policyconfig.aspx
/_layouts/infopage.aspx
/excelservertrustedlocations.aspx
/spaddrole.aspx
/_layouts/mngsiteadmin.aspx
/spscreate.aspx
/_vti_bin/sites.asmx
/dspstswsdl.aspx
/_layouts/3082/choosecs.aspx
/_layouts/bdcadminui/bdcapplications.aspx    
/listgeneralsettings.aspx
/_layouts/3082/iframe.htm
/_layouts/signatureeula.formserver.aspx
/_layouts/3082/lroperationstatus.aspx
/_layouts/mycontactlinks.aspx
/_layouts/editdsserver.aspx
/_layouts/siterss.aspx
/audience_main.aspx
/_layouts/3082/confirmadvancedmode.aspx
/tnreord.aspx
/_layouts/quicklinksdialogform.aspx
/_layouts/excelserversettings.aspx
/_layouts/subnew.aspx
/_layouts/editcontentsource.aspx
/areaservice.asmx
/applyregionalsettings.aspx
/settings.aspx
/_vti_bin/usergroupwsdl.aspx
/_layouts/settings.aspx
/auditsettings.aspx
/areaservicewsdl.aspx
/_vti_bin/userprofileservicedisco.aspx
/_layouts/createpage.aspx
/_layouts/3082/aclver.aspx
/_layouts/redirect.aspx
/profmngr.aspx
/_layouts/1033/audience_edit.aspx
/_vti_bin/dwswsdl.aspx
/_layouts/3082/allgrps.aspx
/_layouts/3082/spsviewlsts.aspx
/_layouts/webdeleted.aspx
/scopedisplaygroup.aspx
/assocwrkfl.aspx
/_layouts/1033/mgrproperty.aspx
/_vti_bin/formswsdl.aspx
/microsoft.sharepoint.xml
/_layouts/user.aspx
/_layouts/audience_list.aspx
/_vti_bin/slidelibrary.asmx
/_vti_bin/microsoft.sharepoint.portal.singlesignon.security.dll
/_layouts/3082/versions.aspx
/spusagewebreferrers.aspx
/cspp2.aspx
/_layouts/1033/web.config
/_layouts/emailsettings.aspx
/docs/lists/announcements/allitems.aspx
/_layouts/1033/publishback.aspx
/_layouts/3082/portalsettings.aspx
/_vti_bin/userprofileservicewsdl.aspx
/_layouts/3082/spthemes.xsd
/selcolor.htm
/qstnew.aspx
/_layouts/survedit.aspx
/variationlogs.aspx
/_layouts/1033/checkin.aspx
/reqfeatures.aspx
/_layouts/3082/noteswizard3.aspx
/_layouts/1033/usage.aspx
/_layouts/3082/myquicklinks.aspx
/_layouts/3082/usage.aspx
/shropt.aspx
/_layouts/1033/audience_chooser2.aspx
/_layouts/changecontenttypeorder.aspx
/usergroup.asmx
/_layouts/spusagewebreferrers.aspx
/_layouts/newgrp.aspx
/_layouts/contentaccessaccount.aspx
/fldeditex.aspx
/variations/variationimport.aspx
/_layouts/3082/report.aspx
/views.asmx
/_layouts/3082/speditlisting.aspx
/portalproperties.aspx
/microsoft.sharepoint.portal.singlesignon.dll
/_layouts/3082/password.aspx
/_layouts/spcontnt.aspx
/_vti_bin/wsdisco.aspx
/alertsadmin.aspx
/_layouts/1033/newalertfromsts.aspx
/_layouts/3082/submitrepair.aspx
/crawledproperty.aspx
/_layouts/1033/spanon.aspx
/_layouts/1033/sitelist.aspx
/_layouts/containerpicker.aspx
/importpolicy.aspx
/portal.aspx
/_layouts/3082/portalheader.aspx
/formsdisco.aspx
/_layouts/logsummary.aspx
/_layouts/auditsettings.aspx
/_layouts/3082/success.aspx
/_layouts/3082/default.aspx
/_layouts/1033/mgrdsserver.aspx
/searchcenter/pages/default.aspx
/_layouts/advsetng.aspx
/_layouts/listkeywords.aspx
/xlatewfassoc.aspx
/_layouts/changefieldorder.aspx
/_vti_bin/dspsts.asmx
/_layouts/3082/viewnew.aspx
/reorder.aspx
/_layouts/areanavigationsettings.aspx
/_layouts/3082/displaymappings.aspx
/areawelcomepage.aspx
/_layouts/3082/lstman.aspx
/microsoft.sharepoint.portal.xml
/_layouts/3082/logsummary.aspx
/_layouts/1033/listindexes.aspx
/_layouts/newnav.aspx
/spmovelisting.aspx
/_layouts/signaturedetailsloader.formserver.aspx
/_layouts/1033/siteoperationrefuse.aspx
/_layouts/1033/bpcf.aspx
/_layouts/searchsspsettings.aspx
/bulkwrktaskhandler.aspx
/_vti_bin/dws.asmx
/_layouts/1033/confirmalert.aspx
/_layouts/mobile/view.aspx
/formresource.aspx
/_layouts/mobile/newform.aspx
/listkeywords.aspx
/_layouts/quiklnch.aspx
/_layouts/3082/mngsubwebs.aspx
/author.dll
/listfeed.aspx
/topnav.aspx
/addcontenttypetolist.aspx
/_vti_bin/microsoft.sharepoint.dll
/_layouts/userdisp.aspx
/_layouts/3082/noteswizard2.aspx
/_layouts/3082
/search.asmx
/searchresults.aspx
/_layouts/category.aspx
/_layouts/sitecachesettings.aspx
/spusagewebclickthroughs.aspx
/managefiletypes.aspx
/_layouts/3082/storman.aspx
/_layouts/1033/myquicklinks.aspx
/formserverdetector.aspx
/srchrss.aspx
/_layouts/1033/alertsadmin.aspx
/_vti_bin/forms.asmx
/_layouts/adminrecyclebin.aspx
/quicklinksdialog2.aspx
/_layouts/1033/survedit.aspx
/_layouts/1033/centraldatabaselock.aspx
/_layouts/1033/reorder.aspx
/_layouts/1033/searchresults.aspx
/adminrecyclebin.aspx
/_layouts/1033/qstnew.aspx
/_layouts/1033/lstman2.aspx
/_layouts/3082/audience_chooser.aspx
/themeweb.aspx
/personalsites.aspx
/_layouts/keyword.aspx
/instable.htm
/shtml.dll
/spnewcategory.aspx
/rcxform.aspx
/bdcadminui/addbdcaction.aspx
/selectpicture2.aspx
/_layouts/newsbweb.aspx
/_vti_bin/siteswsdl.aspx
/mobile/newpost.aspx
/_layouts/3082/setrqacc.aspx
/_layouts/3082/fldedit.aspx
/_layouts/3082/menubar.htc
/_layouts/scsignup.aspx
/_layouts/1033/error.aspx
/_layouts/bulkwrktaskhandler.aspx
/spsviewtype.aspx
/outlookadapterdisco.aspx
/_layouts/profadminedit.aspx
/_layouts/1033/editprms.aspx
/_layouts/3082/listcontentsources.aspx
/_layouts/1033/mngsubwebs.aspx
/_layouts/3082/stswebtemp.gif
/_layouts/3082/deletemu.aspx
/spsaclinv.aspx
/_layouts/3082/spnewcategory.aspx
/_layouts/addcontentsource.aspx
/_layouts/ctypedit.aspx
/_layouts/1033/spthemes.xsd
/emaildetails.aspx
/quicklinks.aspx
/_layouts/1033/myalerts.aspx
/_vti_bin/people.asmx
/_vti_bin/webs.asmx
/noteswizard4.aspx
/_layouts/mobile/default.aspx           
/_layouts/3082/spmovelisting.aspx
/_layouts/managedproperty.aspx
/_app_bin
/_layouts/cmsslwpaddeditlink.aspx
/_layouts/selectpicture2.aspx
/_layouts/3082/audience_memberlist.aspx
/_layouts/1033/editdsserver.aspx
/_layouts/bulkwrktaskip.aspx
/_vti_bin/alerts.asmx
/policy.aspx
/listsdisco.aspx
/fldnewex.aspx
/excelserversafedataproviders.aspx
/_layouts/3082/newalert.aspx
/_layouts/1033/audience_memberlist.aspx
/audience_memberlist.aspx
/_layouts/managecontenttypefield.aspx
/_layouts/signature.formserver.aspx
/_layouts/modwrkflip.aspx
/_layouts/quicklinks.aspx
/listsyndication.aspx
/_layouts/1033/addgrp2.aspx
/websdisco.aspx
/_layouts/1033/audience_chooser.aspx
/pages/forms/webfldr.aspx 
/_layouts/3082/notesedit.aspx
/_layouts/srchvis.aspx
/_layouts/discbar.aspx
/_layouts/objectcachesettings.aspx
/sitedirectorysettings.aspx
/_layouts/3082/editdsserver.aspx
/iframe.htm
/_layouts/3082/spcateditperm.aspx
/_layouts/importpolicy.aspx
/_layouts/schema.aspx
/_layouts/1033/htmltrredir.aspx
/barcodeimagefromitem.aspx
/editnav.aspx
/_layouts/savetmpl.aspx
/_layouts/irm.aspx
/_layouts/redirectpage.aspx
/_layouts/1033/toolpane.aspx
/global.asax
/_layouts/policyconfig.aspx
/_layouts/1033/audience_main.aspx
/_layouts/variationlogs.aspx
/_layouts/managecrawlrules.aspx
/signature.formserver.aspx
/_layouts/1033/fontdlg.htm
/_layouts/1033/setrqacc.aspx
/category.aspx
/_layouts/1033/useconfirmation.aspx
/_layouts/1033/speditlisting.aspx
/htmledit.aspx
/_layouts/lroperationstatus.aspx
/_layouts/labelimage.aspx
/ewrfilter.aspx
/spusagesiteusers.aspx
/_layouts/1033/rfcxform.aspx
/_layouts/3082/dladvopt.aspx
/mapproperty.aspx
/signout.aspx
/_layouts/areacachesettings.aspx
/htmltrredir.aspx
/_layouts/1033/portalview.aspx
/_layouts/addwrkfl.aspx
/editproperty.aspx
/avreport.htm
/variationlabel.aspx
/userprofileservicedisco.aspx
/spthemes.xml
/_layouts/1033/mtgredir.aspx
/proxy.aspx
/_layouts/print.formserver.aspx
/newsbweb.aspx
/_layouts/quicklinksdialog.aspx
/_layouts/3082/audience_sched.aspx
/_layouts/mobile/editform.aspx  
/_layouts/3082/bin
/_layouts/3082/editprms.aspx
/_layouts/3082/reporthome.aspx
/_layouts/rte2erowcolsize.aspx
/_layouts/3082/avreport.aspx
/_vti_bin/listsdisco.aspx
/_layouts/1033/displaymappings.aspx
/groups.aspx
/folders.aspx
/_vti_bin/contentareatoolboxservice.asmx
/cspp1.aspx
/postback.formserver.aspx
/_layouts/3082/personalsites.aspx
/dynamicimageprovider.aspx
/docs/documents/forms/allitems.aspx
/_layouts/remwrkfl.aspx
/_layouts/scope.aspx
/_vti_bin/spscrawl.asmx
/_layouts/mobile/newcomment.aspx  
/_layouts/3082/dmworkspacemgmt.aspx
/displaymappings.aspx
/_layouts/3082/bpcf.aspx
/getsspstatus.aspx
/ssologon.aspx
/osssearchresults.aspx
/report.aspx
/_layouts/1033/reqacc.aspx
/editschedule.aspx
/ctypedit.aspx
/_layouts/spusagesspsearchresults.aspx
/_layouts/dws.aspx
/_layouts/3082/formedt.aspx
/_vti_bin/meetings.asmx
/_layouts/1033/deleteweb.aspx
/resolverecipient.aspx
/srman.aspx
/mysite.aspx
/_layouts/1033/mysiteheader.aspx
/_layouts/dynamicimageprovider.aspx
/_layouts/1033/searchsettings.aspx
/_vti_bin/webswsdl.aspx
/policylist.aspx
/_layouts/editsection.aspx
/_vti_bin/officialfile.asmx
/_layouts/1033/avreport.htm
/_layouts/3082/siteoperationrefuse.aspx
/_vti_bin/spscrawlwsdl.aspx
/_layouts/translatablesettings.aspx
/_layouts/3082/listindexes.aspx
/mysubs.aspx
/webs.asmx
/_layouts/1033/folders.aspx
/recyclebin.aspx
/portallist.aspx
/_layouts/3082/create.aspx
/mngfield.aspx
/_layouts/fldpick.aspx
/_layouts/htmltrverify.aspx
/_layouts/1033/fldedit.aspx
/_layouts/1033/dmworkspacemgmt.aspx
/speditgroup.aspx
/_layouts/3082/proxy.aspx
/alertserror.aspx
/mobile/editform.aspx  
/copyrole.aspx
/searchdisco.aspx
/_layouts/3082/listedit.aspx
/translatablesettings.aspx
/_layouts/ssologon.aspx
/_layouts/1033/newfiletype.aspx
/_layouts/excelservertrustedlocation.aspx
/_vti_bin/microsoft.sharepoint.portal.dll
/userpicker.aspx
/_layouts/password.aspx
/_vti_bin/imagingdisco.aspx
/_layouts/bdcadminui/managepermissions.aspx
/_layouts/spusagesite.aspx
/_layouts/3082/sitelist.aspx
/spusagewebtoppages.aspx
/contenttypeconvertersettings.aspx
/_layouts/rte2etable.aspx
/newlink.aspx
/_layouts/1033/default.aspx 
/_vti_pvt
/_layouts/3082/aclinv.aspx
/owssvr.dll
/_layouts/3082/addgrp1.aspx
/listedit.aspx
/_layouts/signout.aspx
/_layouts/3082/help.aspx
/_layouts/1033/deletemu.aspx
/_vti_bin/websdisco.aspx
/_layouts/feed.aspx
/_layouts/1033/spthemes.xml
/editprofile.aspx
/role.aspx
/viewscopes.aspx
/_layouts/1033/versions.aspx
/_layouts/excelservertrusteddcls.aspx
/editsection.aspx
/viewgrouppermissions.aspx
/_layouts/1033/settings.aspx
/_layouts/1033/listsearchscopes.aspx
/editpolicy.aspx
/quicklinksdialog.aspx
/_layouts/3082/pickercontainer.aspx
/_layouts/iframe.aspx
/_layouts/versions.aspx
/_layouts/spusagesitetoppages.aspx
/_layouts/3082/userdisp.aspx
/pickerresult.aspx
/_layouts/qstedit.aspx
/deleteweb.aspx
/_layouts/1033/spcf.aspx
/_vti_bin/microsoft.sharepoint.xml
/_layouts/sitesubs.aspx
/_layouts/pickertreeview.aspx
/spsviewlsts.aspx
/survedit.aspx
/_vti_bin/microsoft.sharepoint.portal.singlesignon.xml
/_layouts/3082/setanon.aspx
/_layouts/personalsites.aspx
/_layouts/3082/urltranslate.aspx
/_layouts/convertersettings.aspx
/permissions.asmx
/_layouts/sitedirectorysettings.aspx
/_layouts/iniwrkflip.aspx
/_layouts/people.aspx
/_layouts/1033/templatepick.aspx
/spscrawl.asmx
/_layouts/1033/confirmation.aspx
/_vti_bin/excelservice.asmx
/_vti_bin/copy.asmx
/_layouts/getssploginfo.aspx
/_layouts/1033/iframe.aspx
/convertersettings.aspx
/_layouts/ewrpredialog.aspx
/_layouts/selectpicture.aspx
/_layouts/variations/variationimport.aspx
/_layouts/1033/viewlsts.aspx
/_layouts/storman.aspx
/_layouts/1033/audience_defruleedit.aspx
/_layouts/3082/mapproperty.aspx
/_layouts/mgrproperty.aspx
/mysite/_layouts/mysite.aspx
/_layouts/viewlsts.aspx
/createws.aspx
/_layouts/1033/addgrp1.aspx
/getsspscopes.aspx
/reqacc.aspx
/_layouts/3082/keywordbbman.aspx
/_layouts/3082/audience_main.aspx
/_layouts/signaturedetails.formserver.aspx
/assetuploader.aspx
/redirect.aspx
/spnewlisting.aspx
/_layouts/3082/viewedit.aspx
/editprms.aspx
/sitedirectory/_layouts/viewlsts.aspx
/_layouts/rtedialog.aspx
/_layouts/3082/siteusrs.aspx
/_layouts/1033/profnew.aspx
/listservernamemappings.aspx
/_layouts/3082/cspp1.aspx
/newmws.aspx
/_layouts/1033/properties.aspx
/_layouts/fldeditex.aspx
/_layouts/filter.aspx
/_layouts/crawledproperty.aspx
/manageitemscheduling.aspx
/_layouts/dladvopt.aspx
/confirmadvancedmode.aspx
/_layouts/3082/themeweb.aspx
/_layouts/reqacc.aspx
/deletemu.aspx
/docs/lists/tasks/allitems.aspx
/_layouts/3082/usagedetails.aspx
/_layouts/1033/selcolor.htm
/print.formserver.aspx
/selectcrawledproperty.aspx
/_layouts/1033/alertdirectory.aspx
/_vti_bin/outlookadapterwsdl.aspx
/_vti_bin/sitedatadisco.aspx
/_layouts/1033/password.aspx
/spellchecker.aspx
/_layouts/policycts.aspx
/_layouts/sitemanager.aspx
/assetedithyperlink.aspx
/filtervaluespickerdialog.aspx
/accessdeniedpage.aspx
/spusagesitehomepage.aspx
/vsubwebs.aspx
/_layouts/longrunningoperationprogress.aspx
/_layouts/editschedule.aspx
/gear.aspx
/_layouts/mcontent.aspx
/bestbet.aspx
/_layouts/workspce.aspx
/_layouts/1033/shropt.aspx
/_layouts/1033/webadmin.aspx
/_vti_bin/formsserviceproxy.asmx
/_layouts/subchoos.aspx
/alertswsdl.aspx
/microsoft.sharepoint.portal.admin.search.dll
/sitecachesettings.aspx
/_layouts/3082/editprofile.aspx
/user.aspx
/qlreord.aspx
/_layouts/3082/toolpane.aspx
/microsoft.sharepoint.portal.singlesignon.security.dll
/_layouts/1033/download.aspx
/_layouts/1033/profmain.aspx
/filedlg.htm
/_vti_bin/portalapi.aspx
/_layouts/3082/newsiterule.aspx
/businessdatasynchronizer.aspx
/_layouts/customizereport.aspx
/_layouts/1033/useredit.aspx
/_layouts/mobile/mobileformserver.aspx  
/_layouts/doctrans.aspx
/sitedata.asmx
/quiklnch.aspx
/_layouts/3082/mygrps.aspx
/_layouts/1033/quicklinks.aspx
/_layouts/areawelcomepage.aspx
/news/pages/newsarchive.aspx
/_layouts/1033/newalert.aspx
/_layouts/officialfilesuccess.aspx
/docs/default.aspx
/_layouts/mgrdsserver.aspx
/_layouts/ctypenew.aspx
/newvariationsite.aspx
/_layouts/3082/grpsel.aspx
/wsdisco.aspx
/_layouts/newpagelayout.aspx
/outlookadapterwsdl.aspx
/setimport.aspx
/_layouts/listsyndication.aspx
/listenabletargeting.aspx
/_layouts/3082/noteswizard1.aspx
/editcrawlrule.aspx
/audience_defruleedit.aspx
/_vti_bin/owssvr.dll
/_layouts/approve.aspx
/_layouts/1033/global.asax
/linkscheckerwiz.aspx
/_vti_bin/usergroup.asmx
/newgrp.aspx
/_layouts/3082/mysubs.aspx
/_vti_bin/_vti_adm/fpadmdll.dll
/indxcol.aspx
/printloader.formserver.aspx
/copyresults.aspx
/addrole.aspx
/useconfirmation.aspx
/ctypenew.aspx
/_layouts/3082/lstsetng.aspx
/_layouts/1033/profadminedit.aspx
/_layouts/1033/createmysite.aspx
/_layouts/searchresults.aspx
/propertyproperties.aspx
/_layouts/3082/properties.aspx
/bdcadminui/bdcentities.aspx           
/fldedit.aspx
/_layouts/businessdatasynchronizer.aspx
/_layouts/1033/lstman.aspx
/reusabletextpicker.aspx
/_layouts/getdataconnectionfile.aspx
/_layouts/genericpicker.aspx
/_layouts/mngfield.aspx
/_layouts/3082/spcontnt.aspx
/_wpresources
/_layouts/spusagesitehomepage.aspx
/_layouts/listcontentsources.aspx
/spcontnt.aspx
/_layouts/getsspscopes.aspx
/_layouts/recyclebin.aspx
/_layouts/1033/noteswizard4.aspx
/_layouts/topnav.aspx
/useredit.aspx
/wswsdl.aspx
/_layouts/3082/user.aspx
/spusagesitesearchqueries.aspx
/_layouts/3082/listsearchschedules.aspx
/quicklinksdialogform.aspx
/myalerts.aspx
/_layouts/1033/dladvopt.aspx
/ewrfind.aspx
/wpeula.aspx
/_layouts/spellchecker.aspx
/templatepick.aspx
/_layouts/mobile/mblerror.aspx  
/_layouts/3082/autocat.aspx
/userdisp.aspx
/_layouts/editgrp.aspx
/_layouts/1033/progresspage.aspx
/_layouts/mysite.aspx
/_layouts/reporting.aspx
/_layouts/cmsslwpaddeditgroup.aspx
/_layouts/deleteweb.aspx
/mobile/mbllogin.aspx    
/spusagesite.aspx
/_layouts/viewgrouppermissions.aspx
/sendtoofficialfile.aspx
/rssxslt.aspx
/_vti_bin/lists.asmx
/imagingdisco.aspx
/subedit.aspx
/_layouts/setanon.aspx
/editview.aspx
/_layouts/1033/keywordbbman.aspx
/editsearchschedule.aspx
/_vti_bin/wswsdl.aspx
/_layouts/submitrepair.aspx
/_vti_bin/listswsdl.aspx
/_layouts/contenttypeconvertersettings.aspx
/logsummary.aspx
/ctdmsettings.aspx
/sitesdisco.aspx
/webdeleted.aspx
/modwrkflip.aspx
/_layouts/3082/speditcategory.aspx
/_layouts/1033/spcateditperm.aspx
/_layouts/3082/newmws.aspx
/_layouts/3082/templatepick.aspx
/_layouts/1033/editsearchsettings.aspx
/_layouts/formserverdetector.aspx
/_layouts/pagesettings.aspx
/_layouts/1033/stswebtemp.gif
/_layouts/1033/newsiterule.aspx
/stswebtemp.gif
/_layouts/permsetup.aspx
/cmsslwpsortlinks.aspx
/_layouts/assetuploader.aspx
/_layouts/changesitemasterpage.aspx
/searchsettings.aspx
/menubar.htc
/_layouts/3082/mtgredir.aspx
/_layouts/reqgroupconfirm.aspx
/_layouts/htmltranslate.aspx
/_layouts/mymemberships.aspx
/managedproperty.aspx
/mngctype.aspx
/_layouts/addfieldfromtemplate.aspx
/iniwrkflip.aspx
/iframe.aspx
/_layouts/confirmation.aspx
/_layouts/1033/personalsites.aspx
/enablealerts.aspx
/pickercontainer.aspx
/_vti_bin/sitedata.asmx
/ewrpredialog.aspx
/_layouts/xlatewfassoc.aspx
/_vti_bin/web.config
/newnav.aspx
/_layouts/3082/categorypickerpopup.aspx
/_vti_bin/microsoft.sharepoint.portal.admin.search.xml
/60
/microsoft.sharepoint.dll
/formserver.aspx
/areanavigationsettings.aspx
/listswsdl.aspx
/qstedit.aspx
/_layouts/1033/submitrepair.aspx
/createpage.aspx
/_layouts/proxy.aspx
/portalheader.aspx
/_layouts/mngctype.aspx
/usergroupwsdl.aspx
/_layouts/3082/sitepp1.aspx
/associatedgroups.aspx
/_layouts/3082/default.aspx 
/_layouts/themeweb.aspx
/_layouts/1033/audience_list.aspx
/microsoft.sharepoint.portal.admin.search.xml
/lists.asmx
/_layouts/1033/fldnew.aspx
/viewscopesettings.aspx
/alertsdisco.aspx
/excelservertrusteddcls.aspx
/_vti_bin/microsoft.sharepoint.portal.xml
/_layouts/areatemplatesettings.aspx
/_layouts/1033/infopage.aspx
/searchandaddtohold.aspx
/_layouts/vsubwebs.aspx
/_layouts/3082/zoombldr.aspx
/authenticate.aspx
/urltranslate.aspx
/_layouts/1033/propertyproperties.aspx
/spcateditperm.aspx
/_layouts/managefiletypes.aspx
/_layouts/addnavigationlinkdialog.aspx
/_layouts/1033/usagedetails.aspx
/_layouts/3082/newcatalog.aspx
/_layouts/assocwrkfl.aspx
/deactivatefeature.aspx
/_layouts/1033/newcatalog.aspx
/_layouts/editcrawlrule.aspx
/runreport.aspx
/_layouts/3082/importdata.aspx
/microsoft.sharepoint.portal.singlesignon.xml
/bdcadminui/addbdcapplication.aspx
/spcf.aspx
/_layouts/3082/catman.aspx
/_layouts/3082/fldnew.aspx
/listcontentsources.aspx
/_layouts/avreport.aspx
/rtedialog.aspx
/_layouts/bdcadminui/viewbdcapplication.aspx
/_layouts/mobile/disppost.aspx  
/newdwp.aspx
/_layouts/1033/role.aspx
/copyutil.aspx
/conngps.aspx
/excelserveruserdefinedfunctions.aspx
/_layouts/1033/report.aspx
/selectpicture.aspx
/excelrenderer.aspx
/_layouts/1033/viewtype.aspx
/_layouts/audience_memberlist.aspx
/_layouts/3082/web.config
/_layouts/1033/audience_view.aspx
/editsearchsettings.aspx
/_layouts/1033/noteswizard2.aspx
/outlookadapter.asmx
/_layouts/spusagesiteclickthroughs.aspx
/_vti_bin/spdisco.aspx
/_layouts/1033/createws.aspx
/_vti_bin/ssocli.dll
/_layouts/rfcxform.aspx
/_layouts/rssxslt.aspx
/_layouts/3082/audience_defruleedit.aspx
/_layouts/selectcrawledproperty.aspx
/noteswizard2.aspx
/_layouts/1033/listedit.aspx
/_layouts/1033/spcataddperm.aspx
/_layouts/1033/newdisplaymapping.aspx
/_layouts/1033/newsbweb.aspx
/cmsslwpaddeditlink.aspx
/webpartpages.asmx
/excelserversafedataprovider.aspx
/_layouts/3082/speditgroup.aspx
/mobile/bloghome.aspx          
/_layouts/3082/mngdisc.aspx
/_layouts/1033/bin
/_layouts/viewedit.aspx
/wpprevw.aspx
/_layouts/useconfirmation.aspx
/viewtype.aspx
/_layouts/cmsslwpsortlinks.aspx
/sites.asmx
/news/_layouts/viewlsts.aspx
/mobile/newform.aspx
/meetingswsdl.aspx
/addgrp1.aspx
/_layouts/assetedithyperlink.aspx
/_layouts/updatecopies.aspx
/_layouts/1033/catpp1.aspx
/_layouts/bdcadminui/editbdcaction.aspx         
/_layouts/updateschedule.aspx
/addcontentsource.aspx
/_vti_bin/sharepointemailws.asmx
/_vti_bin/versions.asmx
/_layouts/3082/centraldatabaselock.aspx
/_layouts/1033/grpman.aspx
/areacachesettings.aspx
/_layouts/mysiteheader.aspx
/_layouts/3082/global.asax
/webpartpageswsdl.aspx
/createadaccount.aspx
/_layouts/linkschecker.aspx
/_layouts/3082/useconfirmation.aspx
/_vti_inf.html 
/_layouts/1033/editgrp.aspx
/spdisco.aspx
/_layouts/1033/menubar.htc
/mngdisc.aspx
/_layouts/3082/filetypes.aspx
/_layouts/useredit.aspx
/reporting.aspx
/_layouts/scopedisplaygroup.aspx
/_vti_bin/alertswsdl.aspx
/_layouts/1033/qstedit.aspx
/spnewgroup.aspx
/_layouts/1033/redirect.aspx
/bdcadminui/viewbdcentity.aspx
/_layouts/3082/portal.aspx
/_layouts/3082/grpman.aspx
/_layouts/mysubs.aspx
/speditcategory.aspx
/ewrcustomfilter.aspx
/selectuser.aspx
/hierarchyman.ascx
/_vti_bin
/noteswizard3.aspx
/_layouts/manageitemscheduling.aspx
/web.config
/people.aspx
/_layouts/3082/iframe.aspx
/pages/forms/allitems.aspx
/aspnet_client
/fontdlg.htm
/_layouts/1033/rfpxform.aspx
/formedt.aspx
/_layouts/qstnew.aspx
/editalert.aspx
/_layouts/3082/shropt.aspx
/_layouts/spusagewebusers.aspx
/_layouts/role.aspx
/_layouts/selectuser.aspx
/_layouts/sendtoofficialfile.aspx
/_layouts/3082/selcolor.htm
/_layouts/1033/formedt.aspx
/mobile/disppost.aspx  
/_layouts/newtranslationmanagement.aspx
/labelimage.aspx
/_layouts/editprofile.aspx
/_vti_bin/publishedlinksservice.asmx
/_layouts/1033/importdata.aspx
/_layouts/searchresultremoval.aspx
/_layouts/1033/htmltranslate.aspx
/_layouts/subedit.aspx
/searchresultremoval.aspx
/_vti_bin/viewsdisco.aspx
/speditlisting.aspx
/addservernamemappings.aspx
/_layouts/variationlabel.aspx
/alerts.asmx
/createworkbook.aspx
/_layouts/editpropertynames2.aspx
/centraldatabaselock.aspx
/reqgroupconfirm.aspx
/_layouts/help.aspx?cid0=MS.WSS.manifest.xml%00%3Cscript%3Ealert%28%27XSS%27%29%3C/script%3E&tid=X
/login.aspx
/dladvopt.aspx
/_layouts/excelserveruserdefinedfunctions.aspx
/_layouts/1033/choosecs.aspx
/webpartpagesdisco.aspx
/_admin/operations.aspx
/signaturedetailspngloader.formserver.aspx
/navoptions.aspx
/_layouts/pickerresult.aspx
/bdcadminui/managepermissions.aspx
/spusagesitesearchresults.aspx
/_layouts/1033/htmledit.aspx
/_vti_bin/spsdisco.aspx
/rellinksscopesettings.aspx
/_vti_bin/spellcheck.asmx
/_layouts/excelserversafedataprovider.aspx
/spusagesiteclickthroughs.aspx
/assetimagepicker.aspx
/_layouts/1033/addrole.aspx
/menu.htc
/_layouts/1033/lstsetng.aspx
/excelserveruserdefinedfunction.aspx
/_layouts/1033/noteswizard3.aspx
/_layouts/3082/addrole.aspx
/_layouts/3082/newalertfromsts.aspx
/_layouts/1033/discbar.aspx
/rfcxform.aspx
/_layouts/1033/lroperationstatus.aspx
/_vti_bin/permissionswsdl.aspx
/_layouts/createworkbook.aspx
/changefieldorder.aspx
/_vti_bin/userprofilechangeservice.asmx
/_layouts/1033/scsignup.aspx
/_layouts/profmngr.aspx
/newtranslationmanagement.aspx
/_layouts/1033/userpicker.aspx
/_layouts/copyresults.aspx
/pages/default.aspx
/spusageweb.aspx
/searchreset.aspx
/_layouts/3082/createws.aspx
/excelcellpicker.aspx
/_layouts/1033/mngdisc.aspx
/_layouts/runreport.aspx
/_layouts/listservernamemappings.aspx
/_layouts/3082/sitesubs.aspx
/_vti_bin/imagingwsdl.aspx
/_layouts/ctdmsettings.aspx
/newdisplaymapping.aspx
/1033
/ewrtop10.aspx
/renderudc.aspx
/reporthome.aspx
/reqgroup.aspx
/approve.aspx
/_layouts/1033/spnewcategory.aspx
/regionalsetng.aspx
/expurlwp.aspx
/_layouts/wrkstat.aspx
/_layouts/qlreord.aspx
/viewnew.aspx
/_layouts/editcopyinformation.aspx
/_layouts/3082/searchsettings.aspx
/_layouts/3082/accessdeniedpage.aspx
/confirmalert.aspx
/mobile/mbllogout.aspx   
/profmain.aspx
/_layouts/1033/cspp2.aspx
