/admin-console/login.seam
/admin/index.jsp
/admin/j_security_check/
/admin.php/
/AjaXplorer-2.5.5/
/_all_dbs/
/apply.cgi
/appRain-q-0.1.5/
/ATutor/
/autopass/
/Auxiliumpetratepro/
/axis2/axis2-admin/login/
/axis2/services/listServices/
/backup/
/backup.gz
/backups/
/backup.sql
/backup.sql.gz
/backup.tar
/backup.tar.gz
/backup.zip
/.bash_history
/basilic-1.5.14/
/bf102/
/bitweaver/
/blank-struts2/login.action/
/build/
/bvsmweb/
/cache/
/caidao.php
/centreon/
/cgi-bin/function.php?argument=
/cgi-bin/mt/
/cgi-mod/view_help.cgi
/chat/
/CimWeb/
/clansphere_2011.3/
/cms400min/
/com_extplorer_2.1.0/
/conf/
/config/
/config.php_old
/configuration.php~
/.configuration.php.swp
/configuration.swp
/console/
/courier/intermediate_login.html
/crowd/services/
/ctc/servlet/
/cuteflow_v.2.11.2/
/d4d/statusFilter.php
/data/
/database/
/database.gz
/databases/
/database.sql
/database.tar
/database.tar.gz
/database.zip
/data/login/
/db/
/db-backup.sql
/dbbackup.sql
/db-backup.zip
/db.sql
/db.tar
/db.tar.gz
/db.zip
/dev/
/dolibarr/
/do/view/Main/WebHome/
/drupal/
/dump/
/dump/dump.sql
/dump.gz
/dump.sql
/dump.tar
/dump.tar.gz
/dump.zip
/eng/
/.env
/etc/
/files/
/files.sql
/files.tar.gz
/files.zip
/forum/
/forums/
/fullbackup.gz
/fullbackup.sql
/fullbackup.tar.gz
/fullbackup.zip
/fullwebsite.sql
/fullwebsite.tar.gz
/fullwebsite.zip
/gestioip/
/GetSimpleCMS/
/.git/
/.git/index
/glossword/1.8/
/glpi/
/hastymail2/
/.hg/
/horde/
/_.htpasswd
/.htpasswd
/hybridauth/
/iControl/iControlPortal.cgi
/IDC.php/
/imc/
/inc/
/includes/
/index.jsp
/index.php
/index.php~
/info.php
/interface/
/invoker/JMXInvokerServlet/
/jenkins/
/joomla/
/jos.php
/kimai/
/kordil_edms/
/librettoCMS_v.2.2.2/
/lite/
/LocalSettings.php~
/log/
/log1cms2.0/
/logs/
/manager/
/manager/html/
/mediawiki/
/mma.php
/mobilecartly/
/moodle/
/mt/
/.mysql_history
/nagios3/cgi-bin/history.cgi
/narcissus-master/
/old/
/openbravo/
/openemr/
/opennms/
/opensis/
/openx/
/pandora_console/
/php-charts_v1.0/
/phpFileManager-0.9.8/index.php
/phpinfo.php
/phpmyadmin/
/php-ofc-library/
/phptax/
/php/test.php
/php-utility-belt/ajax.php
/phpwiki/
/ping.ccp/
/PI/services/UCP/
/polarbearcms/
/portal/
/pp088/
/private/
/ProjectSend/
/protected/
/provision/index.php
/proxy/
/qdPM/
/railo-context/
/rips/
/roller/
/.s3cfg
/sample/
/sap/bc/soap/rfc/
/seam-booking/home.seam
/seportal/
/session/
/settings.php_old
/sflog/
/simple_e_document_v_1_31/
/SiteScope/
/sites/default/settings.php~
/soap/
/spywall/pbcontrol.php
/sql/
/sql.zip
/src/
/status/
/stmeetings/
/storage/
/struts2-blank/example/HelloWorld.action
/sugarcrm/
/.svn/
/.svn/wc.db
/sysaid/
/temp/
/testlink-1.9.3/
/test.php
/tiki/
/tmp/
/umbraco/
/upload
/upload.asp
/upload.aspx
/upload.html
/upload.jsp
/upload.php
/userinfo/search/
/users/password/
/vcms/
/vcms2/
/vfolder.ghp
/VPortal/mgtconsole/CheckPassword.jsp
/vtigercrm/
/WebCalendar-1.2.4/
/WeBid/
/website.gz
/website.sql
/website.tar
/website.tar.gz
/website.zip
/webtester5/
/wikka/
/wp-config.php~
/ws/control/
/www/
/x7chat2/
/xoda/
/zabbix/
/Zemra/Panel/Zemra/system/command.php
/zimbraAdmin/
/zm/
/zpanel/

