/backup/
/backup.7z
/backup.bz2
/backup.gz
/backups/
/backup.sql
/backup.sql.gz
/backup.tar
/backup.tar.gz
/backup.tar.tgz
/backup.tgz
/backup.zip
/.bash_history
/.bash_profile
/.bashrc
/build/
/builds/
/cache/
/config/
/.config.php.swp
/configuration.bak
/configuration.php~
/.configuration.php.swp
/configuration.swp
/CVS/
/data/
/database/
/database.gz
/databases/
/database.sql
/database.sql.gz
/database.tar
/database.tar.gz
/database.tgz
/database.zip
/db/
/db.7z
/db.gz
/db.sql
/db.sql.gz
/db.sql.zip
/db.tar
/db.tar.gz
/db.tar.tgz
/db.tgz
/db.zip
/dev/
/dump/
/dump/dump.sql
/dump.gz
/dump.sql
/dump.sql.gz
/dump.tar
/dump.tar.gz
/dump.tar.tgz
/dump.tgz
/dump.zip
/.env
/.error_log
/etc/passwd
/etc/
/files/
/files.gz
/files.sql
/files.sql.gz
/files.tar
/files.tgz
/files.zip
/fullbackup.gz
/fullbackup.sql
/fullbackup.tar
/fullbackup.tar.gz
/fullbackup.zip
/fullwebsite.sql
/fullwebsite.sql.gz
/fullwebsite.tar
/fullwebsite.tar.gz
/fullwebsite.zip
/.git/
/.git/index
/.hg/
/_.htpasswd
/.htpasswd
/inc/
/includes/
/index.bak
/index.php~
/index.php.bak
/.index.php.swp
/index.swp
/info.php
/LocalSettings.bak
/LocalSettings.php~
/.localsettings.php.swp
/.LocalSettings.php.swp
/LocalSettings.swp
/log/
/logs/
/.mail_aliases
/.mailrc
/mysql/
/.mysql_history
/.netrc
/old/
/phpinfo.php
/private/
/.procmailrc
/protected/
/proxy/
/.s3cfg
/settings/
/.settings/org.eclipse.core.resources.prefs
/.settings/org.eclipse.php.core.prefs
/.settings/org.eclipse.wst.common.project.facet.core.xml
/settings.php~
/.settings.php.swp
/sites/default/settings.bak
/sites/default/settings.php~
/sites/default/.settings.php.swp
/sites/default/settings.swp
/source/
/sql/
/src/
/.ssh/
/.ssh/id_rsa
/.ssh/id_rsa.priv
/storage/
/.svn/
/.svn/entries
/.svn/wc.db
/temp/
/test.php
/tmp/
/.travis.yml
/.viminfo
/.vimrc
/website.gz
/website.sql
/website.sql.gz
/website.tar
/website.tar.gz
/website.tgz
/website.zip
/workspace/
/wp-config.bak
/wp-config.php~
/.wp-config.php.swp
/wp-config.swp
