/db.sql
/db.sql.gz
/db.sql.bz2
/db.sql.zip
/db.sql.tgz
/db.zip
/db.rar
/db.7z
/db.tgz
/db.gz
/db.bz2
/db.tar
/db.tar.gz
/db.tar.bz2
/db.tar.tgz
/database.sql
/database.sql.gz
/database.sql.bz2
/database.sql.zip
/database.sql.tgz
/database.7z
/database.tgz
/database.bz2
/database.gz
/database.zip
/database.rar
/database.tar
/database.tar.gz
/database.tar.tgz
/database.tar.bz2
/backup.sql
/backup.sql.gz
/backup.sql.bz2
/backup.sql.zip
/backup.sql.tgz
/backup.zip
/backup.rar
/backup.7z
/backup.tgz
/backup.gz
/backup.bz2
/backup.tar
/backup.tar.gz
/backup.tar.bz2
/backup.tar.tgz
/dump.sql
/dump.sql.gz
/dump.sql.bz2
/dump.sql.zip
/dump.sql.tgz
/dump.7z
/dump.tgz
/dump.bz2
/dump.gz
/dump.zip
/dump.rar
/dump.tar
/dump.tar.gz
/dump.tar.tgz
/dump.tar.bz2
/files.sql
/files.sql.gz
/files.sql.bz2
/files.sql.zip
/files.sql.tgz
/files.zip
/files.rar
/files.7z
/files.tgz
/files.gz
/files.bz2
/files.tar
/files.tar.gz
/files.tar.bz2
/files.tar.tgz
/website.sql
/website.sql.gz
/website.7z
/website.tgz
/website.bz2
/website.gz
/website.zip
/website.rar
/website.tar
/website.tar.gz
/fullbackup.sql
/fullbackup.sql.gz
/fullbackup.7z
/fullbackup.tgz
/fullbackup.bz2
/fullbackup.gz
/fullbackup.zip
/fullbackup.rar
/fullbackup.tar
/fullbackup.tar.gz
/fullwebsite.sql
/fullwebsite.sql.gz
/fullwebsite.7z
/fullwebsite.tgz
/fullwebsite.bz2
/fullwebsite.gz
/fullwebsite.zip
/fullwebsite.rar
/fullwebsite.tar
/fullwebsite.tar.gz
