/0/
/00/
/0006/
/0007/
/0009/
/000a/
/000b/
/0010/
/0011/
/0012/
/0013/
/0014/
/0019/
/001d/
/001e/
/01/
/011/
/02/
/03/
/04/
/0404/
/040c/
/0416/
/05/
/06/
/07/
/08/
/0804/
/0816/
/09/
/1/
/10/
/1000/
/1033/
/11/
/1.2/
/12/
/1.3/
/13/
/1.4/
/14/
/15/
/16/
/17/
/18/
/19/
/1984/
/1995/
/1996/
/1997/
/1998/
/1999/
/1.htaccess
/1.htpasswd
/1.php
/1.tar
/1.tar.bz2
/1.tar.gz
/1.txt
/1.zip
/2/
/20/
/2001/
/2002/
/2003/
/2004/
/2005/
/2006/
/2007/
/2008/
/2009/
/2009_Q1/
/2009_Q2/
/2009_Q3/
/2009_Q4/
/2010/
/2011/
/21/
/2.2/
/22/
/23/
/24/
/25/
/26/
/27/
/28/
/29/
/2.php
/2.tar
/2.tar.bz2
/2.tar.gz
/2.txt
/2.zip
/3/
/30/
/31/
/32/
/33/
/35/
/36/
/37/
/38/
/39/
/ab/
/abc/
/about/
/about1.html
/about1.jsp
/about1.php
/about.html
/about.jsp
/about.php
/ac/
/.access
/access/
/accesslog
/access_log
/access-log
/access.log
/access.log/
/accesslogs
/access.phtml
/access.txt/
/account/
/account.html
/accounting/
/account.jsp
/account.php
/accounts
/account.sql
/accounts.sql
/accounts.txt
/acrobat/
/Action/
/action/
/action.default.html
/action.default.jsp
/action.default.php
/actions/
/active.log/
/ad/
/Adapter/
/adapter/
/adapters/
/adara/
/addons/
/add.php
/.addressbook
/ADD_SALE/
/adm/
/admcgi/
/admentor/
/_admin
/.admin
/admin_
/admin/
/Admin/
/admin/
/Admin/
/admin0
/admin1/
/admin2/
/admin%20/
/admin2.old/
/admin2.php
/admin/access_log
/admin/access.log
/admin/access.txt
/admin/adminer.php
/admin/backup/
/admin/backups/
/admin.class.html
/admin.class.jsp
/admin.class.php
/admin/.config
/adminconsole
/admin-console
/admin-console/
/admincontrol.php
/admincp/js/kindeditor/
/admincp/upload/
/admin.dat
/admin/db/
/admin/download.php
/admin/_dump/
/admin/dumper/
/adminer/
/adminer-4.0.3.php
/adminer-4.1.0.php
/adminer-4.2.0.php
/adminer/adminer.php
/adminer.php
/.adminer.php.swp
/admin/error_log
/admin/error.log
/admin/error.txt
/admin/export.php
/adminfiles/
/admin_header.html
/admin_header.jsp
/admin_header.php
/admin/.htaccess
/admin.htm
/admin.html
/admin/includes/configure.php~
/administracion/
/administration/
/administration.php
/administration/Sym.php
/administrative/
/administrative/login_history
/administrator/
/Administrator/
/administrator/
/administrator/.htaccess
/administrator/logs
/administrator.php
/administrators.pwd
/admin.jsp
/admin/js/tiny_mce/
/admin/js/tinymce/
/admin/lib/spaw2/dialogs/dialog.php
/admin/log
/admin/logs/
/admin/logs/login.txt
/admin.mdb
/admin_menu/
/adminpanel/
/adminpanel.html
/adminpanel.php
/admin.php
/admin/phpmyadmin/
/admin/pma/
/admin/pma/scripts/setup.php
/admin/private/logs
/admins/
/admins.asp
/admins/backup/
/admin/scripts/setup.php
/admin-serv/
/admin-serv/config/admpw
/admins/log.txt
/admins.php
/admin/sxd/
/admin/test/
/admin/uploadarticles/uploadTester.asp
/admin/upload.php
/adminuser/
/admin/user_count.txt
/adminweb/
/admisapi/
/admpar/.ftppass
/adm.php
/admrev/_files/
/admrev/.ftppass
/adm/spaw2/dialogs/dialog.php
/adm/upload.php
/adobeair/
/adodb/
/adodb.inc.html
/adodb.inc.jsp
/adodb.inc.php
/adpassword.txt/
/ads/
/adsamples/
/ads_data/
/adsystem
/advanced/
/advhr/
/advimage/
/advlink/
/ae/
/af/
/affiliates.sql
/afp/
/agentes/
/a.html
/A.html
/aiken/
/ajax/
/ajax/app/yahoo/yahoo.htm
/a.jsp
/A.jsp
/album.html
/album.jsp
/album.php
/albums/
/alex/
/alfa/
/algor/
/ALL/
/All/
/all/
/alley/
/all.sql
/alpha/
/alt/
/am/
/amadeus/
/amad.php
/amd64/
/AMD64bit/
/amiga/
/amministratore.php
/ams/
/analog/
/announcement1.html
/announcement1.jsp
/announcement1.php
/ans/
/answers/error_log
/AOL/
/apache/
/apache-default/phpmyadmin/
/apache/logs/access_log
/apache/logs/access.log
/apache/logs/error_log
/apache/logs/error.log
/apc/apc.php
/apc.html
/apc/index.php
/apc.jsp
/apc-nrp.php
/apc.php
/.apdisk
/a.php
/A.php
/api/
/apibuild.pyc
/api/error_log
/apl/
/app/
/App/
/app/
/app/bin
/appcache.manifest
/app/composer.json
/app/composer.lock
/app.config
/app/config/adminConf.json
/app/config/databases.yml
/app/config/database.yml
/app/config/database.yml~
/app/config/database.yml_original
/app/config/database.yml.pgsql
/app/config/database.yml.sqlite3
/app/config/global.json
/app/config/parameters.ini
/app/config/parameters.yml
/app/config/routes.cfg
/app/config/schema.yml
/app/dev
/app_dev.php
/app/docs
/app/etc/config.xml
/app/etc/enterprise.xml
/app/etc/fpc.xml
/app/etc/local.additional
/app/etc/local.xml
/app/etc/local.xml.additional
/app/etc/local.xml.bak
/app/etc/local.xml.live
/app/etc/local.xml.localRemote
/app/etc/local.xml.phpunit
/app/etc/local.xml.template
/app/etc/local.xml.vmachine
/app/etc/local.xml.vmachine.rm
/app/.htaccess
/app.js
/app.json
/app/languages
/apple/
/.AppleDB
/.AppleDesktop
/.AppleDouble
/applets/
/application/
/application/cache/
/application.html
/application.jsp
/application.log
/application/logs/
/application.php
/applications/
/app/log/
/app/logs/
/app/phpunit.xml
/apps/
/apps/frontend/config/app.yml
/apps/frontend/config/databases.yml
/app/src
/app/sys
/app/testing
/app/unschedule.bat
/app/vendor
/app/vendor-src
/April04_schedule.html
/April04_schedule.jsp
/April04_schedule.php
/april4videos.html
/april4videos.jsp
/april4videos.php
/apt/
/aqua/
/ar/
/arc/
/archive/
/Archive/
/archive/
/archive.html
/archive.jsp
/archive.php
/archives/
/archive_tar/
/arm/
/art/
/article/
/article.html
/article.jsp
/article.php
/articles/
/articleweb/
/articleweb.html
/articleweb.jsp
/articleweb.php
/asd/
/asms/
/asp/
/asp.aspx
/aspnet_webadmin
/aspwpadmin
/aspx/
/aspxspy.aspx
/assets/
/assets/fckeditor
/assets/js/fckeditor
/assets/npm-debug.log
/ast/
/asterisk.log
/async/
/at/
/atari/
/atc/
/atlassian-ide-plugin.xml
/attachment.html
/attachment.jsp
/attachment.php
/attachments/
/attachments.html
/attachments.jsp
/attachments.php
/audio/
/audubon/
/Auth/
/auth/
/authadmin/
/authentication/
/auth.html
/auth.inc
/auth.jsp
/author.html
/authorization.config
/authorized_keys
/author.jsp
/author.php
/AUTHORS/
/auth.php
/auth_user_file.txt
/authweb/
/autobackup.php
/autogrow/
/autosave/
/avatar/
/avatars/
/aw/
/awards.html
/awards.jsp
/awards.php
/aws/
/awstats/
/awstats.pl
/axis2/
/azureadmin/
/b/
/B/
/b/
/b0/
/b1/
/b2/
/b2badmin/
/b3/
/b4/
/b5/
/b6/
/b7/
/b8/
/b9/
/ba/
/back/
/backdoor/
/backdoor.php
/backend/
/backend.html
/backend.jsp
/backend.php
/background/
/Background.html
/Background.jsp
/Background.php
/backgrounds/
/backlink.html
/backlink.jsp
/backlink.php
/back.sql
/backup
/.Backup
/backup/
/Backup/
/backup0/
/backup1/
/backup123/
/backup2/
/backup2010.sql
/backup2011.sql
/backup2012.sql
/backup2013.sql
/backup2014.sql
/backup2015.sql
/backup2016.sql
/backup.7z
/backupdata/
/backup.html
/backup.htpasswd
/backup.inc
/backup.inc.old
/backup.jsp
/backup.old
/backup.php
/backup.rar
/backups
/backups/
/Backups/
/backups.7z
/backups.inc
/backups.inc.old
/backups.old
/backup.sql
/backup.sql.old
/backups.rar
/backups.sql
/backups.sql.old
/backups.tar
/backups.tar.bz2
/backups.tar.gz
/backups.tgz
/backups.zip
/backup.tar
/backup.tar.bz2
/backup.tar.gz
/backup.tgz
/backup.zip
/.bak
/bak/
/bank/
/banner/
/bannerclient.html
/bannerclient.jsp
/bannerclient.php
/banner.html
/banner.jsp
/banner_manager.html
/banner_manager.jsp
/banner_manager.php
/banner.php
/banners/
/banners.html
/banners.jsp
/banners.php
/bar/
/bard/
/base/
/basexml.html
/basexml.jsp
/basexml.php
/.bash_history
/.bash_logout
/.bash_profile
/.bashrc
/batcomputer/
/bb/
/bb-admin/
/bbcode/
/bbs/
/bc/
/bckgnd/
/bd/
/bd.sql
/be/
/beta/
/bf/
/bg/
/b.html
/B.html
/big/
/bigdump.php
/billing
/billing/
/billing/killer.php
/bin/
/b.jsp
/B.jsp
/black/
/Black.php
/Block/
/block/
/block.html
/block.jsp
/block.php
/blocks/
/blockStyle.html
/blockStyle.jsp
/blockStyle.php
/blog/
/blog/error_log
/blogger.html
/blogger.jsp
/blogger.php
/blog.html
/blog_item.html
/blog_item.jsp
/blog_item.php
/blog.jsp
/blog_links.html
/blog_links.jsp
/blog_links.php
/blog.php
/blog/phpmyadmin/
/blogweb/
/blog/wp-content/backup-db/
/blog/wp-content/backups/
/bloomcounty/
/blue/
/bluewhite/
/bn/
/BNR/
/boeing/
/bookmark.html
/bookmark.jsp
/bookmark.php
/books/
/Books/
/books/
/boot/
/bootstrap/
/Border.html
/Border.jsp
/Border.php
/bot.txt
/.bower-cachez
/.bower-registry
/.bower-tmp
/boxes/
/b.php
/B.php
/br/
/branches/
/brand/
/brick/
/bridge/
/brown/
/browser/
/browser.html
/browser.jsp
/browser.php
/bs/
/bsd/
/buck.sql
/bug/
/bug_report/
/bugs/
/bugsbunny/
/.build/
/build/
/build/buildinfo.properties
/build/build.properties
/build_config_private.ini
/Builder/
/builder/
/build.gradle
/buildinfo.properties
/build.local.xml
/build.log
/.buildpath
/.buildpath/
/build.properties
/.builds
/build.sh
/build.xml
/bulkquery/
/bullets/
/.bundle
/button/
/button.html
/button.jsp
/button.php
/buttons/
/.bz2
/.bzr/README
/c/
/C/
/c/
/c0/
/c1/
/c100.php
/c2/
/c22.php
/c3/
/c4/
/c5/
/c6/
/c7/
/c8/
/ca/
/__cache/
/.cache
/.cache/
/cache/
/Cache/
/cache/
/cache.html
/cache.jsp
/cache.php
/cache/sql_error_latest.cgi
/ca_ES/
/caip/
/calendar/
/Calendar/
/calendar/
/calendar.html
/calendar.jsp
/calendar.php
/caliban/
/Capfile
/.capistrano
/.capistrano/metrics
/captcha/
/Captcha/
/CAPTCHA/
/captcha.html
/captcha.jsp
/captcha.php
/cart/
/case.html
/case.jsp
/case.php
/caspsamp/
/cat/
/catalog/
/catalog_type.asp/
/categories/
/categories.html
/categories.jsp
/categories.php
/category/
/categoryblog/
/category.html
/category.jsp
/category.php
/cats/
/cb/
/cc/
/ccbill/
/ccbill.log
/cc-errors.txt
/cck/
/cc-log.txt
/cd/
/cdrom/
/ce/
/cell.xml
/centosplus/
/cert/
/cf/
/cfajax/app/yahoo/yahoo.htm
/cfapps/
/cfdocs/
/.cfg
/cfide/
/cfm/
/cfusion/
/cgi/
/cgi_bin/
/cgibin/
/cgi-bin/awstats.pl
/cgi-bin/mt/
/cgilib/
/cgi_local/
/cgi.pl/
/cgis/
/cgiscript/
/cgiscripts/
/Cgishell.pl
/cgishl/
/cgiwin/
/changeall.php
/ChangeLog
/CHANGELOG
/change.log
/ChangeLog/
/CHANGELOG/
/Changelog/
/changelog/
/CHANGELOG.html
/CHANGELOG.jsp
/CHANGELOG.php
/changelog.txt
/Changelog.txt
/ChangeLog.txt
/CHANGELOG.txt
/CHANGES/
/changes/
/CHANGES.html
/changes.txt
/chat/
/check.bat/
/checked_accounts.txt
/.checkstyle
/chimera/
/chips/
/chs/
/CHS/
/CHT/
/c.html
/C.html
/chubb.xml
/c-h.v2.php
/ci/
/cic/
/cidr.txtа
/circe/
/citrix/
/Citrix/PNAgent/config.xml
/citydesk.xml
/cj/
/c.jsp
/C.jsp
/ckeditor/
/ckfinder/ckfinder.html
/class/
/classes/
/classes.html
/classes.jsp
/classes.php
/classic/
/class.jspmailer.jsp
/.classpath
/class.phpmailer.php
/class.smtp.html
/class.smtp.jsp
/class.smtp.php
/cleanup.log
/cli/
/client/
/ClientAccessPolicy.xml
/cliente/
/cliente/downloads/h4xor.php
/clientes/
/client.html
/client.jsp
/client.php
/clients.mdb
/clients.sql
/clients.zip
/cls/
/cm/
/cmdasp.asp
/cmd.exe/
/cms/
/cms-admin
/cms.csproj
/cms.html
/cms.jsp
/cms.php
/cms/spaw2/dialogs/dialog.php
/cms/Web.config
/cn/
/.cobalt
/cobalt/
/code/
/codebrws.asp/
/.codeception.yml
/codeception.yml
/.codeintel
/.codekit-cache
/codes/
/.codio
/cogito/
/collections.html
/collections.jsp
/collections.php
/colorConfig.ini.html
/colorConfig.ini.jsp
/colorConfig.ini.php
/Color.html
/Color.jsp
/Color.php
/column_left.html
/column_left.jsp
/column_left.php
/com/
/com_admin/
/com_banners/
/com_cache/
/com_categories/
/com_checkin/
/com_config/
/com_contact/
/com_content/
/com_cpanel/
/comctl/
/com_frontpage/
/com_installer/
/com_languages/
/com_login/
/com_mailto/
/commandclasses/
/Commands/
/commands.html
/commands.jsp
/commands.php
/com_massmail/
/com_media/
/comment/
/comment_delete.html
/comment_delete.jsp
/comment_delete.php
/comment_edit.html
/comment_edit.jsp
/comment_edit.php
/comment.html
/comment.jsp
/comment_new.html
/comment_new.jsp
/comment_new.php
/comment.php
/comment_post.html
/comment_post.jsp
/comment_post.php
/comment_reply.html
/comment_reply.jsp
/comment_reply.php
/comments/
/comments.html
/comments.jsp
/comments.php
/com_menus/
/commerce/
/com_messages/
/committee.html
/committee.jsp
/committee.php
/com_modules/
/common/
/Common/
/COMMON/
/common/
/common/config/api.ini
/common/config/db.ini
/common.html
/Common.html
/common.inc
/common.jsp
/Common.jsp
/common.php
/Common.php
/common.xml
/_common.xsl
/com_newsfeeds/
/compat/
/compat.html
/compat.jsp
/compat.php
/.compile
/complete.html
/complete.jsp
/complete.php
/com_plugins/
/com_poll/
/component/
/component.html
/component.jsp
/component.php
/components/
/.composer
/composer/installed.json
/composer.json
/composer.lock
/composer.phar
/Composite.html
/Composite.jsp
/Composite.php
/com_search/
/com_sections/
/com_templates/
/com_trash/
/com_user/
/com_users/
/com_weblinks/
/com_wrapper/
/.conf
/conf/
/.config
/config/
/Config/
/config/
/Config/
/config/
/Config/
/config/
/Config/
/config/apc.php
/config/AppData.config
/config/application.ini
/config/app.yml
/config/aws.yml
/config.bak
/config/banned_words.txt
/config.bat
/config.codekit
/config/config.ini
/config.core
/config.dat
/config/databases.yml
/config/database.yml
/config/database.yml~
/config/database.yml_original
/config/database.yml.pgsql
/config/database.yml.sqlite3
/config/dbconfig.ini
/config.dist
/config.html
/_config.inc
/config.inc
/config.inc~
/config.inc.bak
/config.inc.html
/config.inc.jsp
/config.inc.old
/config.inc.php
/config.inc.php~
/config.inc.php.bak
/config.inc.php.dist
/config.inc.php-eb
/config.inc.php.inc
/config.inc.php.inc~
/config.inc.php.old
/config.inc.php.save
/config.inc.php.swp
/config.inc.php.templ
/config.inc.php.txt
/config.inc.txt
/config.ini
/config.ini.bak
/config.ini.old
/config.ini.txt
/config.json
/config.json.cfm
/config.jsp
/config.local
/config/monkcheckout.ini
/config/monkdonate.ini
/config/monkid.ini
/config.old
/config.php
/config.php~
/config.php.bak
/config.php.dist
/config.php-eb
/config.php.inc
/config.php.inc~
/config.php.old
/config.php.save
/.config.php.swp
/config.php.swp
/config.php.templ
/config.php.txt
/config/producao.ini
/config.rb
/config/routes.yml
/configs/
/config.save
/ConfigSchema.html
/ConfigSchema.jsp
/ConfigSchema.php
/configs/conf_bdd.ini
/configs/conf_zepass.ini
/config/settings.inc
/config/settings.ini
/config/settings.ini.cfm
/config/settings.local.yml
/config/settings/production.yml
/config_site.html
/config_site.jsp
/config_site.php
/config.swp
/config.txt
/configuration/
/configuration.html
/configuration.ini
/configuration.jsp
/configuration.php
/configuration.php~
/configuration.php.bak
/configuration.php.dist
/configuration.php.old
/configuration.php.save
/.configuration.php.swp
/configuration.php.swp
/configuration.php.templ
/configuration.php.txt
/configuration.yml
/configure/
/config.xml
/config.yml
/config.yml.templ
/confirm.html
/confirm.jsp
/confirm.php
/confluence/
/conf/server.xml
/conn/
/connect.inc
/connector.html
/connector.jsp
/connector.php
/connectors/
/Console/
/console/
/console/base/config.json
/console/payments/config.json
/constants.html
/constants.jsp
/constants.php
/consumer.html
/consumer.jsp
/consumer.php
/contact/
/contact.html
/contact.jsp
/contact.php
/contacts/
/contacts.html
/contacts.jsp
/contacts.php
/Container/
/container/
/container1.yml
/content/
/content/debug.log
/content.html
/content.jsp
/content.php
/contextmenu/
/.contracts
/contrib/
/contributing.md
/CONTRIBUTING.md
/contributors.txt
/control/
/controller.html
/controller.jsp
/controller.php
/controllers/
/controlpanel.php
/controls/
/convex/
/cookie/
/copy.html
/COPYING
/COPYING/
/copying/
/copy.jsp
/copy.php
/COPYRIGHT.html
/COPYRIGHT.jsp
/COPYRIGHT.php
/copy_this/
/.core
/core/
/core/docs/changelog.txt
/core.html
/core.is_secure.jsp
/core.is_secure.php
/core.is_trusted.jsp
/core.is_trusted.php
/core.jsp
/core.php
/core.rm_auto.html
/core.rm_auto.jsp
/core.rm_auto.php
/core.rmdir.html
/core.rmdir.jsp
/core.rmdir.php
/core.write_file.html
/core.write_file.jsp
/core.write_file.php
/cosmic/
/cosmos/
/count/
/counter/
/counter.html
/counter.jsp
/counter.php
/countries.html
/countries.jsp
/countries.php
/course/
/course_structure.html
/course_structure.jsp
/course_structure.php
/.coverage
/coverage.data
/coverage.xml
/.coveralls.yml
/cp/
/.cpan
/cpanel
/.cpanel/
/cpanel/
/cpanel.html
/cpanel.jsp
/cpanel.php
/Cpanel.php
/cpanelphpmyadmin/
/cpbackup-exclude.conf
/cpbt.php
/cp_functions.html
/cp_functions.jsp
/cp_functions.php
/c.php
/C.php
/cpn.php
/cp.php
/cpphpmyadmin/
/.cproject
/cr/
/crash.php
/create_account.html
/create_account.jsp
/create_account.php
/CreateFolder.html
/CreateFolder.jsp
/CreateFolder.php
/CREDITS
/CREDITS/
/CREDITS.html
/CREDITS.jsp
/CREDITS.php
/crm/
/cron/cron.sh
/crond/logs/
/cron.html
/cron.jsp
/cron.log
/cronlog.txt
/cron.php
/cron.sh
/crypt.inc.html
/crypt.inc.jsp
/crypt.inc.php
/CRYPTO/
/cs/
/cs_CZ/
/cs_CZ.html
/cs_CZ.jsp
/cs_CZ.php
/csee/
/.cshrc
/csr/
/css/
/CSS/
/css/
/CSSDefinition.html
/CSSDefinition.jsp
/CSSDefinition.php
/csshelpers.html
/csshelpers.jsp
/csshelpers.php
/css.html
/css.jsp
/cssOutsider/
/css.php
/css_styles/
/.csv
/.CSV
/ctools/
/cube/
/culeadora.txt
/currencies.html
/currencies.jsp
/currencies.php
/current/config/database.yml
/custom/
/custombuild/
/custom/db.ini
/customer/
/Customer_Reviews/
/customers/
/customers.csv
/customers.html
/customers.jsp
/customers.log
/customers.mdb
/customers.php
/customers.sql
/customers.sql.gz
/customers.sqlite
/customers.txt
/customers.xls
/.cvs
/CVS/
/cvs/
/CVS/
/.cvsignore
/.cvsignore/
/CVS/Root
/cy/
/cyber/
/cyec_2002.html
/cyec_2002.jsp
/cyec_2002.php
/cy_GB/
/cz/
/d/
/D/
/d/
/d0/
/d0maine.php
/d0main.php
/d0mains.php
/d1/
/d2/
/d3/
/d4/
/d5/
/d6/
/d7/
/d8/
/d9/
/da/
/da_DK/
/da_DK.html
/da_DK.jsp
/da_DK.php
/dam.php
/darkblue_orange/
/.dat
/_data/
/data/
/Data/
/data/
/dataBackup/
/data/backups/
/database
/database/
/database_admin
/Database_Backup/
/database_changes.jsp
/database_changes.php
/database_credentials.inc
/database.csv
/database.html
/database.inc
/database.inc.html
/database.inc.jsp
/database.inc.php
/database.jsp
/database.log
/database.mdb
/database.mysqli.html
/database.mysqli.jsp
/database.mysqli.php
/database.php
/databases/
/database.sql
/database.sqlite
/DatabaseStorage/
/databases.yml
/database.txt
/database.yml
/database.yml~
/database.yml_original
/database.yml.pgsql
/database.yml.sqlite3
/data/debug/
/_data/error_log
/data/files/
/datafiles/
/data/logs/
/data.mdb
/data-nseries.tsv
/dataobject.ini
/data.sql
/data.sqlite
/data/tmp/
/data.tsv
/data.txt
/Date/
/date/
/date.html
/date.jsp
/date.php
/davinci/
/davmail.log
/db
/DB
/db/
/Db/
/db/
/db1.mdb
/db1.sqlite
/db2
/dbaccess.log
/db_admin
/db-admin
/dbadmin/
/dbadmin.php
/dbase
/dbbackup/
/db_backups/
/db.csv
/dbfix/
/db-full.mysql
/dbg/
/db.html
/DB.html
/dbi/
/db.inc
/db.ini
/db.jsp
/DB.jsp
/db.log
/db/main.mdb
/db.mdb
/db.php
/DB.php
/db.properties
/db.sql
/db.sqlite
/dc/
/dcforum/
/de/
/dead.letter
/debug
/debug/
/debug_error.jsp
/debug.html
/debug.inc
/debug.jsp
/debug.log
/debug-output.txt
/debug.php
/debug.txt
/Decorator/
/de_DE/
/de_DE.html
/de_DE.jsp
/de_DE.php
/default/
/Default/
/default/
/default1/
/default_address.html
/default_address.jsp
/default_address.php
/default_admin/
/defaultColorConf/
/default_error.html
/default_error.jsp
/default_error.php
/default_folder.html
/default_folder.jsp
/default_folder.php
/default_form.html
/default_form.jsp
/default_form.php
/default_ftp.html
/default_ftp.jsp
/default_ftp.php
/default_graph.html
/default_graph.jsp
/default_graph.php
/default.html
/Default.html
/default_image.html
/default_image.jsp
/default_image.php
/default_item.html
/default_item.jsp
/default_item.php
/default_items.jsp
/default_items.php
/default.jsp
/Default.jsp
/default_links.html
/default_links.jsp
/default_links.php
/default_login.html
/default_login.jsp
/default_login.php
/default_logout.html
/default_logout.jsp
/default_logout.php
/default_message.jsp
/default_message.php
/default.php
/Default.php
/default.php
/default_raw.html
/default_raw.jsp
/default_raw.php
/default_results.html
/default_results.jsp
/default_results.php
/define_language.html
/define_language.jsp
/define_language.php
/defines.html
/defines.jsp
/defines.php
/deletefilebp.html
/deletefilebp.jsp
/deletefilebp.php
/deletefile.html
/DeleteFile.html
/deletefile.jsp
/DeleteFile.jsp
/deletefile.php
/DeleteFile.php
/DeleteFolder.html
/DeleteFolder.jsp
/DeleteFolder.php
/delete.html
/delete.jsp
/delete_move_next/
/delete.php
/delete_record.html
/delete_record.jsp
/delete_record.php
/demo/
/demo/ejb/index.html
/demo.php
/demos/
/demo/sql/index.jsp
/deploy
/deploy/
/.deployignore
/deploy.rb
/deprecated.html
/deprecated.jsp
/deprecated.php
/Descript.ion
/description/
/design/
/desktop/index_framed.htm
/Desktop.ini
/details.html
/details.jsp
/details.php
/.dev/
/dev/
/devel/
/development/
/development.esproj/
/development-parts/
/devices/
/dev.php
/df_main.sql
/d.html
/D.html
/diagon/
/dialog/
/dialogs/
/diff.html
/diff.jsp
/diff.php
/dig_exhib.html
/dig_exhib.jsp
/dig_exhib.php
/dir/
/directionality/
/.directory
/directory/
/dir.php
/Discount_Coupons/
/disk1/
/Disk1/
/DISK1/
/disk1/
/dist/
/dists/
/d.jsp
/D.jsp
/dk/
/dl/
/DLL/
/dll/
/dm/
/doc/
/docker-compose.yml
/Dockerfile
/.dockerignore
/docs/
/Docs/
/docs/
/doctrine/schema/eirec.yml
/doctrine/schema/tmx.yml
/document/
/documentation/
/documentation/config.yml
/documents/
/Documents/
/documents/
/domcfg.nsf/
/domit/
/dom.php
/dopey/
/dos/
/Dos/
/DOS/
/dos/
/download/
/downloader/cache.cfg
/downloader/connect.cfg
/download/history.csv
/download.html
/download.jsp
/download.php
/downloads/
/downloads/dom.php
/downloads.html
/downloads.jsp
/downloads.php
/download/users.csv
/d.php
/D.php
/d.php
/dragresizetable/
/dra.php
/Driver/
/drivers/
/DRIVERS/
/drivers/
/drupal/
/dsl/
/.DS_Store
/.DS_Store/
/dtd/
/DTL/
/DTL_ETC/
/dtree/
/DublinCore/
/dummy
/dummy.php
/dump
/.dump
/Dump/
/dump/
/dump.7z
/dumper/
/dumper.php
/dump_file.sql
/dump.inc
/dump.inc.old
/dump.log
/dump.old
/dump.rar
/dump.rdb
/dumps/
/dump.sql
/Dump.sql
/dump.sql
/Dump.sql
/dump.sqlite
/dump.sql.old
/dump.tar
/dump.tar.bz2
/dump.tar.gz
/dump.tgz
/dumpuser.aspx
/dump.zip
/dv/
/dvd/
/dz0.php
/dz1.php
/dz.php
/e/
/E/
/e/
/e0/
/e1/
/e2/
/e3/
/e4/
/ea/
/eaccelerator.html
/eaccelerator.jsp
/eaccelerator.php
/easton/
/easylog/
/eb/
/ec/
/.eclipse
/eco/
/ecosystem.json
/ed/
/edit/
/edit.html
/edit.jsp
/editor/
/.editorconfig
/editor/FCKeditor
/editorFrame.html
/editorFrame.jsp
/editorFrame.php
/editor.html
/editor.jsp
/editor.php
/editor_registry.jsp
/editor_registry.php
/editors/
/editors/FCKeditor
/editor/stats/
/editor/tiny_mce/
/editor/tinymce/
/edit.php
/edit/spaw2/dialogs/dialog.php
/editsummary.html
/editsummary.jsp
/editsummary.php
/edituser.html
/edituser.jsp
/edituser.php
/ee/
/eecs/
/ef/
/eg/
/ehthumbs.db
/e.html
/E.html
/eigen/
/einstein/
/e.jsp
/E.jsp
/el/
/.elasticbeanstalk/
/.elb
/.elc
/element/
/Element/
/element/
/element.html
/element.jsp
/element.php
/elements/
/elephant/
/elfinder/elfinder.php
/el_GR/
/eligible.html
/eligible.jsp
/eligible.php
/elim/blist.xml
/.emacs.desktop
/.emacs.desktop.lock
/email/
/emailcloak.html
/emailcloak.jsp
/emailcloak.php
/email.html
/Email.html
/email.jsp
/Email.jsp
/email.php
/Email.php
/emerald/
/emotions/
/.empty-folder
/Empty.html
/Empty.jsp
/Empty.php
/ems/
/emul.js
/en/
/en_GB/
/eng.html
/engine/classes/swfupload/swfupload_f9.swf
/engine/classes/swfupload/swfupload.swf
/engine/libs/spaw/dialogs/dialog.php
/engines/
/eng.jsp
/english/
/english.html
/english.jsp
/english.php
/eng.php
/en.html
/en.jsp
/en.php
/enrol/
/Entries/
/entries/
/Entry/
/entry/
/enu/
/en_US/
/en-us/
/en_US.html
/en_US.jsp
/en_US.php
/.env
/.environment
/environment/
/environment.rb
/environments/
/.env.php
/e.php
/E.php
/epoch/
/equipment/
/err
/error
/error/
/error.html
/error.jsp
/errorlog
/.error_log
/error_log
/error_log/
/error-log
/error.log
/error.log.0
/error_log.gz
/error_log.txt
/error-log.txt
/error.php
/_errors
/errors/
/errors/creation
/errors/local.xml
/errors.log
/errors.txt
/error.txt
/es/
/es_AR/
/es_ES/
/es_ES.html
/es_ES.jsp
/es_ES.php
/.esformatter
/.eslintignore
/.eslintrc
/espanol/
/.espressostorage
/et/
/etaoin/
/etc/
/etc/config.ini
/etc/database.xml
/etc/hosts
/etc/passwd
/etc/security.yml
/et_EE/
/et_EE.html
/et_EE.jsp
/et_EE.php
/ethernet/
/eu/
/eudora.ini
/eu_ES/
/eula_en.txt
/eula.txt
/eunomia/
/europe/
/event/
/event.html
/event.jsp
/event.php
/events/
/events.html
/events.jsp
/events_photo.html
/events_photo.jsp
/events_photo.php
/events.php
/exair/
/example/
/exampleapp/
/example.html
/example.jsp
/example.php
/examples/
/excalibur/
/Exception.html
/Exception.jsp
/Exception.php
/exchange/
/exclude/
/exec/
/exhibitdetails.html
/exhibitdetails.jsp
/exhibitdetails.php
/exhibitions.html
/exhibitions.jsp
/exhibitions.php
/exhibits.html
/exhibits.jsp
/exhibits.php
/Exif/
/exif/
/exp/
/expelval/
/experimental/
/expeval/
/export
/export/
/export.html
/export.jsp
/export_log.old.txt
/export_log.txt
/export.php
/export_stock_log.txt
/ext/
/Extension/
/extension/
/Extension.html
/Extension.jsp
/Extension.php
/extensions/
/external/
/.external/data
/.externalToolBuilders/
/extlink/
/extra/
/Extra_Fields/
/extras/
/f/
/F/
/f/
/f1/
/f2/
/fa/
/factory.html
/factory.jsp
/factory.php
/fa_IR/
/fantversion.html
/fantversion.jsp
/fantversion.php
/FAQ
/faq/
/FAQ/
/faq/
/faq.html
/faq.jsp
/faq.php
/faqweb/
/fashion_mosaic/
/Fast_Lane_Checkout/
/fastsearch.html
/fastsearch.html.save
/fastsearch.jsp
/fastsearch.jsp.save
/fastsearch.php
/fastsearch.php.save
/fasttrack/
/fax/
/fb/
/fc/
/fc_functions/
/fck_about/
/fck_docprops/
/fckeditor
/FCKeditor
/fckeditor/
/FCKeditor/
/fckeditor/
/FCKeditor/
/FCKeditor2/
/FCKeditor2.0/
/FCKeditor20/
/FCKeditor2.1/
/FCKeditor21/
/FCKeditor2.2/
/FCKeditor22/
/FCKeditor2.3/
/FCKeditor23/
/FCKeditor2.4/
/FCKeditor24/
/fckeditor/editor/filemanager/browser/default/connectors/asp/connector.asp
/fckeditor/editor/filemanager/browser/default/connectors/aspx/connector.aspx
/fckeditor/editor/filemanager/browser/default/connectors/php/connector.php
/fckeditor/editor/filemanager/connectors/asp/connector.asp
/fckeditor/editor/filemanager/connectors/asp/upload.asp
/fckeditor/editor/filemanager/connectors/aspx/connector.aspx
/fckeditor/editor/filemanager/connectors/aspx/upload.aspx
/fckeditor/editor/filemanager/connectors/php/connector.php
/fckeditor/editor/filemanager/connectors/php/upload.php
/fckeditor/editor/filemanager/upload/asp/upload.asp
/fckeditor/editor/filemanager/upload/aspx/upload.aspx
/fckeditor/editor/filemanager/upload/php/upload.php
/fckeditor.html
/fckeditor.jsp
/fckeditor.php
/fckeditor_php4.html
/fckeditor_php4.jsp
/fckeditor_php4.php
/fckeditor_php5.html
/fckeditor_php5.jsp
/fckeditor_php5.php
/fck_flash/
/fck_image/
/fck_link/
/fck_select/
/fck_spellerpages/
/fck_template/
/fck_universalkey/
/fd/
/fe/
/features/
/feed/
/Feed/
/feed/
/feedcreator.html
/feedcreator.jsp
/feedcreator.php
/feed.html
/feed.jsp
/feed.php
/ff/
/ffftp.ini
/.fhp
/f.html
/F.html
/fi/
/fi_FI/
/fi_fi/
/fi_FI.html
/fi_FI.jsp
/fi_FI.php
/File/
/file/
/fileadmin
/fileadmin/
/fileadmin.php
/filedump/
/file.html
/File.html
/file.jsp
/File.jsp
/filelist.html
/filelist.jsp
/filelist.php
/filemanager
/file_manager/
/filemanager/
/file_manager.html
/file_manager.jsp
/file_manager.php
/.filemgr-tmp
/file.php
/File.php
/file.php
/_files
/files/
/Files.html
/Files.jsp
/files.md5
/Files.php
/files.pl/
/file.sql
/filesystem/
/filesystems/
/file_upload/
/fileupload/
/file_upload.asp
/file_upload.aspx
/file_upload.cfm
/file_upload.htm
/file_upload.html
/FileUpload.html
/FileUpload.jsp
/file_upload.php
/FileUpload.php
/file_upload.php3
/file_upload.shtm
/filter/
/Filter/
/filter/
/Filter.html
/Filter.jsp
/Filter.php
/filters/
/findreplace/
/firewall/
/.fishsrv.pl
/fixtures/
/fj/
/f.jsp
/F.jsp
/.flac
/flags/
/flash/
/Flash/
/flash/
/flashFXP.ini
/flex/
/.flowconfig
/folder.html
/folder.jsp
/folder.php
/folders/
/font/
/Font/
/font/
/Font.html
/Font.jsp
/Font.php
/fonts/
/foo/
/foobar/
/food/
/footer.html
/footer.inc.html
/footer.inc.jsp
/footer.inc.php
/footer.jsp
/footer.php
/form/
/Form/
/form/
/format/
/format.html
/format.jsp
/format.php
/form.html
/form.jsp
/form.php
/forms/
/fortune/
/forum/
/forum/install/install.php
/forum/phpmyadmin/
/forum.rar
/forums/
/forums/cache/db_update.lock
/forums.html
/forums.jsp
/forums.php
/forum.sql
/forum.tar
/forum.tar.gz
/forum.zip
/.forward
/fpadmin
/_fpclass/
/f.php
/F.php
/fr/
/frames/
/framework/
/framework.html
/framework.jsp
/framework.php
/freeradius/
/freesansb.html
/freesansbi.html
/freesansbi.jsp
/freesansbi.php
/freesansb.jsp
/freesansb.php
/freesans.html
/freesansi.html
/freesansi.jsp
/freesansi.php
/freesans.jsp
/freesans.php
/french/
/french.html
/french.jsp
/french.php
/fr_FR/
/fr_FR.html
/fr_FR.jsp
/fr_FR.php
/frontend/
/frontend.html
/frontend.jsp
/frontend.php
/frontpage/
/frontpage.html
/frontpage.jsp
/frontpage.php
/fruit/
/fsbb/
/fsbb.html
/fsbb.jsp
/fsbb.php
/ft/
/ftp/
/.ftp-access
/ftp.html
/ftp.jsp
/.ftppass
/ftp.php
/.ftpquota
/ftp.txt
/fullpage/
/fullscreen/
/fun/
/Function/
/function/
/Function.html
/Function.jsp
/Function.php
/functions/
/functions.html
/functions.inc.html
/functions.inc.jsp
/functions.inc.php
/functions.jsp
/functions.php
/fusion/
/fy/
/g/
/G/
/g/
/ga/
/gacl_api.class.html
/gacl_api.class.jsp
/gacl_api.class.php
/gacl_api.html
/gacl_api.jsp
/gacl_api.php
/gacl.class.html
/gacl.class.jsp
/gacl.class.php
/gacl.html
/gacl.jsp
/gacl.php
/ga_IE/
/galaxy/
/gallery/
/gallery2/
/gallery.html
/gallery.jsp
/gallery.php
/GalleryStorage/
/gandalf/
/ganglia/
/gap/
/Gapps/
/gateway/
/gaza.php
/gb/
/Gbase/
/gcc/
/gd/
/Gdata/
/GD.html
/GD.jsp
/GD.php
/.gem
/Gemfile
/Gemfile.lock
/general/
/general.html
/general.jsp
/general.php
/generic/
/geo/
/Geo/
/geo/
/geo_zones.html
/geo_zones.jsp
/geo_zones.php
/german/
/german.html
/german.jsp
/german.php
/geshi/
/geshi.html
/geshi.jsp
/geshi.php
/GetFolders.html
/GetFolders.jsp
/GetFolders.php
/getimage.html
/getimage.jsp
/getimage.php
/get.php
/getpot/
/g.html
/G.html
/gift/
/Gift_Certificates/
/.gitattributes
/.gitconfig
/.gitignore
/.gitignore~
/.gitignore_global
/.gitignore.swp
/.gitk
/.gitkeep
/gitlog
/.gitmodules
/.git_release
/.gitreview
/.git-rewrite/
/git-service
/g.jsp
/G.jsp
/gl/
/global
/global/
/global.asa.bak
/global.asa.old
/global.asa.orig
/global.asa.temp
/global.asa.tmp
/Global.asax
/global.asax.bak
/global.asax.old
/global.asax.orig
/global.asax.temp
/global.asax.tmp
/global.html
/global.json
/global.jsp
/global.php
/global.properties
/globals
/globals/
/globals.inc
/gmail.html
/gmail.jsp
/gmail.php
/gnome/
/GNUmakefile/
/gold/
/gonzo/
/g.php
/G.php
/gq/
/gr/
/grabbed.html
/gradlew
/graphics/
/graphs/
/green/
/gross/
/group/
/group1/
/group2/
/group3/
/group4/
/group5/
/group6/
/group7/
/group8/
/groupcp.html
/groupcp.jsp
/groupcp.php
/group.html
/group.jsp
/group.php
/groups/
/groups.html
/groups.jsp
/groups.php
/.grunt/
/Gruntfile.js
/gs/
/gu/
/guest/
/guestbook/
/guestbook.html
/guestbook.jsp
/guestbook.php
/guests/
/gwen/
/.gz
/Gzip.html
/Gzip.jsp
/Gzip.php
/h/
/H/
/h/
/handler/
/hardware/
/hardy/
/.hash
/h_cherry/
/he/
/HEAD/
/head/
/header/
/header.html
/HEADER.images/
/header.inc.html
/header.inc.jsp
/header.inc.php
/header.jsp
/header.php
/headers/
/head.html
/head.jsp
/head.php
/heads/
/Health/
/health/
/he_IL/
/help/
/HELP/
/help/
/helper/
/Helper/
/helper/
/helper.html
/helper.jsp
/helper.php
/helpers/
/help.html
/help.jsp
/help.php
/hf/
/h_green/
/h.html
/H.html
/hi/
/hidden/
/hidden.html
/hidden.jsp
/hidden.php
/highslide/
/.history
/HISTORY/
/history/
/history.html
/history.jsp
/history.php
/h.jsp
/H.jsp
/hl/
/home/
/home.html
/home.jsp
/home.php
/home.tar
/home.tar.gz
/home.zip
/hooks/
/horde/
/horiz.html
/horiz.jsp
/horiz.php
/hosts
/howitworks/
/hp/
/h.php
/H.php
/hr/
/ht/
/.hta
/_.htaccess
/.htaccess
/.htaccess~
/ht.access
/htaccess.backup
/.htaccessBAK
/.htaccess.bak
/htaccess.bak
/.htaccess.bak1
/.htaccess-dev
/htaccess.dist
/.htaccess_extra
/.htaccess-local
/.htaccess-marco
/.htaccess.old
/htaccess.old
/.htaccess_orig
/.htaccess.orig
/.htaccess.sample
/.htaccess.save
/.htaccess_sc
/.htaccess.txt
/htaccess.txt
/htbin/
/htdocs/
/h_teal/
/htgroup
/.htgroup
/html/
/HTML/
/html/
/html4strict.html
/html4strict.jsp
/html4strict.php
/html/config.rb
/HTMLDefinition.html
/HTMLDefinition.jsp
/HTMLDefinition.php
/html.html
/html.jsp
/html.php
/HTML_toolbar.html
/HTML_toolbar.jsp
/HTML_toolbar.php
/htpasswd
/_.htpasswd
/.htpasswd
/.htpasswd/
/htpasswd.bak
/htpasswd/htpasswd.bak
/.htpasswds
/Http/
/HTTP/
/http/
/httpd.conf
/httpd.core
/httpd.ini
/httpd/logs/access_log
/httpd/logs/access.log
/httpd/logs/error_log
/httpd/logs/error.log
/HTTPFetcher.html
/HTTPFetcher.jsp
/HTTPFetcher.php
/http.html
/http.jsp
/http.php
/.htusers
/htusers/
/.ht_wsr.txt
/hu/
/hu_HU/
/hu_HU.html
/hu_HU.jsp
/hu_HU.php
/husky/
/hw/
/i/
/I/
/i/
/i18n/
/i386/
/ias/
/ibmpc/
/icon/
/iconlookup.html
/iconlookup.jsp
/iconlookup.php
/icons/
/id/
/id_dsa
/id_dsa.ppk
/.idea
/.idea/
/idea/
/.idea0/
/.idea/compiler.xml
/.idea/copyright/profiles_settings.xml
/.idea/dataSources.ids
/.idea/dataSources.xml
/.idea_modules/
/.idea/modules.xml
/.idea/.name
/ideas/
/.idea/scopes/scope_settings.xml
/.idea/Sites.iml
/.idea/sqlDataSources.xml
/.idea/vcs.xml
/.idea/woaWordpress.iml
/.idea/workspace.xml
/id_ID/
/idn/
/id_rsa
/iespell/
/.ignore
/.ignored/
/i.html
/I.html
/iis/
/iisadmpwd/
/IISADMPWD/
/iissamples/
/i.jsp
/I.jsp
/image/
/Image/
/image/
/ImageEditor.html
/ImageEditor.jsp
/ImageEditor.php
/image.html
/Image.html
/image.jsp
/Image.jsp
/ImageManager/
/ImageManager.html
/ImageManager.jsp
/ImageManager.php
/image.php
/Image.php
/images/
/Images/
/images/
/images1.html
/images1.jsp
/images1.php
/images2.html
/images2.jsp
/images2.php
/images/c99.php
/images.html
/images.jsp
/images.php
/images_small/
/images/Sym.php
/imapd/
/img/
/IMG/
/img/
/Img.html
/Img.jsp
/Img.php
/IM.html
/IM.jsp
/imp/
/IM.php
/import/
/import.html
/import.jsp
/import.php
/inc/
/inc/config.inc
/inc/fckeditor/
/_include
/include/
/include/fckeditor/
/includes/
/includes/adovbs.inc
/includes/configure.php~
/include/spaw2/dialogs/dialog.php
/includes/swfupload/swfupload_f9.swf
/includes/swfupload/swfupload.swf
/includes/tiny_mce/
/includes/tinymce/
/inc/tiny_mce/
/inc/tinymce/
/index/
/index2.html
/index2.jsp
/index2.php
/index3.html
/index3.jsp
/index3.php
/indexbackup.html
/indexbackup.jsp
/indexbackup.php
/index-bak
/index.cfm/
/index.cgi/
/index.class.html
/index.class.jsp
/index.class.php
/index_def.html
/index_def.jsp
/index_def.php
/index.html
/index.html.1317078588
/index.html.bak
/index.html.initial
/index.jsp
/index.jsp.1317078588
/index.jsp.bak
/index.jsp.initial
/__index.php
/_index.php
/index.php
/index.php~
/index.php.1317078588
/index.php3
/index.php4
/index.php5
/index.php-bak
/index.php.bak
/index.php.initial
/index.phps
/index.sql
/index-test.php
/index.xml
/INF/
/inf/
/info/
/info.html
/info.json
/info.jsp
/info.php
/information.html
/information.jsp
/information.php
/infos/
/info.txt
/ingres/
/.ini
/ini.html
/ini.jsp
/ini.php
/inlinepopups/
/InputFilter/
/inputfilter.html
/inputfilter.jsp
/inputfilter.php
/insertdatetime/
/.inst/
/install
/~install/
/_install
/install~/
/install_
/INSTALL/
/install/
/install1/
/installation.php
/.install/composer.phar
/.installed.cfg
/installed.json
/installer
/installer/
/installer.html
/installer.jsp
/installer.php
/install.html
/INSTALL.html
/install.jsp
/INSTALL.jsp
/install.mysql.txt
/install.pgsql.txt
/install.php
/INSTALL.php
/install.php
/install.sql
/install.txt
/Install.txt
/INSTALL.txt
/install/update.log
/interface/
/interfaces/
/internals/
/internet/
/intranet/
/invitation.html
/invitation.jsp
/invitation.php
/invoice.html
/invoice.jsp
/invoice.php
/invoker/JMXInvokerServlet
/invoker/jmxinvokerservlet/
/io.html
/io.jsp
/io.php
/i.php
/I.php
/i.php
/is_IS/
/iso/
/isos/
/ispmgr/
/issamples/
/it/
/i.tar
/i.tar.bz2
/i.tar.gz
/item/
/_item.html
/item.html
/_item.jsp
/item.jsp
/_item.php
/item.php
/it_IT/
/it_IT.html
/it_IT.jsp
/it_IT.php
/itransact.html
/itransact.jsp
/itransact.php
/i.txt
/i.zip
/j/
/J/
/j/
/ja/
/ja_JP/
/ja_JP.html
/ja_JP.jsp
/ja_JP.php
/ja_purity/
/java/
/javascript/
/javascript.html
/javascript.jsp
/javascript.php
/javascripts/
/javax.faces.resource.../WEB-INF/web.xml.jsf
/jazz/
/jdbc
/jellystone/
/jenkins/
/jerome/
/j.html
/J.html
/jira/
/j.jsp
/J.jsp
/jmx-console
/jmx-console/
/.joe_state
/joomla/
/joomla.html
/joomla.jsp
/joomla.php
/joomla.rar
/joomla.xml
/joomla.zip
/jo.php
/j.php
/J.php
/JPN/
/jpn/
/jquery/
/jqueryui/
/.jrubyrc
/js/
/jscalendar/
/jscript/
/jscripts/
/jscripts/tiny_mce/plugins/ajaxfilemanager/ajaxfilemanager.php
/.jscsrc
/js/elfinder/elfinder.php
/js/FCKeditor
/.jsfmtrc
/.jshintignore
/.jshintrc
/JSON.html
/JSON.jsp
/JSON.php
/jsp/
/jsp-examples/
/js/swfupload/swfupload_f9.swf
/js/swfupload/swfupload.swf
/js/tiny_mce/
/js/tinymce/
/judging.html
/judging.jsp
/judging.php
/k/
/K/
/k/
/k2.html
/k2.jsp
/k2.php
/ka/
/kcfinder/browse.php
/.keep
/kernel/
/khepri/
/k.html
/K.html
/killer.php
/kilroy/
/Kind/
/k.jsp
/K.jsp
/klingon/
/km/
/Knowledge/
/kodak/
/ko_KR/
/.komodotools
/.komodotools/
/KOR/
/k.php
/K.php
/l/
/L/
/l/
/l0gs.txt
/L3b.php
/la/
/labs/
/lander.logs
/lang/
/lang_english/
/lang_french/
/Lang.html
/Lang.jsp
/Lang.php
/langs/
/language/
/Language/
/language/
/language_files/
/language.html
/language.jsp
/language.php
/languages/
/languages.html
/languages.jsp
/languages.php
/lasso/
/last.sql
/Latest/
/latest/
/launch.html
/launch.jsp
/launch.php
/laurent/
/layer/
/layout/
/_layouts
/layouts/
/LC_MESSAGES/
/ldap.html
/ldap.jsp
/ldap.php
/leaflet/
/leaflet.html
/leaflet.jsp
/leaflet.php
/legacy/
/legacy.html
/legacy.jsp
/legacy.php
/lehi3b15/
/Length.html
/Length.jsp
/Length.php
/leo/
/.lesshst
/level/
/lg_lexique/
/l.html
/L.html
/lib/
/lib/fckeditor/
/lib/fileupload/fileBrowser.php
/lib/flex/uploader/.actionScriptProperties
/lib/flex/uploader/.flexProperties
/lib/flex/varien/.settings
/lib.html
/lib.jsp
/lib.php
/libraries/
/libraries/phpmailer/
/libraries/tiny_mce/
/libraries/tinymce/
/library/
/libs/
/lib/tiny_mce/
/lib/tinymce/
/LICENCE/
/licence/
/LICENSE/
/license/
/LICENSE.html
/LICENSE.jsp
/LICENSE.php
/LICENSES.html
/LICENSES.jsp
/LICENSES.php
/license.txt
/LICENSE.txt
/light/
/lightbox/
/lighter/
/.lighttpd.conf
/lilo.conf
/link/
/link.html
/linkhub/linkhub.log
/link.jsp
/link.php
/links/
/links.html
/links.jsp
/links.php
/linktous.html
/linusadmin-phpinfo.php
/linux/
/Linux/
/linux/
/list/
/listcommands/
/list_emails
/list.html
/.listing
/.listings
/list.jsp
/list.php
/lists/
/lists/config
/live/
/l.jsp
/L.jsp
/loader.html
/loader.jsp
/loader.php
/load.html
/load.jsp
/loadmodule.html
/loadmodule.jsp
/loadmodule.php
/.loadpath
/load.php
/.local
/.LOCAL
/local/
/local_bd_new.txt
/local_bd_old.txt
/local/composer.lock
/local/composer.phar
/local.config.rb
/locale/
/.localeapp/
/locale.html
/locale.jsp
/locale.php
/local/.gitignore
/local/.git/index
/localhost.old
/localhost.rar
/localhost.rdb
/localhost.sql
/localhost.sqlite
/localhost.tag.gz
/localhost.tar
/localhost.tar.bz2
/localhost.tar.gz
/localhost.tgz
/localhost.zipu
/localization.html
/localization.jsp
/localization.php
/local.properties
/localsettings.php~
/localsettings.php.bak
/localsettings.php.dist
/localsettings.php.old
/localsettings.php.save
/.localsettings.php.swp
/localsettings.php.swp
/localsettings.php.templ
/localsettings.php.txt
/local.xml
/local.xml.additional
/local.xml.template
/.lock-wscript
/_log/
/.log
/log/
/Log/
/log/
/log_1.txt
/_log/access_log
/_log/access-log
/_log/access.log
/log/access_log
/log/access.log
/log/development.log
/_log/error_log
/_log/error-log
/_log/error.log
/log/error_log
/log/error.log
/log_errors.txt
/logexpcus.txt
/logfile
/logfile/
/logfiles
/logfiles/
/logger.html
/logger.jsp
/logger.php
/log.htm
/log.html
/.login
/login/
/.login_conf
/login.html
/login.jsp
/login.php
/logins.txt
/log.jsp
/log/log.log
/log/log.txt
/log.mdb
/logoff.html
/logoff.jsp
/logoff.php
/logos/
/logout.html
/logout.jsp
/logout.php
/log.php
/log/production.log
/logs
/_logs
/_logs/
/logs/
/Logs/
/logs/
/_logs/access_log
/_logs/access-log
/_logs/access.log
/logs/access_log
/logs/access.log
/logsaccess_log/
/logs_console/
/_logs/error_log
/_logs/error-log
/_logs/error.log
/logs/error_log
/logs/error.log
/logs/errors
/log/server.log
/logs.htm
/logs.html
/logs.mdb
/log.sqlite
/logs/sendmail
/logs.sqlite
/log_status_order.txt
/logs.txt
/log/test.log
/log.txt
/lol.php
/loop.html
/loop.jsp
/loop.php
/lori/
/lover/
/l.php
/L.php
/.LSOverride
/LST/
/lucid/
/luna/
/lv/
/lv_LV/
/.lynx_cookies
/m/
/M/
/m/
/__ma/
/ma/
/mac/
/__MACOSX
/madspot.php
/madspotshell.php
/mag/
/.magentointel-cache/
/magic/
/magmi/conf/magmi.ini
/mail/
/Mail/
/mail/
/.mail_aliases
/mail_fetch/
/mailform.html
/mailform.jsp
/mailform.php
/mail.html
/mail.jsp
/mailman/
/mailmanweb.html
/mailmanweb.jsp
/mailmanweb.php
/mail.php
/.mailrc
/mailto/
/mailto.html
/mailto.jsp
/mailto.php
/main/
/main.cgi/
/mainfile.html
/mainfile.jsp
/mainfile.php
/mainframe.html
/mainframe.jsp
/mainframe.php
/main.html
/main.jsp
/main.php
/mainsail/
/maint/
/.maintenance
/maintenance/
/.maintenance2
/Makefile
/Makefile/
/makefile/
/mambo.html
/mambo.jsp
/mambo.php
/mamboxml.html
/mamboxml.jsp
/mamboxml.php
/manage/
/manage.py
/manager/
/manager/html
/manager/html/
/manager.html
/Manager.html
/manager.jsp
/Manager.jsp
/manager.php
/Manager.php
/mango/
/MANIFEST/
/manifest/
/manual/
/Manufacturers/
/manufacturers/
/manufacturers.html
/manufacturers.jsp
/manufacturers.php
/maps/
/marlboro/
/marlin/
/martin/
/master.passwd
/master/portquotes_new/admin.log
/math/
/Math/
/math/
/matrix/
/maui/
/mbstring/
/.mc
/.mc/
/mcpuk/
/media/
/Media/
/media/
/media/export-criteo.xml
/media.html
/media_index/
/media.jsp
/media.php
/member
/memberfiles/
/memberlist
/memberlist.html
/memberlist.jsp
/memberlist.php
/members
/members/
/members.csv
/Membership/
/membership/
/members.log
/members.mdb
/membersonly
/members.sql
/members.sql.gz
/members.sqlite
/members.txt
/members.xls
/_mem_bin/
/memcache.html
/memcache.jsp
/memcache.php
/.memdump
/memoria
/Memory.html
/Memory.jsp
/Memory.php
/mentors.html
/mentors.jsp
/mentors.php
/menu/
/menu.html
/menu.jsp
/menuleftbackup.html
/menuleftbackup.jsp
/menuleftbackup.php
/menuleft.html
/menuleft.jsp
/menuleft.php
/menu.php
/menus/
/mercurial.ini
/mercury/
/.mergesources.yml
/message/
/Message/
/message/
/message_details/
/message.html
/message.jsp
/message.php
/messages/
/messages.html
/messages.jsp
/messages.php
/.meta
/meta/
/.metadata
/.metadata/
/META-INF/context.xml
/method.install.html
/method.install.jsp
/method.install.php
/methods.html
/methods.jsp
/methods.php
/method.upgrade.html
/method.upgrade.jsp
/method.upgrade.php
/m.html
/M.html
/microsoft/
/M_images/
/m_images/
/mime/
/MIME/
/mime/
/mime.html
/mime.jsp
/mime.php
/mimetypes/
/mips/
/misc/
/misc.html
/Misc.html
/misc.jsp
/Misc.jsp
/misc.php
/Misc.php
/m.jsp
/M.jsp
/mk/
/ml/
/mms/
/mn/
/mnet/
/moadmin.php
/MOB/
/mob/
/mobile/
/mod/
/modcp.html
/modcp.jsp
/modcp.php
/mod_custom/
/moddata/
/model.html
/model.jsp
/model.php
/models/
/moderator/
/moderator.php
/mod_feed/
/mod_feed.html
/mod_feed.jsp
/mod_feed.php
/mod_footer/
/mod_footer.html
/mod_footer.jsp
/mod_footer.php
/.modgit/
/modifier/
/Modifier/
/modifier/
/modinfo.html
/modinfo.jsp
/modinfo.php
/mod_latest/
/.modman
/.modman/
/mod_menu/
/mod_related_items/
/mods/
/mod_search/
/mod_search.html
/mod_search.jsp
/mod_search.php
/mod_sections/
/mod_sections.html
/mod_sections.jsp
/mod_sections.php
/mod_stats/
/mod_stats.html
/mod_stats.jsp
/mod_stats.php
/mod_status/
/mod_submenu/
/mod_syndicate/
/mod_syndicate.html
/mod_syndicate.jsp
/mod_syndicate.php
/mod_title/
/mod_toolbar/
/module/
/module1/
/module.html
/module.jsp
/module.php
/.modules
/modules/
/modules.html
/modules.jsp
/modules.php
/modules/php/php.info
/modules/spaw2/dialogs/dialog.php
/mod_unread/
/mongoid.yml
/monitor/
/moodle/
/moodle2/
/mosaic/
/move.html
/move.jsp
/move.php
/mp/
/mp3/
/m.php
/M.php
/mr/
/.mr.developer.cfg
/mrtg.cfg
/ms/
/MS/
/ms/
/msadc/
/MSADC/
/msadc/
/msft/
/MSFT/
/msft/
/.msi
/msi/
/msn/
/msql/
/mssql/
/mt/
/mt-check.cgi
/mtxinu/
/multianswer/
/muracms.esproj
/museum.html
/museum.jsp
/museum.php
/music/
/Music/
/music/
/mutt/
/mw-config/
/.mweval_history
/.mwsql_history
/my/
/myadm/
/myadmin/
/MyAdmin/
/myadmin/index.php
/myadmin/scripts/setup.php
/mybackup/
/my_documents/
/my_files/
/my_pictures/
/mysql/
/mysql-admin/
/mysqladmin/
/mysql/adminer.php
/mysqladmin/scripts/setup.php
/mysql_backups/
/mysql_debug.sql
/mysqldump/
/mysqldumper/
/mysql.err
/.mysql_history
/mysql.html
/Mysqli/
/mysqli/
/mysqli.html
/mysqli.jsp
/mysqli.php
/mysqlitedb.db
/mysql.jsp
/mysql.log
/mysqlmanager/
/mysql.php
/mysql/scripts/setup.php
/mysql.sql
/n/
/N/
/n/
/Name.html
/Name.jsp
/Name.php
/nano.save
/native/
/navigation.html
/navigation.jsp
/navigation.php
/nbactions.xml
/nb-configuration.xml
/nb_NO/
/nb_no/
/nb_NO.html
/nb_NO.jsp
/nb_NO.php
/.nbproject/
/nbproject/
/nbproject/private/private.properties
/nbproject/private/private.xml
/nbproject/project.properties
/nbproject/project.xml
/Net/
/net/
/NetPBM.html
/NetPBM.jsp
/NetPBM.php
/.netrc
/.netrwhist
/netstat/
/network/
/networks/
/new/
/New%20Folder
/New%20folder%20(2)
/new.html
/new.jsp
/newmail/
/new.php
/news/
/NEWS/
/news/
/newsfeed/
/newsfeed.html
/newsfeed.jsp
/newsfeed.php
/newsfeeds.html
/newsfeeds.jsp
/newsfeeds.php
/news.html
/news.jsp
/newsletter/
/newsletter.html
/newsletter.jsp
/newsletter.php
/newsletters/
/newsletters.html
/newsletters.jsp
/newsletters.php
/News_Management/
/news.php
/next/
/nginx-access.log
/nginx.conf
/nginx-error.log
/nginx-ssl.access.log
/nginx-ssl.error.log
/nginx_status
/nginx-status/
/n.html
/N.html
/nic/
/NIF/
/nif/
/n.jsp
/N.jsp
/nl/
/nlm/
/nl_NL/
/nl_NL.html
/nl_NL.jsp
/nl_NL.php
/NLS/
/nn_NO/
/no/
/node/
/.nodelete
/nohup.out
/nonbreaking/
/non_competitors.html
/non_competitors.jsp
/non_competitors.php
/noneditable/
/none.html
/none.jsp
/none.php
/no_NO/
/note/
/_notes/
/notes/
/_notes/dwsync.xml
/notification.html
/notification.jsp
/notification.php
/_novo/composer.lock
/n.php
/N.php
/npm-debug.log
/.npmignore
/.npmrc
/.nsconfig
/nss/
/nst.php
/nstview.php
/nt4/
/nuke/
/number/
/nwclient/
/o/
/O/
/o/
/o2k7/
/object.html
/Object.html
/object.jsp
/Object.jsp
/object.php
/Object.php
/objects/
/ocean/
/odbc
/odbc/
/OEM/
/oem/
/office2003/
/official/
/offline.html
/offline.jsp
/offline.php
/o.html
/O.html
/o.jsp
/O.jsp
/old
/_old
/.old
/old/
/oldfiles
/old_files
/old_files/
/oldfiles/
/old.htaccess
/old.htpasswd
/old_site/
/.oldsnippets
/.oldstatic
/One_Page_Checkout/
/oordir/
/OPD/
/opd/
/OpenID/
/openid/
/openid.html
/openid.jsp
/openid.php
/o.php
/O.php
/options/
/options.html
/options.jsp
/options.php
/oracle
/oracle/
/orange/
/orca/
/order_add_log.txt
/order.html
/order.jsp
/order_log
/order.log
/order.log/
/order.php
/orders
/orders/
/orders.csv
/orders.html
/orders.jsp
/orders_log
/orders.log
/orders.php
/orders.sql
/orders.sql.gz
/orders_status.html
/orders_status.jsp
/orders_status.php
/orders.txt
/orders.txt/
/orders.xls
/order.txt
/.org-id-locations
/original/
/os/
/os2/
/ospfd.conf
/.ost
/other/
/outlaw/
/output/
/output-build.txt
/OutputFilter/
/overrides/
/owa/
/oxford/
/p/
/P/
/p/
/package.json
/_packager/
/Packages/
/packages/
/packaging/
/packingslip.html
/packingslip.jsp
/packingslip.php
/page/
/pagebreak/
/pagebreak.html
/pagebreak.jsp
/pagebreak.php
/page.html
/page_info.html
/page_info.jsp
/page_info.php
/page.jsp
/page.php
/Pager/
/pager/
/pagers/
/_pages
/pages/
/pagination.html
/pagination.jsp
/pagination.php
/painel/config/config.php.example
/panel/
/panel.php
/panorama.html
/panorama.jsp
/panorama.php
/papers/
/par2/
/parameter/
/parameters.html
/parameters.jsp
/parameters.php
/ParseHTML.html
/ParseHTML.jsp
/ParseHTML.php
/parts/
/pass
/pass/
/pass.dat
/passes.txt
/passlist
/passlist.txt
/pass.txt
/pass.txt/
/passwd
/.passwd
/passwd/
/passwd.adjunct
/passwd.bak
/passwd.txt
/password
/Password
/password/
/password.html
/password.jsp
/password.log
/password.log‎
/password.mdb
/password.php
/passwords
/passwords/
/passwords.html
/passwords.mdb
/password.sqlite
/passwords.sqlite
/passwords.txt
/password.txt
/paste/
/.patches/
/patError.html
/patError.jsp
/patErrorManager.html
/patErrorManager.jsp
/patErrorManager.php
/patError.php
/path.html
/path.jsp
/path.php
/pathway.html
/pathway.jsp
/pathway.php
/pattemplate/
/patTemplate/
/patTemplate.html
/patTemplate.jsp
/patTemplate.php
/payment/
/payments/
/paypal.html
/paypal.jsp
/paypal.php
/pbmadmin/
/PBServer/
/pcat/
/pcl/
/pclzip.lib.html
/pclzip.lib.jsp
/pclzip.lib.php
/pdb/
/PDF/
/pdf/
/pdf_fonts/
/pdf.html
/pdf.jsp
/pdf.php
/PDG_Cart/
/Pdo/
/pdo/
/pds/
/pear/
/PEAR/
/Pear/
/pear/
/PEAR5.html
/PEAR5.jsp
/PEAR5.php
/PEAR.html
/PEAR.jsp
/PEAR.php
/pegasus/
/.perf
/perf/
/perl/
/permissions.html
/permissions.jsp
/permissions.php
/persian/
/perso/
/personal
/personal.mdb
/personal.sqlite
/pgadmin
/pgadmin.log
/phinx.yml
/phocagallery.html
/phocagallery.jsp
/phocagallery.php
/phoenix/
/photo/
/photo_events/
/Photos/
/photos/
/photos_history/
/phototheque/
/php
/php/
/php4.ini
/php5.fcgi
/php5.ini
/phpadmin/
/phpadminmy/
/php-backdoor.php
/phpBB2/
/php-cgi.core
/php_cli_errors.log
/php-cli.ini
/phpcompat.html
/phpcompat.jsp
/phpcompat.php
/php.core
/php-cs-fixer.phar
/.phperr.log
/php-error
/php_errorlog
/php_error_log
/php_error.log
/php_errors.log
/php-errors.log
/phperrors.log
/phpgacl/
/.php_history
/php.html
/php_http_proxy.html
/php_http_proxy.jsp
/php_http_proxy.php
/phpinfo
/phpinfo.html
/phpinfo.jsp
/php_info.php
/php-info.php
/phpinfo.php
/phpinfo.php3
/phpinfo.php4
/phpinfo.php5
/.php-ini
/php.ini
/php.ini~
/php.ini_
/phpini.bak
/php.ini-orig.txt
/php.ini.sample
/phpin.php
/phpinputfilter/
/phpInputFilter/
/.phpintel
/php.jsp
/phpldapadmin
/phpldapadmin/
/phpliteadmin.php
/php.lnk
/php.log
/phpma/
/phpmailer/
/phpmailer.html
/phpmailer.jsp
/phpmailer.php
/phpmanager/
/phpmem/
/phpmemcachedadmin/
/phpmy/
/phpMy/
/phpmyad/
/_phpmyadmin/
/_phpMyAdmin/
/_pHpMyAdMiN/
/_PHPMYADMIN/
/php-my-admin/
/php-myadmin/
/phpmy-admin/
/phpMyAdmin/
/phpmyadmin/
/phpMyAdmin0/
/phpMyAdminBackup/
/phpmyadmin/scripts/setup.php
/phpMyAdmin/scripts/setup.php
/phpnuke/
/phppgadmin/
/phpPgAdmin/
/php.php
/php/phpmyadmin/
/phpRedisAdmin/
/phpredmin/
/phpsecinfo/
/.phpstorm.meta.php
/phpsysinfo/
/phpThumb/
/phpThumb.php
/.phptidy-cache
/phpunit/
/phpunit.phar
/phpunit.xml
/phpunit.xml.dist
/phputf8/
/.phpversion
/.php-version
/phpxmlrpc/
/p.html
/P.html
/phymyadmin/
/pic/
/picasa/
/pics/
/pictures/
/pinfo.php
/pi.php
/pi.php5
/pip-log.txt
/piranha/
/pix/
/p.jsp
/P.jsp
/.pki
/pl/
/.placeholder
/placeholder/
/PlainHTTPFetcher.html
/PlainHTTPFetcher.jsp
/PlainHTTPFetcher.php
/platform/
/.playground
/pl_PL/
/pl_PL.html
/pl_PL.jsp
/pl_PL.php
/plugin/
/Plugin/
/plugin/
/plugin.html
/plugin.jsp
/plugin.php
/_plugins/
/plugins/
/plugins/editors/fckeditor
/plugins/fckeditor
/plugins.html
/plugins.jsp
/plugins.log
/plugins.php
/plugins/sfSWFUploadPlugin/web/sfSWFUploadPlugin/swf/swfupload_f9.swf
/plugins/sfSWFUploadPlugin/web/sfSWFUploadPlugin/swf/swfupload.swf
/plugins/spaw2/dialogs/dialog.php
/plugins/tinymce/
/plugins/upload.php
/plugins/web.config
/plupload
/pm/
/__pma___/
/p/m/a/
/pma/
/PMA/
/pma2005/
/PMA2005/
/pma4/
/pmadmin/
/pma/index.php
/pma/scripts/setup.php
/pmyadmin/
/po/
/policy/
/poll/
/poll.html
/poll.jsp
/poll.php
/polls/
/pom.xml
/pop/
/popup/
/popup.html
/popup_image.html
/popup_image.jsp
/popup_image.php
/popup.jsp
/popup.php
/popups/
/portal/
/portlet/
/ports/
/posters/
/postgres/
/post.html
/posting.html
/posting.jsp
/posting.php
/post.jsp
/post.php
/p.php
/P.php
/p.php
/pre/
/prefetch.txt
/prefs/
/prep/
/pressrelease.html
/pressrelease.jsp
/pressrelease.php
/preview/
/prime/
/print/
/printer/
/print.html
/print.jsp
/print.php
/priv8.php
/PRIVACY/
/privacy/
/privacy.html
/privacy.jsp
/privacy.php
/_private
/_private/
/private/
/private.key
/private.mdb
/private.sqlite
/privmsg.html
/privmsg.jsp
/privmsg.php
/.procmailrc
/products_new.html
/products_new.jsp
/products_new.php
/.profile
/profile/
/profile.html
/profile.jsp
/profile.php
/profiler.html
/profiler.jsp
/profiler.php
/profiles/
/profiles.html
/profiles.jsp
/profiles.php
/proftpd/
/proftpdpasswd
/proj_cord.html
/proj_cord.jsp
/proj_cord.php
/proj_details.html
/proj_details.jsp
/proj_details.php
/.project
/.project/
/project/
/.projectOptions
/project.pbxproj
/projects/
/.project.xml
/project.xml
/Promotion/
/promotion/
/propel.ini
/propel.yml
/.properties
/Proprietary.html
/Proprietary.jsp
/Proprietary.php
/protected/
/protector/
/Provider/
/provider/
/proxy/
/prv/
/ps/
/psd/
/.psql_history
/.pst
/pt/
/pt_BR/
/pt_br/
/pt_BR.html
/pt_BR.jsp
/pt_BR.php
/ptj/
/pt_PT/
/pt_pt/
/pub/
/public/
/publication_list.xml
/public_html/
/public/spaw2/dialogs/dialog.php
/publish/
/publisher.html
/publisher.jsp
/publisher.php
/pw/
/pwd.db
/pws.txt
/pw.txt
/py/
/.pydevproject
/python/
/.python-eggs
/q/
/Q/
/q/
/qa/
/q.html
/Q.html
/q.jsp
/Q.jsp
/q.php
/Q.php
/.qqestore/
/Query/
/query/
/query.html
/query.jsp
/query.log
/query.php
/question/
/r/
/R/
/r/
/r00t.php
/r57eng.php
/r57.php
/r57shell.php
/r58.php
/r99.php
/ra/
/radio.html
/radio.jsp
/radio.php
/RAID/
/random.html
/random.jsp
/random.php
/.rar
/rate.html
/rate.jsp
/rate.php
/rating/
/rav/
/.raw
/raw/
/.rbtp
/.rdsTempFiles
/Read
/Read%20Me.txt
/Reader/
/reader/
/Reader.html
/Reader.jsp
/Reader.php
/reading/
/readme
/README
/read.me
/README/
/readme/
/README.htm
/readme.html
/README.md
/Read_Me.txt
/readme.txt
/Readme.txt
/README.txt
/readmore.html
/readmore.jsp
/readmore.php
/ready/
/recaptcha/
/recentservers.xml
/recruit/
/red/
/refs/
/register/
/register1.html
/register8.php
/register.html
/register.jsp
/register_orig.html
/register_orig.jsp
/register_orig.php
/register.php
/registry/
/Release/
/release/
/RELEASE_NOTES/
/ReleaseNotes/
/RELEASE_NOTES.txt
/releases/
/relnotes/
/remember.html
/remember.jsp
/remember.php
/remind/
/remote/
/remote.php/webdav/
/remotes/
/.remote-sync.json
/RenameFile.html
/RenameFile.jsp
/RenameFile.php
/RenameFolder.html
/RenameFolder.jsp
/RenameFolder.php
/renderer/
/Renderer/
/renderer/
/Renderer.html
/Renderer.jsp
/Renderer.php
/report/
/reports/
/Repository/
/repository/
/Request/
/request/
/request.log
/Required.html
/Required.jsp
/Required.php
/research/
/reseller
/reset/
/reset.html
/reset.jsp
/reset.php
/Resource/
/resource/
/resources/
/resources/fckeditor
/resources.html
/resources.jsp
/resources.php
/resources.xml
/Response/
/response/
/restore.php
/restricted
/RETAIL/
/retail/
/reviews/
/reviews.html
/reviews.jsp
/reviews.php
/.revision
/revision.inc
/revision.txt
/.rhosts
/r.html
/R.html
/rhuk_milkyway/
/riacs/
/r.jsp
/R.jsp
/ro/
/.robots.txt
/rock/
/ronin/
/~root/
/Root/
/root/
/RootCA.crt
/ro_RO/
/roskilde/
/rouge/
/route.html
/route.jsp
/route.php
/router.html
/router.jsp
/router.php
/Rpc/
/rpc/
/r.php
/R.php
/r.php
/rpm/
/rss/
/rss.html
/rss.jsp
/rss.php
/rst.php
/.rsync_cache
/.rsync_cache/
/rte/
/RTE_configuration/
/rti/
/rtl/
/.rtlcssrc
/ru/
/.rubocop_todo.yml
/.rubocop.yml
/ruby/
/.ruby-gemset
/.ruby-version
/ru_RU/
/ru_RU.html
/ru_RU.jsp
/ru_RU.php
/rvform.html
/rvform.jsp
/rvform.php
/.rvmrc
/rvscompodb/
/rvscronjobctrl.html
/rvscronjobctrl.jsp
/rvscronjobctrl.php
/rvsincludefile/
/rvslib/
/rvs_library/
/rvtheme/
/rvtheme_admin/
/s/
/S/
/s/
/s3/
/.s3backupstatus
/.s3cfg
/s5/
/sa2.php
/safari/
/SafeObject.html
/SafeObject.jsp
/SafeObject.php
/sales/
/sales.csv
/sales.log
/sales.sql
/sales.sql.gz
/sales.txt
/sales.xls
/sam/
/samba/
/_sample/
/sample/
/sample01.html
/sampleposteddata.html
/sampleposteddata.jsp
/sampleposteddata.php
/_samples/
/samples/
/Samples/
/samples/
/sample.txt
/sample.txt~
/sanfran/
/sap/bc/soap/rfc/
/sa.php
/.sass-cache/
/save/
/schema/
/schema.sql
/schema.yml
/schinese.html
/schinese.jsp
/schinese.php
/schinese_utf8.html
/schinese_utf8.jsp
/schinese_utf8.php
/scm/
/scr/
/script/
/scriptaculous/
/scripts/
/Scripts/
/scripts/
/scripts/setup.php
/.scrutinizer.yml
/sdk/
/search/
/Search/
/search/
/searchform.html
/searchform.jsp
/searchform.php
/search.html
/search.inc.html
/search.inc.jsp
/search.inc.php
/search.jsp
/search.php
/searchreplace/
/searchreplacedb2cli.php
/searchreplacedb2.php
/secret/
/Secret/
/secrets/
/section/
/section.html
/section.jsp
/section.php
/sections.html
/sections.jsp
/sections.php
/secure/
/security/
/sef.html
/sef.jsp
/sef.php
/sei/
/seit/
/.selected_editor
/select.html
/select.jsp
/selector/
/select.php
/seminaria/
/.sencha/
/sendmail.html
/sendmail.jsp
/sendmail.php
/sensor/
/sentinel/
/sent_subfolders/
/seportal/
/sequent/
/Server/
/server/
/Server/
/server.cfg
/server.html
/Server.html
/server-info
/server_info.html
/server_info.jsp
/server_info.php
/server.jsp
/Server.jsp
/server.log
/server.php
/Server.php
/servers/
/server-status/
/server.xml
/service/
/service.asmx
/service.properties
/services
/services/
/Services/
/services/
/servlet/
/servlet/Oracle.xml.xsql.XSQLServlet/soapdocs/webapps/soap/WEB-INF/config/soapConfig.xml
/servlet/oracle.xml.xsql.XSQLServlet/xsql/lib/XSQLConfig.xml
/serv-u.ini
/session/
/session.html
/session.jsp
/session.php
/sessionRead.html
/sessionRead.jsp
/sessionRead.php
/sessions/
/sessions.html
/sessions.jsp
/sessions.php
/sessionWrite.html
/sessionWrite.jsp
/sessionWrite.php
/setting/
/setting.ini.html
/setting.ini.jsp
/setting.ini.php
/.settings
/.settings/
/settings/
/settings.bak
/settings.dist
/settings.html
/settings.ini
/.settings/.jsdtscope
/settings.jsp
/settings.old
/.settings/org.eclipse.core.resources.prefs
/.settings/org.eclipse.php.core.prefs
/.settings/org.eclipse.wst.common.project.facet.core.xml
/.settings/org.eclipse.wst.jsdt.ui.superType.container
/.settings/org.eclipse.wst.jsdt.ui.superType.name
/settings.php
/settings.php~
/settings.php1
/settings.php2
/settings.php.bak
/settings.php.dist
/settings.php.old
/settings.php.save
/.settings.php.swp
/settings.php.swp
/settings.php.templ
/settings.php.txt
/settings.py
/settings.save
/settings.swp
/settings.txt
/settings.xml
/settings.yml
/setup/
/SETUP/
/setup/
/setupdir/
/SETUPDIR/
/setupdir/
/setup.html
/setup.jsp
/setup.php
/setup.sql
/sftp-config.json
/.sh
/sh/
/Sh3ll.php
/shans1/
/share/
/shared/
/_shared.yml
/shark/
/shell/
/shell.php
/shellz.php
/.sh_history
/shipping/
/shipping.html
/shipping.jsp
/shipping.php
/shop/
/shop.sql
/show/
/showcode.asp/
/.shrc
/shrdlu/
/s.html
/S.html
/shtml.dll/
/shtml.exe/
/si/
/sidebar.html
/sidebar.jsp
/sidebar.php
/sierra/
/signup.action
/silk/
/silver/
/simple/
/simple-backdoor.php
/simplecommands/
/.simplecov
/simplepie/
/simplepie.html
/simplepie.jsp
/simplepie.php
/simpletest/
/singer/
/single.html
/single.jsp
/single.php
/site/
/siteadmin
/site_admin
/siteadmin/
/site/common.xml
/Sitemap/
/sitemap/
/sitemap.html
/sitemap.jsp
/sitemap.php
/site.rar
/Sites/
/sites/
/sitescope/
/sites.ini
/site.sql
/site.tar.gz
/site.txt
/s.jsp
/S.jsp
/sk/
/skin/
/skins/
/sk_SK/
/sl/
/slapd.conf
/slices/
/slider/
/slideshow/
/.sln
/sl_SI/
/sm/
/smarty/
/Smarty.class.html
/Smarty.class.jsp
/Smarty.class.php
/smiles/
/smiley/
/.smileys/
/smilies/
/smtp.html
/smtp.jsp
/smtp.php
/.smushit-status
/snapshots/
/sneezy/
/snippets/
/soap/
/soapdocs/webapps/soap/WEB-INF/config/soapConfig.xml
/soapserver/
/social/
/software/
/solaris/
/sounds/
/_source
/_source/
/source/
/source.php
/Sources/
/sources/
/sp2gdr/
/sp2qfe/
/SP2QFE/
/spam/
/.spamassassin
/spamcop/
/spanish/
/spanish.html
/spanish.jsp
/spanish.php
/sparc/
/sparc64/
/spaw2/dialogs/dialog.php
/spaw/dialogs/dialog.php
/spec/
/specials.html
/specials.jsp
/specials.php
/spec/lib/database.yml
/spec/lib/settings.local.yml
/speech/
/spellchecker/
/spellchecker.html
/spellchecker.jsp
/spellchecker.php
/spellerpages/
/sphinx/
/s.php
/S.php
/spice/
/spiff/
/spiffyCal/
/spock/
/sponsors/
/sponsors.html
/sponsors.jsp
/sponsors.php
/spool/
/Spreadsheets/
/SpryAssets/
/spryassets/
/spwd.db
/spy.aspx
/_SQL
/__SQL
/.sql
/sql/
/sqladm
/_sqladm
/sqladmin
/sqlbuddy
/sqlbuddy/login.php
/.sql.bz2
/sql/db.sql
/sql_dumps
/sql_error.log
/.sql.gz
/sql.html
/sql.html3
/sql.inc
/sql/index.php
/.sqlite_history
/sql.jsp
/sql.jsp3
/sqlmanager/
/sqlmigrate.php
/sqlnet.log
/sql.php
/sql.php3
/sql.php3/
/sqlqhit.asp/
/SQLQHit.asp/
/sql.sql
/sql.tar
/sql.tgz
/sql.txt
/sqlweb/
/sql.zip
/squirrelspell/
/sr/
/_src
/src/
/sr_YU/
/ss/
/ss_database_backup.sql
/.ssh
/.ssh.asp
/.ssh/authorized_keys
/.ssh/id_rsa
/.ssh/id_rsa~
/.ssh/id_rsa.key
/.ssh/id_rsa.key~
/.ssh/id_rsa.priv
/.ssh/id_rsa.priv~
/.ssh/id_rsa.pub
/.ssh/id_rsa.pub~
/.ssh/know_hosts
/.ssh/know_hosts~
/.ssh/known_host
/sshots/
/.ssh.php
/ssi/
/ssl/
/staff/
/staging/
/standards/
/standart/
/stars/
/stat/
/Stat/
/stat/
/statistics/
/stats
/stats/
/stats_customers.html
/stats_customers.jsp
/stats_customers.php
/status/
/status.html3
/statusicon/
/status.jsp3
/status.php
/status.php3
/status.php3/
/STATUS.txt
/status.xsl
/.st_cache/
/steps/
/stills/
/Storage/
/storage/
/storage.html
/storage.jsp
/storage.php
/store/
/stories/
/Strategy/
/strategy/
/strcasecmp.html
/strcasecmp.jsp
/strcasecmp.php
/strcspn.html
/strcspn.jsp
/strcspn.php
/streams.html
/streams.jsp
/streams.php
/string.html
/string.jsp
/string.php
/stristr.html
/stristr.jsp
/stristr.php
/strlen.html
/strlen.jsp
/strlen.php
/stronghold-info
/stronghold-status
/strrev.html
/strrev.jsp
/strrev.php
/str_split.html
/str_split.jsp
/str_split.php
/strspn.html
/strspn.jsp
/strspn.php
/structure/
/stub-status
/studio/
/style/
/style.html
/style.jsp
/style.php
/styles/
/stylesheets/
/sub/
/.sublime-gulp.cache
/.sublime-project
/.sublime-workspace
/submit.html
/submit.jsp
/submit.php
/substr_replace.html
/substr_replace.jsp
/substr_replace.php
/.subversion
/.sucuriquarantine/
/sugarcrm.log
/sulu/
/sun/
/sun2/
/sun3/
/.sunw
/super/
/supercache/
/suphp/
/support/
/surgemail/
/surgemail/mtemp/surgeweb/tpl/shared/modules/swfupload_f9.swf
/surgemail/mtemp/surgeweb/tpl/shared/modules/swfupload.swf
/survey/
/sv/
/.svn
/.svn/
/svn/
/SVN/
/.svn/entries
/.svnignore
/svn.revision
/.sw
/.swf
/swf/
/swfupload
/swift/
/.swo
/.swp
/sxd/
/sxd/backup/
/SYMBOLS/
/symbols/
/SYMBOLS.PRI/
/symfony/apps/frontend/config/routing.yml
/symfony/apps/frontend/config/settings.yml
/symfony/config/databases.yml
/Symlink.php
/Symlink.pl
/symphony/apps/frontend/config/app.yml
/symphony/apps/frontend/config/databases.yml
/symphony/config/app.yml
/symphony/config/databases.yml
/sYm.php
/Sym.php
/sym/root/home/
/.SyncID
/.SyncIgnore
/.synthquota
/sys/
/sysadmin
/sysadmin/
/sysadmin.php
/sysadmins
/sysadmins/
/sysbackup
/syslog/
/system/
/system/
/system32/
/system/cron/cron.txt
/system/error.txt
/system/log/
/system.log
/system/logs/
/.system/sitemap.xml
/t/
/T/
/t/
/t00.php
/ta/
/tab/
/tabfocus/
/table/
/tablecommands/
/table.html
/Table.html
/table.jsp
/Table.jsp
/table.php
/Table.php
/tables/
/tabs/
/tac/
/tag/
/Tag/
/tag/
/tag.html
/tag.jsp
/tag.php
/.tags
/tags/
/tags.html
/tags.jsp
/tags.php
/.tags_sorted_by_file
/talk/
/tar
/.tar
/.tar.bz2
/tar.bz2
/.tar.gz
/tar.gz
/Tar.html
/Tar.jsp
/Tar.php
/tax_classes.html
/tax_classes.jsp
/tax_classes.php
/taxonomy.html
/taxonomy.jsp
/taxonomy.php
/tax_rates.html
/tax_rates.jsp
/tax_rates.php
/TB_IMG/
/tcpdf/
/tcpdf_config.html
/tcpdf_config.jsp
/tcpdf_config.php
/tcpdf.html
/tcpdf.jsp
/tcpdf.php
/te/
/tech/
/technico.txt
/technote/
/tell_a_friend.html
/tell_a_friend.jsp
/tell_a_friend.php
/telphin.log
/.temp
/temp/
/TEMP/
/temp.html
/temp.jsp
/template/
/TEMPLATE/
/template/
/TemplateCache/
/template.html
/template.jsp
/template.php
/templates/
/Templates/
/templates/
/templates/beez/index.php
/templates_c/
/templates.html
/templates/ja-helio-farsi/index.php
/templates.jsp
/templates.php
/templates/rhuk_milkyway/index.php
/temp.php
/terminal/
/tesseract/
/test
/_test
/test_
/test/
/test0.php
/test1/
/test123.php
/test1.php
/test2/
/test2.php
/test.asp
/test.aspx
/_testcases/
/test.chm
/testForms.html
/testForms.jsp
/testForms.php
/test.htm
/test.html
/testing/
/testingheader.html
/testingheader.jsp
/testingheader.php
/test_ip.php
/test.jsp
/test.mdb
/__test.php
/test.php
/tests
/tests/
/tests/phpunit_report.xml
/test.sqlite
/test.txt
/testTypo.html
/testTypo.jsp
/testTypo.php
/tex/
/Text/
/text/
/textarea.html
/textarea.jsp
/textarea.php
/text.html
/Text.html
/text.jsp
/Text.jsp
/text.php
/Text.php
/.tgitconfig
/th/
/thankform.html
/thankform.jsp
/thankform.php
/theme/
/themed_graphics/
/theme.html
/theme.jsp
/ThemeOffice/
/theme.php
/_themes/
/themes/
/themes.html
/themes.jsp
/themes.php
/theory/
/t.html
/T.html
/thumb/
/Thumbnail.html
/Thumbnail.jsp
/Thumbnail.php
/thumbnails/
/.thumbs
/.thumbs/
/thumbs/
/Thumbs.db
/thumbs.html
/thumbs.jsp
/thumbs.php
/thunderbird/
/ti/
/Tidy.html
/Tidy.jsp
/Tidy.php
/tiger/
/timer.html
/timer.jsp
/timer.php
/timetable.html
/timetable.jsp
/timetable.php
/timezones.html
/timezones.jsp
/timezones.php
/T_IMG/
/tinman/
/tiny_mce/
/tinymce/
/tinymce.html
/tinymce.jsp
/tinymce.php
/tiny_mce/plugins/filemanager/examples.html
/tiny_mce/plugins/imagemanager/pages/im/index.html
/t.jsp
/T.jsp
/tl/
/tmc/
/tmp
/TMP
/.tmp
/tmp/
/tmp/2.php
/tmp/access_log
/tmp/access.log
/tmp/admin.php
/tmp/cgi.pl
/tmp/Cgishell.pl
/tmp/changeall.php
/tmp/cpn.php
/tmp/d0maine.php
/tmp/domaine.php
/tmp/domaine.pl
/tmp/d.php
/tmp/dz1.php
/tmp/dz.php
/tmp/error_log
/tmp/error.log
/tmp/index.php
/tmp/killer.php
/tmpl/
/tmp/L3b.php
/tmp/madspotshell.php
/tmp/priv8.php
/.tmproj
/tmp/root.php
/tmp/sessions/
/tmp/sql.php
/tmp/Sym.php
/tmp/upload.php
/tmp/uploads.php
/tmp/up.php
/tmp/user.php
/tmp/vaga.php
/tmp/whmcs.php
/tmp/xd.php
/TODO/
/tohtml.inc.html
/tohtml.inc.jsp
/tohtml.inc.php
/tolkien/
/toolbar/
/toolbar.html
/toolbar.jsp
/toolbar.php
/tools
/tools/
/Tools/
/tools/
/tools/_backups/
/tools.html
/tools.jsp
/tools.php
/top/
/topics/
/.tox
/t.php
/T.php
/tr/
/trac/
/Trace.axd
/transformations/
/Transform.html
/Transform.jsp
/Transform.php
/.transients_purge.log
/translate/
/Translate.html
/Translate.jsp
/Translate.php
/.Trash
/.Trashes
/.travis.yml
/travis.yml
/tree/
/tree.html
/tree.jsp
/treeNav/
/tree.php
/trim.html
/trim.jsp
/trim.php
/tr_TR/
/trw/
/tst
/tulip/
/.tx/
/typo3/phpmyadmin/
/typo3/phpmyadmin/scripts/setup.php
/u/
/U/
/u/
/phpMemcachedAdmin/
/uber/phpMyAdmin/
/uber/phpMyAdminBackup/
/ucfirst.html
/ucfirst.jsp
/ucfirst.php
/ucwords.html
/ucwords.jsp
/ucwords.php
/ug/
/u.html
/U.html
/ui/
/u.jsp
/U.jsp
/uk/
/uk_UA/
/um/
/unattend.txt
/uninstall.html
/uninstall.jsp
/uninstall.php
/unix/
/unknown/
/update/
/update.html
/update.jsp
/update.php
/updates
/updates/
/UPDATE.txt
/UPGRADE
/UPGRADE/
/upgrade/
/upgrade.html
/upgrade.jsp
/upgrade.php
/upgrades/
/UPGRADE.txt
/UPGRADING/
/u.php
/U.php
/upload
/Upload
/upload/
/upload/1.php
/upload2.php
/uploadarticles/uploadTester.asp
/upload.asp
/upload.aspx
/uploadbplan.html
/uploadbplan.jsp
/uploadbplan.php
/upload/b_user.csv
/upload/b_user.xls
/uploadbusplan.html
/uploadbusplan.jsp
/uploadbusplan.php
/upload.cfm
/uploaddogs.html
/uploaddogs.jsp
/uploaddogs.php
/uploader/
/uploader.html
/uploader.jsp
/uploader.php
/uploadfile.html
/uploadfile.jsp
/upload_file.php
/uploadfile.php
/uploadfiles.php
/upload.htm
/upload.html
/uploadify/
/uploadify.php
/uploadify/uploadify.swf
/upload.jsp
/upload.php
/upload.php3
/uploads/
/upload.shtm
/uploads.php
/upload/test.php
/upload/test.txt
/upload/upload.php
/upl.php
/up.php
/upstream_conf
/ur/
/ur-admin.php
/URI.html
/URI.jsp
/URI.php
/url/
/us/
/usage/
/user/
/user1/
/user2/
/useradmin
/useradmin/
/usercp2.php
/userdb/
/UserFile
/userfiles
/UserFiles
/usergroup.html
/usergroup.jsp
/usergroup.php
/user_guide
/user.html
/.user.ini
/user.jsp
/usernames.txt
/user.php
/users/
/users.class.html
/users.class.jsp
/users.class.php
/users.csv
/users.db
/users.html
/users.ini
/users.jsp
/users.log
/users.mdb
/users.php
/users.sql
/users.sql.gz
/users.sqlite
/users.txt
/users.xls
/users.yml
/user.txt
/user_uploads
/utf8.html
/utf8.jsp
/utf8.php
/util/
/Util/
/util/
/util.html
/utilities/
/util.jsp
/util.php
/utils/
/v/
/V/
/v/
/v2/
/.vacation.cache
/.vagrant
/Vagrantfile
/vagrant-spec.config.rb
/validate.html
/validate.jsp
/validate.php
/validation.html
/validation.jsp
/validation.php
/validator.php
/var/backups/
/var/debug.log
/var/log/
/var/logs/
/vars.html
/vars.jsp
/vars.php
/vax/
/vb/
/vb.rar
/vb.sql
/vb.zip
/vcard.html
/vcard.jsp
/vcard.php
/vector/
/vendor/
/VER_sel_data/
/.version
/version/
/VERSION/
/version/
/version.html
/version.jsp
/version.php
/VERSION.txt
/vert.html
/vert.jsp
/vert.php
/.vgextensions/
/v.html
/V.html
/vi/
/video/
/videos/
/view/
/View/
/view/
/ViewCode.asp/
/view.html
/view.jsp
/view.php
/views/
/viewtopic.html
/viewtopic.jsp
/viewtopic.php
/vim/
/.viminfo
/.vimrc
/virus/
/visualchars/
/vivid_dreams/
/v.jsp
/V.jsp
/vlsi/
/vm/
/vms/
/voice/
/vote.html
/vote.jsp
/vote.php
/v.php
/V.php
/vrtour.html
/vrtour.jsp
/vrtour.php
/_vti_adm/
/_vti_aut/
/_vti_bin/
/_vti_cnf/
/_vti_inf.html
/_vti_log/
/_vti_pvt/
/_vti_pvt/service.cnf
/_vti_txt/
/vtund.conf
/w/
/W/
/w/
/waves/
/wcx_ftp.ini
/.web
/web/
/webacula/application/config.ini
/webadmin
/webadmin/
/webadmin.html
/webadmin.php
/webalizer/
/webcart/
/web.config
/web.config.bak
/web.config.bakup
/web.config::$DATA
/web.config.old
/web.config.temp
/web.config.tmp
/web.config.txt
/web-console/
/web-console/Invoker
/web-console/ServerInfo.jsp
/webdav/
/webdav/index.html
/webdav/servlet/webdav/
/webdb/
/web.Debug.config
/Web.Debug.config
/webgrind
/_WEB_INF/
/WEB-INF/config.xml
/WEB-INF/web.xml
/WEB-INF./web.xml
/weblink/
/weblink.html
/weblink.jsp
/weblink.php
/weblinks.html
/weblinks.jsp
/weblinks.php
/weblog/
/weblogs/
/webmail/
/webmail/src/configtest.php
/webmaster/
/webmaster_logs/
/webmin/
/webpack.config.js
/webpack.config.node.js
/web/phpMyAdmin/
/web/phpMyAdmin/scripts/setup.php
/Web.Release.config
/web.Release.confiп
/web/scripts/setup.php
/webservice/AutoComplete.amx
/WebShop/
/website.git
/websql/
/webstat/
/webstats/
/webstats.html
/wei/
/wget/
/WHATISTHIS/
/white/
/whmcs/downloads/dz.php
/whmcs.php
/whos_online.html
/whos_online.jsp
/whos_online.php
/w.html
/W.html
/wia.html
/wia.jsp
/wia.php
/wic.html
/wic.jsp
/wic.php
/widgets.html
/widgets.jsp
/widgets.php
/wifi/
/win2000/
/WIN2000/
/Win2k/
/WIN95/
/win95/
/WIN98/
/Win98/
/Win9x/
/win9x/
/windows/
/WINDOWS/
/windows/
/win.ini/
/WINME/
/winnt/
/WINNT/
/winnt351/
/winnt40/
/WINXP/
/winxp/
/w.jsp
/W.jsp
/wlw/
/wombat/
/wood/
/WORD/
/word/
/wordpress/
/work/
/workshop.html
/workshop.jsp
/workshop.php
/.workspace/
/wp/
/wp-admin/
/wp-admin/c99.php
/wp-admin/setup-config.php
/wp-app.log
/wp-command.php
/wp-config.bak
/wp-config.dist
/wp-config.inc
/wp-config.old
/wp-config.php~
/wp-config.php1
/wp-config.php2
/wp-config.php.bak
/wp-config.php.dist
/wp-config.php.inc
/wp-config.php.old
/wp-config.php.save
/.wp-config.php.swp
/wp-config.php.swp
/wp-config.php.templ
/wp-config.php.txt
/wp-config.save
/wp-config.swp
/wp-config.txt
/wp-content/backup-db/
/wp-content/backups/
/wp-content/debug.log
/wp-content/plugins/akismet/admin.php
/wp-content/plugins/akismet/akismet.php
/wp-content/plugins/google-sitemap-generator/sitemap-core.php
/wp-content/uploads/
/w.php
/W.php
/wp.php
/wp.rar/
/wp-register.php
/wp.sql
/wpThumbnails/
/wp.zip
/wp.zip/nwp-content/plugins/disqus-comment-system/disqus.php
/wrapper.html
/wrapper.jsp
/wrapper.php
/Writer/
/ws/api_test.php
/wsc/
/wsdocs/
/ws_ftp.ini
/WS_FTP.LOG
/wso2.5.1.php
/wso2_pack.php
/wso2.php
/wso.php
/WSO.php
/ws.php
/wstats/
/wvdial.conf
/_www
/www/
/wwwboard/
/wwwboard/passwd.txt
/wwwlog/
/wwwstat/
/wwwstats/
/wwwstats.htm
/wysiwyg/
/x/
/X/
/x/
/x86_64/
/xampp/
/xampp/phpmyadmin/
/xampp/phpmyadmin/scripts/setup.php
/xcache.html
/xcache.jsp
/xcache.php
/xd.php
/x.html
/X.html
/xhtmlxtras/
/xinu/
/x.jsp
/X.jsp
/xls/
/xml/
/XML/
/xml/
/xml/_common.xml
/xml/common.xml
/xml.html
/XML.html
/xml.jsp
/XML.jsp
/xml.php
/XML.php
/xmlrpc/
/xmlrpc.html
/xmlrpc.jsp
/xmlrpc.php
/xmlrpc_server.php
/xmlrpcs.html
/xmlrpcs.jsp
/xmlrpcs.php
/xp/
/x.php
/X.php
/x.php
/xphperrors.log
/xsl/
/xsl/_common.xsl
/xsl/common.xsl
/xsql/
/xsql/lib/XSQLConfig.xml
/xstandard/
/xstandard.html
/xstandard.jsp
/xstandard.php
/Xtras/
/xv/
/y/
/Y/
/yacs/
/Yadis/
/Yadis.html
/Yadis.jsp
/Yadis.php
/.yardopts
/y.html
/Y.html
/y.jsp
/Y.jsp
/yoda/
/YouTube/
/y.php
/Y.php
/yui/
/Z
/z/
/zabbix/
/zebra.conf
/zehir.php
/zen/
/Zend/
/zend/
/zeroclipboard.swf
/.zeus.sock
/.zfs/
/zh_CN/
/z.html
/Z.html
/zh_TW/
/zImage/
/zinfandel/
/.zip
/zip/
/zip.html
/zip.jsp
/zip.php
/z.jsp
/Z.jsp
/zm_cms/spaw2/dialogs/dialog.php
/zone-h.php
/zones.html
/zones.jsp
/zones.php
/zoom/
/z.php
/Z.php
