/access/
/accounts/
/advanced/
/ajax/
/alpha/
/alt/
/apache/
/application/
/applications/
/apps/
/arc/
/archive/
/archives/
/asp/
/aspx/
/assets/
/async/
/attachments/
/auth/
/authentication/
/aws/
/awstats/
/backend/
/backup/
/backup.gz
/backups/
/backup.sql
/backup.sql.gz
/backup.tar
/backup.tar.gz
/backup.zip
/banner/
/banners/
/bar/
/base/
/.bash_history
/beta/
/bin/
/block/
/blocks/
/blog/
/boot/
/branches/
/browser/
/build/
/cache/
/calendar/
/cart/
/cat/
/catalog/
/categories/
/category/
/centos/
/cfide/
/cgi/
/cgi_bin/
/chat/
/class/
/classes/
/cli/
/client/
/cmd/
/code/
/codes/
/com/
/commands/
/conf/
/config/
/config.php_old
/configuration.php~
/.configuration.php.swp
/configuration.swp
/data/
/database/
/database.gz
/databases/
/database.sql
/database.tar
/database.tar.gz
/database.zip
/db/
/db-backup.sql
/dbbackup.sql
/db-backup.zip
/db.sql
/db.tar
/db.tar.gz
/db.zip
/dev/
/dump/
/dump/dump.sql
/dump.gz
/dump.sql
/dump.tar
/dump.tar.gz
/dump.zip
/.env
/etc/
/files/
/files.sql
/files.tar.gz
/files.zip
/fullbackup.gz
/fullbackup.sql
/fullbackup.tar.gz
/fullbackup.zip
/fullwebsite.sql
/fullwebsite.tar.gz
/fullwebsite.zip
/.git/
/.git/index
/.hg/
/_.htpasswd
/.htpasswd
/inc/
/includes/
/index.php~
/info.php
/LocalSettings.php~
/log/
/logs/
/.mysql_history
/old/
/phpinfo.php
/private/
/protected/
/proxy/
/.s3cfg
/settings.php_old
/sites/default/settings.php~
/sql/
/sql.zip
/src/
/storage/
/.svn/
/.svn/wc.db
/temp/
/test.php
/tmp/
/upload
/upload.asp
/upload.aspx
/upload.html
/upload.jsp
/upload.php
/website.gz
/website.sql
/website.tar
/website.tar.gz
/website.zip
/wp-config.php~
