/adm/
/admin/
/administrator/
/admin.php
/api/
/app/
/apps/
/asp/
/aspx/
/awstats//awstats/
/axis2/
/services/
/backend/
/backup/
/backup.gz
/backups/
/backup.sql
/backup.sql.gz
/backup.sql.zip
/backup.tar
/backup.tar.gz
/backup.zip
/bak/
/.bash_history
/bin/
/build/
/cache/
/conf/
/config/
/config.php_old
/configuration/
/configuration.php~
/.configuration.php.swp
/configuration.swp
/console/
/content/
/core/
/data/
/database/
/databases/
/database.sql
/database.sql.gz
/database.sql.zip
/database.tar
/database.tar.gz
/database.zip
/db/
/dbg/
/db.gz
/db.sql
/db.sql.gz
/db.sql.zip
/db.tar
/db.tar.gz
/db.zip
/default/
/dev/
/downloads/
/dump/
/dump/dump.sql
/dump.gz
/dump.sql
/dump.sql.zip
/dump.tar
/dump.zip
/edit/
/editor/
/elements/
/email/
/.env
/environment/
/etc/
/event/
/examples/
/export/
/external/
/extra/
/fb/
/file/
/files/
/files.gz
/files.sql
/files.sql.zip
/files.tar
/files.zip
/filter/
/flash/
/flex/
/folders/
/frontend/
/ftp/
/gallery/
/.git/
/.git/index
/global/
/help/
/home/
/html/
/_.htpasswd
/.htpasswd
/import/
/inc/
/includes/
/index/
/index.jsp
/index.php~
/info/
/info.php
/intranet/
/java/
/jenkins/
/jmx-console/
/joomla/
/js/
/jsp/
/lib/
/libs/
/local/
/LocalSettings.php~
/log/
/logs/
/mail/
/manager/
/locale/
/mysql/
/mysqldump/
/.mysql_history
/new/
/node/
/old/
/pages/
/php/
/phpinfo.php
/phpmyadmin/
/php/test.php
/portal/
/private/
/profile/
/profiles/
/proxy/
/public/
/remote/
/reports/
/~root/
/.s3cfg
/sample/
/scripts/
/service/
/services/
/session/
/settings/
/settings.php_old
/setup/
/soap/
/source/
/sql/
/src/
/staging/
/status/
/storage/
/.svn/
/.svn/wc.db
/tags/
/temp/
/template/
/terminal/
/test/
/test.php
/tests/
/theme/
/tmp/
/tools/
/update/
/upgrade/
/upload
/upload/
/upload.asp
/upload.aspx
/upload.html
/upload.jsp
/upload.php
/uploads/
/user/
/users/
/util/
/utilities/
/utils/
/vendor/
/video/
/videos/
/view/
/web/
/web.config
/webmail/
/website.gz
/website.sql
/website.tar
/website.zip
/wordpress/
/wp-config.php~
/xampp/
