/adapters/
/adm/
/admin/
/administrator/
/admin.php
/api/
/app/
/apps/
/arc/
/archive/
/article/
/asp/
/aspx/
/awstats/
/awstats//awstats/
/axis2/
/axis2/services/listServices/
/backend/
/backup/
/backup.gz
/backups/
/backup.sql
/backup.sql.gz
/backup.sql.tgz
/backup.sql.zip
/backup.tar
/backup.tar.gz
/backup.tar.tgz
/backup.tgz
/backup.zip
/bak/
/.bash_history
/bin/
/bootstrap/
/build/
/cache/
/cgi-bin/mt/
/cgi-mod/view_help.cgi
/chat/
/conf/
/config/
/config.php_old
/configuration/
/configuration.php~
/.configuration.php.swp
/configuration.swp
/console/
/contact/
/contacts/
/content/
/controllers/
/core/
/data/
/database/
/databases/
/database.sql
/database.sql.gz
/database.sql.tgz
/database.sql.zip
/database.tar
/database.tar.gz
/database.tar.tgz
/database.tgz
/database.zip
/db/
/dbg/
/db.gz
/db.sql
/db.sql.gz
/db.sql.tgz
/db.sql.zip
/db.tar
/db.tar.gz
/db.tar.tgz
/db.tgz
/db.zip
/default/
/demo/
/demos/
/deploy/
/design/
/dev/
/dir/
/doc/
/downloads/
/drupal/
/dump/
/dump/dump.sql
/dump.gz
/dump.sql
/dump.sql.tgz
/dump.sql.zip
/dump.tar
/dump.tar.tgz
/dump.tgz
/dump.zip
/edit/
/editor/
/editors/
/elements/
/email/
/engines/
/entries/
/.env
/environment/
/environments/
/error/
/etc/
/ethernet/
/event/
/events/
/examples/
/export/
/ext/
/extensions/
/external/
/extra/
/fb/
/feed/
/file/
/files/
/files.gz
/files.sql
/files.sql.tgz
/files.sql.zip
/files.tar
/files.tar.tgz
/files.tgz
/files.zip
/filter/
/firewall/
/flash/
/flex/
/folders/
/form/
/forms/
/forum/
/forums/
/frames/
/framework/
/frontend/
/ftp/
/function/
/functions/
/fusion/
/gallery/
/.git/
/.git/index
/global/
/globals/
/group/
/groups/
/guest/
/guests/
/handler/
/hardware/
/header/
/heads/
/help/
/helper/
/helpers/
/.hg/
/home/
/horde/
/html/
/_.htpasswd
/.htpasswd
/htusers/
/.idea/
/images/
/import/
/inc/
/include/
/includes/
/index/
/index.jsp
/index.php
/index.php~
/info/
/info.php
/infos/
/install/
/interface/
/intranet/
/invoker/JMXInvokerServlet/
/item/
/java/
/javascript/
/javascripts/
/jenkins/
/jmx-console/
/joomla/
/jos.php
/jquery/
/jqueryui/
/js/
/jscalendar/
/jsp/
/kernel/
/layout/
/layouts/
/lib/
/libs/
/lists/
/local/
/LocalSettings.php~
/log/
/logs/
/mail/
/manager/
/manager/html/
/manual/
/moodle/
/mt/
/mysql/
/mysqldump/
/.mysql_history
/nagios3/cgi-bin/history.cgi
/new/
/node/
/old/
/page/
/php/
/phpinfo.php
/phpmyadmin/
/php/test.php
/portal/
/private/
/profile/
/profiles/
/protected/
/proxy/
/public/
/remote/
/reports/
/~root/
/.s3cfg
/sample/
/sap/bc/soap/rfc/
/scripts/
/seportal/
/service/
/services/
/session/
/settings/
/settings.php_old
/setup/
/SiteScope/
/soap/
/source/
/spec/
/sql/
/src/
/staging/
/status/
/storage/
/sugarcrm/
/.svn/
/.svn/wc.db
/tabs/
/tags/
/te/
/tech/
/temp/
/template/
/templates/
/terminal/
/test/
/test.php
/tests/
/theme/
/themes/
/tmp/
/tools/
/update/
/upgrade/
/upload
/upload/
/upload.asp
/upload.aspx
/upload.html
/upload.jsp
/upload.php
/uploads/
/url/
/user/
/users/
/users/password/
/util/
/utilities/
/utils/
/vendor/
/version/
/video/
/videos/
/view/
/views/
/vm/
/web/
/webadmin/
/webalizer/
/web.config
/webmail/
/website.gz
/website.sql
/website.tar
/website.tgz
/website.zip
/wordpress/
/wp/
/wp-admin/
/wp-config.php~
/wstats/
/www/
/xampp/
