
/0/
/01/
/02/
/03/
/04/
/05/
/06/
/07/
/08/
/09/
/1/
/10/
/11/
/12
/13/
/14/
/15/
/16/
/17/
/18/
/19/
/20/
/21/
/2.2/
/22/
/23/
/24/
/25/
/26/
/27/
/28/
/29/
/3/
/4/
/404.php
/5/
/6/
/about/
/about1.php
/about.php
/access/
/account/
/accounting/
/account.php
/acrobat/
/Action/
/actions/
/ad/
/Adapter/
/adapters/
/adara/
/addons/
/address.php
/adm/
/admcgi/
/admentor/
/admin/
/Admin/
/admin.class.php
/adminfiles/
/admin_header.php
/administracion/
/administration/
/administrator/
/Administrator/
/admin.php
/adminuser/
/adminweb/
/admisapi/
/ads/
/adsamples/
/advanced/
/ae/
/af/
/afp/
/agentes/
/ajax/
/album.php
/albums/
/alex/
/all/
/alpha/
/alt/
/am/
/amd64/
/ams/
/ans/
/apache/
/apc.php
/a.php
/A.php
/apl/
/app/
/App/
/apple/
/applets/
/application/
/application.php
/applications/
/apps/
/apt/
/aqua/
/ar/
/arc/
/archive/
/Archive/
/archive.php
/archives/
/arm/
/art/
/article/
/article.php
/articles/
/asd/
/asms/
/asp/
/aspx/
/assets/
/ast/
/async/
/at/
/atari/
/atc/
/attachment.php
/attachments/
/attachments.php
/audio/
/audubon/
/auth/
/Auth/
/authadmin/
/authentication/
/author.php
/auth.php
/autosave/
/avatar/
/avatars/
/aw/
/awards.php
/awstats/
/b/
/B/
/back/
/backdoor/
/backend/
/backend.php
/background/
/background.php
/backgrounds/
/backlink.php
/backup/
/backupdata/
/backup.gz
/backup.php
/backups/
/backup.sql
/backup.tar
/backup.tar.gz
/backup.zip
/bank/
/banner/
/bannerclient.php
/banner.php
/banners/
/banners.php
/bar/
/bard/
/base/
/basexml.php
/batcomputer/
/bb/
/bbcode/
/bbs/
/bc/
/bckgnd/
/bd/
/be/
/beez/
/beginedit.php
/behavior.php
/behaviors/
/ben/
/beta/
/bf/
/bg/
/bg_BG/
/big/
/billing/
/bin/
/bio/
/bitfolge/
/black/
/block/
/Block/
/block.php
/blocks/
/blockStyle.php
/blog/
/blogger.php
/blog_item.php
/blog_links.php
/blog.php
/bn/
/bookmark.php
/books/
/Books/
/boot/
/border.php
/boxes/
/b.php
/B.php
/br/
/branches/
/brand/
/brick/
/bridge/
/brown/
/browser/
/browser.php
/bs/
/bsd/
/bug/
/bug_report/
/bugs/
/bugsbunny/
/build/
/Builder/
/bulkquery/
/bullets/
/button/
/button.php
/buttons/
/c/
/C/
/c0/
/c1/
/c2/
/c3/
/c4/
/c5/
/c6/
/c7/
/c8/
/c9/
/ca/
/cache/
/Cache/
/cache.php
/ca_ES/
/caip/
/calendar/
/Calendar/
/calendar.php
/caliban/
/captcha/
/Captcha/
/CAPTCHA/
/captcha.php
/cart/
/case.php
/caspsamp/
/cat/
/catalog/
/catalog_type.asp/
/categories/
/categories.php
/category/
/categoryblog/
/category.php
/cats/
/cb/
/cc/
/ccbill/
/cck/
/cd/
/cdrom/
/ce/
/centosplus/
/cert/
/cf/
/cfapps/
/cfdocs/
/cfide/
/cfm/
/cfusion/
/cgi/
/cgi_bin/
/cgibin/
/cgilib/
/cgi_local/
/cgis/
/cgiscript/
/cgiscripts/
/cgishl/
/cgiwin/
/ChangeLog/
/CHANGELOG.php
/CHANGES/
/chat/
/chips/
/class/
/classes/
/Classes/
/classes.php
/class.phpmailer.php
/class.smtp.php
/cli/
/client/
/cliente/
/clientes/
/client.php
/cls/
/cm/
/cms.php
/cn/
/code/
/codes/
/collections.php
/colorConfig.ini.php
/color.php
/com/
/comctl/
/commands.php
/comment/
/comment.php
/comments/
/comments.php
/commerce/
/committee.php
/common/
/COMMON/
/common.php
/compat/
/compat.php
/complete.php
/component/
/component.php
/components/
/composite.php
/conf/
/config/
/config.inc.php
/config.php
/configs/
/ConfigSchema.php
/config_site.php
/configuration.php
/configure/
/confirm.php
/conn/
/connector.php
/connectors/
/Console/
/constants.php
/consumer.php
/contact/
/contact.php
/contacts.php
/Container/
/content/
/content.php
/contrib/
/control/
/controller.php
/controllers/
/controls/
/convex/
/cookie/
/COPYING/
/copy.php
/COPYRIGHT.php
/copy_this/
/core/
/core.php
/cosmic/
/cosmos/
/count/
/counter/
/counter.php
/countries.php
/course/
/cp/
/cpanel.php
/c.php
/C.php
/cr/
/create.php
/CREDITS.php
/cron.php
/crypt.inc.php
/cs/
/css/
/CSS/
/css.php
/cube/
/custom/
/custombuild/
/customer/
/customers/
/customers.php
/CVS/
/.cvsignore/
/cy/
/cyber/
/cy_GB/
/cz/
/d/
/D/
/data/
/Data/
/database/
/database.inc.php
/database.mysqli.php
/database.php
/databases/
/database.sql
/database.tar.gz
/database.zip
/datafiles/
/Date/
/date.php
/davinci/
/db/
/Db/
/dbg/
/dbi/
/db.php
/DB.php
/db.sql
/db.tar
/db.tar.gz
/db.zip
/dc/
/dcforum/
/de/
/debug.php
/Decorator/
/de_DE/
/default/
/Default/
/default1/
/default_admin/
/defaultColorConf/
/default.php
/define_language.php
/defines.php
/deletefile.php
/deleteFile.php
/delete_move_next/
/delete.php
/demo/
/demos/
/deprecated.php
/description/
/design/
/details.php
/dev/
/devel/
/development/
/devices/
/diagon/
/dialog/
/dialogs/
/diff.php
/dig.php
/dir/
/directionality/
/directory/
/Discount_Coupons/
/disk1/
/Disk1/
/DISK1/
/dist/
/dists/
/dk/
/dl/
/dll/
/DLL/
/dm/
/doc/
/docs/
/Docs/
/document/
/documentation/
/documents/
/Documents/
/domcfg.nsf/
/domit/
/dopey/
/dos/
/Dos/
/DOS/
/download/
/download.php
/downloads/
/downloads.php
/d.php
/D.php
/dragresizetable/
/Driver/
/drivers/
/DRIVERS/
/dsl/
/.DS_Store/
/dtd/
/DTL/
/DTL_ETC/
/dtree/
/DublinCore/
/Dump/
/dump/dump.sql
/dump.sql
/dump.tar
/dump.tar.gz
/dump.zip
/dv/
/dvd/
/e/
/E/
/e0/
/e1/
/e2/
/e3/
/e4/
/ea/
/easton/
/easylog/
/eb/
/ec/
/eco/
/ed/
/edit/
/editor/
/editor.php
/editors/
/edit.php
/editsummary.php
/edituser.php
/ee/
/eecs/
/ef/
/eg/
/eigen/
/einstein/
/el/
/element/
/Element/
/element.php
/elements/
/elephant/
/el_GR/
/eligible.php
/email/
/email.php
/Email.php
/emerald/
/emotions/
/empty.php
/ems/
/en/
/en_GB/
/engines/
/english/
/english.php
/eng.php
/en.php
/enrol/
/Entries/
/Entry/
/enu/
/en_US/
/environment/
/e.php
/E.php
/epoch/
/equipment/
/error/
/error_log/
/error.php
/es/
/es_AR/
/es_ES/
/espanol/
/et/
/etaoin/
/etc/
/et_EE/
/ethernet/
/eu/
/eu_ES/
/eunomia/
/europe/
/event/
/event.php
/events/
/events.php
/exair/
/example/
/exampleapp/
/example.php
/examples/
/excalibur/
/exception.php
/exchange/
/exclude/
/exec/
/exhibitions.php
/exhibits.php
/Exif/
/expelval/
/experimental/
/expeval/
/export/
/export.php
/ext/
/Extension/
/extension.php
/extensions/
/external/
/extra/
/Extra_Fields/
/extras/
/f/
/F/
/f1/
/f2/
/fa/
/factory.php
/fa_IR/
/faq/
/FAQ/
/faq.php
/faqweb/
/fashion_mosaic/
/Fast_Lane_Checkout/
/fastsearch.php
/fasttrack/
/fax/
/fb/
/fc/
/fc_functions/
/fck_about/
/fck_docprops/
/fckeditor/
/FCKeditor/
/fckeditor.php
/fck_flash/
/fck_image/
/fck_link/
/fck_select/
/fck_spellerpages/
/fck_template/
/fck_universalkey/
/fd/
/fe/
/features/
/feed/
/Feed/
/feedcreator.php
/feed.php
/ff/
/ffles.php
/fi/
/fi_FI/
/file/
/File/
/filelist.php
/filemanager/
/file.php
/files/
/files.pl/
/files.sql
/files.tar
/files.tar.gz
/filesystem/
/filesystems/
/files.zip
/FileUpload.php
/filter/
/Filter/
/filters/
/findreplace/
/fixtures/
/fj/
/flags/
/flash/
/Flash/
/flex/
/folder.php
/folders/
/font/
/Font/
/fonts/
/foo/
/foobar/
/food/
/footer.inc.php
/footer.php
/form/
/Form/
/format/
/format.php
/form.php
/forms/
/fortune/
/forum/
/forums/
/forums.php
/_fpclass/
/f.php
/F.php
/fr/
/frames/
/framework/
/framework.php
/freeradius/
/french/
/french.php
/fr_FR/
/frontend.php
/frontpage/
/frontpage.php
/fruit/
/fsbb/
/fsbb.php
/ft/
/ftp/
/ftp.php
/fullbackup.sql
/fullbackup.tar.gz
/fullbackup.zip
/fullpage/
/fullscreen/
/fullwebsite.sql
/fullwebsite.tar.gz
/fullwebsite.zip
/fun/
/function/
/Function/
/function.php
/functions/
/functions.inc.php
/functions.php
/fusion/
/fy/
/g/
/G/
/ga/
/ga_IE/
/galaxy/
/gallery/
/gallery2/
/gallery.php
/GalleryStorage/
/gandalf/
/gap/
/Gapps/
/gateway/
/gb/
/Gbase/
/gcc/
/gd/
/Gdata/
/general/
/general.php
/generic/
/geo/
/Geo/
/german/
/german.php
/geshi/
/geshi.php
/GetFolders.php
/getimage.php
/getpot/
/gift/
/Gift_Certificates/
/.git/index
/gl/
/global/
/global.php
/globals/
/gnome/
/GNUmakefile/
/gold/
/gonzo/
/g.php
/G.php
/gq/
/gr/
/graphics/
/graphs/
/green/
/gross/
/group/
/group1/
/group2/
/group3/
/group4/
/group5/
/group6/
/group7/
/group8/
/group.php
/groups/
/groups.php
/gs/
/gu/
/guest/
/guestbook/
/guestbook.php
/guests/
/gwen/
/gzip.php
/h/
/H/
/handler/
/hardware/
/hardy/
/h_cherry/
/he/
/head/
/HEAD/
/header/
/HEADER.images/
/header.inc.php
/header.php
/headers/
/head.php
/heads/
/Health/
/he_IL/
/help/
/HELP/
/helper/
/Helper/
/helper.php
/helpers/
/help.php
/hf/
/h_green/
/hi/
/hidden/
/hidden.php
/highslide/
/HISTORY/
/history.php
/hl/
/home/
/home.php
/hooks/
/horiz.php
/howitworks/
/hp/
/h.php
/H.php
/hr/
/ht/
/htbin/
/htdocs/
/h_teal/
/html/
/HTML/
/html.php
/.htpasswd/
/Http/
/HTTP/
/http.php
/hu/
/hu_HU/
/husky/
/hw/
/i/
/I/
/i18n/
/i386/
/ias/
/ibmpc/
/icon/
/icons/
/id/
/idea/
/ideas/
/id_ID/
/idn/
/iespell/
/iis/
/iisadmpwd/
/IISADMPWD/
/iissamples/
/image/
/Image/
/ImageEditor.php
/ImageManager/
/ImageManager.php
/image.php
/Image.php
/images/
/Images/
/images1.php
/images2.php
/images.php
/images_small/
/imapd/
/img/
/IMG/
/img.php
/imp/
/import/
/import.php
/inc/
/include/
/includes/
/index/
/index2.php
/index3.php
/indexbackup.php
/index.cfm/
/index.cgi/
/index.class.php
/index_def.php
/index.php
/index.php~
/index.php/
/index.php.bak
/index.php.bak~
/index.php.inc
/index.php.initial
/INF/
/info/
/info.php
/information.php
/infos/
/ingres/
/ini.php
/inlinepopups/
/InputFilter/
/inputfilter.php
/insertdatetime/
/install/
/INSTALL/
/installer/
/installer.php
/install.php
/INSTALL.php
/interfaces/
/internals/
/internet/
/intranet/
/invitation.php
/invoice.php
/io.php
/i.php
/I.php
/is_IS/
/iso/
/isos/
/issamples/
/it/
/item/
/_item.php
/item.php
/items.php
/it_IT/
/j/
/J/
/ja/
/ja_JP/
/ja_purity/
/java/
/javascript/
/javascript.php
/jazz/
/jellystone/
/jenkins/
/jerome/
/joomla/
/joomla.php
/j.php
/J.php
/JPN/
/jquery/
/jqueryui/
/js/
/jscalendar/
/jscript/
/jscripts/
/json.php
/jsp/
/judging.php
/k/
/K/
/ka/
/kernel/
/khepri/
/kilroy/
/Kind/
/klingon/
/km/
/Knowledge/
/kodak/
/ko_KR/
/KOR/
/k.php
/K.php
/l/
/L/
/la/
/labs/
/lang/
/lang_english/
/lang_french/
/lang.php
/langs/
/language/
/Language/
/language_files/
/language.php
/languages/
/languages.php
/lasso/
/Latest/
/launch.php
/laurent/
/layer/
/layout/
/layouts/
/LC_MESSAGES/
/ldap.php
/leaflet/
/leaflet.php
/legacy/
/legacy.php
/lehi3b15/
/leo/
/level/
/lg_lexique/
/lib/
/libImaging/
/lib.php
/libraries/
/library/
/libs/
/LICENCE/
/LICENSE/
/LICENSE.php
/light/
/lightbox/
/lighter/
/link/
/link.php
/links/
/links.php
/linux/
/Linux/
/list/
/listcommands/
/list.php
/live/
/loader.php
/load.php
/local/
/locale/
/locale.php
/localization.php
/log/
/Log/
/logfile/
/logfiles/
/logger.php
/login/
/login.php
/logoff.php
/logos/
/logout.php
/log.php
/logs/
/Logs/
/logsaccess_log/
/loop.php
/lori/
/lover/
/l.php
/L.php
/LST/
/lt_LT/
/lucid/
/luna/
/lv/
/lv_LV/
/m/
/M/
/mac/
/mag/
/magic/
/mail/
/Mail/
/mail_fetch/
/mailform.php
/mailman/
/mailmanweb.php
/mail.php
/mailto/
/mailto.php
/main/
/main.cgi/
/mainfile.php
/mainframe.php
/main.php
/mainsail/
/maint/
/Makefile/
/mambo.php
/mamboxml.php
/manage/
/manage.php
/manager/
/manager.php
/mango/
/MANIFEST/
/manual/
/Manufacturers/
/manufacturers.php
/maps/
/marlboro/
/marlin/
/martin/
/math/
/Math/
/matrix/
/maui/
/mbstring/
/mcpuk/
/media/
/Media/
/media_index/
/media.php
/memberfiles/
/memberlist.php
/members/
/Membership/
/_mem_bin/
/memcache.php
/memory.php
/menu/
/menuleft.php
/menu.php
/menus/
/mercury/
/message/
/Message/
/message.php
/messages/
/messages.php
/meta/
/methods.php
/microsoft/
/M_images/
/mime/
/MIME/
/mime.php
/mimetypes/
/mips/
/misc/
/misc.php
/mk/
/ml/
/mms/
/mn/
/mnet/
/MOB/
/mobile/
/mod/
/modcp.php
/moddata/
/model.php
/models/
/modifier/
/Modifier/
/modinfo.php
/mods/
/mod_stats.php
/module/
/module1/
/module.php
/modules/
/modules.php
/monitor/
/moodle2/
/mosaic/
/move.php
/mp/
/mp3/
/m.php
/M.php
/mr/
/ms/
/MS/
/msadc/
/MSADC/
/msft/
/MSFT/
/msi/
/msn/
/msql/
/mtxinu/
/multianswer/
/museum.php
/music/
/Music/
/mutt/
/my/
/mysql/
/Mysqli/
/mysqli.php
/mysql.php
/n/
/N/
/name.php
/native/
/navigation.php
/nb_NO/
/net/
/Net/
/netstat/
/network/
/networks/
/new/
/newmail/
/new.php
/news/
/NEWS/
/newsfeed/
/newsfeed.php
/newsfeeds.php
/newsletter.php
/newsletters.php
/news.php
/nic/
/nlm/
/no/
/nonbreaking/
/noneditable/
/none.php
/note/
/notes/
/notification.php
/n.php
/N.php
/nss/
/nuke/
/number/
/o/
/O/
/object.php
/Object.php
/objects/
/ocean/
/odbc/
/OEM/
/official/
/offline.php
/old/
/old_files/
/oldfiles/
/One_Page_Checkout/
/oordir/
/OPD/
/openid/
/OpenID/
/openid.php
/o.php
/O.php
/options/
/options.php
/oracle/
/orange/
/orca/
/order.log/
/order.php
/orders/
/orders.php
/orders.txt/
/original/
/os/
/os2/
/other/
/outlaw/
/output/
/OutputFilter/
/overrides/
/oxford/
/p/
/P/
/_packager/
/packages/
/Packages/
/packaging/
/pagebreak/
/pagebreak.php
/pageinfo.php
/pagenavigation.php
/page.php
/Pager/
/pagers/
/pages/
/pagination.php
/panel/
/panorama.php
/papers/
/par2/
/parameter/
/parameters.php
/parts/
/pass/
/pass.txt/
/passwd/
/password/
/password.php
/passwords/
/paste/
/patErrorManager.php
/patError.php
/path.php
/pathway.php
/pattemplate/
/patTemplate/
/payment/
/payments/
/paypal.php
/PBServer/
/pcat/
/pcl/
/pdb/
/pdf/
/PDF/
/pdf_fonts/
/pdf.php
/PDG_Cart/
/Pdo/
/pds/
/pear/
/Pear/
/PEAR/
/PEAR5.php
/PEAR.php
/pegasus/
/perf/
/perl/
/permissions.php
/persian/
/perso/
/phoenix/
/photo/
/photo_events/
/photos/
/Photos/
/photos_history/
/phototheque/
/php/
/phpBB2/
/phpcompat.php
/phpgacl/
/phpinfo.php
/phpmailer/
/phpmailer.php
/phpmyadmin/
/phpMyAdmin/
/phpnuke/
/php.php
/phpunit/
/phputf8/
/phpxmlrpc/
/pic/
/picasa/
/pics/
/pictures/
/piranha/
/pix/
/pl/
/placeholder/
/platform/
/plugin/
/Plugin/
/plugin.php
/plugins/
/plugins.php
/pm/
/po/
/policy/
/poll/
/poll.php
/polls/
/pop/
/popup/
/popup.php
/popups/
/portal/
/portlet/
/ports/
/posters/
/postgres/
/posting.php
/post.php
/p.php
/P.php
/pre/
/prefs/
/prep/
/preview/
/prime/
/print/
/printer/
/print.php
/PRIVACY/
/privacy.php
/_private/
/private/
/privmsg.php
/products_new.php
/profile/
/profile.php
/profiler.php
/profiles.php
/proftpd/
/project/
/projects/
/Promotion/
/proprietary.php
/protected/
/protector/
/Provider/
/proxy.php
/ps/
/psd/
/pt/
/pt_BR/
/ptj/
/pt_PT/
/pub/
/public/
/public_html/
/publish/
/publisher.php
/pw/
/py/
/python/
/q/
/Q/
/q.php
/Q.php
/Query/
/query.php
/question/
/r/
/R/
/ra/
/radio.php
/RAID/
/random.php
/rate.php
/rating/
/rav/
/raw/
/Reader/
/reader.php
/reading/
/readme/
/README/
/readmore.php
/ready/
/recaptcha/
/recruit/
/red/
/refs/
/register/
/register.php
/registry/
/Release/
/ReleaseNotes/
/RELEASE_NOTES/
/releases/
/relnotes/
/remember.php
/remind/
/remote/
/remotes/
/rename.php
/renderer/
/Renderer/
/replace.php
/reply.php
/report/
/reports/
/Repository/
/Request/
/required.php
/research/
/reset/
/reset.php
/resource/
/Resource/
/resources/
/resources.php
/Response/
/retail/
/RETAIL/
/reviews/
/reviews.php
/rhuk_milkyway/
/riacs/
/ro/
/rock/
/ronin/
/root/
/Root/
/ro_RO/
/roskilde/
/rouge/
/route.php
/router.php
/rpc/
/Rpc/
/r.php
/R.php
/rpm/
/rss/
/rss.php
/rte/
/RTE_configuration/
/rti/
/rtl/
/ru/
/ruby/
/ru_RU/
/rvscompodb/
/rvsincludefile/
/rvslib/
/rvs_library/
/rvtheme/
/rvtheme_admin/
/s/
/S/
/s3/
/s5/
/safari/
/sales/
/sam/
/samba/
/_sample/
/sample/
/_samples/
/samples/
/Samples/
/sanfran/
/save/
/schema/
/schinese.php
/scm/
/scr/
/script/
/scriptaculous/
/scripts/
/Scripts/
/sdk/
/search/
/Search/
/searchform.php
/search.inc.php
/search.php
/searchreplace/
/secret/
/secrets/
/section/
/section.php
/sections.php
/secure/
/secure.php
/security/
/sef.php
/sei/
/seit/
/selector/
/select.php
/seminaria/
/sendmail.php
/sensor/
/sentinel/
/sent_subfolders/
/sequent/
/server/
/Server/
/server_info.php
/server.php
/servers/
/service/
/services/
/Services/
/servlet/
/session/
/session.php
/sessionRead.php
/sessions.php
/sessionWrite.php
/setting/
/setting.ini.php
/settings/
/settings.php
/setup/
/SETUP/
/setupdir/
/SETUPDIR/
/setup.php
/sh/
/shans1/
/shans10/
/shans2/
/shans3/
/shans4/
/shans5/
/shans6/
/shans7/
/shans8/
/shans9/
/share/
/shared/
/shark/
/shipping/
/shipping.php
/shop/
/show/
/showcode.asp/
/showfile.php
/showimage.php
/shrdlu/
/shtml.dll/
/shtml.exe/
/si/
/sidebar.php
/sierra/
/silk/
/silver/
/simple/
/simplecommands/
/simplepie/
/simpletest/
/singer/
/single.php
/site/
/siteadmin/
/Sitemap/
/sitemap.php
/Sites/
/sk/
/skin/
/skins/
/sk_SK/
/sl/
/slices/
/slider/
/slideshow/
/sl_SI/
/sm/
/smarty/
/Smarty.class.php
/smiles/
/smiley/
/.smileys/
/smilies/
/smtp.php
/snapshots/
/sneezy/
/snippets/
/soap/
/social/
/software/
/solaris/
/sounds/
/_source/
/source/
/Sources/
/sp2gdr/
/sp2qfe/
/SP2QFE/
/spam/
/spamcop/
/spanish/
/spanish.php
/sparc/
/sparc64/
/specials.php
/speech/
/spellchecker/
/spellchecker.php
/spellerpages/
/sphinx/
/s.php
/S.php
/spice/
/spiff/
/spiffyCal/
/spock/
/sponsors/
/sponsors.php
/spool/
/Spreadsheets/
/SpryAssets/
/sql/
/sql.php
/sql.php3
/sql.php3/
/sqlqhit.asp/
/SQLQHit.asp/
/squirrelspell/
/sr/
/src/
/sr_YU/
/ss/
/sshots/
/ssi/
/ssl/
/staff/
/standards/
/standart/
/stars/
/stat/
/Stat/
/stats/
/stats.php
/status/
/status.php
/status.php3/
/steps/
/stills/
/storage/
/Storage/
/storage.php
/store/
/stories/
/Strategy/
/streams.php
/string.php
/strlen.php
/strrev.php
/strspn.php
/structure/
/structure.php
/studio/
/style/
/style.php
/styles/
/stylesheets/
/sub/
/submit.php
/sulu/
/sun/
/sun2/
/sun3/
/super/
/supercache/
/suphp/
/support/
/survey/
/sv/
/.svn/wc.db
/sv_SE/
/swf/
/swift/
/symbols/
/SYMBOLS/
/SYMBOLS.PRI/
/sys/
/sysadmin/
/system/
/SYSTEM/
/system32/
/t/
/T/
/ta/
/tab/
/tabfocus/
/table/
/tablecommands/
/table.php
/tables/
/tabs/
/tac/
/tag/
/Tag/
/tag.php
/tags/
/tags.php
/talk/
/tar.php
/taxonomy.php
/TB_IMG/
/tcpdf/
/tcpdf.php
/te/
/tech/
/technote/
/tell_a_friend.php
/temp/
/template/
/TEMPLATE/
/TemplateCache/
/template.php
/templates/
/Templates/
/templates_c/
/templates.php
/temp.php
/terminal/
/tesseract/
/test/
/test1/
/test2/
/_testcases/
/testForms.php
/testing/
/test.php
/tests/
/testTypo.php
/tex/
/Text/
/textarea.php
/text.php
/th/
/thankform.php
/theme/
/themed_graphics/
/ThemeOffice/
/theme.php
/_themes/
/themes/
/themes.php
/theory/
/thumb/
/thumbnail.php
/thumbnails/
/.thumbs/
/thumbs/
/thumbs.php
/thunderbird/
/ti/
/tidy.php
/tiger/
/timer.php
/timetable.php
/timezones.php
/T_IMG/
/tinman/
/tiny_mce/
/tinymce/
/tinymce.php
/tl/
/tmc/
/tmp/
/tmpl/
/TODO/
/tolkien/
/toolbar/
/toolbar.php
/tools/
/Tools/
/tools.php
/top/
/topics/
/t.php
/T.php
/tr/
/trac/
/transformations/
/transform.php
/translate/
/translate.php
/tree/
/treeNav/
/tree.php
/trim.php
/tr_TR/
/trust.php
/trw/
/tulip/
/u/
/U/
/ug/
/ui/
/uk/
/uk_UA/
/um/
/uninstall.php
/unix/
/unknown/
/update/
/update.php
/updates/
/upgrade/
/UPGRADE/
/upgrade_config.php
/upgrade.php
/upgrades/
/UPGRADING/
/u.php
/U.php
/upload/
/uploadbusplan.php
/uploader.php
/uploadfile.php
/upload.php
/uploads/
/ur/
/url/
/us/
/usage/
/user/
/user1/
/user2/
/userdb/
/usergroup.php
/user.php
/users/
/users.class.php
/users.php
/utf8.php
/util/
/Util/
/utilities/
/util.php
/utils/
/v/
/V/
/v2/
/validate.php
/validation.php
/vars.php
/vax/
/vb/
/vcard.php
/vector/
/VER_sel_data/
/version/
/VERSION/
/version.php
/vert.php
/vi/
/video/
/videos/
/view/
/View/
/ViewCode.asp/
/view.feed.php
/viewforum.php
/view.html.php
/viewonline.php
/view.php
/views/
/viewtopic.php
/vim/
/virus/
/visualchars/
/vivid_dreams/
/vlsi/
/vm/
/vms/
/voice/
/vote.php
/v.php
/V.php
/_vti_adm/
/_vti_aut/
/_vti_bin/
/_vti_cnf/
/_vti_log/
/_vti_pvt/
/_vti_txt/
/w/
/W/
/waves/
/web/
/webalizer/
/webcart/
/weblink/
/weblink.php
/weblinks.php
/weblog/
/weblogs/
/webmail/
/webmaster/
/webmaster_logs/
/WebShop/
/website.sql
/website.tar.gz
/website.zip
/webstat/
/webstats/
/wei/
/wget/
/WHATISTHIS/
/white/
/wic.php
/widgets.php
/wifi/
/win2000/
/WIN2000/
/Win2k/
/win95/
/WIN95/
/Win98/
/WIN98/
/win9x/
/Win9x/
/windows/
/WINDOWS/
/win.ini/
/WINME/
/winnt/
/WINNT/
/winnt351/
/winnt40/
/winxp/
/WINXP/
/wlw/
/wombat/
/wood/
/word/
/WORD/
/wordpress/
/work/
/workshop.php
/wp/
/w.php
/W.php
/wpThumbnails/
/wrapper.php
/Writer/
/wsc/
/wsdocs/
/wstats/
/www/
/wwwboard/
/wwwlog/
/wwwstat/
/wwwstats/
/wysiwyg/
/x/
/X/
/x86_64/
/xcache.php
/xhtmlxtras/
/xinu/
/xml/
/XML/
/xml.php
/xmlrpc/
/xmlrpc.php
/xmlrpcs.php
/xp/
/x.php
/X.php
/xsql/
/xstandard/
/xstandard.php
/Xtras/
/xv/
/y/
/Y/
/yacs/
/Yadis/
/yadis.php
/yoda/
/YouTube/
/y.php
/Y.php
/yui/
/z/
/Z/
/zen/
/Zend/
/zh_CN/
/zh_TW/
/zImage/
/zinfandel/
/zip/
/zip.lib.php
/zip.php
/zones.php
/zoom/
/z.php
/Z.php
