/access/
/accounts/
/adapters/
/add/
/address/
/adm/
/admin/
/advanced/
/ajax/
/alpha/
/alt/
/apache/
/api/
/app/
/applets/
/application/
/applications/
/apply/
/apps/
/apt/
/arc/
/archive/
/archives/
/article/
/asp/
/aspx/
/assets/
/async/
/attachments/
/auth/
/authentication/
/aws/
/awstats/
/axis2/
/backend/
/backup/
/backups/
/bak/
/banner/
/banners/
/bar/
/base/
/beta/
/bin/
/bitweaver/
/blank-struts2/
/block/
/blocks/
/blog/
/boot/
/bootstrap/
/branches/
/browser/
/build/
/cache/
/calendar/
/cart/
/cat/
/catalog/
/categories/
/category/
/center/
/centos/
/cfide/
/cgi/
/cgi_bin/
/chat/
/class/
/classes/
/cli/
/client/
/cmd/
/code/
/codes/
/collection/
/com/
/commands/
/comment/
/comments/
/component/
/conf/
/config/
/config.inc/
/config/_old
/configuration/
/config.xml
/console/
/contacts/
/Container/
/content/
/controller/
/controllers/
/core/
/ctc/servlet/
/dashboard/
/data/
/database/
/databases/
/data/login/
/date/
/db/
/dbg/
/default/
/delete/
/demo/
/demos/
/deploy/
/description/
/design/
/detail/
/details/
/dev/
/dir/
/doc/
/downloads/
/drupal/
/dump/
/edit/
/editor/
/editors/
/elements/
/email/
/engines/
/entries/
/environment/
/environments/
/error/
/etc/
/ethernet/
/event/
/events/
/examples/
/exception/
/export/
/ext/
/extensions/
/external/
/extra/
/fb/
/feed/
/file/
/files/
/filter/
/firewall/
/fixtures/
/flash/
/flex/
/folders/
/footer/
/form/
/forms/
/forum/
/forums/
/frames/
/framework/
/frontend/
/ftp/
/function/
/functions/
/fusion/
/gallery/
/general/
/.git/
/global/
/globals/
/glpi/
/groups/
/guest/
/guests/
/handler/
/hardware/
/header/
/heads/
/help/
/helper/
/helpers/
/home/
/horde/
/htdocs/
/html/
/image/
/images/
/imc/
/import/
/inc/
/include/
/includes/
/index/
/info/
/infos/
/install/
/interface/
/intranet/
/intro/
/invoker/
/item/
/java/
/javascript/
/javascripts/
/jenkins/
/jmx-console/
/joomla/
/jquery/
/jqueryui/
/js/
/jscalendar/
/jsp/
/layouts/
/lib/
/libs/
/link/
/list/
/lists/
/lite/
/local/
/log/
/logs/
/mail/
/manager/
/manual/
/mediawiki/
/menu/
/modify/
/moodle/
/mt/
/mysql/
/mysqldump/
/new/
/node/
/old/
/open/
/order/
/page/
/parser/
/password/
/php/
/phpinfo/
/phpmyadmin/
/plugin/
/plugins/
/portal/
/priv/
/private/
/profile/
/profiles/
/protected/
/provision/
/proxy/
/public/
/raw/
/remote/
/reports/
/~root/
/sample/
/sap/bc/
/save/
/script/
/scripts/
/search/
/section/
/service/
/services/
/session/
/settings/
/setup/
/single/
/sites/
/SiteScope/
/soap/
/source/
/sql/
/src/
/staging/
/start/
/status/
/storage/
/store/
/sugarcrm/
/tabs/
/tag/
/tags/
/tax/
/tech/
/temp/
/template/
/templates/
/terminal/
/test/
/tests/
/theme/
/themes/
/tmp/
/tool/
/tools/
/trash/
/uninstall/
/update/
/upgrade/
/upload/
/uploads/
/url/
/user/
/users/
/util/
/utilities/
/utils/
/vendor/
/version/
/video/
/videos/
/view/
/views/
/vm/
/web/
/webadmin/
/webalizer/
/webmail/
/wikka/
/wordpress/
/wp/
/wp-admin/
/ws/
/www/
/xampp/
