/access/
/accounts/
/action.php
/adapters/
/add.php
/address.php
/adm/
/admin/
/admin-console/login.seam
/admin/index.jsp
/admin/j_security_check/
/admin.php
/admin.php/
/advanced/
/ajax/
/ajax.php
/alpha/
/alt/
/apache/
/api/
/api.php
/app/
/application/
/applications/
/apply.cgi
/apps/
/arc/
/archive/
/archive.php
/archives/
/archives.php
/article/
/asp/
/aspx/
/assets/
/async/
/attachments/
/auth/
/authentication/
/aws/
/awstats/
/axis2/axis2-admin/login/
/axis2/services/listServices/
/backend/
/backup/
/backup.7z
/backup.bz2
/backup.gz
/backups/
/backup.sql
/backup.sql.bz2
/backup.sql.gz
/backup.sql.tgz
/backup.sql.zip
/backup.tar
/backup.tar.bz2
/backup.tar.gz
/backup.tar.tgz
/backup.tgz
/backup.zip
/bak/
/banner/
/banners/
/bar/
/base/
/base.php
/.bash_history
/beta/
/bin/
/bitweaver/
/blank-struts2/login.action/
/block/
/blocks/
/blog/
/boot/
/bootstrap/
/bootstrap.php
/branches/
/browser/
/build/
/cache/
/cache.php
/calendar/
/cart/
/cat/
/catalog/
/categories/
/category/
/category.php
/center.php
/centos/
/cfide/
/cgi/
/cgi_bin/
/cgi-mod/view_help.cgi
/chat/
/class/
/classes/
/cli/
/client/
/cmd/
/code/
/codes/
/collection.php
/com/
/commands/
/comment.php
/comments.php
/component.php
/composer.json
/conf/
/config/
/config.inc.php
/config.php
/config.php_old
/configuration/
/configuration.php~
/.configuration.php.swp
/configuration.swp
/config.xml
/console/
/contacts/
/Container.php
/content/
/content.php
/controller.php
/controllers/
/core/
/ctc/servlet/
/dashboard.php
/data/
/database/
/databases/
/database.sql
/database.sql.gz
/database.sql.tgz
/database.sql.zip
/database.tar
/database.tar.gz
/database.tar.tgz
/database.tgz
/database.zip
/data/login/
/data.php
/date.php
/db/
/db-backup.sql
/dbbackup.sql
/db-backup.zip
/dbg/
/db.gz
/db.sql
/db.sql.gz
/db.sql.tgz
/db.sql.zip
/db.tar
/db.tar.gz
/db.tar.tgz
/db.tgz
/db.zip
/default/
/default.php
/delete.php
/demo/
/demos/
/deploy/
/description.php
/design/
/detail.php
/details.php
/dev/
/dir/
/doc/
/downloads/
/drupal/
/dump/
/dump/dump.sql
/dump.gz
/dump.sql
/dump.sql.gz
/dump.sql.tgz
/dump.sql.zip
/dump.tar
/dump.tar.gz
/dump.tar.tgz
/dump.tgz
/dump.zip
/edit/
/editor/
/editors/
/edit.php
/elements/
/email/
/email.php
/engines/
/entries/
/.env
/environment/
/environments/
/error/
/error.php
/etc/
/ethernet/
/event/
/events/
/examples/
/exception.php
/export/
/ext/
/extensions/
/external/
/extra/
/fb/
/feed/
/file/
/file.php
/files/
/files.gz
/files.sql
/files.sql.gz
/files.sql.tgz
/files.sql.zip
/files.tar
/files.tar.gz
/files.tar.tgz
/files.tgz
/files.zip
/filter/
/firewall/
/fixtures/
/flash/
/flex/
/folders/
/footer.php
/form/
/form.php
/forms/
/forum/
/forums/
/frames/
/framework/
/frontend/
/ftp/
/fullbackup.sql
/fullbackup.tar
/fullbackup.tar.gz
/fullbackup.tgz
/fullbackup.zip
/fullwebsite.sql
/fullwebsite.tar
/fullwebsite.tar.gz
/fullwebsite.tgz
/fullwebsite.zip
/function/
/functions/
/fusion/
/gallery/
/general.php
/.git/
/.git/index
/global/
/globals/
/glpi/
/groups/
/guest/
/guests/
/handler/
/hardware/
/header/
/header.php
/heads/
/help/
/helper/
/helper.php
/helpers/
/.hg/
/home/
/horde/
/.htaccess
/html/
/_.htpasswd
/.htpasswd
/htusers/
/.idea/
/image.php
/images/
/imc/
/import/
/inc/
/include/
/include.php
/includes/
/index/
/index.jsp
/index.php
/index.php~
/info/
/info.php
/infos/
/install/
/install.php
/interface/
/intranet/
/intro.php
/invoker/JMXInvokerServlet/
/item/
/item.php
/java/
/javascript/
/javascripts/
/jenkins/
/jmx-console/
/joomla/
/jquery/
/jqueryui/
/js/
/jscalendar/
/jsp/
/layouts/
/lib/
/libs/
/link.php
/list.php
/lists/
/lite/
/local/
/locale.xml
/LocalSettings.php~
/log/
/logs/
/mail/
/manager/
/manager/html/
/manual/
/mediawiki/
/menu.php
/modify.php
/moodle/
/mt/
/mysql/
/mysqldump/
/.mysql_history
/new/
/node/
/old/
/open/
/order.php
/package.json
/page
/page.php
/parser.php
/password.php
/php/
/phpdoc.xml
/phpinfo.php
/phpmyadmin/
/phptax/
/php/test.php
/phpunit.xml
/phpunit.xml.dist
/plugin.php
/plugins.php
/portal/
/priv/
/private/
/profile/
/profiles/
/protected/
/provision/index.php
/proxy/
/public/
/raw.php
/remote/
/reports/
/request.php
/roller/
/~root/
/.s3cfg
/sample/
/sap/bc/soap/rfc/
/save.php
/script.php
/scripts/
/seam-booking/home.seam
/search.php
/section.php
/service/
/services/
/session/
/session.php
/settings/
/settings.php
/settings.php_old
/setup/
/setup.php
/sharing.php
/shipping.php
/sidebar.php
/single.php
/sitemap.xml
/SiteScope/
/sites/default/settings.php~
/soap/
/source/
/spec/
/sql/
/sql.zip
/src/
/ssh_config
/sshd_config
/ssh_host_dsa_key
/ssh_host_dsa_key.pub
/ssh_host_key
/ssh_host_key.pub
/ssh_host_rsa_key
/ssh_host_rsa_key.pub
/staging/
/start.php
/status/
/status.php
/storage/
/store.php
/struts2-blank/example/HelloWorld.action
/sugarcrm/
/.svn/
/.svn/wc.db
/system.xml
/tabs/
/tabs.php
/tag.php
/tags/
/tax.php
/te/
/tech/
/temp/
/template/
/template.php
/templates/
/terminal/
/test/
/test.php
/tests/
/theme/
/theme.php
/themes/
/tiki/
/timezones.php
/tmp/
/tool.php
/tools/
/trash.php
/.travis.yml
/umbraco/
/uninstall.php
/update/
/update.php
/upgrade/
/upgrade.php
/upload
/upload/
/upload.asp
/upload.aspx
/upload.html
/upload.jsp
/upload.php
/uploads/
/url/
/user/
/user.php
/users/
/users.php
/util/
/utilities/
/utils/
/vendor/
/version/
/version.php
/video/
/videos/
/view/
/views/
/vm/
/web/
/webadmin/
/webalizer/
/web.config
/webmail/
/website.gz
/website.sql
/website.sql.gz
/website.tar
/website.tar.gz
/website.tgz
/website.zip
/webtester5/
/wikka/
/wordpress/
/wp/
/wp-admin/
/wp-config.php~
/wp-config.xml
/ws/control/
/www/
/xampp/
