/0
/05
/43
/45
/46
/47
/48
/49
/5
/50
/51
/52
/53
/54
/55
/56
/57
/58
/59
/6
/60
/61
/62
/63
/64
/65
/66
/67
/68
/69
/7
/70
/71
/72
/8
/80
/8.1
/8.2
/9
/9x
/a
/A
/abc
/about
/access
/access_log
/access.log
/access.txt
/account
/accounting
/accounts.txt
/acrobat
/Action
/actions
/active.log
/Adapter
/adapters
/adara
/addons
/adm
/admcgi
/admentor
/admin
/Admin
/admin/
/adminfiles
/admin.inc
/administracion
/administration
/administrator
/Administrator
/admin.php
/admin.txt
/adminuser
/adminweb
/admisapi
/adobeair
/adodb
/adpassword.txt
/ads
/adsamples
/ads_data
/advanced
/advhr
/advimage
/advlink
/ae
/af
/afp
/agentes
/aiken
/ajax
/albums
/alex
/algor
/ALL
/All
/alley
/alpha
/alt
/am
/amadeus
/amd64
/AMD64bit
/amiga
/ams
/analog
/ans
/AOL
/apache
/apache.conf
/apl
/app
/App
/app/
/apple
/applets
/application
/application_log
/applications
/apps
/apps/
/apt
/aqua
/ar
/arc
/archive
/Archive
/archives
/archive_tar
/arm
/art
/article
/articles
/articleweb
/artisan
/asd
/asms
/asp
/asp/
/aspx
/assets
/ast
/async
/at
/atari
/atc
/attachments
/audio
/audubon
/Auth
/auth
/authadmin
/auth.config
/authentication
/auth.json
/authorize.php~
/AUTHORS
/auth.txt
/authweb
/autogrow
/autosave
/avatar
/avatars
/aw
/awstats
/b
/B
/b0
/b1
/b2
/b3
/b4
/b5
/b6
/b7
/b8
/b9
/ba
/back
/backdoor
/backend
/backend/
/backup
/backup/
/backupdata
/backups
/backups/
/backup.sql
/backups.txt
/backup.tar.gz
/backup.zip
/bank
/banner
/banners
/bar
/bard
/base
/.bash_history
/.bash_profile
/.bashrc
/batcomputer
/bb
/bbcode
/bbs
/bc
/bckgnd
/bd
/be
/beez
/behaviors
/ben
/beta
/bg_BG
/big
/billing
/bin
/bio
/bitfolge
/black
/Block
/block
/blocks
/blog
/blogweb
/bloomcounty
/blue
/bluewhite
/bn
/BNR
/boeing
/books
/Books
/boot
/bootstrap/
/boxes
/br
/branches
/brand
/brick
/bridge
/brown
/browse.php
/browser
/bs
/bsd
/bug
/bug_report
/bugs
/build
/Builder
/build.log
/build.xml
/bulkquery
/bullets
/button
/buttons
/c
/C
/c0
/c1
/c2
/c3
/c4
/c5
/c6
/c7
/c8
/c9
/ca
/cache
/Cache
/cache/
/cache.log
/cacti/
/ca_ES
/caip
/calendar
/Calendar
/caliban
/captcha
/Captcha
/CAPTCHA
/cart
/caspsamp
/cat
/catalog
/catalog_type.asp
/categories
/category
/categoryblog
/cats
/cb
/cc
/ccbill
/cck
/cd
/cdrom
/ce
/centosplus
/cert
/cf
/cfapps
/cfdocs
/cfide
/cfm
/cfusion
/cgi
/cgibin
/cgi_bin
/cgi-bin/test.cgi
/cgilib
/cgi_local
/cgis
/cgiscript
/cgiscripts
/cgishl
/cgiwin
/ChangeLog
/CHANGELOG
/Changelog
/changelog
/CHANGES
/chat
/check.bat
/chimera
/chips
/chs
/CHS
/CHT
/ci
/cic
/circe
/circle.yml
/cj
/class
/classes
/Classes
/classic
/clearlooks2
/cli
/Client
/client
/cliente
/clientes
/cls
/cm
/cmd.exe
/cms.config
/cn
/cobalt
/code
/codebrws.asp
/codes
/cogito
/com
/com_admin
/com_banners
/com_cache
/com_categories
/com_checkin
/com_config
/com_contact
/com_content
/com_cpanel
/comctl
/com_frontpage
/com_installer
/com_languages
/com_login
/com_mailto
/commandclasses
/Commands
/com_massmail
/com_media
/comment
/comments
/com_menus
/commerce
/com_messages
/com_modules
/common
/Common
/COMMON
/com_newsfeeds
/compat
/compat2x
/com_plugins
/com_poll
/component
/components
/composer.json
/composer.lock
/composer.phar
/com_search
/com_sections
/com_templates
/com_trash
/com_user
/com_users
/com_weblinks
/com_wrapper
/conf
/confidential
/config
/Config
/config/
/config.bak
/config.conf
/config/config.yml
/config/databases.yml
/config.erb
/_config.inc
/config.inc
/config.ini
/config.json
/config.jsp
/config.php
/config.php.new
/config.py
/config.rb
/configs
/config.txt
/configuration
/configuration.cfg
/configuration.ini
/configuration.php
/configuration.php~
/configuration.php-dist
/configure
/config.xml
/._config.yml
/config.yml
/conn
/connectors
/Console
/console/
/contact
/contacts/
/Container
/content
/content/
/contents/
/contextmenu
/contrib
/control
/controllers
/controllers/
/controls
/convex
/cookie
/COPYING
/copy_this
/core
/cosmic
/cosmos
/count
/counter
/course
/cp
/cr
/CREDITS
/creds.txt
/cron_log
/CRYPTO
/cs
/cs_CZ
/csee
/csr
/css
/CSS
/.csslintrc
/cssOutsider
/css_styles
/cube
/custom
/custombuild
/customer
/Customer_Reviews
/customers
/CVS
/.cvsignore
/cy
/cyber
/cy_GB
/cz
/d
/D
/da
/da_DK
/darkblue_orange
/data
/Data
/database
/database/
/database/backup.sql
/database/database.sql
/database/databases.yml
/database/dump.sql
/database.inc
/databases
/database.sql
/DatabaseStorage
/databases.yml
/datafiles
/data.sql
/Date
/db
/Db
/db/
/db/backup.sql
/db_connect.inc
/db/database.sql
/dbg
/dbi
/db/main.mdb
/db.sql
/dcforum
/de
/Decorator
/de_DE
/default
/Default
/default/
/default1
/default_admin
/defaultColorConf
/default.htm
/default.php
/demo
/demo/
/demos
/description
/design
/dev
/dev/
/devel
/development
/development.log
/devices
/dev.log
/diagon
/dialog
/dialogs
/dir
/directionality
/directory
/Discount_Coupons
/disk1
/Disk1
/DISK1
/dist
/dists
/dk
/dl
/DLL
/dll
/dm
/dmz.xls
/doc
/docs
/Docs
/document
/documentation
/documents
/Documents
/domcfg.nsf
/domit
/dopey
/dos
/Dos
/DOS
/download
/download.php
/downloads
/downloads/
/dragresizetable
/Driver
/drivers
/DRIVERS
/dsl
/.DS_Store
/dtd
/DTL
/DTL_ETC
/dtree
/DublinCore
/Dump
/dump/backup.sql
/dump.bat
/dump/dump.sql
/dump.rdb
/dump.sql
/dv
/dvd
/e
/E
/easton
/easylog
/eav.txt
/eb
/edit
/edit/
/editor
/editor/
/.editorconfig
/editor.php
/editors
/ee
/eecs
/ef
/eg
/eigen
/einstein
/el
/element
/Element
/elements
/elephant
/el_GR
/email
/email/
/email.xls
/emerald
/emotions
/en
/en_GB
/engines
/english
/Entries
/entries/
/Entry
/enu
/en_US
/.env
/environment
/epoch
/eprise/
/equipment
/error
/error_log
/error.log
/es
/es_AR
/es_ES
/.eslintignore
/.eslintrc
/et
/etaoin
/etc
/etc/
/et_EE
/ethernet
/eu_ES
/event
/events
/exair
/example
/exampleapp
/examples
/examples/
/excalibur
/exchange
/exchange/
/exec
/Exif
/expelval
/expeval
/export
/ext
/Extension
/extensions
/external
/extra
/Extra_Fields
/extras
/f
/F
/f1
/f2
/fa
/fa_IR
/faq
/FAQ
/faqweb
/fashion_mosaic
/Fast_Lane_Checkout
/fasttrack
/fax
/fb
/fc
/fc_functions
/fck_about
/fck_docprops
/fckeditor
/FCKeditor
/fck_flash
/fck_image
/fck_link
/fck_select
/fck_spellerpages
/fck_template
/fck_universalkey
/fd
/fe
/features
/feed
/Feed
/ff
/fi
/fi_FI
/File
/file
/file/
/fileadmin/
/filemanager
/files
/files/
/files.pl
/filesystem
/filesystems
/filter
/Filter
/filters
/findreplace
/firewall/
/fixtures
/fixtures/
/fj
/flags
/flash
/Flash
/flex
/folders
/font
/Font
/fonts
/foo
/foobar
/food
/form
/Form
/format
/forms
/fortune
/forum
/forums
/_fpclass
/fr
/frames
/framework
/freeradius
/french
/fr_FR
/frontend/
/frontend.php
/frontpage
/fruit
/fsbb
/ft
/ftp
/ftp/
/fullpage
/fullscreen
/fun
/Function
/function
/functions
/fusion
/fy
/g
/G
/ga
/ga_IE
/galaxy
/gallery
/gallery2
/GalleryStorage
/gandalf
/gap
/Gapps
/gateway
/gb
/Gbase
/gcc
/gd
/Gdata
/Gemfile.lock
/Gem.lock
/general
/generic
/geo
/Geo
/german
/geshi
/getpot
/gift
/Gift_Certificates
/.git
/.gitattributes
/.gitconfig
/.git/index
/gl
/global
/global.cfg
/global.conf
/global.ini
/globals
/globalsettings.ini
/gnome
/GNUmakefile
/gold
/gonzo
/gq
/gr
/graphics
/graphs
/green
/gross
/group
/.grunt
/Gruntfile.js
/gs
/gu
/guest
/guestbook
/guests
/gulpfile.js
/gwen
/h
/H
/handler
/hardware
/hardy
/h_cherry
/he
/HEAD
/head
/header
/HEADER.images
/headers
/heads
/Health
/he_IL
/help
/HELP
/help/
/helper
/Helper
/helpers
/hf
/h_green
/hi
/hidden
/highslide
/HISTORY
/hl
/home
/home/
/hooks
/howitworks
/hp
/hr
/ht
/htaccess
/.htaccess
/htbin
/htdocs
/h_teal
/html
/HTML
/html/
/htpasswd
/_.htpasswd
/.htpasswd
/Http
/HTTP
/http.log
/htusers/
/hu
/hu_HU
/husky
/hw
/i
/I
/i18n
/i386
/ias
/ibmpc
/icon
/icons
/id
/idea
/.idea/
/ideas
/id_ID
/idn
/id_rsa
/iespell
/iis
/iisadmpwd
/IISADMPWD
/iissamples
/image
/Image
/ImageManager
/images
/Images
/images_small
/imapd
/img
/IMG
/imp
/import
/inc
/inc/
/inc/admin.inc
/inc/config.inc
/inc/database.inc
/inc/db_connect.inc
/include
/includes
/includes/
/inc/mysql.inc
/index
/index/
/index.cfm
/index.cgi
/index.php~
/index.swp
/INF
/info
/info/
/info.inc.php
/info.php
/infos
/info.txt
/ingres
/INSTALL
/install
/install/
/installer
/install.php
/interfaces
/internals
/internet
/intranet
/intranet/
/is_IS
/iso
/isos
/issamples
/it
/item
/it_IT
/j
/J
/java
/javascript
/jazz
/jellystone
/jenkins
/jerome
/joomla
/JPN
/jquery
/jqueryui
/js
/jscalendar
/jscript
/jscripts
/jsp
/jsp/
/k
/K
/ka
/kernel
/keystone.js
/khepri
/kilroy
/Kind
/klingon
/km
/Knowledge
/kodak
/ko_KR
/KOR
/l
/L
/la
/labs
/lang
/lang_english
/lang_french
/langs
/language
/Language
/language_files
/languages
/lasso
/Latest
/laurent
/layer
/layout
/layouts
/layouts/
/LC_MESSAGES
/leaflet
/legacy
/lehi3b15
/leo
/level
/lg_lexique
/lib
/lib/
/libImaging
/libraries
/library
/libs
/libs/
/LICENCE
/LICENSE
/light
/lightbox
/lighter
/link
/links
/linux
/Linux
/list
/listcommands
/list.php
/lists/
/live
/local
/local/
/locale
/localsettings.php~
/local.xml
/log
/Log
/log/
/logfile
/logfiles
/login
/login.jsp.bak
/login.txt
/logos
/log.php
/logs
/Logs
/logs/
/logsaccess_log
/log.txt
/lori
/lover
/LST
/lt_LT
/lucid
/luna
/lv
/lv_LV
/m
/M
/mac
/mag
/magic
/mail
/Mail
/mail/
/mail_fetch
/maillog
/mailman
/mailto
/main
/main.cgi
/mainsail
/maint
/Makefile
/manage
/manager
/mango
/MANIFEST
/manual
/Manufacturers
/maps
/marlboro
/marlin
/martin
/math
/Math
/matrix
/maui
/mbstring
/mcpuk
/media
/Media
/media_index
/memberfiles
/members
/Membership
/_mem_bin
/menu
/menus
/mercury
/message
/Message
/message_details
/messages
/meta
/microsoft
/M_images
/mime
/MIME
/mimetypes
/mips
/misc
/mk
/ml
/mms
/mn
/mnet
/MNU_blank_data
/MNU_menu_data
/MNU_top_data
/MOB
/mob/
/mobile
/mod
/mods
/monitor
/moodle2
/mosaic
/mp
/mp3
/mr
/ms
/MS
/msadc
/MSADC
/msft
/MSFT
/msi
/msn
/msql
/mtxinu
/multianswer
/music
/Music
/mutt
/my
/my_documents
/my_files
/my_pictures
/mysql
/mysqldump.sql
/.mysql_history
/Mysqli
/mysql.inc
/n
/N
/native
/nb_NO
/Net
/net
/netstat
/network
/networks
/new
/newmail
/news
/NEWS
/newsfeed
/newsletter
/newsletters
/News_Management
/next
/nic
/NIF
/nif
/nl
/nlm
/nl_NL
/NLS
/nn_NO
/no
/node/
/node_modules/
/nohup.out
/nonbreaking
/noneditable
/no_NO
/note
/notes
/_notes
/npm-debug.log
/.npmrc
/.nsconfig
/nss
/nt4
/nuke
/number
/nwclient
/o
/O
/o2k7
/objects
/ocean
/odbc
/odbc.ini
/OEM
/office2003
/official
/old
/old/
/oldfiles
/old_files
/One_Page_Checkout
/oordir
/OPD
/OpenID
/openid
/options
/oracle
/orange
/oraweb
/orca
/order.log
/orders
/orders.txt
/original
/os
/os2
/other
/outlaw
/output
/OutputFilter
/overrides
/oxford
/p
/P
/package.json
/_packager
/Packages
/packages
/packages.json
/packaging
/page/
/pagebreak
/Pager
/pagers
/pages
/panel
/papers
/par2
/parameter
/parameters.yml
/parts
/pass
/pass.dat
/pass.db
/passlist.txt
/pass.txt
/passwd
/.passwd
/passwd.txt
/password
/password.log
/passwords
/passwords.csv
/passwords.txt
/password.txt
/password.xls
/paste
/pattemplate
/patTemplate
/payment
/payments
/PBServer
/pcat
/pcl
/pdb
/PDF
/pdf
/pdf_fonts
/PDG_Cart
/Pdo
/pds
/pear
/PEAR
/Pear
/pegasus
/perf
/perform.ini
/perl
/persian
/perso
/phantom-scrape.js
/phoenix
/photo
/photo_events
/Photos
/photos
/photos_history
/phototheque
/php
/php/
/phpBB2
/phpgacl
/phpinfo.php
/php.ini
/phpinputfilter
/phpInputFilter
/phpmailer
/phpMyAdmin
/phpmyadmin
/phpmyadmin/
/phpnuke
/phpspec.yml
/phpSysInfo
/phpunit
/phpunit.xml
/phputf8
/phpxmlrpc
/pic
/picasa
/pics
/pictures
/ping.php
/piranha
/pix
/pl
/placeholder
/platform
/pl_PL
/plugin
/Plugin
/plugins
/_plugins
/pm
/po
/policy
/poll
/polls
/pop
/popup
/popups
/portal
/portal/
/portlet
/ports
/posters
/postgres
/pre
/prefs
/prep
/preview
/prime
/print
/printer
/PRIVACY
/private
/_private
/private/
/Procfile
/prod.log
/profile
/profile/
/profile.php
/profiles/
/profile.txt
/proftpd
/proftpd.conf
/project
/projects
/Promotion
/.properties
/protected
/protector
/Provider
/proxy/
/proxy.jsp
/proxy.php
/ps
/psd
/pt
/pt_BR
/ptj
/pt_PT
/pub
/public
/public/
/public_html
/publish
/pw
/py
/python
/q
/Q
/Query
/question
/r
/R
/ra
/RAID
/Rakefile
/rating
/rav
/raw
/Reader
/reading
/README
/readme
/ready
/recaptcha
/recruit
/red
/refs
/register
/registry
/Release
/ReleaseNotes
/RELEASE_NOTES
/releases
/relnotes
/remind
/remote
/remote/
/remotes
/renderer
/Renderer
/report
/reports
/reports/
/Repository
/Request
/research
/reset
/Resource
/resource
/resources
/resources/
/Response
/RETAIL
/retail
/reviews
/rhuk_milkyway
/riacs
/ro
/rock
/ronin
/Root
/root
/~root/
/ro_RO
/roskilde
/rouge
/Rpc
/rpc
/rpm
/rss
/rte
/RTE_configuration
/rti
/rtl
/ru
/ruby
/ru_RU
/rvscompodb
/rvsincludefile
/rvslib
/rvs_library
/rvtheme
/rvtheme_admin
/s
/S
/s3
/s3cfg
/.s3cfg
/s5
/safari
/sales
/sam
/samba
/sample
/_sample
/samples
/Samples
/_samples
/sanfran
/save
/schema
/schema.sql
/scm
/scr
/script
/scriptaculous
/scripts
/Scripts
/scripts/
/sdk
/search
/Search
/searchreplace
/secret
/secrets
/section
/secure
/security
/sei
/seit
/selector
/seminaria
/sensor
/sentinel
/sent_subfolders
/sequent
/Server
/server
/server.cfg
/server-info
/server.php
/server.php~
/servers
/server-status
/service
/service/
/services
/Services
/services/
/servlet
/servlet/
/session
/session.php
/setting
/settings
/settings/
/settings.cfg
/settings.ini
/settings.local.php~
/Settings.php
/settings.py
/settings.rb
/settings.swp
/settings.txt
/setup
/SETUP
/setup/
/setup/config.inc
/setupdir
/SETUPDIR
/setup.html
/setup.py
/sftp-config.json
/sh
/share
/shared
/shark
/shipping
/shop
/show
/showcode.asp
/shrdlu
/shtml.dll
/shtml.exe
/si
/sierra
/silk
/silver
/simple
/simplecommands
/simplepie
/simpletest
/singer
/site
/siteadmin
/Sitemap
/Sites
/sites.dat
/sites/default/settings.local.php
/sk
/skin
/skins
/sk_SK
/sl
/slices
/slider
/slideshow
/sl_SI
/sm
/smarty
/smb.conf
/smiles
/smiley
/.smileys
/smilies
/smtp.txt
/snapshots
/sneezy
/snippets
/soap
/social
/software
/solaris
/sounds
/source
/_source
/source/
/Sources
/sp2gdr
/sp2qfe
/SP2QFE
/spam
/spamcop
/spanish
/sparc
/sparc64
/spec/
/speech
/spellchecker
/spellerpages
/sphinx
/spice
/spiff
/spiffyCal
/spock
/sponsors
/spool
/Spreadsheets
/SpryAssets
/sql
/sql/
/sql/backup.sql
/sql/database.sql
/sql.html
/sql.php
/sql.php3
/sr
/src
/src/
/sr_YU
/ss
/sshots
/ssi
/ssl
/ssl.conf
/staff
/staging/
/standards
/standart
/stars
/stat
/Stat
/stats
/status
/status.php3
/steps
/stills
/Storage
/storage
/store
/stories
/Strategy
/structure
/studio
/style
/styles
/stylesheets
/sub
/sulu
/sun
/sun2
/sun3
/super
/supercache
/suphp
/support
/survey
/sv
/.svn/all-wcprops
/.svn/entries
/sv_SE
/swf
/swift
/SYMBOLS
/symbols
/SYMBOLS.PRI
/sys
/sysadmin
/system
/SYSTEM
/system32
/t
/T
/ta
/tab
/tabfocus
/table
/tablecommands
/tables
/tabs
/tac
/tag
/Tag
/tags
/talk
/TB_IMG
/tcpdf
/te
/tech
/technote
/temp
/temp/
/template
/TEMPLATE
/TemplateCache
/templates
/Templates
/templates
/templates_c
/temp.txt
/terminal
/tesseract
/test
/test/
/test1
/test2
/test.asp
/test.aspx
/_testcases
/test.htm
/test.html
/testing
/test.jsp
/test.php
/tests
/test.txt
/tex
/Text
/th
/theme
/themed_graphics
/ThemeOffice
/themes
/_themes
/theory
/thumb
/thumbnails
/thumbs
/.thumbs
/thunderbird
/ti
/tiger
/T_IMG
/tinman
/tinymce
/tiny_mce
/tl
/tmc
/tmp
/tmp/
/tmpl
/TODO
/tolkien
/toolbar
/tools
/Tools
/top
/topics
/tr
/trac
/transformations
/translate
/tree
/treeNav
/tr_TR
/trw
/tulip
/u
/U
/ug
/ui
/uk
/uk_UA
/um
/unix
/unknown
/update
/update/
/updates
/updates/users.htpasswd
/UPGRADE
/upgrade
/upgrade.html
/upgrade.php
/upgrades
/UPGRADING
/upload
/upload/
/upload.html
/upload.php
/uploads
/uploads/
/ur
/url
/us
/usage
/user
/user1
/user2
/userdb
/.user.ini
/users
/users/
/users.mdb
/users.sql
/users.txt
/util
/Util
/utilities
/utils
/v
/V
/v2
/vax
/vb
/vector
/VER_sel_data
/version
/VERSION
/vi
/video
/videos
/view
/View
/view/
/ViewCode.asp
/views
/vim
/virus
/visualchars
/vivid_dreams
/vlsi
/vm
/vms
/voice
/volumes/
/_vti_adm
/_vti_aut
/_vti_bin
/_vti_cnf
/_vti_log
/_vti_pvt
/_vti_txt
/w
/W
/waves
/web
/web/
/webadmin/
/webalizer
/webalizer/
/webcart
/web.config
/WEB-INF/web.xml
/weblink
/weblog
/weblogs
/webmail
/webmaster
/webmaster_logs
/WebShop
/webstat
/webstats
/web.xml
/wei
/wget
/WHATISTHIS
/white
/wifi
/win2000
/WIN2000
/Win2k
/WIN95
/win95
/WIN98
/Win98
/Win9x
/win9x
/windows
/WINDOWS
/win.ini
/WINME
/winnt
/WINNT
/winnt351
/winnt40
/WINXP
/winxp
/wlw
/wombat
/wood
/WORD
/word
/wordpress
/work
/wp
/wp-admin/
/wp-config.old
/wp-config.php
/wp-config.php~
/wp-config.txt
/wpThumbnails
/Writer
/wsc
/wsdocs
/wstats
/www
/wwwboard
/wwwlog
/wwwstat
/wwwstats
/wysiwyg
/x
/X
/x86_64
/xampp/security.php
/xhtmlxtras
/xinu
/xml
/XML
/xml/
/xmlrpc
/xp
/xsql
/xstandard
/Xtras
/xv
/y
/Y
/yacs
/Yadis
/yoda
/YouTube
/yui
/z
/Z
/zen
/Zend
/zh_CN
/zh_TW
/zImage
/zinfandel
/zip
/zoom
