/0/
/1/
/2/
/3/
/4/
/404.php
/5/
/6/
/7/
/8/
/9/
/a/
/A/
/about/
/about1.php
/about.php
/access/
/access_log
/access.log
/access.txt
/account/
/account.php
/accounts.txt
/action/
/actions/
/ad/
/adapter/
/adapters/
/addons/
/address.php
/adm/
/admin/
/admin.class.php
/admin_header.php
/admin.inc
/administrator
/administrator/
/admin.php
/admin.txt
/ads/
/advanced/
/afp/
/ajax/
/album.php
/albums/
/all/
/alt/
/am/
/ams/
/apache/
/apache.conf
/apc.php
/a.php
/A.php
/apl/
/app/
/app.js
/apple/
/applets/
/application/
/application_log
/application.php
/applications/
/apps/
/apt/
/arc/
/archive/
/archive.php
/archives/
/article/
/article.php
/articles/
/artisan
/asp/
/aspx/
/assets/
/async/
/attachment.php
/attachments/
/attachments.php
/auth/
/auth.config
/auth.json
/authorize.php~
/author.php
/auth.php
/auth.txt
/awards.php
/aws/
/awstats/
/b/
/B/
/back/
/backdoor/
/backend/
/backend.php
/background/
/background.php
/backgrounds/
/backlink.php
/backup/
/backup/backup.sql
/backup/backup.sql.gz
/backup/backup.tar.gz
/backup/backup.zip
/backup/database.sql
/backup.db
/backup/dump.sql
/backup/files.tar.gz
/backup/fullbackup.tar.gz
/backup/mysqldump.sql
/backup.php
/backups/
/backups/backup.sql
/backups/backup.sql.gz
/backups/backup.tar.gz
/backups/backup.zip
/backups/database.sql
/backups/dump.sql
/backups/files.tar.gz
/backups/fullbackup.tar.gz
/backups/mysqldump.sql
/backup.sql
/backup.sql.dump.gz
/backup.sql.gz
/backups.txt
/backup.tar
/backup.tar.gz
/backup.zip
/banner/
/bannerclient.php
/banner.php
/banners/
/banners.php
/bar/
/basexml.php
/.bash_history
/.bash_profile
/.bashrc
/beginedit.php
/behavior.php
/beta/
/big/
/billing/
/bin/
/block/
/block.php
/blocks/
/blockStyle.php
/blog/
/blogger.php
/blog_item.php
/blog_links.php
/blog.php
/bookmark.php
/books/
/boot/
/border.php
/boxes/
/b.php
/B.php
/branches/
/brand/
/bridge/
/browse.php
/browser/
/browser.php
/bug/
/bugs/
/build/
/build.log
/build.xml
/button.php
/c/
/C/
/cache/
/cache.log
/cache.php
/calendar/
/calendar.php
/captcha/
/captcha.php
/cart/
/case.php
/cat/
/catalog/
/categories/
/categories.php
/category/
/category.php
/cats/
/cert/
/cfide/
/cfusion/
/cgi/
/cgi-bin/
/CHANGELOG.php
/chat/
/circle.yml
/class/
/classes/
/classes.php
/classic/
/class.phpmailer.php
/class.smtp.php
/cli/
/client/
/client.php
/cmd/
/cms.config
/cms.php
/code/
/collections.php
/colorConfig.ini.php
/color.php
/com/
/commands/
/commands.php
/comment/
/comment.php
/comments/
/comments.php
/committee.php
/common/
/common.php
/compat.php
/complete.php
/component/
/component.php
/components/
/composer.json
/composer.lock
/composer.phar
/composite.php
/conf/
/config
/config/
/config/aws-dev.json
/config.bak
/config.conf
/config/config.bak
/config/config.js
/config/config.json
/config/config.py
/config/config.yaml
/config/config.yml
/config/databases.yml
/config/default.json
/config.erb
/_config.inc
/config.inc
/config.inc.php
/config.ini
/config.js
/config.json
/config.jsp
/config.php
/config.php~
/config.php.new
/config.py
/config.rb
/configs/
/ConfigSchema.php
/config/settings.yaml
/config/settings.yml
/config_site.php
/config.txt
/configuration
/configuration.cfg
/configuration.ini
/configuration.php
/configuration.php~
/configuration.php-dist
/configure/
/config.xml
/config.yaml
/._config.yml
/config.yml
/confirm.php
/conn/
/connector.php
/connectors/
/console/
/constants.php
/consumer.php
/contact/
/contact.php
/contacts/
/contacts.php
/container/
/content/
/content.php
/control/
/controller.php
/controllers/
/controls/
/cookie/
/copy.php
/COPYRIGHT.php
/core
/core/
/core/authorize.php~
/core.php
/count/
/counter/
/counter.php
/countries.php
/course/
/cpanel.php
/c.php
/C.php
/create.php
/CREDITS.php
/creds.txt
/cron.php
/crypt.inc.php
/CRYPTO/
/css/
/css.php
/cube/
/custom/
/customer/
/customers/
/customers.php
/CVS
/CVS/
/.cvsignore
/cyber/
/d/
/D/
/data/
/data/backup.sql
/data/backup.sql.gz
/data/backup.tar.gz
/data/backup.zip
/database/
/database/backup.sql
/database/database.sql
/database/databases.yml
/database/dump.sql
/database.inc
/database.inc.php
/database.mysqli.php
/database.php
/databases/
/database.sql
/database.sql.dump.gz
/databases.yaml
/databases.yml
/database.tar.gz
/data/database.sql
/data/dump.sql
/datafiles/
/data/files.tar.gz
/data/fullbackup.tar.gz
/data/mysqldump.sql
/data.sql
/date.php
/db/
/Db/
/db/
/db/backup.sql
/db/backup.sql.gz
/db/backup.tar.gz
/db/backup.zip
/db_connect.inc
/db/database.sql
/db/dump.sql
/db/files.tar.gz
/db/fullbackup.tar.gz
/dbg/
/db/main.mdb
/db/mysqldump.sql
/db.php
/DB.php
/db.sql
/debug.php
/default/
/default.php
/default.php~
/define_language.php
/defines.php
/deletefile.php
/deleteFile.php
/delete.php
/demo/
/demos/
/deprecated.php
/design/
/details.php
/dev/
/devel/
/development/
/development.log
/devices/
/dev.log
/dialog/
/dialogs/
/diff.php
/dig.php
/dir/
/directory/
/disk1/
/dist/
/dists/
/dk/
/dl/
/DLL/
/dll/
/dm/
/dmz.xls
/doc/
/docs/
/Docs/
/document/
/documentation/
/documents/
/download/
/download.php
/downloads/
/downloads.php
/d.php
/D.php
/driver/
/drivers/
/.DS_Store
/dtd/
/dtree/
/dump/
/dump/backup.sql
/dump/backup.sql.gz
/dump/backup.tar.gz
/dump/backup.zip
/dump.bat
/dump/bigdump.php
/dump/database.sql
/dump/dump.sql
/dump/files.tar.gz
/dump/fullbackup.tar.gz
/dump/mysqldump.sql
/dump.rdb
/dump.sql
/e/
/E/
/eav.txt
/edit/
/editor/
/.editorconfig
/editor.php
/editors/
/edit.php
/editsummary.php
/edituser.php
/ee/
/el/
/element/
/element.php
/elements/
/eligible.php
/email/
/email.php
/Email.php
/empty.php
/engines/
/english/
/english.php
/eng.php
/en.php
/enroll/
/entries/
/entry/
/.env
/environment/
/e.php
/E.php
/epoch/
/equipment/
/error/
/error_log
/error.log
/error.php
/es/
/es_AR/
/es_ES/
/.eslintignore
/.eslintrc
/espanol/
/et/
/etaoin/
/etc/
/etc/passwd
/ethernet/
/eu/
/eunomia/
/europe/
/event/
/event.php
/events/
/events.php
/example/
/example.php
/examples/
/exception.php
/exclude/
/exec/
/exhibitions.php
/exhibits.php
/experimental/
/export/
/export.php
/ext/
/extension/
/extension.php
/extensions/
/external/
/extra/
/extras/
/f/
/F/
/factory.php
/faq/
/faq.php
/fastsearch.php
/fax/
/fb/
/fc/
/fckeditor/
/fckeditor.php
/fd/
/fe/
/features/
/feed/
/feedcreator.php
/feed.php
/ffles.php
/file/
/fileadmin/
/filelist.php
/filemanager/
/file.php
/files/
/files.pl/
/files.tar.gz
/filesystem/
/filesystems/
/FileUpload.php
/filter/
/Filter/
/filters/
/fixtures/
/fj/
/flags/
/flash/
/flex/
/folder.php
/folders/
/font/
/fonts/
/food/
/footer.inc.php
/footer.php
/form/
/format/
/format.php
/form.php
/forms/
/forum/
/forums/
/forums.php
/f.php
/F.php
/fr/
/frames/
/framework/
/framework.php
/freeradius/
/french.php
/frontend/
/frontend.php
/frontpage/
/frontpage.php
/ft/
/ftp/
/ftp.php
/fullbackup.tar.gz
/fullpage/
/fullscreen/
/fun/
/Function/
/function/
/function.php
/functions/
/functions.inc.php
/functions.php
/fusion/
/fy/
/g/
/G/
/ga/
/galaxy/
/gallery/
/gallery2/
/gallery.php
/gap/
/gateway/
/gb/
/Gbase/
/gcc/
/gd/
/Gdata/
/Gemfile.lock
/Gem.lock
/general/
/general.php
/generic/
/geo/
/Geo/
/german/
/german.php
/geshi/
/geshi.php
/GetFolders.php
/getimage.php
/getpot/
/gift/
/.git
/.git/
/.gitattributes
/.gitconfig
/.git/index
/gl/
/global/
/global.cfg
/global.conf
/global.ini
/global.php
/globals/
/globalsettings.ini
/gnome/
/Makefile
/gold/
/g.php
/G.php
/gq/
/gr/
/graphics/
/graphs/
/green/
/gross/
/group/
/group.php
/groups/
/groups.php
/.grunt
/Gruntfile.js
/gs/
/gu/
/guest/
/guestbook/
/guestbook.php
/guests/
/gulpfile.js
/gzip.php
/h/
/H/
/handler/
/hardware/
/hardy/
/he/
/head/
/header/
/header.inc.php
/header.php
/headers/
/head.php
/heads/
/help/
/HELP/
/helper/
/Helper/
/helper.php
/helpers/
/help.php
/hf/
/hidden/
/hidden.php
/history/
/history.php
/hl/
/home/
/home.php
/hooks/
/horiz.php
/hp/
/h.php
/H.php
/hr/
/ht/
/htaccess
/.htaccess
/htbin/
/htdocs/
/html/
/HTML/
/html/
/html.php
/htpasswd
/_.htpasswd
/.htpasswd
/.htpasswd/
/Http/
/http.log
/http.php
/htusers/
/hw/
/i/
/I/
/i18n/
/id/
/.idea/
/idea/
/ideas/
/id_rsa
/image/
/ImageEditor.php
/ImageManager.php
/image.php
/Image.php
/images/
/images1.php
/images2.php
/images.php
/img/
/img.php
/imp/
/import/
/import.php
/import.sql
/import.tar.gz
/inc/
/inc/admin.inc
/inc/config.inc
/inc/database.inc
/inc/db_connect.inc
/include/
/includes/
/inc/mysql.inc
/index/
/index2.php
/index3.php
/indexbackup.php
/index.class.php
/index_def.php
/index.php
/index.php~
/index.php/
/index.php.bak
/index.php.bak~
/index.php.inc
/index.php.initial
/index.swp
/info/
/info.inc.php
/info.php
/information.php
/infos/
/info.txt
/ini.php
/inputfilter.php
/INSTALL/
/install/
/installer/
/installer.php
/install.php
/INSTALL.php
/install.php
/interfaces/
/internals/
/internet/
/intranet/
/invitation.php
/invoice.php
/io.php
/i.php
/I.php
/iso/
/it/
/item/
/_item.php
/item.php
/items.php
/j/
/J/
/java/
/javascript/
/javascript.php
/jenkins/
/jmx-console/
/joomla/
/joomla.php
/j.php
/J.php
/jquery/
/jqueryui/
/js/
/jscalendar/
/jscript/
/jscripts/
/json.php
/jsp/
/judging.php
/k/
/K/
/kernel/
/keystone.js
/km/
/Knowledge/
/k.php
/K.php
/l/
/L/
/la/
/labs/
/lang/
/lang.php
/langs/
/language/
/language.php
/languages/
/languages.php
/latest/
/launch.php
/layer/
/layout/
/layouts/
/LC_MESSAGES/
/ldap.php
/leaflet.php
/legacy/
/legacy.php
/level/
/lib/
/lib.php
/libraries/
/library/
/libs/
/LICENSE/
/LICENSE.php
/light/
/lightbox/
/lighter/
/link/
/link.php
/links/
/links.php
/linux/
/list/
/list.php
/lists/
/live/
/loader.php
/loader.py
/load.php
/local/
/locale/
/locale.php
/localization.php
/localsettings.php~
/local.xml
/log/
/logfile/
/logger.php
/login/
/login.jsp.bak
/login.php
/login.txt
/logoff.php
/logos/
/logout.php
/log.php
/logs/
/log.txt
/loop.php
/l.php
/L.php
/lucid/
/lv/
/m/
/M/
/mac/
/mag/
/mail/
/mailform.php
/mailman/
/mailmanweb.php
/mail.php
/mailto/
/mailto.php
/main/
/mainfile.php
/mainframe.php
/main.php
/maint/
/Makefile
/mambo.php
/mamboxml.php
/manage/
/manage.php
/manager/
/manager.php
/MANIFEST/
/manual/
/manufacturers/
/manufacturers.php
/maps/
/math/
/matrix/
/mbstring/
/media/
/media.php
/memberlist.php
/members/
/memcache.php
/memory.php
/menu/
/menuleft.php
/menu.php
/menus/
/message/
/message.php
/messages/
/messages.php
/meta/
/methods.php
/microsoft/
/mime/
/MIME/
/mime.php
/mimetypes/
/misc/
/misc.php
/mk/
/ml/
/mms/
/mn/
/mnet/
/MOB/
/mobile/
/mod/
/modcp.php
/model.php
/models/
/modifier/
/modinfo.php
/mods/
/mod_stats.php
/module/
/module.php
/modules/
/modules.php
/monitor/
/moodle2/
/move.php
/mp/
/m.php
/M.php
/mr/
/ms/
/MS/
/msft/
/msn/
/msql/
/museum.php
/my/
/mysql/
/mysql-data/run_mysql.sh
/mysqldump/
/mysqldump.sql
/.mysql_history
/mysql.inc
/mysqli.php
/mysql.php
/n/
/N/
/name.php
/native/
/navigation.php
/net/
/netstat/
/network/
/networks/
/new/
/new.php
/news/
/newsfeed.php
/newsfeeds.php
/newsletter/
/newsletter.php
/newsletters/
/newsletters.php
/news.php
/next/
/nic/
/nl/
/nlm/
/node/
/nodejs/
/node_modules/
/nohup.out
/none.php
/note/
/_notes/
/notification.php
/n.php
/N.php
/npm-debug.log
/.npmrc
/.nsconfig
/nuke/
/number/
/o/
/O/
/object.php
/Object.php
/objects/
/odbc/
/odbc.ini
/official/
/offline.php
/old/
/openid.php
/o.php
/O.php
/options/
/options.php
/oracle/
/order.php
/orders/
/orders.php
/original/
/other/
/output/
/overrides/
/p/
/P/
/package.json
/packages/
/packages.json
/packaging/
/page/
/pagebreak.php
/pageinfo.php
/pagenavigation.php
/page.php
/pagers/
/pages/
/pagination.php
/panel/
/panorama.php
/parameter/
/parameters.php
/parameters.yml
/parts/
/pass/
/pass.dat
/pass.db
/passlist.txt
/pass.txt
/passwd
/.passwd
/passwd/
/passwd.txt
/password/
/password.log
/password.php
/passwords/
/passwords.csv
/passwords.txt
/password.txt
/password.xls
/paste/
/patErrorManager.php
/patError.php
/path.php
/pathway.php
/payment/
/payments/
/paypal.php
/pdb/
/PDF/
/pdf/
/pdf.php
/pear/
/PEAR/
/Pear/
/PEAR5.php
/PEAR.php
/perf/
/perform.ini
/perl/
/permissions.php
/persian/
/phantom-scrape.js
/photo/
/photos/
/php/
/phpcompat.php
/phpinfo.php
/php.ini
/phpmailer/
/phpmailer.php
/phpMyAdmin/
/phpmyadmin/
/phpnuke/
/php.php
/phpspec.yml
/phpSysInfo
/phpunit/
/phpunit.xml
/phputf8/
/phpxmlrpc/
/pic/
/pics/
/pictures/
/ping.php
/pix/
/pl/
/placeholder/
/platform/
/plugin/
/plugin.php
/plugins/
/plugins.php
/pm/
/po/
/policy/
/poll/
/poll.php
/polls/
/pop/
/popup/
/popup.php
/popups/
/portal/
/portlet/
/ports/
/posters/
/postgres/
/posting.php
/post.php
/p.php
/P.php
/pre/
/prefs/
/prep/
/preview/
/prime/
/print/
/printer/
/print.php
/privacy.php
/_private/
/private/
/privmsg.php
/Procfile
/prod.log
/products_new.php
/profile/
/profile.php
/profiler.php
/profiles/
/profiles.php
/profile.txt
/proftpd.conf
/project/
/projects/
/.properties
/proprietary.php
/protected/
/proxy/
/proxy.jsp
/proxy.php
/ps/
/psd/
/pt/
/pub/
/public/
/publish/
/publisher.php
/pw/
/py/
/python/
/q/
/Q/
/q.php
/Q.php
/query/
/query.php
/question/
/r/
/R/
/ra/
/radio.php
/RAID/
/Rakefile
/random.php
/rate.php
/rating/
/rav/
/raw/
/reader.php
/reading/
/README/
/readme/
/readmore.php
/red/
/refs/
/register/
/register.php
/registry/
/releases/
/remember.php
/remind/
/remote/
/remotes/
/rename.php
/renderer/
/replace.php
/reply.php
/report/
/reports/
/repository/
/request/
/required.php
/research/
/reset/
/reset.php
/resource/
/resources/
/resources.php
/response/
/retail/
/reviews/
/reviews.php
/ro/
/rock/
/ronin/
/~root/
/Root/
/root/
/route.php
/router.php
/Rpc/
/rpc/
/r.php
/R.php
/rpm/
/rss/
/rss.php
/rte/
/rti/
/rtl/
/ru/
/ruby/
/s/
/S/
/s3/
/s3cfg
/.s3cfg
/s5/
/safari/
/sales/
/sam/
/samba/
/_sample/
/sample/
/_samples/
/samples/
/Samples/
/save/
/schema/
/schema.sql
/schinese.php
/scm/
/scr/
/script/
/scriptaculous/
/scripts/
/sdk/
/search/
/search.inc.php
/search.php
/secret/
/secrets/
/section/
/section.php
/sections.php
/secure/
/secure.php
/security/
/sef.php
/sei/
/seit/
/selector/
/select.php
/sendmail.php
/sensor/
/sequent/
/Server/
/server/
/server.cfg
/server-info
/server_info.php
/server.php
/server.php~
/servers/
/server-status
/service/
/services/
/Services/
/services/
/servlet/
/session/
/session.php
/sessionRead.php
/sessions.php
/sessionWrite.php
/setting/
/setting.ini.php
/settings/
/settings.cfg
/settings.ini
/settings.local.php~
/settings.php
/Settings.php
/settings.py
/settings.rb
/settings.swp
/settings.txt
/settings.yaml
/settings.yml
/setup/
/SETUP/
/setup/
/setup/config.inc
/setup.html
/setup.php
/setup.py
/sftp-config.json
/sh/
/share/
/shared/
/shipping/
/shipping.php
/shop/
/show/
/showfile.php
/showimage.php
/si/
/sidebar.php
/silk/
/silver/
/simple/
/simpletest/
/singer/
/single.php
/site/
/siteadmin/
/Sitemap/
/sitemap.php
/Sites/
/sites.dat
/sites/default/settings.local.php
/sk/
/skin/
/skins/
/sl/
/slices/
/slider/
/slideshow/
/sm/
/smarty/
/Smarty.class.php
/smb.conf
/smtp.php
/smtp.txt
/snapshots/
/snippets/
/soap/
/social/
/software/
/solaris/
/_source/
/source/
/sources/
/spam/
/spanish.php
/spec/
/specials.php
/speech/
/spellchecker.php
/s.php
/S.php
/sponsors/
/sponsors.php
/spool/
/SpryAssets/
/sql/
/sql/backup.sql
/sql/backup.sql.gz
/sql/backup.tar.gz
/sql/backup.zip
/sql/database.sql
/sql/dump.sql
/sql/files.tar.gz
/sql/fullbackup.tar.gz
/sql.html
/sql/mysqldump.sql
/sql.php
/sql.php3
/sql.txt
/sr/
/src/
/ss/
/ssi/
/ssl/
/ssl.conf
/staff/
/staging/
/stars/
/stat/
/Stat/
/stats/
/stats.php
/status
/status/
/status.php
/steps/
/stills/
/storage/
/storage.php
/store/
/stories/
/streams.php
/string.php
/strlen.php
/structure/
/structure.php
/studio/
/style/
/style.php
/styles/
/stylesheets/
/sub/
/submit.php
/sun/
/super/
/support/
/survey/
/sv/
/.svn/
/.svn/all-wcprops
/.svn/entries
/swf/
/swift/
/symbols/
/sys/
/sysadmin/
/system/
/SYSTEM/
/system32/
/t/
/T/
/ta/
/tab/
/table/
/table.php
/tables/
/tabs/
/tac/
/tag/
/Tag/
/tag.php
/tags/
/tags.php
/talk/
/tar.php
/taxonomy.php
/tcpdf.php
/te/
/tech/
/tell_a_friend.php
/temp/
/template/
/TEMPLATE/
/template.php
/templates
/templates/
/Templates/
/templates.php
/temp.php
/temp.txt
/terminal/
/test/
/test1/
/test2/
/test.asp
/test.aspx
/testForms.php
/test.htm
/test.html
/testing/
/test.jsp
/test.php
/tests/
/test.txt
/testTypo.php
/tex/
/Text/
/textarea.php
/text.php
/th/
/thankform.php
/theme/
/theme.php
/_themes/
/themes/
/themes.php
/theory/
/thumb/
/thumbnail.php
/thumbs/
/thumbs.php
/ti/
/tidy.php
/tiger/
/timer.php
/timetable.php
/timezones.php
/tiny_mce/
/tinymce/
/tinymce.php
/tl/
/tmc/
/tmp/
/tmpl/
/TODO/
/toolbar/
/toolbar.php
/tools/
/Tools/
/tools.php
/top/
/topics/
/t.php
/T.php
/tr/
/trac/
/trades.py
/transformations/
/transform.php
/translate/
/translate.php
/tree/
/tree.php
/trim.php
/trust.php
/u/
/U/
/ug/
/ui/
/uk/
/uk_UA/
/um/
/uninstall.php
/unix/
/unknown/
/update/
/update.php
/updates/
/updates/users.htpasswd
/UPGRADE/
/upgrade/
/upgrade_config.php
/upgrade.html
/upgrade.php
/upgrades/
/UPGRADING/
/u.php
/U.php
/upload/
/uploadbusplan.php
/uploader.php
/uploadfile.php
/upload.html
/upload.php
/uploads/
/ur/
/url/
/us/
/usage/
/user/
/user1/
/user2/
/userdb/
/usergroup.php
/.user.ini
/user.php
/users/
/users.class.php
/users.mdb
/users.php
/users.sql
/users.txt
/utf8.php
/util/
/Util/
/utilities/
/util.php
/utils/
/v/
/V/
/validate.php
/validation.php
/vars.php
/vax/
/vb/
/vcard.php
/vector/
/version/
/version.php
/vert.php
/vi/
/video/
/videos/
/view/
/View/
/view/
/view.feed.php
/viewforum.php
/view.html.php
/viewonline.php
/view.php
/views/
/viewtopic.php
/vim/
/virus/
/vlsi/
/vm/
/vms/
/voice/
/volumes/
/vote.php
/v.php
/V.php
/_vti_adm/
/_vti_aut/
/_vti_bin/
/_vti_cnf/
/_vti_log/
/_vti_pvt/
/_vti_txt/
/w/
/W/
/web/
/webadmin/
/webalizer/
/webcart/
/web.config
/WEB-INF/web.xml
/weblink/
/weblink.php
/weblinks.php
/weblog/
/weblogs/
/webmail/
/webmaster/
/website.tar.gz
/webstat/
/webstats/
/web.xml
/wei/
/wget/
/white/
/wic.php
/widgets.php
/wifi/
/wlw/
/wood/
/WORD/
/word/
/wordpress/
/work/
/workshop.php
/wp/
/wp-admin/
/wp-config.inc
/wp-config.old
/wp-config.php
/wp-config.php~
/wp-config.swp
/wp-config.txt
/w.php
/W.php
/wrapper.php
/wsc/
/wstats/
/www/
/wwwlog/
/wwwstat/
/wwwstats/
/wysiwyg/
/x/
/X/
/xampp/security.php
/xcache.php
/xml/
/XML/
/xml/
/xml.php
/xmlrpc/
/xmlrpc.php
/xmlrpcs.php
/xp/
/x.php
/X.php
/xv/
/y/
/Y/
/y.php
/Y.php
/yui/
/z/
/Z/
/Zend/
/zip/
/zip.lib.php
/zip.php
/zones.php
/zoom/
/z.php
/Z.php

