
/0/
/01/
/02/
/03/
/04/
/05/
/06/
/07/
/08/
/09/
/1/
/10/
/11/
/12
/13/
/14/
/15/
/16/
/17/
/18/
/19/
/2/
/20/
/21/
/22/
/23/
/24/
/25/
/26/
/27/
/28/
/29/
/3/
/30/
/31/
/32/
/33/
/35/
/36/
/37/
/38/
/39/
/4/
/40/
/404/
/41/
/42/
/43/
/45/
/46/
/47/
/48/
/49/
/5/
/50/
/51/
/52/
/53/
/54/
/55/
/56/
/57/
/58/
/59/
/6/
/7/
/8/
/9/
/a/
/ab/
/abc/
/ac/
/access/
/access_log
/access.log
/account/
/accounts/
/action/
/actions/
/ad/
/adapter/
/adapters/
/addons/
/adm/
/admin/
/admin-console/login.seam
/adminfiles/
/admin.inc
/admin/index.jsp
/administrator/
/admin/j_security_check/
/admin.php
/admin.php/
/adodb/
/ads/
/advanced/
/ae/
/af/
/afp/
/ajax/
/AjaXplorer-2.5.5/
/all/
/_all_dbs/
/alpha/
/alt/
/am/
/amd64/
/ams/
/apache/
/api/
/app/
/apple/
/applets/
/application/
/applications/
/apply.cgi
/appRain-q-0.1.5/
/apps/
/apt/
/ar/
/arc/
/archive/
/archives/
/article/
/articles/
/asp/
/aspx/
/assets/
/async/
/at/
/attachments/
/ATutor/
/auth/
/auth.config
/authentication/
/auth.json
/auth.log
/authorize.php~
/autopass/
/Auxiliumpetratepro/
/aw/
/aws/
/awstats/
/axis2/axis2-admin/login/
/axis2/services/listServices/
/b/
/b0/
/b1/
/b2/
/b3/
/b4/
/b5/
/b6/
/b7/
/b8/
/b9/
/ba/
/back/
/backend/
/background/
/backup/
/backup.7z
/backup/backup.sql
/backup/backup.tar.gz
/backup/backup.zip
/backup.bz2
/backup/database.sql
/backup.db
/backup/dump.sql
/backup.gz
/backup/mysqldump.sql
/backup.rar
/backups/
/backups/backup.sql
/backups/database.sql
/backups/dump.sql
/backups/mysqldump.sql
/backup.sql
/backup.sql.bz2
/backup.sql.dump.gz
/backup.sql.gz
/backup.sql.tgz
/backup.sql.zip
/backup.tar
/backup.tar.bz2
/backup.tar.gz
/backup.tar.tgz
/backup.tgz
/backup.zip
/bak/
/banner/
/banners/
/bar/
/base/
/.bash_history
/.bash_profile
/.bashrc
/basilic-1.5.14/
/bb/
/bc/
/bd/
/be/
/beta/
/bf/
/bf102/
/bg/
/big/
/bin/
/bitweaver/
/black/
/blank-struts2/login.action/
/block/
/blocks/
/blog/
/blue/
/bn/
/books/
/boot/
/bootstrap/
/boxes/
/br/
/branches/
/brand/
/brick/
/brown/
/browser/
/bs/
/bsd/
/build/
/build.log
/builds/
/bvsmweb/
/c/
/c0/
/c1/
/c2/
/c3/
/c4/
/c5/
/c6/
/c7/
/c8/
/c9/
/ca/
/cache/
/cache_log
/cache.log
/cache.sql
/caidao.php
/calendar/
/captcha/
/cart/
/cat/
/catalog/
/categories/
/category/
/cats/
/cb/
/cc/
/ccbill/
/cck/
/cd/
/cdrom/
/ce/
/centos/
/centreon/
/cert/
/cf/
/cfapps/
/cfdocs/
/cfide/
/cfm/
/cfusion/
/cgi/
/cgi_bin/
/cgi-bin/
/cgi-bin/function.php?argument=
/cgi-bin/mt/
/cgi_local/
/cgi-mod/view_help.cgi
/cgis/
/changelog/
/chat/
/chs/
/ci/
/cic/
/CimWeb/
/clansphere_2011.3/
/class/
/classes/
/classic/
/cli/
/client/
/cliente/
/clientes/
/cm/
/cmd/
/cms400min/
/cn/
/code/
/codes/
/com/
/comctl/
/com_extplorer_2.1.0/
/commands/
/comment/
/comments/
/commerce/
/common/
/component/
/components/
/conf/
/config
/config/
/config.bak
/_config.inc
/config.inc
/config.ini
/config.js
/config.json
/config.jsp
/config.php~
/config.php_old
/.config.php.swp
/config.py
/config.rb
/configs/
/config.sql
/config.tar.gz
/configuration/
/configuration.bak
/configuration.php~
/.configuration.php.swp
/configuration.swp
/configure/
/config.xml
/conf.xml
/conn/
/connectors/
/console/
/contact/
/contacts/
/container/
/content/
/contrib/
/control/
/controllers/
/controls/
/convex/
/cookie/
/copying/
/copy_this/
/core/
/cosmic/
/cosmos/
/count/
/counter/
/courier/intermediate_login.html
/course/
/cp/
/cr/
/credits/
/crowd/services/
/crypto/
/cs/
/cs_cz/
/csee/
/csr/
/css/
/cssoutsider/
/css_styles/
/ctc/servlet/
/cube/
/custom/
/custombuild/
/customer/
/customer_reviews/
/customers/
/cuteflow_v.2.11.2/
/cvs/
/CVS/
/cy/
/cyber/
/cy_gb/
/cz/
/d/
/d0/
/d1/
/d2/
/d3/
/d4/
/d4d/statusFilter.php
/d5/
/d6/
/d7/
/d8/
/d9/
/da/
/da_dk/
/darkblue_orange/
/data/
/database/
/database.7z
/database.bz2
/database.gz
/database.inc
/database.rar
/databases/
/database.sql
/database.sql.bz2
/database.sql.gz
/database.sql.tgz
/database.sql.zip
/databasestorage/
/databases.yaml
/databases.yml
/database.tar
/database.tar.bz2
/database.tar.gz
/database.tar.tgz
/database.tgz
/database.zip
/datafiles/
/data/login/
/date/
/davinci/
/db/
/db.7z
/db-backup.sql
/db/backup.sql
/dbbackup.sql
/db-backup.zip
/db.bz2
/db_connect.inc
/db/database.sql
/db/dump.sql
/dbg/
/db.gz
/dbi/
/db/mysqldump.sql
/db.rar
/db.sql
/db.sql.bz2
/db.sql.gz
/db.sql.tgz
/db.sql.zip
/db.tar
/db.tar.bz2
/db.tar.gz
/db.tar.tgz
/db.tgz
/db.xml
/db.zip
/dc/
/dcforum/
/de/
/decorator/
/de_de/
/default/
/default1/
/default_admin/
/defaultcolorconf/
/default.php~
/delete_move_next/
/demo/
/demos/
/deploy/
/description/
/design/
/dev/
/devel/
/development/
/devices/
/diagon/
/dialog/
/dialogs/
/dir/
/directionality/
/directory/
/discount_coupons/
/disk1/
/dist/
/dists/
/dk/
/dl/
/dll/
/dm/
/doc/
/docs/
/document/
/documentation/
/documents/
/dolibarr/
/domit/
/dopey/
/dos/
/do/view/Main/WebHome/
/download/
/downloads/
/dragresizetable/
/driver/
/drivers/
/drupal/
/dsl/
/dtd/
/dtl/
/dtl_etc/
/dtree/
/dublincore/
/dump/
/dump.7z
/dump/bigdump.php
/dump.bz2
/dump/dump.sql
/dump.gz
/dump.rar
/dump.sql
/dump.sql.bz2
/dump.sql.gz
/dump.sql.tgz
/dump.sql.zip
/dump.tar
/dump.tar.bz2
/dump.tar.gz
/dump.tar.tgz
/dump.tgz
/dump.zip
/dv/
/dvd/
/e/
/e0/
/e1/
/e2/
/e3/
/e4/
/ea/
/easton/
/easylog/
/eb/
/ec/
/eco/
/ed/
/edit/
/editor/
/editors/
/ee/
/eecs/
/ef/
/eg/
/eigen/
/einstein/
/el/
/element/
/elements/
/elephant/
/el_gr/
/elmah.axd
/email/
/emerald/
/emotions/
/ems/
/en/
/eng/
/en_gb/
/engines/
/english/
/enrol/
/enroll/
/entries/
/entry/
/enu/
/en_us/
/.env
/environment/
/environments/
/epoch/
/equipment/
/error/
/.error_log
/error_log
/error_log/
/error.log
/es/
/es_ar/
/es_es/
/espanol/
/et/
/etaoin/
/etc/
/etc/passwd
/et_ee/
/ethernet/
/eu/
/eu_es/
/eunomia/
/europe/
/event/
/events/
/exair/
/example/
/exampleapp/
/examples/
/excalibur/
/exchange/
/exclude/
/exec/
/exif/
/expelval/
/experimental/
/expeval/
/export/
/ext/
/extension/
/extensions/
/external/
/extra/
/extra_fields/
/extras/
/f/
/f1/
/f2/
/fa/
/fa_ir/
/faq/
/faqweb/
/fashion_mosaic/
/fast_lane_checkout/
/fasttrack/
/fax/
/fb/
/fc/
/fc_functions/
/fck_about/
/fck_docprops/
/fckeditor/
/fck_flash/
/fck_image/
/fck_link/
/fck_select/
/fck_spellerpages/
/fck_template/
/fck_universalkey/
/fd/
/fe/
/features/
/feed/
/ff/
/fi/
/fi_fi/
/file/
/filemanager/
/files/
/files.7z
/files.bz2
/files.gz
/files.pl/
/files.rar
/files.sql
/files.sql.bz2
/files.sql.gz
/files.sql.tgz
/files.sql.zip
/files.tar
/files.tar.bz2
/files.tar.gz
/files.tar.tgz
/files.tgz
/filesystem/
/filesystems/
/files.zip
/filter/
/filters/
/findreplace/
/firewall/
/fixtures/
/fj/
/flags/
/flash/
/flex/
/folders/
/font/
/fonts/
/foo/
/foobar/
/food/
/form/
/format/
/forms/
/fortune/
/forum/
/forums/
/_fpclass/
/fr/
/frames/
/framework/
/freeradius/
/french/
/fr_fr/
/frontend/
/frontpage/
/fruit/
/fsbb/
/ft/
/ftp/
/fullbackup.7z
/fullbackup.bz2
/fullbackup.gz
/fullbackup.rar
/fullbackup.sql
/fullbackup.sql.gz
/fullbackup.tar
/fullbackup.tar.gz
/fullbackup.tgz
/fullbackup.zip
/fullpage/
/fullscreen/
/fullwebsite.7z
/fullwebsite.bz2
/fullwebsite.gz
/fullwebsite.rar
/fullwebsite.sql
/fullwebsite.sql.gz
/fullwebsite.tar
/fullwebsite.tar.gz
/fullwebsite.tgz
/fullwebsite.zip
/fun/
/function/
/functions/
/fusion/
/fy/
/g/
/ga/
/ga_ie/
/galaxy/
/gallery/
/gallery2/
/gallerystorage/
/gandalf/
/gap/
/gapps/
/gateway/
/gb/
/gbase/
/gcc/
/gd/
/gdata/
/general/
/generic/
/geo/
/german/
/geshi/
/gestioip/
/getpot/
/GetSimpleCMS/
/gift/
/gift_certificates/
/.git/
/.gitconfig
/.git/index
/gl/
/global/
/global.conf
/global.ini
/globals/
/globalsettings.ini
/glossword/1.8/
/glpi/
/gnome/
/gnumakefile/
/gold/
/gonzo/
/gq/
/gr/
/graphics/
/graphs/
/green/
/gross/
/group/
/group1/
/group2/
/group3/
/group4/
/group5/
/group6/
/group7/
/group8/
/groups/
/.grunt
/Gruntfile.js
/gs/
/gu/
/guest/
/guestbook/
/guests/
/gulpfile.js
/gwen/
/h/
/handler/
/hardware/
/hardy/
/hastymail2/
/h_cherry/
/he/
/head/
/header/
/header.images/
/headers/
/heads/
/health/
/he_il/
/help/
/helper/
/helpers/
/hf/
/.hg/
/h_green/
/hi/
/hidden/
/highslide/
/history/
/hl/
/home/
/hooks/
/horde/
/howitworks/
/hp/
/hr/
/ht/
/htbin/
/htdocs/
/h_teal/
/html/
/_.htpasswd
/.htpasswd
/.htpasswd/
/http/
/htusers/
/hu/
/hu_hu/
/husky/
/hw/
/hybridauth/
/i/
/i18n/
/i386/
/ias/
/ibmpc/
/icon/
/icons/
/iControl/iControlPortal.cgi
/id/
/IDC.php/
/.idea/
/idea/
/ideas/
/id_id/
/idn/
/iespell/
/iis/
/iisadmpwd/
/iissamples/
/image/
/imagemanager/
/images/
/images_small/
/imapd/
/imc/
/img/
/imp/
/import/
/import.sql
/import.tar.gz
/inc/
/include/
/includes/
/index/
/index.bak
/index.jsp
/index.php
/index.php~
/index.php.bak
/.index.php.swp
/index.swp
/inf/
/info/
/info.php
/infos/
/ingres/
/inlinepopups/
/inputfilter/
/insertdatetime/
/install/
/installer/
/interface/
/interfaces/
/internals/
/internet/
/intranet/
/invoker/JMXInvokerServlet/
/is_is/
/iso/
/isos/
/issamples/
/it/
/item/
/it_it/
/j/
/ja/
/ja_jp/
/ja_purity/
/java/
/javascript/
/javascripts/
/jazz/
/jellystone/
/jenkins/
/jerome/
/jmx-console/
/joomla/
/jos.php
/jpn/
/jquery/
/jqueryui/
/js/
/jscalendar/
/jscript/
/jscripts/
/jsp/
/k/
/ka/
/kernel/
/khepri/
/kilroy/
/kimai/
/kind/
/klingon/
/km/
/knowledge/
/kodak/
/kor/
/kordil_edms/
/l/
/la/
/labs/
/lang/
/langs/
/language/
/languages/
/lasso/
/latest/
/laurent/
/layer/
/layout/
/layouts/
/lc_messages/
/leaflet/
/legacy/
/lehi3b15/
/leo/
/level/
/lib/
/libimaging/
/libraries/
/library/
/librettoCMS_v.2.2.2/
/libs/
/licence/
/license/
/light/
/lightbox/
/lighter/
/link/
/links/
/linux/
/list/
/listcommands/
/lists/
/lite/
/live/
/local/
/locale/
/LocalSettings.bak
/LocalSettings.php~
/.localsettings.php.swp
/.LocalSettings.php.swp
/LocalSettings.swp
/log/
/log1cms2.0/
/logfile/
/logfiles/
/login/
/logos/
/logs/
/lst/
/lucid/
/luna/
/lv/
/m/
/mac/
/mag/
/magic/
/mail/
/.mail_aliases
/mailman/
/.mailrc
/mailto/
/main/
/mainsail/
/maint/
/makefile
/makefile/
/manage/
/manager/
/manager/html/
/mango/
/manifest/
/manual/
/manufacturers/
/maps/
/marlboro/
/marlin/
/martin/
/math/
/matrix/
/maui/
/mbstring/
/mcpuk/
/media/
/mediawiki/
/memberfiles/
/members/
/membership/
/menu/
/menus/
/mercury/
/message/
/messages/
/meta/
/microsoft/
/mime/
/mimetypes/
/misc/
/mk/
/ml/
/mma.php
/mms/
/mn/
/mnet/
/mob/
/mobile/
/mobilecartly/
/mod/
/moddata/
/models/
/modifier/
/mods/
/module/
/module1/
/modules/
/monitor/
/moodle/
/moodle2/
/mosaic/
/mp/
/mp3/
/mr/
/ms/
/msadc/
/msft/
/msi/
/msn/
/msql/
/mt/
/music/
/mutt/
/my/
/mysql/
/mysqldump/
/mysqldump.sql
/.mysql_history
/mysqli/
/mysql.inc
/mysql.tar.gz
/mysql.xml
/n/
/nagios3/cgi-bin/history.cgi
/narcissus-master/
/native/
/nb_no/
/net/
/.netrc
/netstat/
/network/
/networks/
/new/
/newmail/
/news/
/newsfeed/
/newsletter/
/newsletters/
/next/
/nif/
/nl/
/nlm/
/nl_nl/
/nls/
/nn_no/
/no/
/node/
/nonbreaking/
/noneditable/
/no_no/
/note/
/_notes/
/notes/
/nss/
/nt4/
/nuke/
/number/
/o/
/o2k7/
/objects/
/ocean/
/odbc/
/oem/
/official/
/old/
/oldfiles/
/opd/
/openbravo/
/openemr/
/openid/
/opennms/
/opensis/
/openx/
/options/
/oracle/
/orange/
/orders/
/original/
/os/
/os2/
/other/
/outlaw/
/output/
/outputfilter/
/overrides/
/oxford/
/p/
/packages/
/packaging/
/page/
/pagebreak/
/pager/
/pagers/
/pages/
/pandora_console/
/panel/
/papers/
/par2/
/parameter/
/parts/
/pass/
/pass.dat
/pass.db
/passlist.txt
/pass.txt
/passwd
/.passwd
/passwd/
/passwd.txt
/password/
/password.log
/passwords/
/passwords.csv
/passwords.txt
/password.xml
/paste/
/payment/
/payments/
/pbserver/
/pcat/
/pcl/
/pdb/
/pdf/
/pdo/
/pds/
/pear/
/pegasus/
/perf/
/perl/
/persian/
/perso/
/phantom-scrape.js
/phoenix/
/photo/
/photos/
/php/
/phpbb2/
/phpbu.xml
/php-charts_v1.0/
/phpFileManager-0.9.8/index.php
/phpgacl/
/phpinfo.php
/phpmailer/
/phpmyadmin/
/phpnuke/
/php-ofc-library/
/phptax/
/php/test.php
/phpunit/
/phputf8/
/php-utility-belt/ajax.php
/phpwiki/
/phpxmlrpc/
/pic/
/picasa/
/pics/
/pictures/
/ping.ccp/
/piranha/
/PI/services/UCP/
/pix/
/pl/
/platform/
/plugin/
/plugins/
/pm/
/po/
/polarbearcms/
/policy/
/poll/
/polls/
/pop/
/popup/
/popups/
/portal/
/ports/
/postgres/
/pp088/
/pre/
/prefs/
/prep/
/preview/
/prime/
/print/
/printer/
/priv/
/privacy/
/private/
/.procmailrc
/prod/
/profile/
/profiles/
/proftpd/
/project/
/projects/
/ProjectSend/
/properties.xml
/protected/
/provider/
/provision/index.php
/proxy/
/ps/
/psd/
/pt/
/ptj/
/pub/
/public/
/public_html/
/publish/
/pw/
/py/
/python/
/q/
/qdPM/
/query/
/question/
/r/
/ra/
/raid/
/railo-context/
/rating/
/rav/
/raw/
/reader/
/reading/
/readme/
/ready/
/recruit/
/red/
/refs/
/register/
/registry/
/release/
/releases/
/relnotes/
/remind/
/remote/
/remotes/
/renderer/
/report/
/reports/
/repository/
/request/
/research/
/reset/
/resource/
/resources/
/resources.xml
/response/
/retail/
/reviews/
/rips/
/ro/
/rock/
/roller/
/~root/
/root/
/rpc/
/rpm/
/rss/
/rte/
/rtl/
/ru/
/ruby/
/run/
/s/
/s3/
/.s3cfg
/s5/
/safari/
/sales/
/sam/
/samba/
/sample/
/samples
/_samples/
/samples/
/sap/bc/soap/rfc/
/save/
/schema/
/scm/
/scr/
/script/
/scripts/
/sdk/
/seam-booking/home.seam
/search/
/secret/
/secrets/
/section/
/secure/
/security/
/sei/
/seit/
/selector/
/sensor/
/seportal/
/server/
/servers/
/service/
/services/
/servlet/
/session/
/setting/
/settings/
/settings.cfg
/settings.ini
/.settings/org.eclipse.core.resources.prefs
/.settings/org.eclipse.php.core.prefs
/.settings/org.eclipse.wst.common.project.facet.core.xml
/settings.php~
/settings.php_old
/.settings.php.swp
/settings.py
/settings.rb
/settings.xml
/setup/
/sflog/
/sh/
/shared/
/shark/
/shipping/
/shop/
/show/
/si/
/silver/
/simple/
/simple_e_document_v_1_31/
/simplepie/
/simpletest/
/singer/
/site/
/siteadmin/
/sitemap/
/sites/
/SiteScope/
/sites/default/settings.bak
/sites/default/settings.php~
/sites/default/.settings.php.swp
/sites/default/settings.swp
/sk/
/skin/
/skins/
/sk_sk/
/sl/
/slices/
/slider/
/slideshow/
/sm/
/smarty/
/smiles/
/smiley/
/smilies/
/snapshots/
/sneezy/
/snippets/
/soap/
/social/
/software/
/solaris/
/sounds/
/_source/
/source/
/sources/
/sp2gdr/
/sp2qfe/
/spam/
/spamcop/
/spanish/
/sparc/
/sparc64/
/spec/
/speech/
/spellchecker/
/spellerpages/
/sphinx/
/sponsors/
/spool/
/spreadsheets/
/spryassets/
/spywall/pbcontrol.php
/sql/
/sql/backup.sql
/sql/database.sql
/sql/dump.sql
/sql/mysqldump.sql
/sql.zip
/sr/
/src/
/ss/
/.ssh/
/.ssh/id_rsa
/.ssh/id_rsa.priv
/sshots/
/ssi/
/ssl/
/staff/
/staging/
/standards/
/stars/
/stat/
/stats/
/status/
/steps/
/stills/
/stmeetings/
/storage/
/store/
/stories/
/strategy/
/structure/
/struts2-blank/example/HelloWorld.action
/studio/
/style/
/styles/
/stylesheets/
/sub/
/sugarcrm/
/sun/
/sun2/
/sun3/
/super/
/supercache/
/support/
/survey/
/sv/
/.svn/
/.svn/entries
/.svn/wc.db
/swf/
/swift/
/symbols/
/sys/
/sysadmin/
/sysaid/
/system/
/system32/
/t/
/ta/
/tab/
/table/
/tables/
/tabs/
/tac/
/tag/
/tags/
/talk/
/te/
/tech/
/technote/
/temp/
/template/
/templates/
/terminal/
/test/
/test1/
/test2/
/testing/
/testlink-1.9.3/
/test.php
/tests/
/tex/
/text/
/th/
/theme/
/themeoffice/
/_themes/
/themes/
/theory/
/thumb/
/thumbnails/
/thumbs/
/thunderbird/
/ti/
/tiger/
/tiki/
/tinman/
/tinymce/
/tl/
/tmc/
/tmp/
/tmpl/
/todo/
/tolkien/
/toolbar/
/tools/
/top/
/topics/
/tr/
/trac/
/trace.axd
/translate/
/.travis.yml
/tree/
/treenav/
/u/
/ug/
/ui/
/uk/
/um/
/umbraco/
/unix/
/unknown/
/update/
/updates/
/upgrade/
/upgrades/
/upgrading/
/upload
/upload/
/upload.asp
/upload.aspx
/upload.html
/upload.jsp
/upload.php
/uploads/
/ur/
/url/
/us/
/usage/
/user/
/user1/
/user2/
/userdb/
/userinfo/search/
/users/
/users/password/
/util/
/utilities/
/utils/
/v/
/v2/
/var/
/vb/
/vcms/
/vcms2/
/vector/
/vendor/
/version/
/vfolder.ghp
/vi/
/video/
/videos/
/view/
/views/
/vim/
/.viminfo
/.vimrc
/vm/
/vms/
/VPortal/mgtconsole/CheckPassword.jsp
/_vti_adm/
/_vti_aut/
/_vti_bin/
/_vti_cnf/
/vtigercrm/
/_vti_log/
/_vti_pvt/
/_vti_txt/
/w/
/waves/
/web/
/webadmin/
/webalizer/
/WebCalendar-1.2.4/
/webcart/
/web.config
/WeBid/
/weblink/
/weblog/
/webmail/
/webmaster/
/website.7z
/website.bz2
/website.gz
/website.rar
/website.sql
/website.sql.gz
/website.tar
/website.tar.gz
/website.tgz
/website.zip
/webstat/
/webstats/
/webtester5/
/wei/
/wget/
/white/
/wifi/
/wikka/
/wood/
/word/
/wordpress/
/work/
/workspace/
/wp/
/wp-admin/
/wp-config.bak
/wp-config.php~
/.wp-config.php.swp
/wp-config.swp
/wpthumbnails/
/writer/
/wsc/
/ws/control/
/wsdocs/
/wstats/
/www/
/wwwboard/
/wwwlog/
/wwwstat/
/wwwstats/
/wysiwyg/
/x/
/x7chat2/
/x86_64/
/xampp/
/xhtmlxtras/
/xinu/
/xml/
/xmlrpc/
/xoda/
/xp/
/xsql/
/xv/
/y/
/yui/
/z/
/zabbix/
/Zemra/Panel/Zemra/system/command.php
/zen/
/zend/
/zimbraAdmin/
/zip/
/zm/
/zoom/
/zpanel/
