/0/
/2015.sql
/2015.zip
/2016.sql
/5/
/6/
/7/
/a/
/A/
/about
/about1.jsp
/about.jsp
/access
/access_log
/access.log
/access.txt
/account
/.account
/accounting
/account.jsp
/accounts.txt
/acrobat
/Action
/actions
/active.log
/adapter
/adapters/
/addons
/address.sql
/adm/
/admin/
/adminfiles
/admin_header.jsp
/admin.inc
/administration/index.php
/administrator
/admin.jsp
/admin/logon.jsp
/admin.php
/admin/secure/logon.jsp
/admin.txt
/adminuser
/adpassword.txt
/ads
/adsamples
/ads_data
/advanced
/advhr
/advimage
/advlink
/ae
/af
/afp
/agentes
/aiken
/ajax
/ajax.config
/ajax.config.php
/a.jsp
/album.jsp
/albums
/alex
/algor
/ALL
/All
/alley
/alpha
/alt
/am
/amadeus
/amd64
/AMD64bit
/amiga
/ams
/analog
/ans
/AOL
/apache
/apache.conf
/apc.php
/apl
/app
/App
/app/
/app/config/config.yml
/app/config/packages
/app/config/parameters.yml
/app/config/security.yml
/app/etc/config.xml
/app.js
/apple
/applets
/application
/application/config/development.yml
/application/config/.gitkeep
/application/config/live.yml
/application/configs/application.ini
/application/configs/data
/application/config/stage.yml
/application.ini
/application_log
/application.rb
/applications
/application.sql
/apps
/apps/
/ar/
/arc/
/archive/
/archive.jsp
/archive.php
/article/
/article.jsp
/article.php
/artisan
/asd/
/asp/
/aspx/
/assets
/ast
/async
/atc
/attachment.jsp
/attachments
/attachments.jsp
/auth
/authadmin
/auth.config
/authentication
/auth.json
/auth.jsp
/auth.log
/authorize.php~
/auth.txt
/avatar
/avatars
/aws/
/awstats/
/axis2/axis2-web/HappyAxis.jsp
/b
/B
/b0
/b1
/ba
/.babelrc
/back
/backdoor
/backend
/backend/
/backend.jsp
/backup
/backup/
/backup.7z
/backup/backup.7z
/backup/backup.bak
/backup/backup.gz
/backup/backup.sql
/backup/backup.sql.gz
/backup/backup.tar.gz
/backup/backup.tar.tgz
/backup/backup.tgz
/backup/backup.zip
/backup.bak
/backupdata
/backup/database.7z
/backup/database.bak
/backup/database.gz
/backup/database.sql
/backup/database.zip
/backup.db
/backup/db.7z
/backup/db.gz
/backup/db.sql
/backup/db.sql.gz
/backup/db.tar.7z
/backup/db.tar.gz
/backup/db.tar.tgz
/backup/db.tgz
/backup/db.zip
/backup/dump.7z
/backup/dump.gz
/backup/dump.sql
/backup/dump.sql.gz
/backup/dump.tar.7z
/backup/dump.tar.gz
/backup/dump.tar.tgz
/backup/dump.tgz
/backup/dump.zip
/backup/files.tar.gz
/backup/fullbackup.tar.gz
/backup.gz
/backup.jsp
/backup/mysqldump.7z
/backup/mysqldump.gz
/backup/mysqldump.sql
/backup/mysqldump.tar.gz
/backup/mysqldump.tgz
/backup/mysqldump.zip
/backups
/backups/
/backups/backup.7z
/backups/backup.bak
/backups/backup.gz
/backups/backup.sql
/backups/backup.sql.gz
/backups/backup.tar.gz
/backups/backup.tar.tgz
/backups/backup.tgz
/backups/backup.zip
/backups/.bash_history
/backups/database.7z
/backups/database.bak
/backups/database.gz
/backups/database.sql
/backups/database.tar.gz
/backups/database.tar.tgz
/backups/database.tgz
/backups/database.zip
/backups/db.7z
/backups/db.gz
/backups/db.sql
/backups/db.tar.gz
/backups/db.tar.tgz
/backups/db.tgz
/backups/db.zip
/backups/dump.7z
/backups/dump.gz
/backups/dump.sql
/backups/dump.sql.gz
/backups/dump.tar.7z
/backups/dump.tar.gz
/backups/dump.tar.tgz
/backups/dump.tgz
/backups/dump.zip
/backups/files.tar.gz
/backups/fullbackup.tar.gz
/backups/fullbackup.tar.tgz
/backups/mysqldump.7z
/backups/mysqldump.gz
/backups/mysqldump.sql
/backups/mysqldump.sql.gz
/backups/mysqldump.tar.gz
/backups/mysqldump.tar.tgz
/backups/mysqldump.tgz
/backups/mysqldump.zip
/backup.sql
/backup.sql.dump.gz
/backup.sql.gz
/backups.txt
/backup.tar
/backup.tar.7z
/backup.tar.gz
/backup.tar.tgz
/backup.tgz
/backup.zip
/bank
/banner
/banner.jsp
/banners
/banners.jsp
/bar
/bard
/base
/base.conf
/base.sql
/.bash_history
/.bash_profile
/.bashrc
/batcomputer
/bb
/bb-admin
/bbcode
/bbs
/bc
/bc4j.jsp
/bckgnd
/bd
/be
/bea-guardian-agent/test.jsp
/beez
/behaviors
/ben
/beta
/bg_BG
/big
/billing
/bin
/bin/
/bio
/bitfolge
/b.jsp
/B.jsp
/black
/Block
/block
/blocks
/blog
/blog.jsp
/blogweb
/bloomcounty
/blue
/bluewhite
/bmp/setconn.jsp
/bmp/sqljdemo.jsp
/bn
/BNr
/boeing
/bookmark.jsp
/bookmark.sql
/books
/Books
/boot
/boot.rb
/bootstrap/
/bootstrap/config.rb
/bootstrap/config.xml
/Border.jsp
/bot/compass/config.rb
/.bowerrc
/box/config.xml
/boxes
/br
/branches
/brand
/brick
/bridge
/brown
/browse.php
/browser
/browserconfig.xml
/browser.jsp
/bs
/bsd
/bug
/bug_report
/bugs
/build
/Builder
/build.log
/.buildpath
/build.xml
/bulkquery
/c
/C
/c0
/c1
/c2
/c3
/c9
/ca
/cache
/Cache
/.cache
/cache/
/cache.jsp
/cache_log
/cache.log
/cache.sql
/cacti/
/calendar
/Calendar
/calendar.jsp
/captcha
/cart
/case.jsp
/caspsamp
/cat
/catalog
/catalog_type.asp
/categories
/categories.jsp
/category
/categoryblog
/category.jsp
/cats
/cb
/cc
/ccbill
/cck
/cd
/cdrom
/ce
/centosplus
/cert
/cf
/cfapps
/cfdocs
/cfide
/cfm
/cfusion
/cgi
/cgibin
/cgi_bin
/cgi-bin/php
/cgi-bin/php5
/cgi-bin/test.cgi
/cgilib
/cgi_local
/cgis/
/cgishl
/cgiwin
/chain_provider.go
/ChangeLog
/CHANGELOG.jsp
/CHANGES
/changes.sql
/chat/
/chs
/circe
/circle.yml
/cj
/c.jsp
/C.jsp
/class
/classes
/Classes
/classes.jsp
/classic
/.classpath
/classrules.yml
/clearlooks2
/cli
/Client
/client
/cliente
/clientes
/client.jsp
/cls
/cm
/cmd.exe
/cms.conf
/cms.config
/cms.jsp
/cms.sql
/cn
/cobalt
/code
/codebrws.asp
/.codeclimate.yml
/codes
/cogito
/collection.conf
/collections.jsp
/com
/comctl
/commandclasses
/Commands
/commands.jsp
/comment
/comments
/comments.jsp
/com_menus
/commerce
/common
/Common
/COMMON
/common.jsp
/compass/logon.jsp
/compat
/compat2x
/complete.jsp
/com_plugins
/com_poll
/component
/component.jsp
/components
/composer.json
/composer.lock
/composer.phar
/composite.jsp
/conf
/conf/
/conf.admin.inc
/confidential
/config
/Config
/config
/.config
/config/
/config/aws-dev.json
/config.bak
/config.coffee
/config.conf
/config/config.bak
/config/config.js
/config/config.json
/config/config.py
/config/config.yaml
/config/config.yml
/config/databases.yml
/config.data.xml
/config/default.json
/config_dev.yml
/config.erb
/configext.py
/_config.inc
/config.inc
/config.inc.jsp
/config.ini
/config.js
/config.json
/config.jsp
/.config.php
/config.php
/config.php~
/config.php.new
/config_prod.yml
/config.properties
/config/puma.rb
/config.py
/config.rb
/config
/config/settings.yaml
/config/settings.yml
/config_test.yml
/config.txt
/configuration
/Configuration.bin
/configuration.cfg
/configuration.ini
/configuration.jsp
/configuration.php
/configuration.php~
/configuration.php-dist
/configuration.xml
/configure
/configure.sh
/config.xml
/Config.xml
/config.xml
/Config.xml
/config.yaml
/_config.yml
/._config.yml
/config.yml
/conf.inc
/confirmation.inc
/confirmation.txt
/confirm.inc
/confirm.jsp
/confirm.txt
/conf.py
/confs
/conf.txt
/conn
/connector.jsp
/connectors
/Console
/console/
/consolehelp/index.jsp
/console/login/LoginForm.jsp
/constants.jsp
/Consumer/HotelAdmin.jsp
/consumer.jsp
/contact
/contact.jsp
/contacts/
/contacts.jsp
/Container
/content
/content/
/content.jsp
/contents/
/content.sql
/contextmenu
/contrib
/control
/controller.jsp
/controllers
/controllers/
/controls
/convex
/cookie
/COPYING
/copy.jsp
/copy_this
/core
/core.jsp
/cosmic
/cosmos
/count
/counter
/counter.jsp
/countries.jsp
/coupon.sql
/course
/.coveralls.yml
/cp
/cpanel.jsp
/cr
/create_account.jsp
/CreateFolder.jsp
/credentials.go
/CrEDITS
/creds.txt
/cron.jsp
/cron_log
/css
/css.jsp
/.csslintrc
/cube
/custom
/custombuild
/customer
/customers
/customers.jsp
/customer.sql
/CVS
/.cvsignore
/d/
/data/
/data/backup.sql
/data/backup.sql.gz
/data/backup.tar.gz
/data/backup.zip
/database/
/database.7z
/database/backup.7z
/database/backup.bak
/database/backup.gz
/database/backup.sql
/database/backup.tar.tgz
/database/backup.tgz
/database/backup.zip
/database.bak
/database/database.7z
/database/database.bak
/database/database.gz
/database/database.sql
/database/database.sql.gz
/database/databases.yml
/database/database.tar.7z
/database/database.tar.gz
/database/database.tar.tgz
/database/database.tgz
/database/database.zip
/database.db
/database/dump.7z
/database/dump.gz
/database/dump.sql
/database/dump.sql.gz
/database/dump.tar.7z
/database/dump.tar.gz
/database/dump.tar.tgz
/database/dump.tgz
/database/dump.zip
/database/files.tar.gz
/database/fullbackup.tar.gz
/database/fullbackup.tar.tgz
/database.gz
/database.inc
/database.inc.jsp
/database.jsp
/database.mysql-common.inc
/database/mysqldump.7z
/database/mysqldump.gz
/database/mysqldump.sql
/database/mysqldump.sql.gz
/database/mysqldump.tar.7z
/database/mysqldump.tar.gz
/database/mysqldump.tar.tgz
/database/mysqldump.tgz
/database/mysqldump.zip
/database.mysqli.inc
/database.mysqli.jsp
/database.mysql.inc
/database.pgsql.inc
/databases/
/database.sql
/database.sql.gz
/DatabaseStorage
/databases.yaml
/databases.yml
/database.tar.gz
/database.tar.tgz
/database.tgz
/database.zip
/data/database.sql
/data/dump.sql
/datafiles
/data/files.tar.gz
/data/fullbackup.tar.gz
/data.inc
/data.json
/data/mysqldump.sql
/data.sql
/data.txt
/data.xml
/core
/config
/date.jsp
/db/
/db/backup.7z
/db/backup.bak
/db/backup.gz
/db/backup.sql
/db/backup.sql.gz
/db/backup.tar.7z
/db/backup.tar.gz
/db/backup.tar.tgz
/db/backup.tgz
/db/backup.zip
/dbclear.sql
/db-config.ini
/db_connect.inc
/db/database.7z
/db/database.bak
/db/database.gz
/db/database.sql
/db/database.sql.gz
/db/database.tar.7z
/db/database.tar.gz
/db/database.tar.tgz
/db/database.tgz
/db/database.zip
/db/db.7z
/db/db.gz
/db/db.sql
/db/db.sql.gz
/db/db.tar.7z
/db/db.tar.gz
/db/db.tar.tgz
/db/db.tgz
/db/db.zip
/db/dump.7z
/db/dump.gz
/db/dump.sql
/db/dump.sql.gz
/db/dump.tar.7z
/db/dump.tar.gz
/db/dump.tar.tgz
/db/dump.tgz
/db/dump.zip
/db/files.tar.gz
/db_file.txt
/db/fullbackup.tar.gz
/db/fullbackup.tar.tgz
/dbg/
/db.gz
/db.jsp
/db/main.mdb
/db/mysqldump.7z
/db/mysqldump.gz
/db/mysqldump.sql
/db/mysqldump.sql.gz
/db/mysqldump.tar.7z
/db/mysqldump.tar.gz
/db/mysqldump.tar.tgz
/db/mysqldump.tgz
/db/mysqldump.zip
/db.sql
/db.sql.gz
/db.tar.gz
/db.tgz
/db.xml
/db.zip
/debug.jsp
/de.conf
/default/
/Default
/.default
/default/
/default.conf
/default.php
/default.php~
/defines.jsp
/delete.jsp
/demo/
/demos/
/demo/sql/bean/DBBeanDemo.jsp
/demo/sql/index.jsp
/description
/design/
/details.jsp
/dev/
/dev.conf
/devel
/development
/development.log
/development.yml
/devices
/dev.log
/diagon
/dialog
/dialogs
/diff.jsp
/dir/
/directory
/disk1
/dist
/dist_config.xml
/dists
/dist.zip
/d.jsp
/dl/
/dll/
/dm/
/dmz.xls
/doc/
/.dockercfg
/docker.tar.gz
/docs
/document
/documentation
/documents
/domcfg.nsf
/dotenv.php
/Dotenv.php~
/dotenv.php~
/download
/download.jsp
/download.php
/downloads
/downloads/
/downloads.jsp
/.drush
/.DS_Store
/dump/
/dump/backup.7z
/dump/backup.bak
/dump/backup.gz
/dump/backup.sql
/dump/backup.tar.gz
/dump/backup.zip
/dump.bat
/dump/database.7z
/dump/database.bak
/dump/database.gz
/dump/database.sql
/dump/database.zip
/dump/dump.7z
/dump/dump.gz
/dump/dump.sql
/dump/dump.sql.gz
/dump/dump.tar.7z
/dump/dump.tar.gz
/dump/dump.tar.tgz
/dump/dump.tgz
/dump/dump.zip
/dump/files.tar.gz
/dump/fullbackup.tar.gz
/dump/mysqldump.sql
/dump/mysqldump.tgz
/dump/mysqldump.zip
/dump.rdb
/dump.sql
/dump.sql.gz
/dump.tar.7z
/dump.tar.gz
/dump.tar.tgz
/dump.tgz
/dump.zip
/e/
/E/
/eav.txt
/eb/
/ec2_role_provider.go
/edit/
/edit.jsp
/editor/
/.editorconfig
/editor.jsp
/editor.php
/editors/
/editsummary.jsp
/edituser.jsp
/ee/
/e.jsp
/el/
/element/
/element.jsp
/elements/
/eligible.jsp
/elmah.axd
/email/
/email.jsp
/email.xls
/embed.yml
/en/
/encoding.sql
/encryptors.yml
/engines/
/eng.jsp
/english.jsp
/en.jsp
/entries/
/env
/.env
/environment/
/environment.rb
/environments/
/environment.yml
/env.php
/env_provider.go
/envrules.yml
/equipment
/error/
/error.jsp
/error_log
/error.log
/es/
/.eslintignore
/.eslintrc
/etc/
/etc/passwd
/ethernet/
/event/
/event.jsp
/events/
/events.jsp
/event.sql
/example/
/exampleapp
/example.jsp
/examples/
/examples/jsp/snp/snoop.jsp
/examples/jsp/source.jsp
/examples/servlet/default/jsp/snp/snoop.jsp
/examples/servlet/default/jsp/source.jsp
/examples/servlet/org.apache.catalina.servlets.DefaultServlet/jsp/source.jsp
/examplesWebApp/EJBeanManagedClient.jsp
/examplesWebApp/index.jsp
/examplesWebApp/OrderParser.jsp?xmlfile=C:/bea/weblogic81/samples/server/examples/src/examples/xml/orderParser/order.xml
/examplesWebApp/WebservicesEJB.jsp
/Exception.jsp
/ExceptionThrown.jsp
/exchange/
/exec/
/export/
/export.jsp
/ext/
/Extension/
/Extension.jsp
/extensions/
/external/
/extra//
/extras/
/f/
/F/
/faq/
/fb/
/fc/
/fckeditor
/fd/
/fe/
/features/
/feed/
/feed.jsp
/file/
/fileadmin/
/file.jsp
/filelist.jsp
/filemanager
/files/
/files.jsp
/files.pl
/files.tar.gz
/filesystem/
/FileUpload.jsp
/filter/
/Filter.jsp
/filters/
/findreplace
/firewall/
/fix.sql
/fixtures/
/f.jsp
/flags/
/flash/
/flex/
/folder.jsp
/folders/
/footer.jsp
/form/
/format/
/format.jsp
/format.sql
/form.jsp
/forms/
/forum/
/forums/
/forums.jsp
/forum.sql
/frames/
/framework/
/framework.jsp
/frontend/
/frontend.jsp
/frontend.php
/frontpage
/frontpage.jsp
/fsfs.conf
/ftp/
/ftp.jsp
/fullbackup.tar.gz
/fullbackup.tar.tgz
/fullbackup.zip
/fullpage
/fullscreen
/function/
/function.config
/functions/
/functions.jsp
/fusion/
/fy/
/g/
/G/
/gallery/
/gallery2
/gallery.jsp
/gb/
/gcc/
/Gdata
/Gemfile.lock
/Gem.lock
/general
/general.jsp
/generator.conf
/generic
/geo
/geshi/
/getimage.jsp
/getpot/
/ghost/
/gift/
/.git/
/.gitattributes
/.gitconfig
/.gitignore
/.gitigore
/.git/index
/.gitkeep
/.gitmodules
/g.jsp
/global/
/global.cfg
/global.conf
/global.ini
/global.jsp
/globals/
/globalsettings.ini
/gnome
/GNUmakefile
/gr/
/graphics/
/graphs/
/green/
/groups/
/groupcp.jsp
/group.jsp
/groups.jsp
/group.sql
/groups.sql
/.grunt
/Gruntfile.js
/gs/
/gu/
/guest/
/guestbook/
/guestbook.jsp
/guests/
/gulp-config.js
/gulpfile.js
/.gush.yml
/Gzip.jsp
/h/
/H/
/handler/
/hardware/
/he/
/head
/header/
/HEADEr.images
/header.inc.jsp
/header.jsp
/headers
/head.jsp
/heads/
/help/
/helper/
/helper.jsp
/helpers/
/help.jsp
/hf/
/.hg
/.hgignore
/h_green
/.hg/requires
/.hgsub
/.hgsubstate
/.hgtags
/hi
/hidden
/hidden.jsp
/highslide
/HISTOrY
/history.jsp
/HitCount.jsp
/h.jsp
/H.jsp
/home/
/home.jsp
/horiz.jsp
/howitworks
/ht
/htaccess
/.htaccess
/htbin
/htdocs
/html
/HTML
/html/
/html4strict.jsp
/HTMLDefinition.jsp
/html.jsp
/HTML_toolbar.jsp
/html.yml
/htpasswd
/_.htpasswd
/.htpasswd
/Http
/HTTP
/http.conf
/httpd.conf
/HTTPFetcher.jsp
/http.jsp
/http.log
/htusers/
/hu
/husky
/hw
/i
/I
/i18n
/i386
/ias
/ias/oc4j/administration.jsp
/ias/oc4j/app/appViewDesc.jsp
/ibmpc
/icon
/iconlookup.jsp
/icons
/id
/idea
/.idea
/.idea/
/ideas
/id_ID
/idn
/id_rsa
/iis
/iisadmpwd
/iissamples/
/i.jsp
/image
/ImageEditor.jsp
/image.jsp
/Image.jsp
/ImageManager
/images/
/images.jsp
/images.sql
/IMG/
/Img.jsp
/IM.jsp
/import/
/import.jsp
/import.sql
/import.tar.gz
/inc/
/inc/admin.inc
/inc/config.inc
/inc/database.inc
/inc/db_connect.inc
/include/
/includes/
/inc/mysql.inc
/in.conf
/index/
/index.cfm
/index.cgi
/index.conf
/index.jsp
/index.php~
/index.sql
/index.swp
/info/
/info.inc.php
/info.jsp
/info.php
/information.jsp
/infos/
/info.txt
/ingres
/init.jsp
/install/
/installer
/installer.jsp
/install.jsp
/INSTALL.jsp
/install.php
/interfaces/
/internals/
/internet/
/interwiki.sql
/intranet/
/invoice.jsp
/iso/
/isos/
/issamples/
/it/
/item/
/item.jsp
/itransact.jsp
/j/
/J/
/j2ee/examples/jsp/snp/snoop.jsp
/j2ee/index.jsp
/java/
/javascript/
/javascripts/
/javascript.jsp
/jenkins/
/jenkins/login
/j.jsp
/jmx-console/
/joomla/
/joomla.jsp
/jquery/
/jqueryui/
/js/
/jscalendar/
/jsconfig.json
/jscript/
/jscripts/
/.jscsrc
/.jsdtscope
/.jshintignore
/.jshintrc
/jsp/
/judging.jsp
/k/
/K/
/kernel/
/.key
/keystone.js
/Kind
/K.jsp
/km

/l/
/L/
/labs
/lang
/Lang.jsp
/langs
/languages.jsp
/lasso
/launch.jsp
/laurent
/layer
/layout
/layouts
/layouts/
/ldap.jsp
/leaflet
/leaflet.jsp
/legacy
/legacy.jsp
/lehi3b15
/leo
/level
/lg_lexique
/lib
/lib/
/libImaging
/lib.jsp
/libraries
/library
/libs
/libs/
/LICENCE
/LICENSE
/light
/lightbox
/lighter
/link
/link.jsp
/links
/links.jsp
/links.sql
/linux
/Linux
/list
/listcommands
/list.jsp
/list.php
/lists/
/live
/l.jsp
/L.jsp
/loader.jsp
/loader.py
/load.jsp
/loadmodule.jsp
/local
/local/
/local.conf
/locale
/locale.jsp
/locales
/localization.jsp
/localsettings.php~
/local.xml
/log
/Log
/log/
/logfile
/logfiles
/logger.jsp
/login
/login.jsp
/Login.jsp
/login.jsp.bak
/login.txt
/login.zipk
/log.jsp
/logoff.jsp
/logon
/logon.jsp
/logos
/logout.jsp
/log.php
/logs
/Logs
/logs/
/logsaccess_log
/log.sql
/log.txt
/loop.jsp
/lori
/lover
/LST
/lucid
/m
/M
/mac
/mag
/magic
/mail
/Mail
/mail/
/mail.conf
/mail_fetch
/mailform.jsp
/mail.jsp
/maillog
/mailman
/mailmanweb.jsp
/mails.sql
/mailthreads.sql
/mailto
/mailto.jsp
/main
/main.cgi
/mainfile.jsp
/mainframe.jsp
/main.jsp
/mainsail
/maint
/Makefile
/mambo.jsp
/mamboxml.jsp
/manage
/manager
/manager/html
/manager.jsp
/Manager.jsp
/manager.sql
/mango
/MANIFEST
/manual
/manual/
/Manufacturers
/manufacturers.jsp
/maps
/marlboro
/marlin
/martin
/master.zip
/math
/Math
/matrix
/maui
/mbstring
/mcpuk
/Mdatabases.sql
/media
/Media
/media_index
/media.jsp
/mediatheque.sql
/memberfiles
/memberlist.jsp
/member_reports.sql
/members
/Membership
/members.sql
/_mem_bin
/memcache.jsp
/meme.sql
/Memory.jsp
/memory.sql
/mentors.jsp
/menu
/menu.jsp
/menuleftbackup.jsp
/menuleft.jsp
/menus
/mercury
/message
/Message
/message_details
/message.jsp
/messages
/messages.jsp
/message.sql
/meta
/meta.data.sql
/metadata.sql
/meta.sql
/methods.jsp
/method.upgrade.jsp
/microsoft
/M_images
/mime
/MIME
/mime.jsp
/mimetypes
/.minceconf
/mips
/misc
/misc.jsp
/m.jsp
/mk
/ml
/mms
/mn
/mnet
/MNU_blank_data
/MNU_menu_data
/MNU_top_data
/MOB
/mob/
/mobile
/mobile.zip
/mod
/model.jsp
/model.sql
/model.zip
/modinfo.jsp
/mods
/module.jsp
/modules.jsp
/modules.php
/modules.tar.gz
/Module.zip
/monitor
/monthly.sql
/moodle2
/mosaic
/moved.sql
/move.jsp
/movement.sql
/movies.zip
/mp
/mp3
/mr
/ms
/MS
/msadc
/MSADC
/msft
/msql
/mssql.sql
/mtisped.sql
/music.sql
/mysql
/mysql/
/mysqldump/
/mysqldump.gz
/mysqldump.sql
/mysqldump.tgz
/mysqldump.zip
/.mysql_history
/Mysqli
/mysqli.jsp
/mysql.inc
/mysql.jsp
/mysql.sql
/n
/N
/nameindex.sql
/Name.jsp
/namespace.sql
/name.sql
/native
/navigation.jsp
/Net
/net
/net.conf
/netstat
/network
/networks
/network.sql
/new
/newindex.sql
/new.jsp
/newmail
/news
/NEWS
/newsfeed
/news.jsp
/newsletter
/newsletter.jsp
/newsletters.jsp
/newtalk.sql
/next
/nginx.conf
/nginx.local.conf
/NIF
/n.jsp
/N.jsp
/nl
/nlm
/NLS
/node/
/node_modules/
/nohup.out
/nonbreaking
/nonce.sql
/non_competitors.jsp
/noneditable
/none.jsp
/note
/notes
/_notes
/notification.jsp
/notification.sql
/nov4.sql
/Nova.sql
/npm-debug.log
/.npmignore
/.npmrc
/np.zip
/ns.conf
/.nsconfig
/nss
/nt4
/nuke
/null.sql
/null.zip
/number
/nwclient
/nws.tar.gz
/o
/O
/o2k7
/OA_HTML/AppsLocalLogin.jsp
/objectcache.sql
/object.jsp
/Object.jsp
/objects
/ocean
/oci.sql
/odbc
/odbc.ini
/OEM
/office2003
/official
/offline.jsp
/o.jsp
/ojspdemos/servlet/ViewSrc/jesi/include.jsp
/ojspdemos/sql/index.jsp
/old
/old/
/oldestindex.sql
/oldfiles
/old_files
/old.sql
/onefile.zip
/One_Page_Checkout
/oneworldfeatures.sql
/onlineorders/main.jsp
/onlineorders/signon.jsp
/online.sql
/only.sql
/oordir
/OPD
/OpenID
/openid
/openid.jsp
/options
/options.jsp
/option.sql
/options.sql
/oracle
/orange
/oraweb
/orca
/order.jsp
/order.log
/orders
/orders.jsp
/order.sql
/orders.sql
/orders.txt
/original
/original.sql
/os
/os2
/osm.shp.zip
/other
/outlaw
/output
/OutputFilter
/overrides
/override.zip
/oxford
/p
/P
/package.json
/_packager
/Packages
/packages
/packages.json
/package.zip
/packaging
/page/
/pagebreak
/page.jsp
/pagelinks.sql
/pagenavigation.jsp
/Pager
/pagers
/pages
/page.sql
/pagination.jsp
/pagos.sql
/panel
/panorama.jsp
/papers
/par2
/parameter
/parameters.jsp
/parameters.yml
/params.sql
/parkings.txt.gz
/parsercache.sql
/parts
/pass
/pass.dat
/pass.db
/passlist.txt
/pass.txt
/passwd
/.passwd
/passwd.txt
/password
/password.jsp
/password.log
/passwords
/passwords.csv
/passwords.txt
/password.txt
/password.xls
/paste
/patch.sql
/patError.jsp
/patErrorManager.jsp
/path.jsp
/pathway.jsp
/payment
/payment_feed.sql
/payments
/payment.sql
/paypal.jsp
/pay.sql
/pa.zip
/PBServer
/pcat
/pcl
/pclzip.lib.jsp
/pdb
/PDF
/pdf
/pdf_fonts
/pdf.jsp
/PDFzip.zip
/PDG_Cart
/Pdo
/pds
/pear
/PEAr
/Pear
/pegasus
/perf
/perform.ini
/perl
/permissions.jsp
/persian
/perso
/pgmyadmin/
/pgsql.sql
/phantom-scrape.js
/phoenix
/photo
/photo_events
/photographers.sql
/Photos
/photos
/photos_history
/phototheque
/php
/php/
/phpBB2
/phpcode.zip
/phpgacl
/phpinfo.php
/php.ini
/phpinputfilter
/phpInputFilter
/phpmailer
/phpMyAdmin
/phpmyadmin
/phpmyadmin/
/phpnuke
/phpspec.yml
/phpSysInfo
/phpunit
/phpunit.xml
/phputf8
/phpxmlrpc
/pic
/picasa
/pics
/pictures
/Ping.jsp
/ping.php
/piranha
/.piston.yml
/pix
/p.jsp
/P.jsp
/pk3.sql
/PKExtras.zip
/PKMyFlare.zip
/pl
/placeholder
/PlainHTTPFetcher.jsp
/platform
/player.sql
/plesk
/pl_PL
/pl_PL.jsp
/pls/admin
/plugin
/Plugin
/plugin.jsp
/plugins
/_plugins
/plugins.gz
/plugins.jsp
/Plugins.zip
/plugin.zip
/pm
/po
/policy
/poll
/poll.jsp
/polls
/pop
/pophouse091115.sql
/pophousecoml.sql
/popup
/popup_image.jsp
/popup.jsp
/popups
/portal
/portal/
/portalAppAdmin/login.jsp
/portlet
/ports
/positive.sql
/postaff.sql
/postcode.sql
/posters
/Posters.zip
/postgres
/posting.jsp
/post.jsp
/postmeta.sql
/posts.sql
/post.zip
/powermail
/pre
/pre1.16.sql
/preferences.sql
/prefix.sql
/prefs
/prep
/preprod.sql
/pressrelease.jsp
/prestashop.sql
/preview
/price.sql
/price.zip
/pricing.sql
/primary.sql
/prime
/print
/printer
/print.jsp
/print.zip
/PrIVACY
/privacy.jsp
/private
/_private
/private/
/private.inc
/privileges.txt
/privmsg.jsp
/problem.sql
/process.sql
/Procfile
/prod.conf
/prod.log
/prod.sql
/producer.sql
/product.sql
/products.zip
/Professional.zip
/profile
/profile/
/profile.jsp
/profile.php
/profiler.jsp
/profiles/
/profiles.jsp
/profile.sql
/profiles.sql
/profiles_views.sql
/profile.txt
/profiling.sql
/proftpd
/proftpd.conf
/progklout.sql
/proj4js-1.0.1.zip
/project
/.project
/projects
/prokat.ru.zip
/Promotion
/promo.zip
/.properties
/properties.sql
/property.sql
/Proprietary.jsp
/props.sql
/protected
/protector
/Provider
/proxy/
/proxy.jsp
/proxy.php
/pro.zip
/ps
/PS1.4.zip
/psd
/psquare/x.jsp
/pt
/pt_Br
/ptj
/pt_PT
/pub
/public
/public/
/public_html
/publish
/publisher.jsp
/purchased.sql
/purch.sql
/pw
/py
/python
/q
/Q
/q.jsp
/Query
/querycache.sql
/querycachetwo.sql
/query.jsp
/query.sql
/question
/queue.sql
/quote.sql
/r
/ra
/radiocapinzal.sql
/radio.jsp
/rAID
/rakefile
/random.jsp
/rate.jsp
/rate.sql
/rates.sql
/rating
/rav
/raw
/react.zip
/reader
/Reader.jsp
/readfile.jsp
/reading
/rEADME
/readme
/reads.sql
/ready
/readylinks.zip
/realname.sql
/recaptcha
/recruit
/red
/redirect.sql
/redirects.sql
/refs
/regions_and_cities.sql
/region.sql
/register
/register.jsp
/registration.sql
/registry
/rejection.sql
/relationships.sql
/relation.sql
/release
/releaseNotes
/rELEASE_NOTES
/releases
/relevanssi.sql
/religions.sql
/relnotes
/remember.jsp
/remind
/remote
/remote/
/remotes
/removed.sql
/RenameFile.jsp
/RenameFolder.jsp
/renderer
/Renderer.jsp
/repetidas.sql
/report
/reports
/reports/
/reports/examples/Tools/test.jsp
/report.sql
/repository
/request
/research
/reset
/reset.jsp
/reset.sql
/resets.zip
/resource
/resources
/resources/
/resources.jsp
/resource.sql
/response
/ressourcesactu.sql
/ress.sql
/restriction.sql
/restrictions.sql
/result.sql
/retail
/reussite.sql
/revenue.sql
/revid.sql
/reviews
/reviewService/createArtist_service.jsp
/reviewService/index.jsp
/reviews.jsp
/reviews.zip
/review.zip
/rewrite.sql
/rhuk_milkyway
/riacs
/rights.sql
/r.jsp
/ro
/rob.zip
/rock
/rockmongo/index.php
/role.sql
/ronin
/root
/~root/
/roots.sql
/roskilde
/rouge
/round1.sql
/round2.sql
/route.jsp
/router.jsp
/routes.rb
/routes.yml
/routing_dev.yml
/routing.yml
/row.sql
/rpc
/rpm
/rss
/rss.jsp
/rte
/rti
/rtl
/ru
/ruby
/rule.sql
/rumble.zip
/s
/S
/s3
/s3cfg
/.s3cfg
/s5
/safari
/sales
/sam
/samba
/sample
/_sample
/samples
/Samples
/_samples
/sample.sql
/sandrine.sql
/sanfran
/sascha.sql
/save
/scellius.sql
/schedule.sql
/schema
/schema.sql
/schema.xml
/scm
/scr
/script
/script1.sql
/script2.sql
/scriptaculous
/scripts
/Scripts
/scripts/
/.scrutinizer.yml
/sdk
/search
/Search
/.search
/searchform.jsp
/search.inc.jsp
/searchindex.sql
/search.jsp
/searchreplace
/search.sql
/search.zip
/secret
/secrets
/section
/section.jsp
/.section.php
/sections.jsp
/secure
/security
/security.yml
/sef.jsp
/selection.sql
/select.jsp
/selector
/sendmail.jsp
/sensor
/sentinel
/sent_subfolders
/sequence.sql
/sequences.sql
/sequent
/Server
/server
/server.cfg
/server_info
/server-info
/server.jsp
/server.php
/server.php~
/servers
/server-status
/service/
/services/
/services-config.xml
/servlet
/servlet/
/session.jsp
/session.php
/sessionRead.jsp
/sessions.jsp
/sessions.mysql.sql
/sessions.oracle.clob.sql
/sessions.oracle.sql
/session.sql
/SES.sql
/set.sql
/setting
/settings
/.settings
/settings/
/settings.cfg
/.settings/gradle/org.springsource.ide.eclipse.gradle.core.prefs
/settings.ini
/settings.json
/settings.jsp
/settings.local.php~
/Settings.php
/settings.py
/settings.rb
/settings.sql
/settings.swp
/settings.txt
/settings.xml
/settings.yaml
/settings.yml
/setup
/SETUP
/setup/
/setup/config.inc
/setupdir
/SETUPDIr
/setup.html
/setup.jsp
/setup.py
/setup.xml
/set.zip
/sftp-config.json
/sh
/sha1.sql
/share
/shared
/shared_credentials_provider.go
/shark
/shipment.sql
/shipping
/shipping.jsp
/shop
/show
/showcode.asp
/show_intro.jsp
/shrdlu
/shtml.dll
/shtml.exe
/si
/sidebar.jsp
/sierra
/sig.zip
/silk
/silver
/simple
/simplecommands
/simple.jsp
/simplepie
/simplepie.jsp
/simpletest
/singer
/single.jsp
/site
/siteadmin
/siteeditor.sql
/Sitemap
/sitemap.jsp
/sitemap.xml.gz
/sitemindermonitor/readfile.jsp
/Sites
/sites
/sites.dat
/sites/default/settings.local.php
/site.sql
/sites.sql
/sites.tar.gz
/sitio.zip
/s.jsp
/S.jsp
/sk
/skin
/skinaWeSite.zip
/skins
/sl
/slash.zip
/slices
/slider
/slideshow
/sl_SI
/sm
/smartgs.sql
/smarty
/Smarty.class.jsp
/smb.conf
/smiles
/smiley
/.smileys
/smilies
/sms.sql
/smtp.jsp
/smtp.txt
/snapshots
/sneezy
/snippets
/snoop.jsp
/soap
/social
/software
/solaris
/solrconfig.xml
/somacro.zip
/sophrologie.sql
/sortkey.sql
/sounds
/source
/_source
/source/
/source.sql
/spam
/spamcop
/spanish
/spanish.jsp
/sparc
/sparc64
/spec/
/specials.jsp
/special.zip
/speech
/spellchecker
/spellchecker.jsp
/sphinx
/sponsors
/sponsors.jsp
/spool
/Spreadsheets
/spread.sql
/.springBeans
/SpryAssets
/sql
/sql/
/sql/backup.sql
/sql/backup.sql.gz
/sql/backup.tar.gz
/sql/backup.zip
/sql/database.sql
/sql/dump.sql
/sql/files.tar.gz
/sql/fullbackup.tar.gz
/sql.html
/sql.inc
/sqlite3.sql
/sqlite.sql
/sql.jsp
/sql/mysqldump.sql
/sql.php
/sql.php3
/sql.sql
/sqlsqlsql.sql
/sql.sql.zip
/sql.txt
/sql_write.sql
/sql.zip
/sr
/src
/src/
/src.tar.gz
/src.zip
/ss
/sshots
/ssi
/ssl
/ssl.conf
/sso/jsp/login.jsp
/staff
/staging/
/staging.sql
/standards
/standard.zip
/standart
/stars
/start.sql
/stat
/Stat
/state.sql
/states.sql
/static.conf
/static_provider.go
/static.zip
/statistics.jsp
/stats
/status
/.status
/status.php3
/status.sql
/steps
/stills
/stock/index.jsp
/stock.sql
/stopwords.sql
/Storage
/storage
/storage.jsp
/store
/store.sql
/stories
/Strategy
/streams.jsp
/string.jsp
/strings.sql
/structure
/structure.sql
/studio
/style
/style.jsp
/styles
/stylesheets
/sub
/subdir ec2rolecreds
/submit.jsp
/subscriber.sql
/subscribers.sql
/substr_replace.jsp
/sulu
/summary.sql
/sun
/sun2
/sun3
/super
/supercache
/suphp
/support
/survey
/sv
/.svn/
/.svn/all-wcprops
/.svn/entries
/.svnignore
/svnserve.conf
/.svn/wc.db
/swf
/swift
/symbols
/sys/
/system
/system32
/system.sql
/system.zip
/t/
/T/
/ta
/tab
/table
/table.jsp
/Table.jsp
/tablerate.sql
/tables
/table.sql
/tables.sql
/tabs/
/tac/
/tag/
/tag.jsp
/tags/
/tags.jsp
/tag.sql
/tags.sql/
/tar.jsp
/taxonomy.jsp
/taxonomy.sql
/tax.sql
/te/
/tech/
/technote/
/temp/
/temp.jsp
/template/
/template.jsp
/templates/
/templates.jsp
/template.sql
/templates.sql
/temp.txt
/temp.zip
/terminal/
/terms2.sql
/test/
/test2.zip
/test.asp
/test.aspx
/_testcases
/testForms.jsp
/test.gz
/test.htm
/test.html
/testing
/testingheader.jsp
/test.jsp
/test.php
/testrun.sql
/tests/
/test.sh
/test.sql
/tests.sh
/tests.xml
/test.tar.gz
/test.txt
/testTypo.jsp
/test.xml
/test.zip
/text/
/textarea.jsp
/text.inc
/text.jsp
/Text.jsp
/text.sql
/theme/
/theme.jsp
/themes/
/_themes/
/themes.jsp
/theme.tar.gz
/theory/
/thumbs/
/.thumbs
/thumbs.jsp
/thunderbird
/tickets.sql
/timer.jsp
/time.sql
/time.zip
/timezones.jsp
/tinman
/tinymce
/tinymce.jsp
/title.sql
/titles.sql
/t.jsp
/tl/
/tmc/
/tmp/
/tmpl
/tmp.sql
/toggles.sql
/tohtml.inc.jsp
/token.sql
/toolbar
/toolbar.jsp
/tools/
/tools.jsp
/top/
/topics/
/tr/
/trac/
/trace.axd
/tracking.sql
/track.sql
/trades.py
/transaction.sql
/transcache.sql
/transformations
/Transform.jsp
/translate
/Translate.jsp
/translate.sql
/translate.zip
/translation.sql
/translations.sql
/Translation.zip
/trans.sql
/travelnet/home.jsp
/.travis.yml
/tree
/tree.jsp
/trim.jsp
/type.sql
/types.sql
/types.xml
/u
/U
/ucfirst.jsp
/ucwords.jsp
/uddi/demo/jsp/searchForm.jsp
/uddiexplorer/index.jsp
/ug
/ui
/u.jsp
/uk
/.uncrustify.cfg
/unicode_data.jsp
/uninstall.jsp
/uninstall.sql
/unique.sql
/unix
/unknown
/unreal.zip
/unsigned.sql
/update
/update/
/updated.sql
/update.jsp
/updatelog.sql
/updates
/update.sql
/updates/users.htpasswd
/upgrade/
/upgrade.html
/upgrade.jsp
/upgrade.php
/upgrades
/upgrade.sql
/upload/
/uploader.jsp
/uploadfile.jsp
/upload.html
/upload.jsp
/upload.php
/uploads
/uploads/
/upload.sql
/URI.jsp
/url/
/url.sql
/us/
/usage
/usage.sql
/user/
/userdb/
/usergroup.jsp
/user.inc
/userindex.sql
/.user.ini
/user.ini
/user.jsp
/userlevels.sql
/usermeta.sql
/username.inc
/usernewtalk.sql
/user.php
/userref.inc
/users/
/users.class.jsp
/users.inc
/users.ini
/users.jsp
/users.mdb
/user.sql
/users.sql
/users.txt
/users.xml
/usertalk.sql
/user.txt
/user.xml
/user.zip
/utf8.jsp
/util/
/utilities/
/util.jsp
/utils/
/utindex.sql
/v/
/V/
/validate.jsp
/validation.jsp
/validation.sql
/value.sql
/values.sql
/varchar.sql
/variable.sql
/variables.sql
/vars.jsp
/vb/
/vb_datastore.sql
/vector
/velomanb_velo.sql
/vendor.zip
/version/
/version.jsp
/version.sql
/vert.jsp
/vhost.conf
/vi/
/video/
/videos/
/view/
/ViewCode.asp
/viewer.sql
/viewforum.jsp
/view.html.jsp
/view.jsp
/viewonline.jsp
/views/
/view.sql
/views.sql
/views.zip
/viewtopic.jsp
/visitor.sql
/visits.sql
/visualchars
/vital.zip
/v.jsp
/vm/
/vms/
/voice
/volumes/
/vote.sql
/_vti_adm
/_vti_aut
/_vti_bin
/_vti_cnf
/_vti_log
/_vti_pvt
/_vti_txt
/w/
/W/
/watchlist.sql
/waves
/web
/web/
/webadmin/
/webalizer
/webalizer/
/webapp/admin/showpooldetails.jsp
/webapp/jsp/calendar.jsp
/webapp/wm/bc4j.jsp
/webcart
/web.config
/web.config.txt
/web-console/WebModule.jsp
/webdav/
/WEB-INF/web.xml
/weblog/
/weblogs/
/webmail/
/webmaster/
/webmin
/WebShop
/website.sql
/website.tar.gz
/website.zip
/webstat
/webstats
/webstore.zip
/web.xml
/wget/
/white/
/whosonline.zip
/wia.jsp
/wic.jsp
/widgets.jsp
/width.sql
/wifi/
/windows
/win.ini
/w.jsp
/wordpress/
/wordpress.sql
/workshop.jsp
/wp/
/wp-admin/
/wp-config.inc
/wp-config.old
/wp-config.php
/wp-config.php~
/wp-config.swp
/wp-config.txt
/wrapper.jsp
/wstats/
/www/
/wwwboard
/wwwlog
/wwwstat
/wwwstats
/x/
/X/
/xampp/
/xampp/security.php
/xcache.jsp
/x.jsp
/xml
/xml/
/xml.jsp
/y
/Y
/y.jsp
/yui
/z/
/Z/
/Zend
/zip.jsp
/z.jsp
/zones.jsp
